 ConEmuLn.x64

 Timestamp is 6081f30f (Fri Apr 23 00:05:03 2021)

 Preferred load address is 0000000180000000

 Start         Length     Name                   Class
 0001:00000000 000148e0H .text$mn                CODE
 0001:000148e0 00000040H .text$mn$00             CODE
 0001:00014920 000002e0H .text$x                 CODE
 0002:00000000 00000310H .idata$5                DATA
 0002:00000310 00000028H .00cfg                  DATA
 0002:00000338 00000008H .CRT$XCA                DATA
 0002:00000340 00000008H .CRT$XCZ                DATA
 0002:00000348 00000008H .CRT$XIA                DATA
 0002:00000350 00000018H .CRT$XIC                DATA
 0002:00000368 00000008H .CRT$XIZ                DATA
 0002:00000370 00000008H .CRT$XPA                DATA
 0002:00000378 00000010H .CRT$XPX                DATA
 0002:00000388 00000008H .CRT$XPXA               DATA
 0002:00000390 00000008H .CRT$XPZ                DATA
 0002:00000398 00000008H .CRT$XTA                DATA
 0002:000003a0 00000010H .CRT$XTZ                DATA
 0002:000003a8 00000000H .gehcont$y              DATA
 0002:000003a8 00000000H .gfids$y                DATA
 0002:000003b0 00008cd0H .rdata                  DATA
 0002:00009080 00000000H .rdata$CastGuardVftablesA DATA
 0002:00009080 00000000H .rdata$CastGuardVftablesC DATA
 0002:00009080 00000000H .rdata$r                DATA
 0002:00009080 00000318H .rdata$zzzdbg           DATA
 0002:00009398 00000008H .rtc$IAA                DATA
 0002:000093a0 00000008H .rtc$IZZ                DATA
 0002:000093a8 00000008H .rtc$TAA                DATA
 0002:000093b0 00000008H .rtc$TZZ                DATA
 0002:000093b8 00000f08H .xdata                  DATA
 0002:0000a2c0 00000000H .xdata$x                DATA
 0002:0000a2c0 00000190H .edata                  DATA
 0002:0000a450 00000064H .idata$2                DATA
 0002:0000a4b4 00000014H .idata$3                DATA
 0002:0000a4c8 00000310H .idata$4                DATA
 0002:0000a7d8 000006aeH .idata$6                DATA
 0003:00000000 00000bd0H .data                   DATA
 0003:00000bd0 00000000H .data$r                 DATA
 0003:00000bd0 000019c8H .bss                    DATA
 0004:00000000 000011d0H .pdata                  DATA
 0005:00000000 00000100H _RDATA                  DATA
 0006:00000000 000000a0H .rsrc$01                DATA
 0006:000000a0 000004a0H .rsrc$02                DATA

  Address         Publics by Value              Rva+Base               Lib:Object

 0000:00000000       __guard_longjmp_table      0000000000000000     <absolute>
 0000:00000000       ___safe_se_handler_table   0000000000000000     <absolute>
 0000:00000000       __x64_code_ranges_to_entry_points_count 0000000000000000     <absolute>
 0000:00000000       __guard_fids_count         0000000000000000     <absolute>
 0000:00000000       __arm64x_extra_rfe_table   0000000000000000     <absolute>
 0000:00000000       __arm64x_redirection_metadata 0000000000000000     <absolute>
 0000:00000000       __guard_iat_table          0000000000000000     <absolute>
 0000:00000000       __hybrid_code_map          0000000000000000     <absolute>
 0000:00000000       __volatile_metadata        0000000000000000     <absolute>
 0000:00000000       __arm64x_extra_rfe_table_size 0000000000000000     <absolute>
 0000:00000000       __guard_iat_count          0000000000000000     <absolute>
 0000:00000000       __x64_code_ranges_to_entry_points 0000000000000000     <absolute>
 0000:00000000       __guard_longjmp_count      0000000000000000     <absolute>
 0000:00000000       ___safe_se_handler_count   0000000000000000     <absolute>
 0000:00000000       __dynamic_value_reloc_table 0000000000000000     <absolute>
 0000:00000000       __hybrid_auxiliary_iat     0000000000000000     <absolute>
 0000:00000000       __guard_eh_cont_count      0000000000000000     <absolute>
 0000:00000000       __AbsoluteZero             0000000000000000     <absolute>
 0000:00000000       __guard_fids_table         0000000000000000     <absolute>
 0000:00000000       __arm64x_redirection_metadata_count 0000000000000000     <absolute>
 0000:00000000       __enclave_config           0000000000000000     <absolute>
 0000:00000000       __guard_eh_cont_table      0000000000000000     <absolute>
 0000:00000000       __arm64x_native_entrypoint 0000000000000000     <absolute>
 0000:00000000       __hybrid_code_map_count    0000000000000000     <absolute>
 0000:00000100       __guard_flags              0000000000000100     <absolute>
 0000:00000000       __ImageBase                0000000180000000     <linker-defined>
 0001:00000000       ConfigureW                 0000000180001000 f   ConEmuLn.obj
 0001:00000030       ?ExitFARW3@@YAXPEAX@Z      0000000180001030 f   ConEmuLn.obj
 0001:00000030       ExitFARW                   0000000180001030 f   ConEmuLn.obj
 0001:00000068       ?ConfigureW3@@YAHPEAX@Z    0000000180001068 f   ConEmuLn.obj
 0001:00000200       ?ExitPlugin@@YAXXZ         0000000180001200 f   ConEmuLn.obj
 0001:00000254       ?GetMsgW@@YAPEB_WH@Z       0000000180001254 f   ConEmuLn.obj
 0001:00000288       ?GetPluginInfoWcmn@@YAXPEAX@Z 0000000180001288 f   ConEmuLn.obj
 0001:000002ac       ?LoadFarVersion@@YAHXZ     00000001800012ac f   ConEmuLn.obj
 0001:00000654       ?OnConEmuLoaded@@YAXPEAUConEmuLoadedArg@@@Z 0000000180001654 f   ConEmuLn.obj
 0001:00000688       ?OpenPluginWcmn@@YAPEAXH_J@Z 0000000180001688 f   ConEmuLn.obj
 0001:000006b4       ?OpenW@@YAPEAXPEBX@Z       00000001800016b4 f   ConEmuLn.obj
 0001:000006e4       ?PaintBack@@YAXPEAUHDC__@@KUtagRECT@@@Z 00000001800016e4 f   ConEmuLn.obj
 0001:00000748       ?PaintConEmuBackground@@YAHPEAUPaintBackgroundArg@@@Z 0000000180001748 f   ConEmuLn.obj
 0001:000009d8       ?PaintLines@@YAXPEAUHDC__@@KHHHHH@Z 00000001800019d8 f   ConEmuLn.obj
 0001:00000b08       ?SettingsLoad@@YAXXZ       0000000180001b08 f   ConEmuLn.obj
 0001:00000b58       ?SettingsLoadReg@@YAXPEB_W@Z 0000000180001b58 f   ConEmuLn.obj
 0001:00000c64       ?SettingsSave@@YAXXZ       0000000180001c64 f   ConEmuLn.obj
 0001:00000c94       ?SettingsSaveReg@@YAXPEB_W@Z 0000000180001c94 f   ConEmuLn.obj
 0001:00000d58       ?StartPlugin@@YAXH@Z       0000000180001d58 f   ConEmuLn.obj
 0001:00000edc       ?StringCchCatW@@YAJPEA_W_KPEB_W@Z 0000000180001edc f i ConEmuLn.obj
 0001:00000f98       ?StringCchCopyW@@YAJPEA_W_KPEB_W@Z 0000000180001f98 f i ConEmuLn.obj
 0001:00001004       DllMain                    0000000180002004 f   ConEmuLn.obj
 0001:00001054       GetMinFarVersionW          0000000180002054 f   ConEmuLn.obj
 0001:0000105c       SetStartupInfoW            000000018000205c f   ConEmuLn.obj
 0001:00001ad8       ?ConfigureW1900@@YAHH@Z    0000000180002ad8 f   ConEmuLn1900.obj
 0001:00001aec       ?ExitFARW1900@@YAXXZ       0000000180002aec f   ConEmuLn1900.obj
 0001:00001b28       ?GetMsgW1900@@YAPEB_WH@Z   0000000180002b28 f   ConEmuLn1900.obj
 0001:00001b54       ?GetPluginInfoW1900@@YAXPEAX@Z 0000000180002b54 f   ConEmuLn1900.obj
 0001:00001bdc       ?OpenW2800@@YAPEAXPEBX@Z   0000000180002bdc f   ConEmuLn2800.obj
 0001:00001bdc       ?OpenW1900@@YAPEAXPEBX@Z   0000000180002bdc f   ConEmuLn1900.obj
 0001:00001bf4       ?SetStartupInfoW1900@@YAXPEAX@Z 0000000180002bf4 f   ConEmuLn1900.obj
 0001:00001d40       ?SettingsLoadW1900@@YAXXZ  0000000180002d40 f   ConEmuLn1900.obj
 0001:00001e98       ?SettingsSaveW1900@@YAXXZ  0000000180002e98 f   ConEmuLn1900.obj
 0001:00002ac8       ?ConfigureW2800@@YAHH@Z    0000000180003ac8 f   ConEmuLn2800.obj
 0001:00002adc       ?ExitFARW2800@@YAXXZ       0000000180003adc f   ConEmuLn2800.obj
 0001:00002b18       ?GetMsgW2800@@YAPEB_WH@Z   0000000180003b18 f   ConEmuLn2800.obj
 0001:00002b44       ?GetPluginInfoW2800@@YAXPEAX@Z 0000000180003b44 f   ConEmuLn2800.obj
 0001:00002bcc       ?SetStartupInfoW2800@@YAXPEAX@Z 0000000180003bcc f   ConEmuLn2800.obj
 0001:00002d18       ?SettingsLoadW2800@@YAXXZ  0000000180003d18 f   ConEmuLn2800.obj
 0001:00002e80       ?SettingsSaveW2800@@YAXXZ  0000000180003e80 f   ConEmuLn2800.obj
 0001:00002fb0       GetGlobalInfoW             0000000180003fb0 f   ConEmuLn2800.obj
 0001:000039a8       ?ConfigureW995@@YAHH@Z     00000001800049a8 f   ConEmuLn995.obj
 0001:000039bc       ?ExitFARW995@@YAXXZ        00000001800049bc f   ConEmuLn995.obj
 0001:00003a10       ?GetMsgW995@@YAPEB_WH@Z    0000000180004a10 f   ConEmuLn995.obj
 0001:00003a38       ?GetPluginInfoW995@@YAXPEAX@Z 0000000180004a38 f   ConEmuLn995.obj
 0001:00003aac       ?SetStartupInfoW995@@YAXPEAX@Z 0000000180004aac f   ConEmuLn995.obj
 0001:00003c48       ?SettingsLoadW995@@YAXXZ   0000000180004c48 f   ConEmuLn995.obj
 0001:00003c54       ?SettingsSaveW995@@YAXXZ   0000000180004c54 f   ConEmuLn995.obj
 0001:00003c60       OpenPluginW                0000000180004c60 f   ConEmuLn995.obj
 0001:00004684       ?SettingsLoadA@@YAXXZ      0000000180005684 f   ConEmuLnA.obj
 0001:00004690       ?SettingsSaveA@@YAXXZ      0000000180005690 f   ConEmuLnA.obj
 0001:0000469c       Configure                  000000018000569c f   ConEmuLnA.obj
 0001:000046b0       ExitFAR                    00000001800056b0 f   ConEmuLnA.obj
 0001:0000470c       GetMinFarVersion           000000018000570c f   ConEmuLnA.obj
 0001:00004734       GetPluginInfo              0000000180005734 f   ConEmuLnA.obj
 0001:000047c0       OpenPlugin                 00000001800057c0 f   ConEmuLnA.obj
 0001:000047e0       SetStartupInfo             00000001800057e0 f   ConEmuLnA.obj
 0001:000049a1       GetFileVersionInfoSizeW    00000001800059a1 f   version:VERSION.dll
 0001:000049a7       GetFileVersionInfoW        00000001800059a7 f   version:VERSION.dll
 0001:000049ad       VerQueryValueW             00000001800059ad f   version:VERSION.dll
 0001:000049b4       ?StringCchVPrintfW@@YAJPEA_W_KPEB_WPEAD@Z 00000001800059b4 f i common-kernel64:MStrSafe.obj
 0001:00004a58       ?swprintf_c@@YAHPEA_W_JPEB_WZZ 0000000180005a58 f   common-kernel64:MStrSafe.obj
 0001:00004a98       __local_stdio_printf_options 0000000180005a98 f i common-kernel64:MStrSafe.obj
 0001:00004aa0       ?HeapDeinitialize@@YAXXZ   0000000180005aa0 f   common-kernel64:Memory.obj
 0001:00004b00       ?HeapInitialize@@YA_NXZ    0000000180005b00 f   common-kernel64:Memory.obj
 0001:00004b3c       ?xf_calloc@@YAPEAX_K0@Z    0000000180005b3c f   common-kernel64:Memory.obj
 0001:00004b6c       ?xf_free@@YAXPEAX@Z        0000000180005b6c f   common-kernel64:Memory.obj
 0001:00004be0       __GSHandlerCheck           0000000180005be0 f   LIBCMT:gshandler.obj
 0001:00004c00       __GSHandlerCheckCommon     0000000180005c00 f   LIBCMT:gshandler.obj
 0001:00004c70       __security_check_cookie    0000000180005c70 f   LIBCMT:amdsecgs.obj
 0001:00004cb0       __chkstk                   0000000180005cb0 f   LIBCMT:chkstk.obj
 0001:00004cb0       _alloca_probe              0000000180005cb0 f   LIBCMT:chkstk.obj
 0001:00005024       _DllMainCRTStartup         0000000180006024 f   LIBCMT:dll_dllmain.obj
 0001:00005064       __raise_securityfailure    0000000180006064 f   LIBCMT:gs_report.obj
 0001:00005098       __report_gsfailure         0000000180006098 f   LIBCMT:gs_report.obj
 0001:0000516c       __report_rangecheckfailure 000000018000616c f   LIBCMT:gs_report.obj
 0001:00005180       __report_securityfailure   0000000180006180 f   LIBCMT:gs_report.obj
 0001:00005300       __security_init_cookie     0000000180006300 f   LIBCMT:gs_support.obj
 0001:000053ac       ?__scrt_initialize_type_info@@YAXXZ 00000001800063ac f   LIBCMT:tncleanup.obj
 0001:000053bc       ?__scrt_uninitialize_type_info@@YAXXZ 00000001800063bc f   LIBCMT:tncleanup.obj
 0001:000053c8       __local_stdio_scanf_options 00000001800063c8 f i LIBCMT:default_local_stdio_options.obj
 0001:000053d0       __scrt_initialize_default_local_stdio_options 00000001800063d0 f   LIBCMT:default_local_stdio_options.obj
 0001:000053ec       __scrt_acquire_startup_lock 00000001800063ec f   LIBCMT:utility.obj
 0001:00005428       __scrt_dllmain_after_initialize_c 0000000180006428 f   LIBCMT:utility.obj
 0001:0000545c       __scrt_dllmain_before_initialize_c 000000018000645c f   LIBCMT:utility.obj
 0001:00005474       __scrt_dllmain_crt_thread_attach 0000000180006474 f   LIBCMT:utility.obj
 0001:0000549c       __scrt_dllmain_crt_thread_detach 000000018000649c f   LIBCMT:utility.obj
 0001:000054b4       __scrt_dllmain_exception_filter 00000001800064b4 f   LIBCMT:utility.obj
 0001:00005514       __scrt_dllmain_uninitialize_c 0000000180006514 f   LIBCMT:utility.obj
 0001:00005544       __scrt_dllmain_uninitialize_critical 0000000180006544 f   LIBCMT:utility.obj
 0001:00005558       __scrt_initialize_crt      0000000180006558 f   LIBCMT:utility.obj
 0001:000055a4       __scrt_initialize_onexit_tables 00000001800065a4 f   LIBCMT:utility.obj
 0001:00005630       __scrt_is_nonwritable_in_current_image 0000000180006630 f   LIBCMT:utility.obj
 0001:000056c8       __scrt_release_startup_lock 00000001800066c8 f   LIBCMT:utility.obj
 0001:000056ec       __scrt_uninitialize_crt    00000001800066ec f   LIBCMT:utility.obj
 0001:00005718       __scrt_get_dyn_tls_init_callback 0000000180006718 f   LIBCMT:dyn_tls_init.obj
 0001:00005720       __crt_debugger_hook        0000000180006720 f   LIBCMT:utility_desktop.obj
 0001:00005728       __scrt_fastfail            0000000180006728 f   LIBCMT:utility_desktop.obj
 0001:00005874       _RTC_Initialize            0000000180006874 f   LIBCMT:initsect.obj
 0001:000058b0       _RTC_Terminate             00000001800068b0 f   LIBCMT:initsect.obj
 0001:000058ec       _guard_check_icall_nop     00000001800068ec f i LIBCMT:guard_support.obj
 0001:000058f0       __isa_available_init       00000001800068f0 f   LIBCMT:cpu_disp.obj
 0001:00005a94       _get_startup_argv_mode     0000000180006a94 f   LIBCMT:argv_mode.obj
 0001:00005a9c       __scrt_is_ucrt_dll_in_use  0000000180006a9c f   LIBCMT:ucrt_detection.obj
 0001:00005ac0       memcpy_repmovs             0000000180006ac0 f   libvcruntime:memcpy.obj
 0001:00005ae0       memmove                    0000000180006ae0 f   libvcruntime:memcpy.obj
 0001:00005ae0       memcpy                     0000000180006ae0 f   libvcruntime:memcpy.obj
 0001:00005ed0       memset_repmovs             0000000180006ed0 f   libvcruntime:memset.obj
 0001:00005ef0       memset                     0000000180006ef0 f   libvcruntime:memset.obj
 0001:00006090       __C_specific_handler       0000000180007090 f   libvcruntime:riscchandler.obj
 0001:000062a4       __std_type_info_destroy_list 00000001800072a4 f   libvcruntime:std_type_info.obj
 0001:000062d0       __vcrt_initialize          00000001800072d0 f   libvcruntime:initialization.obj
 0001:000062f8       __vcrt_thread_attach       00000001800072f8 f   libvcruntime:initialization.obj
 0001:0000630c       __vcrt_thread_detach       000000018000730c f   libvcruntime:initialization.obj
 0001:00006320       __vcrt_uninitialize        0000000180007320 f   libvcruntime:initialization.obj
 0001:0000633c       __vcrt_uninitialize_critical 000000018000733c f   libvcruntime:initialization.obj
 0001:0000634c       __DestructExceptionObject  000000018000734c f   libvcruntime:ehhelpers.obj
 0001:000063bc       ?_CallMemberFunction0@@YAXQEAX0@Z 00000001800073bc f i libvcruntime:ehhelpers.obj
 0001:000063d0       _NLG_Notify                00000001800073d0 f   libvcruntime:notify.obj
 0001:000063f0       __NLG_Dispatch2            00000001800073f0 f   libvcruntime:notify.obj
 0001:00006400       __NLG_Return2              0000000180007400 f   libvcruntime:notify.obj
 0001:00006404       __except_validate_context_record 0000000180007404 f   libvcruntime:jbcxrval.obj
 0001:0000643c       __vcrt_freefls             000000018000743c f   libvcruntime:per_thread_data.obj
 0001:0000645c       __vcrt_freeptd             000000018000745c f   libvcruntime:per_thread_data.obj
 0001:000064ac       __vcrt_getptd              00000001800074ac f   libvcruntime:per_thread_data.obj
 0001:000064c8       __vcrt_getptd_noexit       00000001800074c8 f   libvcruntime:per_thread_data.obj
 0001:00006588       __vcrt_initialize_ptd      0000000180007588 f   libvcruntime:per_thread_data.obj
 0001:000065d0       __vcrt_uninitialize_ptd    00000001800075d0 f   libvcruntime:per_thread_data.obj
 0001:000065f4       __vcrt_initialize_locks    00000001800075f4 f   libvcruntime:locks.obj
 0001:00006628       __vcrt_uninitialize_locks  0000000180007628 f   libvcruntime:locks.obj
 0001:000067ac       __vcrt_FlsAlloc            00000001800077ac f   libvcruntime:winapi_downlevel.obj
 0001:000067f4       __vcrt_FlsFree             00000001800077f4 f   libvcruntime:winapi_downlevel.obj
 0001:0000683c       __vcrt_FlsGetValue         000000018000783c f   libvcruntime:winapi_downlevel.obj
 0001:00006884       __vcrt_FlsSetValue         0000000180007884 f   libvcruntime:winapi_downlevel.obj
 0001:000068d8       __vcrt_InitializeCriticalSectionEx 00000001800078d8 f   libvcruntime:winapi_downlevel.obj
 0001:00006950       _CallSettingFrame          0000000180007950 f   libvcruntime:handlers.obj
 0001:000069a0       _CallSettingFrame_LookupContinuationIndex 00000001800079a0 f   libvcruntime:handlers.obj
 0001:000069d0       _CallSettingFrame_NotifyContinuationAddr 00000001800079d0 f   libvcruntime:handlers.obj
 0001:00006a00       _CallSettingFrameEncoded   0000000180007a00 f   libvcruntime:handlers.obj
 0001:00006a48       ??$parse_integer@KV?$c_string_character_source@D@__crt_strtox@@@__crt_strtox@@YAKQEAU__crt_locale_pointers@@V?$c_string_character_source@D@0@H_N@Z 0000000180007a48 f i libucrt:strtox.obj
 0001:00006d4c       ??$parse_integer@KV?$c_string_character_source@_W@__crt_strtox@@@__crt_strtox@@YAKQEAU__crt_locale_pointers@@V?$c_string_character_source@_W@0@H_N@Z 0000000180007d4c f i libucrt:strtox.obj
 0001:000073f4       ??0_LocaleUpdate@@QEAA@QEAU__crt_locale_pointers@@@Z 00000001800083f4 f i libucrt:strtox.obj
 0001:00007490       _ischartype_l              0000000180008490 f i libucrt:strtox.obj
 0001:00007508       strtoul                    0000000180008508 f   libucrt:strtox.obj
 0001:00007534       wcstol                     0000000180008534 f   libucrt:strtox.obj
 0001:00007560       wcstoul                    0000000180008560 f   libucrt:strtox.obj
 0001:00007760       ??$ensure_buffer_is_big_enough@D@formatting_buffer@__crt_stdio_output@@QEAA_N_K@Z 0000000180008760 f i libucrt:output.obj
 0001:00007808       ??$ensure_buffer_is_big_enough@_W@formatting_buffer@__crt_stdio_output@@QEAA_N_K@Z 0000000180008808 f i libucrt:output.obj
 0001:000078b4       ??$is_wide_character_specifier@_W@__crt_stdio_output@@YA_N_K_WW4length_modifier@0@@Z 00000001800088b4 f i libucrt:output.obj
 0001:000078f4       ??$type_case_integer_parse_into_buffer@I@?$output_processor@_WV?$string_output_adapter@_W@__crt_stdio_output@@V?$standard_base@_WV?$string_output_adapter@_W@__crt_stdio_output@@@2@@__crt_stdio_output@@AEAAXII_N@Z 00000001800088f4 f i libucrt:output.obj
 0001:00007998       ??$type_case_integer_parse_into_buffer@_K@?$output_processor@_WV?$string_output_adapter@_W@__crt_stdio_output@@V?$standard_base@_WV?$string_output_adapter@_W@__crt_stdio_output@@@2@@__crt_stdio_output@@AEAAX_KI_N@Z 0000000180008998 f i libucrt:output.obj
 0001:00007a3c       ??$write_multiple_characters@V?$string_output_adapter@_W@__crt_stdio_output@@D@__crt_stdio_output@@YAXAEBV?$string_output_adapter@_W@0@DHQEAH@Z 0000000180008a3c f i libucrt:output.obj
 0001:00007ac0       ?crop_zeroes@__crt_stdio_output@@YAXPEADQEAU__crt_locale_pointers@@@Z 0000000180008ac0 f i libucrt:output.obj
 0001:00007b60       ?force_decimal_point@__crt_stdio_output@@YAXPEADQEAU__crt_locale_pointers@@@Z 0000000180008b60 f i libucrt:output.obj
 0001:00007bd8       ?parse_int_from_format_string@?$output_processor@_WV?$string_output_adapter@_W@__crt_stdio_output@@V?$standard_base@_WV?$string_output_adapter@_W@__crt_stdio_output@@@2@@__crt_stdio_output@@AEAA_NQEAH@Z 0000000180008bd8 f i libucrt:output.obj
 0001:00007c7c       ?process@?$output_processor@_WV?$string_output_adapter@_W@__crt_stdio_output@@V?$standard_base@_WV?$string_output_adapter@_W@__crt_stdio_output@@@2@@__crt_stdio_output@@QEAAHXZ 0000000180008c7c f i libucrt:output.obj
 0001:00007ee8       ?state_case_size@?$output_processor@_WV?$string_output_adapter@_W@__crt_stdio_output@@V?$standard_base@_WV?$string_output_adapter@_W@__crt_stdio_output@@@2@@__crt_stdio_output@@AEAA_NXZ 0000000180008ee8 f i libucrt:output.obj
 0001:0000807c       ?state_case_type@?$output_processor@_WV?$string_output_adapter@_W@__crt_stdio_output@@V?$standard_base@_WV?$string_output_adapter@_W@__crt_stdio_output@@@2@@__crt_stdio_output@@AEAA_NXZ 000000018000907c f i libucrt:output.obj
 0001:00008350       ?to_integer_size@__crt_stdio_output@@YA_KW4length_modifier@1@@Z 0000000180009350 f i libucrt:output.obj
 0001:000083b8       ?type_case_Z@?$output_processor@_WV?$string_output_adapter@_W@__crt_stdio_output@@V?$standard_base@_WV?$string_output_adapter@_W@__crt_stdio_output@@@2@@__crt_stdio_output@@AEAA_NXZ 00000001800093b8 f i libucrt:output.obj
 0001:00008434       ?type_case_a@?$output_processor@_WV?$string_output_adapter@_W@__crt_stdio_output@@V?$standard_base@_WV?$string_output_adapter@_W@__crt_stdio_output@@@2@@__crt_stdio_output@@AEAA_NXZ 0000000180009434 f i libucrt:output.obj
 0001:00008614       ?type_case_c_tchar@?$output_processor@_WV?$string_output_adapter@_W@__crt_stdio_output@@V?$standard_base@_WV?$string_output_adapter@_W@__crt_stdio_output@@@2@@__crt_stdio_output@@AEAA_N_W@Z 0000000180009614 f i libucrt:output.obj
 0001:000086bc       ?type_case_integer@?$output_processor@_WV?$string_output_adapter@_W@__crt_stdio_output@@V?$standard_base@_WV?$string_output_adapter@_W@__crt_stdio_output@@@2@@__crt_stdio_output@@AEAA_NI_N@Z 00000001800096bc f i libucrt:output.obj
 0001:00008844       ?type_case_n@?$output_processor@_WV?$string_output_adapter@_W@__crt_stdio_output@@V?$standard_base@_WV?$string_output_adapter@_W@__crt_stdio_output@@@2@@__crt_stdio_output@@AEAA_NXZ 0000000180009844 f i libucrt:output.obj
 0001:000088cc       ?type_case_s@?$output_processor@_WV?$string_output_adapter@_W@__crt_stdio_output@@V?$standard_base@_WV?$string_output_adapter@_W@__crt_stdio_output@@@2@@__crt_stdio_output@@AEAA_NXZ 00000001800098cc f i libucrt:output.obj
 0001:00008994       ?write_stored_string_tchar@?$output_processor@_WV?$string_output_adapter@_W@__crt_stdio_output@@V?$standard_base@_WV?$string_output_adapter@_W@__crt_stdio_output@@@2@@__crt_stdio_output@@AEAA_N_W@Z 0000000180009994 f i libucrt:output.obj
 0001:00008a7c       ?write_string@?$string_output_adapter@_W@__crt_stdio_output@@QEBAXQEB_WHQEAHAEAV__crt_deferred_errno_cache@@@Z 0000000180009a7c f i libucrt:output.obj
 0001:00008b24       __stdio_common_vswprintf   0000000180009b24 f   libucrt:output.obj
 0001:00008b2c       wcsncmp                    0000000180009b2c f   libucrt:wcsncmp.obj
 0001:00008b58       __acrt_call_reportfault    0000000180009b58 f   libucrt:invalid_parameter.obj
 0001:00008cb4       __acrt_initialize_invalid_parameter_handler 0000000180009cb4 f   libucrt:invalid_parameter.obj
 0001:00008cbc       _invalid_parameter         0000000180009cbc f   libucrt:invalid_parameter.obj
 0001:00008d6c       _invalid_parameter_noinfo  0000000180009d6c f   libucrt:invalid_parameter.obj
 0001:00008d8c       _invoke_watson             0000000180009d8c f   libucrt:invalid_parameter.obj
 0001:00008dd4       _initterm                  0000000180009dd4 f   libucrt:initterm.obj
 0001:00008e38       _initterm_e                0000000180009e38 f   libucrt:initterm.obj
 0001:00008e78       _seh_filter_dll            0000000180009e78 f   libucrt:exception_filter.obj
 0001:00008e8c       _seh_filter_exe            0000000180009e8c f   libucrt:exception_filter.obj
 0001:0000927c       __acrt_initialize_thread_local_exit_callback 000000018000a27c f   libucrt:exit.obj
 0001:00009284       _cexit                     000000018000a284 f   libucrt:exit.obj
 0001:00009294       _exit                      000000018000a294 f   libucrt:exit.obj
 0001:000092a0       _is_c_termination_complete 000000018000a2a0 f   libucrt:exit.obj
 0001:00009468       __acrt_allocate_buffer_for_argv 000000018000a468 f   libucrt:argv_parsing.obj
 0001:000094c8       _configure_narrow_argv     000000018000a4c8 f   libucrt:argv_parsing.obj
 0001:00009840       __dcrt_uninitialize_environments_nolock 000000018000a840 f   libucrt:environment_initialization.obj
 0001:00009878       _initialize_narrow_environment 000000018000a878 f   libucrt:environment_initialization.obj
 0001:000099d4       _execute_onexit_table      000000018000a9d4 f   libucrt:onexit.obj
 0001:00009a10       _initialize_onexit_table   000000018000aa10 f   libucrt:onexit.obj
 0001:00009a70       __acrt_uninitialize_command_line 000000018000aa70 f   libucrt:argv_data.obj
 0001:00009b68       __acrt_initialize          000000018000ab68 f   libucrt:initialization.obj
 0001:00009b7c       __acrt_thread_attach       000000018000ab7c f   libucrt:initialization.obj
 0001:00009b90       __acrt_thread_detach       000000018000ab90 f   libucrt:initialization.obj
 0001:00009ba0       __acrt_uninitialize        000000018000aba0 f   libucrt:initialization.obj
 0001:00009bd8       __acrt_uninitialize_critical 000000018000abd8 f   libucrt:initialization.obj
 0001:00009be8       terminate                  000000018000abe8 f   libucrt:terminate.obj
 0001:00009c08       free                       000000018000ac08 f   libucrt:free.obj
 0001:00009c1c       strcpy_s                   000000018000ac1c f   libucrt:strcpy_s.obj
 0001:00009c7c       abort                      000000018000ac7c f   libucrt:abort.obj
 0001:00009cf0       strncmp                    000000018000acf0 f   libucrt:strncmp.obj
 0001:00009d70       calloc                     000000018000ad70 f   libucrt:calloc.obj
 0001:00009d78       __pctype_func              000000018000ad78 f   libucrt:ctype.obj
 0001:00009da8       iswctype                   000000018000ada8 f   libucrt:iswctype.obj
 0001:00009e14       _isctype_l                 000000018000ae14 f   libucrt:isctype.obj
 0001:00009f1c       __acrt_errno_from_os_error 000000018000af1c f   libucrt:errno.obj
 0001:00009f64       __acrt_errno_map_os_error  000000018000af64 f   libucrt:errno.obj
 0001:00009fb4       __doserrno                 000000018000afb4 f   libucrt:errno.obj
 0001:00009fd4       _errno                     000000018000afd4 f   libucrt:errno.obj
 0001:0000a36c       __acrt_freeptd             000000018000b36c f   libucrt:per_thread_data.obj
 0001:0000a3b0       __acrt_getptd              000000018000b3b0 f   libucrt:per_thread_data.obj
 0001:0000a484       __acrt_getptd_head         000000018000b484 f   libucrt:per_thread_data.obj
 0001:0000a52c       __acrt_getptd_noexit       000000018000b52c f   libucrt:per_thread_data.obj
 0001:0000a5f8       __acrt_initialize_ptd      000000018000b5f8 f   libucrt:per_thread_data.obj
 0001:0000a634       __acrt_uninitialize_ptd    000000018000b634 f   libucrt:per_thread_data.obj
 0001:0000a658       __acrt_update_locale_info  000000018000b658 f   libucrt:locale_update.obj
 0001:0000a68c       __acrt_update_multibyte_info 000000018000b68c f   libucrt:locale_update.obj
 0001:0000a730       __acrt_set_locale_changed  000000018000b730 f   libucrt:wsetlocale.obj
 0001:0000a73c       __acrt_uninitialize_locale 000000018000b73c f   libucrt:wsetlocale.obj
 0001:0000a76c       _free_base                 000000018000b76c f   libucrt:free_base.obj
 0001:0000a7ac       _malloc_base               000000018000b7ac f   libucrt:malloc_base.obj
 0001:0000a80c       _mbtowc_l                  000000018000b80c f   libucrt:mbtowc.obj
 0001:0000a98c       mbtowc                     000000018000b98c f   libucrt:mbtowc.obj
 0001:0000a994       wcsnlen                    000000018000b994 f   libucrt:strnlen.obj
 0001:0000b578       __acrt_fp_format           000000018000c578 f   libucrt:cvt.obj
 0001:0000b8b0       _fileno                    000000018000c8b0 f   libucrt:fileno.obj
 0001:0000b8d8       __acrt_initialize_stdio    000000018000c8d8 f   libucrt:_file.obj
 0001:0000b9f8       __acrt_uninitialize_stdio  000000018000c9f8 f   libucrt:_file.obj
 0001:0000ba54       _lock_file                 000000018000ca54 f   libucrt:_file.obj
 0001:0000ba60       _unlock_file               000000018000ca60 f   libucrt:_file.obj
 0001:0000ba6c       _get_printf_count_output   000000018000ca6c f   libucrt:printf_count_output.obj
 0001:0000bc80       __acrt_initialize_lowio    000000018000cc80 f   libucrt:ioinit.obj
 0001:0000bcbc       __acrt_uninitialize_lowio  000000018000ccbc f   libucrt:ioinit.obj
 0001:0000bcfc       __acrt_initialize_locks    000000018000ccfc f   libucrt:locks.obj
 0001:0000bd44       __acrt_lock                000000018000cd44 f   libucrt:locks.obj
 0001:0000bd60       __acrt_uninitialize_locks  000000018000cd60 f   libucrt:locks.obj
 0001:0000bd98       __acrt_unlock              000000018000cd98 f   libucrt:locks.obj
 0001:0000bdb4       __acrt_get_process_end_policy 000000018000cdb4 f   libucrt:win_policies.obj
 0001:0000bdf0       _calloc_base               000000018000cdf0 f   libucrt:calloc_base.obj
 0001:0000be7c       ??$__acrt_mbs_to_wcs_cp@U__crt_win32_buffer_internal_dynamic_resizing@@@@YAHQEBDAEAV?$__crt_win32_buffer@_WU__crt_win32_buffer_internal_dynamic_resizing@@@@I@Z 000000018000ce7c f i libucrt:argv_wildcards.obj
 0001:0000bff4       ??$__acrt_wcs_to_mbs_cp@U__crt_win32_buffer_internal_dynamic_resizing@@@@YAHQEB_WAEAV?$__crt_win32_buffer@DU__crt_win32_buffer_internal_dynamic_resizing@@@@I@Z 000000018000cff4 f i libucrt:argv_wildcards.obj
 0001:0000c824       __acrt_expand_narrow_argv_wildcards 000000018000d824 f   libucrt:argv_wildcards.obj
 0001:0000c82c       ??$__acrt_wcs_to_mbs_cp@U__crt_win32_buffer_no_resizing@@@@YAHQEB_WAEAV?$__crt_win32_buffer@DU__crt_win32_buffer_no_resizing@@@@I@Z 000000018000d82c f i libucrt:getmodulefilenamea.obj
 0001:0000c940       __acrt_GetModuleFileNameA  000000018000d940 f   libucrt:getmodulefilenamea.obj
 0001:0000d188       __acrt_initialize_multibyte 000000018000e188 f   libucrt:mbctype.obj
 0001:0000d1e8       __acrt_update_thread_multibyte_data 000000018000e1e8 f   libucrt:mbctype.obj
 0001:0000d204       _setmbcp_nolock            000000018000e204 f   libucrt:mbctype.obj
 0001:0000d538       _ismbblead                 000000018000e538 f   libucrt:ismbbyte.obj
 0001:0000d54c       __acrt_initialize_command_line 000000018000e54c f   libucrt:argv_data.obj
 0001:0000d574       __acrt_MultiByteToWideChar 000000018000e574 f   libucrt:multibytetowidechar.obj
 0001:0000d5d0       __acrt_WideCharToMultiByte 000000018000e5d0 f   libucrt:widechartomultibyte.obj
 0001:0000d680       __dcrt_get_narrow_environment_from_os 000000018000e680 f   libucrt:get_environment_from_os.obj
 0001:0000d784       _recalloc_base             000000018000e784 f   libucrt:recalloc.obj
 0001:0000d9f4       __acrt_AppPolicyGetProcessTerminationMethodInternal 000000018000e9f4 f   libucrt:winapi_thunks.obj
 0001:0000da44       __acrt_AreFileApisANSI     000000018000ea44 f   libucrt:winapi_thunks.obj
 0001:0000da80       __acrt_FlsAlloc            000000018000ea80 f   libucrt:winapi_thunks.obj
 0001:0000dac8       __acrt_FlsFree             000000018000eac8 f   libucrt:winapi_thunks.obj
 0001:0000db10       __acrt_FlsGetValue         000000018000eb10 f   libucrt:winapi_thunks.obj
 0001:0000db58       __acrt_FlsSetValue         000000018000eb58 f   libucrt:winapi_thunks.obj
 0001:0000dbac       __acrt_InitializeCriticalSectionEx 000000018000ebac f   libucrt:winapi_thunks.obj
 0001:0000dc10       __acrt_LCMapStringEx       000000018000ec10 f   libucrt:winapi_thunks.obj
 0001:0000dcec       __acrt_LocaleNameToLCID    000000018000ecec f   libucrt:winapi_thunks.obj
 0001:0000dd3c       __acrt_initialize_winapi_thunks 000000018000ed3c f   libucrt:winapi_thunks.obj
 0001:0000dd70       __acrt_uninitialize_winapi_thunks 000000018000ed70 f   libucrt:winapi_thunks.obj
 0001:0000ddb4       __acrt_initialize_heap     000000018000edb4 f   libucrt:heap_handle.obj
 0001:0000ddd0       __acrt_uninitialize_heap   000000018000edd0 f   libucrt:heap_handle.obj
 0001:0000dddc       __acrt_execute_initializers 000000018000eddc f   libucrt:shared_initialization.obj
 0001:0000de5c       __acrt_execute_uninitializers 000000018000ee5c f   libucrt:shared_initialization.obj
 0001:0000de98       __acrt_initialize_new_handler 000000018000ee98 f   libucrt:new_handler.obj
 0001:0000dea0       _callnewh                  000000018000eea0 f   libucrt:new_handler.obj
 0001:0000ded0       _query_new_handler         000000018000eed0 f   libucrt:new_handler.obj
 0001:0000df4c       __acrt_get_sigabrt_handler 000000018000ef4c f   libucrt:signal.obj
 0001:0000df7c       __acrt_initialize_signal_handlers 000000018000ef7c f   libucrt:signal.obj
 0001:0000df9c       raise                      000000018000ef9c f   libucrt:signal.obj
 0001:0000e208       __acrt_has_user_matherr    000000018000f208 f   libucrt:matherr.obj
 0001:0000e228       __acrt_initialize_user_matherr 000000018000f228 f   libucrt:matherr.obj
 0001:0000e230       __acrt_invoke_user_matherr 000000018000f230 f   libucrt:matherr.obj
 0001:0000e43c       __acrt_stdio_flush_nolock  000000018000f43c f   libucrt:fflush.obj
 0001:0000e4b8       _fflush_nolock             000000018000f4b8 f   libucrt:fflush.obj
 0001:0000e504       _flushall                  000000018000f504 f   libucrt:fflush.obj
 0001:0000e50c       __acrt_GetStringTypeW      000000018000f50c f   libucrt:getstringtypew.obj
 0001:0000e514       __acrt_GetStringTypeA      000000018000f514 f   libucrt:getstringtypea.obj
 0001:0000e6a4       __acrt_add_locale_ref      000000018000f6a4 f   libucrt:locale_refcounting.obj
 0001:0000e730       __acrt_free_locale         000000018000f730 f   libucrt:locale_refcounting.obj
 0001:0000e8a8       __acrt_locale_add_lc_time_reference 000000018000f8a8 f   libucrt:locale_refcounting.obj
 0001:0000e8d0       __acrt_locale_free_lc_time_if_unreferenced 000000018000f8d0 f   libucrt:locale_refcounting.obj
 0001:0000e908       __acrt_locale_release_lc_time_reference 000000018000f908 f   libucrt:locale_refcounting.obj
 0001:0000e930       __acrt_release_locale_ref  000000018000f930 f   libucrt:locale_refcounting.obj
 0001:0000e9d8       __acrt_update_thread_locale_data 000000018000f9d8 f   libucrt:locale_refcounting.obj
 0001:0000ea48       _updatetlocinfoEx_nolock   000000018000fa48 f   libucrt:locale_refcounting.obj
 0001:0000eab0       __acrt_locale_free_monetary 000000018000fab0 f   libucrt:initmon.obj
 0001:0000ebbc       __acrt_locale_free_numeric 000000018000fbbc f   libucrt:initnum.obj
 0001:0000ec80       __acrt_locale_free_time    000000018000fc80 f   libucrt:inittime.obj
 0001:0000ed88       _query_new_mode            000000018000fd88 f   libucrt:new_mode.obj
 0001:0000ed90       _isleadbyte_l              000000018000fd90 f i libucrt:_wctype.obj
 0001:0000eddc       ?__mbrtowc_utf8@__crt_mbstring@@YA_KPEA_WPEBD_KPEAU_Mbstatet@@@Z 000000018000fddc f   libucrt:mbrtowc.obj
 0001:0000ee18       ?__mbsrtowcs_utf8@__crt_mbstring@@YA_KPEA_WPEAPEBD_KPEAU_Mbstatet@@@Z 000000018000fe18 f   libucrt:mbrtowc.obj
 0001:0000ef90       __acrt_fp_strflt_to_string 000000018000ff90 f   libucrt:_fptostr.obj
 0001:0000f0f0       ?divide@__crt_strtox@@YA_KAEAUbig_integer@1@AEBU21@@Z 00000001800100f0 f i libucrt:cfout.obj
 0001:0000f51c       __acrt_fltout              000000018001051c f   libucrt:cfout.obj
 0001:000107e8       fegetround                 00000001800117e8 f   libucrt:fegetround.obj
 0001:000107fc       _fcloseall                 00000001800117fc f   libucrt:closeall.obj
 0001:000108b0       __acrt_stdio_free_buffer_nolock 00000001800118b0 f   libucrt:_freebuf.obj
 0001:000108f0       _isatty                    00000001800118f0 f   libucrt:isatty.obj
 0001:00010950       __acrt_lowio_create_handle_array 0000000180011950 f   libucrt:osfinfo.obj
 0001:000109f8       __acrt_lowio_destroy_handle_array 00000001800119f8 f   libucrt:osfinfo.obj
 0001:00010a48       __acrt_lowio_ensure_fh_exists 0000000180011a48 f   libucrt:osfinfo.obj
 0001:00010af0       __acrt_lowio_lock_fh       0000000180011af0 f   libucrt:osfinfo.obj
 0001:00010b18       __acrt_lowio_unlock_fh     0000000180011b18 f   libucrt:osfinfo.obj
 0001:00010b40       _free_osfhnd               0000000180011b40 f   libucrt:osfinfo.obj
 0001:00010bfc       _get_osfhandle             0000000180011bfc f   libucrt:osfinfo.obj
 0001:00010c80       qsort                      0000000180011c80 f   libucrt:qsort.obj
 0001:00011020       strncpy_s                  0000000180012020 f   libucrt:strncpy_s.obj
 0001:000111a0       strpbrk                    00000001800121a0 f   libucrt:strpbrk.obj
 0001:00011568       _mbsdec                    0000000180012568 f   libucrt:mbsdec.obj
 0001:00011570       _mbsdec_l                  0000000180012570 f   libucrt:mbsdec.obj
 0001:0001191c       __acrt_LCMapStringA        000000018001291c f   libucrt:lcmapstringa.obj
 0001:000119cc       _msize_base                00000001800129cc f   libucrt:msize.obj
 0001:00011a08       _realloc_base              0000000180012a08 f   libucrt:realloc_base.obj
 0001:00011a84       __acrt_DownlevelLocaleNameToLCID 0000000180012a84 f   libucrt:lcidtoname_downlevel.obj
 0001:00011bc0       _commit                    0000000180012bc0 f   libucrt:commit.obj
 0001:000124d0       _write                     00000001800134d0 f   libucrt:write.obj
 0001:000125bc       _write_nolock              00000001800135bc f   libucrt:write.obj
 0001:000128a0       __ascii_wcsnicmp           00000001800138a0 f   libucrt:wcsnicmp.obj
 0001:000128ec       ?__mbrtoc32_utf8@__crt_mbstring@@YA_KPEA_UPEBD_KPEAU_Mbstatet@@@Z 00000001800138ec f   libucrt:mbrtoc32.obj
 0001:00012ac4       _controlfp_s               0000000180013ac4 f   libucrt:contrlfp.obj
 0001:00012b28       fegetenv                   0000000180013b28 f   libucrt:fegetenv.obj
 0001:00012b48       fesetenv                   0000000180013b48 f   libucrt:fesetenv.obj
 0001:00012b94       feholdexcept               0000000180013b94 f   libucrt:feholdexcept.obj
 0001:00012be4       ceil                       0000000180013be4 f   libucrt:ceil.obj
 0001:00012cb0       log10                      0000000180013cb0 f   libucrt:log10.obj
 0001:0001325c       __acrt_fenv_get_common_round_control 000000018001425c f   libucrt:_fenvutils.obj
 0001:00013268       __acrt_fenv_get_control    0000000180014268 f   libucrt:_fenvutils.obj
 0001:0001335c       __acrt_fenv_get_status     000000018001435c f   libucrt:_fenvutils.obj
 0001:000133b0       __acrt_fenv_set_control    00000001800143b0 f   libucrt:_fenvutils.obj
 0001:000134f8       __acrt_fenv_set_status     00000001800144f8 f   libucrt:_fenvutils.obj
 0001:00013618       _lseeki64_nolock           0000000180014618 f   libucrt:lseek.obj
 0001:00013620       _fclose_nolock             0000000180014620 f   libucrt:fclose.obj
 0001:000136a4       fclose                     00000001800146a4 f   libucrt:fclose.obj
 0001:00013708       _query_app_type            0000000180014708 f   libucrt:report_runtime_error.obj
 0001:00013710       __strncnt                  0000000180014710 f   libucrt:strncnt.obj
 0001:00013728       _putwch_nolock             0000000180014728 f   libucrt:putwch.obj
 0001:00013764       _clearfp                   0000000180014764 f   libucrt:ieee.obj
 0001:000137d4       _control87                 00000001800147d4 f   libucrt:ieee.obj
 0001:00013bc0       _handle_error              0000000180014bc0 f   libucrt:libm_error.obj
 0001:00013ce8       _handle_nan                0000000180014ce8 f   libucrt:libm_error.obj
 0001:00013d10       __acrt_initialize_fma3     0000000180014d10 f   libucrt:fma3_available.obj
 0001:00013d80       _log10_special             0000000180014d80 f   libucrt:log_special.obj
 0001:00013eac       _close                     0000000180014eac f   libucrt:close.obj
 0001:00013f50       _close_nolock              0000000180014f50 f   libucrt:close.obj
 0001:00014010       ?__acrt_stdio_free_stream@@YAXV__crt_stdio_stream@@@Z 0000000180015010 f   libucrt:stream.obj
 0001:0001402c       __dcrt_lowio_ensure_console_output_initialized 000000018001502c f   libucrt:initcon.obj
 0001:00014080       __dcrt_terminate_console_output 0000000180015080 f   libucrt:initcon.obj
 0001:0001409c       __dcrt_write_console       000000018001509c f   libucrt:initcon.obj
 0001:00014170       _get_fpsr                  0000000180015170 f   libucrt:fpsr.obj
 0001:00014180       _set_fpsr                  0000000180015180 f   libucrt:fpsr.obj
 0001:0001418a       _fclrf                     000000018001518a f   libucrt:fpsr.obj
 0001:0001419e       _frnd                      000000018001519e f   libucrt:fpsr.obj
 0001:000141c0       _raise_exc                 00000001800151c0 f   libucrt:fpexcept.obj
 0001:000141e8       _raise_exc_ex              00000001800151e8 f   libucrt:fpexcept.obj
 0001:000144f8       _set_errno_from_matherr    00000001800154f8 f   libucrt:fpexcept.obj
 0001:00014528       _clrfp                     0000000180015528 f   libucrt:fpctrl.obj
 0001:00014548       _ctrlfp                    0000000180015548 f   libucrt:fpctrl.obj
 0001:000145c4       _set_statfp                00000001800155c4 f   libucrt:fpctrl.obj
 0001:000145e4       _statfp                    00000001800155e4 f   libucrt:fpctrl.obj
 0001:000145f5       IsProcessorFeaturePresent  00000001800155f5 f   kernel32:KERNEL32.dll
 0001:00014600       _FindPESection             0000000180015600 f   LIBCMT:pesect.obj
 0001:00014650       _IsNonwritableInCurrentImage 0000000180015650 f   LIBCMT:pesect.obj
 0001:000146a0       _ValidateImageBase         00000001800156a0 f   LIBCMT:pesect.obj
 0001:000146e0       memcmp                     00000001800156e0 f   libvcruntime:memcmp.obj
 0001:000147a8       strrchr                    00000001800157a8 f   libvcruntime:strrchr.obj
 0001:000148f0       _guard_dispatch_icall_nop  00000001800158f0 f   LIBCMT:guard_dispatch.obj
 0001:00014910       _guard_xfg_dispatch_icall_nop 0000000180015910 f   LIBCMT:guard_xfg_dispatch.obj
 0002:00000000       __imp_RegQueryValueExW     0000000180016000     advapi32:ADVAPI32.dll
 0002:00000008       __imp_RegOpenKeyExW        0000000180016008     advapi32:ADVAPI32.dll
 0002:00000010       __imp_RegCreateKeyExW      0000000180016010     advapi32:ADVAPI32.dll
 0002:00000018       __imp_RegCloseKey          0000000180016018     advapi32:ADVAPI32.dll
 0002:00000020       __imp_RegSetValueExW       0000000180016020     advapi32:ADVAPI32.dll
 0002:00000028       \177ADVAPI32_NULL_THUNK_DATA 0000000180016028     advapi32:ADVAPI32.dll
 0002:00000030       __imp_SelectObject         0000000180016030     gdi32:GDI32.dll
 0002:00000038       __imp_LineTo               0000000180016038     gdi32:GDI32.dll
 0002:00000040       __imp_DeleteObject         0000000180016040     gdi32:GDI32.dll
 0002:00000048       __imp_CreateSolidBrush     0000000180016048     gdi32:GDI32.dll
 0002:00000050       __imp_CreatePen            0000000180016050     gdi32:GDI32.dll
 0002:00000058       __imp_MoveToEx             0000000180016058     gdi32:GDI32.dll
 0002:00000060       \177GDI32_NULL_THUNK_DATA  0000000180016060     gdi32:GDI32.dll
 0002:00000068       __imp_MultiByteToWideChar  0000000180016068     kernel32:KERNEL32.dll
 0002:00000070       __imp_CloseHandle          0000000180016070     kernel32:KERNEL32.dll
 0002:00000078       __imp_lstrlenA             0000000180016078     kernel32:KERNEL32.dll
 0002:00000080       __imp_GetConsoleMode       0000000180016080     kernel32:KERNEL32.dll
 0002:00000088       __imp_GetConsoleOutputCP   0000000180016088     kernel32:KERNEL32.dll
 0002:00000090       __imp_lstrcpyA             0000000180016090     kernel32:KERNEL32.dll
 0002:00000098       __imp_lstrcpynA            0000000180016098     kernel32:KERNEL32.dll
 0002:000000a0       __imp_lstrcpynW            00000001800160a0     kernel32:KERNEL32.dll
 0002:000000a8       __imp_lstrlenW             00000001800160a8     kernel32:KERNEL32.dll
 0002:000000b0       __imp_lstrcpyW             00000001800160b0     kernel32:KERNEL32.dll
 0002:000000b8       __imp_VirtualProtect       00000001800160b8     kernel32:KERNEL32.dll
 0002:000000c0       __imp_GetModuleFileNameW   00000001800160c0     kernel32:KERNEL32.dll
 0002:000000c8       __imp_GetLastError         00000001800160c8     kernel32:KERNEL32.dll
 0002:000000d0       __imp_CreateFileW          00000001800160d0     kernel32:KERNEL32.dll
 0002:000000d8       __imp_WriteConsoleW        00000001800160d8     kernel32:KERNEL32.dll
 0002:000000e0       __imp_RaiseException       00000001800160e0     kernel32:KERNEL32.dll
 0002:000000e8       __imp_DebugBreak           00000001800160e8     kernel32:KERNEL32.dll
 0002:000000f0       __imp_HeapCreate           00000001800160f0     kernel32:KERNEL32.dll
 0002:000000f8       __imp_HeapDestroy          00000001800160f8     kernel32:KERNEL32.dll
 0002:00000100       __imp_HeapAlloc            0000000180016100     kernel32:KERNEL32.dll
 0002:00000108       __imp_HeapReAlloc          0000000180016108     kernel32:KERNEL32.dll
 0002:00000110       __imp_HeapFree             0000000180016110     kernel32:KERNEL32.dll
 0002:00000118       __imp_WideCharToMultiByte  0000000180016118     kernel32:KERNEL32.dll
 0002:00000120       __imp_RtlCaptureContext    0000000180016120     kernel32:KERNEL32.dll
 0002:00000128       __imp_RtlLookupFunctionEntry 0000000180016128     kernel32:KERNEL32.dll
 0002:00000130       __imp_RtlVirtualUnwind     0000000180016130     kernel32:KERNEL32.dll
 0002:00000138       __imp_UnhandledExceptionFilter 0000000180016138     kernel32:KERNEL32.dll
 0002:00000140       __imp_SetUnhandledExceptionFilter 0000000180016140     kernel32:KERNEL32.dll
 0002:00000148       __imp_GetCurrentProcess    0000000180016148     kernel32:KERNEL32.dll
 0002:00000150       __imp_TerminateProcess     0000000180016150     kernel32:KERNEL32.dll
 0002:00000158       __imp_IsProcessorFeaturePresent 0000000180016158     kernel32:KERNEL32.dll
 0002:00000160       __imp_QueryPerformanceCounter 0000000180016160     kernel32:KERNEL32.dll
 0002:00000168       __imp_GetCurrentProcessId  0000000180016168     kernel32:KERNEL32.dll
 0002:00000170       __imp_GetCurrentThreadId   0000000180016170     kernel32:KERNEL32.dll
 0002:00000178       __imp_GetSystemTimeAsFileTime 0000000180016178     kernel32:KERNEL32.dll
 0002:00000180       __imp_InitializeSListHead  0000000180016180     kernel32:KERNEL32.dll
 0002:00000188       __imp_IsDebuggerPresent    0000000180016188     kernel32:KERNEL32.dll
 0002:00000190       __imp_GetStartupInfoW      0000000180016190     kernel32:KERNEL32.dll
 0002:00000198       __imp_GetModuleHandleW     0000000180016198     kernel32:KERNEL32.dll
 0002:000001a0       __imp_RtlUnwindEx          00000001800161a0     kernel32:KERNEL32.dll
 0002:000001a8       __imp_InterlockedFlushSList 00000001800161a8     kernel32:KERNEL32.dll
 0002:000001b0       __imp_SetLastError         00000001800161b0     kernel32:KERNEL32.dll
 0002:000001b8       __imp_EnterCriticalSection 00000001800161b8     kernel32:KERNEL32.dll
 0002:000001c0       __imp_LeaveCriticalSection 00000001800161c0     kernel32:KERNEL32.dll
 0002:000001c8       __imp_DeleteCriticalSection 00000001800161c8     kernel32:KERNEL32.dll
 0002:000001d0       __imp_InitializeCriticalSectionAndSpinCount 00000001800161d0     kernel32:KERNEL32.dll
 0002:000001d8       __imp_TlsAlloc             00000001800161d8     kernel32:KERNEL32.dll
 0002:000001e0       __imp_TlsGetValue          00000001800161e0     kernel32:KERNEL32.dll
 0002:000001e8       __imp_TlsSetValue          00000001800161e8     kernel32:KERNEL32.dll
 0002:000001f0       __imp_TlsFree              00000001800161f0     kernel32:KERNEL32.dll
 0002:000001f8       __imp_FreeLibrary          00000001800161f8     kernel32:KERNEL32.dll
 0002:00000200       __imp_GetProcAddress       0000000180016200     kernel32:KERNEL32.dll
 0002:00000208       __imp_LoadLibraryExW       0000000180016208     kernel32:KERNEL32.dll
 0002:00000210       __imp_ExitProcess          0000000180016210     kernel32:KERNEL32.dll
 0002:00000218       __imp_GetModuleHandleExW   0000000180016218     kernel32:KERNEL32.dll
 0002:00000220       __imp_GetStdHandle         0000000180016220     kernel32:KERNEL32.dll
 0002:00000228       __imp_GetFileType          0000000180016228     kernel32:KERNEL32.dll
 0002:00000230       __imp_FindClose            0000000180016230     kernel32:KERNEL32.dll
 0002:00000238       __imp_FindFirstFileExW     0000000180016238     kernel32:KERNEL32.dll
 0002:00000240       __imp_FindNextFileW        0000000180016240     kernel32:KERNEL32.dll
 0002:00000248       __imp_IsValidCodePage      0000000180016248     kernel32:KERNEL32.dll
 0002:00000250       __imp_GetACP               0000000180016250     kernel32:KERNEL32.dll
 0002:00000258       __imp_GetOEMCP             0000000180016258     kernel32:KERNEL32.dll
 0002:00000260       __imp_GetCPInfo            0000000180016260     kernel32:KERNEL32.dll
 0002:00000268       __imp_GetCommandLineA      0000000180016268     kernel32:KERNEL32.dll
 0002:00000270       __imp_GetCommandLineW      0000000180016270     kernel32:KERNEL32.dll
 0002:00000278       __imp_GetEnvironmentStringsW 0000000180016278     kernel32:KERNEL32.dll
 0002:00000280       __imp_FreeEnvironmentStringsW 0000000180016280     kernel32:KERNEL32.dll
 0002:00000288       __imp_LCMapStringW         0000000180016288     kernel32:KERNEL32.dll
 0002:00000290       __imp_GetProcessHeap       0000000180016290     kernel32:KERNEL32.dll
 0002:00000298       __imp_GetStringTypeW       0000000180016298     kernel32:KERNEL32.dll
 0002:000002a0       __imp_SetFilePointerEx     00000001800162a0     kernel32:KERNEL32.dll
 0002:000002a8       __imp_SetStdHandle         00000001800162a8     kernel32:KERNEL32.dll
 0002:000002b0       __imp_HeapSize             00000001800162b0     kernel32:KERNEL32.dll
 0002:000002b8       __imp_FlushFileBuffers     00000001800162b8     kernel32:KERNEL32.dll
 0002:000002c0       __imp_WriteFile            00000001800162c0     kernel32:KERNEL32.dll
 0002:000002c8       \177KERNEL32_NULL_THUNK_DATA 00000001800162c8     kernel32:KERNEL32.dll
 0002:000002d0       __imp_wsprintfW            00000001800162d0     user32:USER32.dll
 0002:000002d8       __imp_FillRect             00000001800162d8     user32:USER32.dll
 0002:000002e0       __imp_wsprintfA            00000001800162e0     user32:USER32.dll
 0002:000002e8       \177USER32_NULL_THUNK_DATA 00000001800162e8     user32:USER32.dll
 0002:000002f0       __imp_VerQueryValueW       00000001800162f0     version:VERSION.dll
 0002:000002f8       __imp_GetFileVersionInfoW  00000001800162f8     version:VERSION.dll
 0002:00000300       __imp_GetFileVersionInfoSizeW 0000000180016300     version:VERSION.dll
 0002:00000308       \177VERSION_NULL_THUNK_DATA 0000000180016308     version:VERSION.dll
 0002:00000310       __guard_check_icall_fptr   0000000180016310     LIBCMT:guard_support.obj
 0002:00000318       __guard_xfg_check_icall_fptr 0000000180016318     LIBCMT:guard_support.obj
 0002:00000320       __guard_dispatch_icall_fptr 0000000180016320     LIBCMT:guard_support.obj
 0002:00000328       __guard_xfg_dispatch_icall_fptr 0000000180016328     LIBCMT:guard_support.obj
 0002:00000330       __guard_xfg_table_dispatch_icall_fptr 0000000180016330     LIBCMT:guard_support.obj
 0002:00000338       __xc_a                     0000000180016338     LIBCMT:initializers.obj
 0002:00000340       __xc_z                     0000000180016340     LIBCMT:initializers.obj
 0002:00000348       __xi_a                     0000000180016348     LIBCMT:initializers.obj
 0002:00000350       __acrt_stdio_initializer   0000000180016350     libucrt:stdio_initializer.obj
 0002:00000358       __acrt_multibyte_initializer 0000000180016358     libucrt:multibyte_initializer.obj
 0002:00000360       __acrt_tran_fma3_initializer 0000000180016360     libucrt:fma3_initializer.obj
 0002:00000368       __xi_z                     0000000180016368     LIBCMT:initializers.obj
 0002:00000370       __xp_a                     0000000180016370     LIBCMT:initializers.obj
 0002:00000378       __acrt_locale_terminator   0000000180016378     libucrt:locale_initializer.obj
 0002:00000380       __dcrt_console_output_terminator 0000000180016380     libucrt:console_output_initializer.obj
 0002:00000388       __acrt_stdio_terminator    0000000180016388     libucrt:stdio_initializer.obj
 0002:00000390       __xp_z                     0000000180016390     LIBCMT:initializers.obj
 0002:00000398       __xt_a                     0000000180016398     LIBCMT:initializers.obj
 0002:000003a0       __xt_z                     00000001800163a0     LIBCMT:initializers.obj
 0002:000003b0       ??_C@_1BM@GCLEPEKO@?$AAP?$AAl?$AAu?$AAg?$AAi?$AAn?$AAE?$AAn?$AAa?$AAb?$AAl?$AAe?$AAd@ 00000001800163b0     ConEmuLn.obj
 0002:000003d0       ??_C@_1BG@GKMEIIHO@?$AAL?$AAi?$AAn?$AAe?$AAs?$AAP?$AAa?$AAn?$AAe?$AAl@ 00000001800163d0     ConEmuLn.obj
 0002:000003e8       ??_C@_1BG@FMPDIDHG@?$AAL?$AAi?$AAn?$AAe?$AAs?$AAC?$AAo?$AAl?$AAo?$AAr@ 00000001800163e8     ConEmuLn.obj
 0002:00000400       ??_C@_1BI@DNACCAMK@?$AAL?$AAi?$AAn?$AAe?$AAs?$AAE?$AAd?$AAi?$AAt?$AAo?$AAr@ 0000000180016400     ConEmuLn.obj
 0002:00000418       ??_C@_1CC@LODMIFLF@?$AAL?$AAi?$AAn?$AAe?$AAs?$AAE?$AAd?$AAi?$AAt?$AAo?$AAr?$AAC?$AAo?$AAl?$AAo@ 0000000180016418     ConEmuLn.obj
 0002:00000440       ??_C@_1BI@IMFGPMJI@?$AAL?$AAi?$AAn?$AAe?$AAs?$AAV?$AAi?$AAe?$AAw?$AAe?$AAr@ 0000000180016440     ConEmuLn.obj
 0002:00000458       ??_C@_1CC@KGIANIMF@?$AAL?$AAi?$AAn?$AAe?$AAs?$AAV?$AAi?$AAe?$AAw?$AAe?$AAr?$AAC?$AAo?$AAl?$AAo@ 0000000180016458     ConEmuLn.obj
 0002:00000480       ??_C@_1BI@PPOFOFEE@?$AAH?$AAi?$AAl?$AAi?$AAg?$AAh?$AAt?$AAT?$AAy?$AAp?$AAe@ 0000000180016480     ConEmuLn.obj
 0002:00000498       ??_C@_1BO@FGCOGFB@?$AAH?$AAi?$AAl?$AAi?$AAg?$AAh?$AAt?$AAP?$AAl?$AAu?$AAg?$AAi?$AAn?$AAs@ 0000000180016498     ConEmuLn.obj
 0002:000004b8       ??_C@_1CA@GLKFLGCI@?$AAH?$AAi?$AAl?$AAi?$AAg?$AAh?$AAt?$AAP?$AAl?$AAu?$AAg?$AAB?$AAa?$AAc?$AAk@ 00000001800164b8     ConEmuLn.obj
 0002:000004d8       ??_C@_08BCACMCCB@ExitFARW@ 00000001800164d8     ConEmuLn.obj
 0002:000004e8       ??_C@_0L@DJCGGOCO@ConfigureW@ 00000001800164e8     ConEmuLn.obj
 0002:000004f4       ??_C@_11LOCGONAA@@         00000001800164f4     ConEmuLn.obj
 0002:000004f8       ??_C@_13FPGAJAPJ@?$AA?2@   00000001800164f8     ConEmuLn.obj
 0002:00000500       ??_C@_1FG@DPPGENBC@?$AAL?$AAo?$AAa?$AAd?$AAA?$AAp?$AAp?$AAV?$AAe?$AAr?$AAs?$AAi?$AAo?$AAn?$AA?4@ 0000000180016500     ConEmuLn.obj
 0002:00000560       ??_C@_1FK@HILEEFML@?$AAL?$AAo?$AAa?$AAd?$AAA?$AAp?$AAp?$AAV?$AAe?$AAr?$AAs?$AAi?$AAo?$AAn?$AA?4@ 0000000180016560     ConEmuLn.obj
 0002:000005c0       ??_C@_1GC@BINFLBDC@?$AAL?$AAo?$AAa?$AAd?$AAA?$AAp?$AAp?$AAV?$AAe?$AAr?$AAs?$AAi?$AAo?$AAn?$AA?5@ 00000001800165c0     ConEmuLn.obj
 0002:00000630       ??_C@_1GC@CPPHDKJK@?$AAL?$AAo?$AAa?$AAd?$AAA?$AAp?$AAp?$AAV?$AAe?$AAr?$AAs?$AAi?$AAo?$AAn?$AA?4@ 0000000180016630     ConEmuLn.obj
 0002:000006a0       ??_C@_1EG@IINOBDEG@?$AAI?$AAn?$AAv?$AAa?$AAl?$AAi?$AAd?$AA?5?$AAa?$AAs?$AAM?$AAo?$AAd?$AAu?$AAl@ 00000001800166a0     ConEmuLn.obj
 0002:000006e8       ??_C@_1CA@GGFPMHLH@?$AA?6?$AAE?$AAr?$AAr?$AAC?$AAo?$AAd?$AAe?$AA?$DN?$AA0?$AAx?$AA?$CF?$AA0?$AA8?$AAX@ 00000001800166e8     ConEmuLn.obj
 0002:00000710       ??_C@_1FG@LNADFPCE@?$AAL?$AAo?$AAa?$AAd?$AAF?$AAa?$AAr?$AAV?$AAe?$AAr?$AAs?$AAi?$AAo?$AAn?$AA?4@ 0000000180016710     ConEmuLn.obj
 0002:00000768       ??_C@_1BC@KLDFICIN@?$AA0?$AAx?$AAX?$AAX?$AAX?$AAX?$AAX?$AAX@ 0000000180016768     ConEmuLn1900.obj
 0002:00000780       ??_C@_19OMFGMPJN@?$AA?$CF?$AA0?$AA6?$AAX@ 0000000180016780     ConEmuLn1900.obj
 0002:00000790       __xmm@00000000000000030000000500000008 0000000180016790     ConEmuLn1900.obj
 0002:000007a0       __xmm@00000000000000050000000500000009 00000001800167a0     ConEmuLn1900.obj
 0002:000007b0       __xmm@00000000000000070000000500000008 00000001800167b0     ConEmuLn1900.obj
 0002:000007c0       __xmm@00000000000000080000000500000008 00000001800167c0     ConEmuLn1900.obj
 0002:000007d0       __xmm@00000000000000090000000500000008 00000001800167d0     ConEmuLn1900.obj
 0002:000007e0       __xmm@000000000000000b0000000500000008 00000001800167e0     ConEmuLn1900.obj
 0002:000007f0       __xmm@000000000000000c0000000500000000 00000001800167f0     ConEmuLn1900.obj
 0002:00000800       __xmm@000000000000000e0000000000000000 0000000180016800     ConEmuLn1900.obj
 0002:00000810       __xmm@000000000000000f0000000000000007 0000000180016810     ConEmuLn1900.obj
 0002:00000820       __xmm@00000024000000070000001d00000006 0000000180016820     ConEmuLn1900.obj
 0002:00000830       __xmm@00000024000000080000001d00000006 0000000180016830     ConEmuLn1900.obj
 0002:00000840       __xmm@00000024000000090000001d00000006 0000000180016840     ConEmuLn1900.obj
 0002:00000850       __xmm@000000240000000c0000001d00000006 0000000180016850     ConEmuLn1900.obj
 0002:00000860       __xmm@00000026000000010000000300000003 0000000180016860     ConEmuLn1900.obj
 0002:00000870       ??_C@_1CE@PCHJHFGJ@?$AAC?$AAo?$AAn?$AAE?$AAm?$AAu?$AA?5?$AAU?$AAn?$AAd?$AAe?$AAr?$AAl?$AAi?$AAn@ 0000000180016870     ConEmuLn2800.obj
 0002:000008a0       ??_C@_1GC@KMIACAL@?$AAP?$AAa?$AAi?$AAn?$AAt?$AA?5?$AAu?$AAn?$AAd?$AAe?$AAr?$AAl?$AAi?$AAn?$AAe@ 00000001800168a0     ConEmuLn2800.obj
 0002:00000908       ??_C@_1DE@DJEAMLPH@?$AAC?$AAo?$AAn?$AAE?$AAm?$AAu?$AA?4?$AAM?$AAa?$AAx?$AAi?$AAm?$AAu?$AAs?$AA5@ 0000000180016908     ConEmuLn2800.obj
 0002:00000940       __xmm@00000000000000000000000000000003 0000000180016940     ConEmuLn2800.obj
 0002:00000950       __xmm@00000000000000000000000000000005 0000000180016950     ConEmuLn2800.obj
 0002:00000960       __xmm@00000000000000000000000000000007 0000000180016960     ConEmuLn2800.obj
 0002:00000970       __xmm@00000000000000000000000000000008 0000000180016970     ConEmuLn2800.obj
 0002:00000980       __xmm@00000000000000000000000000000009 0000000180016980     ConEmuLn2800.obj
 0002:00000990       __xmm@0000000000000000000000000000000b 0000000180016990     ConEmuLn2800.obj
 0002:000009a0       __xmm@0000000000000000000000000000000c 00000001800169a0     ConEmuLn2800.obj
 0002:000009b0       __xmm@0000000000000000000000000000000e 00000001800169b0     ConEmuLn2800.obj
 0002:000009c0       __xmm@0000000000000000000000000000000f 00000001800169c0     ConEmuLn2800.obj
 0002:000009d0       __xmm@00000000000000240000000000000007 00000001800169d0     ConEmuLn2800.obj
 0002:000009e0       __xmm@00000000000000240000000000000008 00000001800169e0     ConEmuLn2800.obj
 0002:000009f0       __xmm@00000000000000240000000000000009 00000001800169f0     ConEmuLn2800.obj
 0002:00000a00       __xmm@0000000000000024000000000000000c 0000000180016a00     ConEmuLn2800.obj
 0002:00000a10       __xmm@00000000000000260000000000000001 0000000180016a10     ConEmuLn2800.obj
 0002:00000a20       ??_C@_1BE@MMJMCNIO@?$AAC?$AAo?$AAn?$AAE?$AAm?$AAu?$AAL?$AAn?$AA?2@ 0000000180016a20     ConEmuLn995.obj
 0002:00000a40       __xmm@00000000000000000000002400000007 0000000180016a40     ConEmuLn995.obj
 0002:00000a50       __xmm@00000000000000000000002400000008 0000000180016a50     ConEmuLn995.obj
 0002:00000a60       __xmm@00000000000000000000002400000009 0000000180016a60     ConEmuLn995.obj
 0002:00000a70       __xmm@00000001000000000000000000000003 0000000180016a70     ConEmuLn995.obj
 0002:00000a80       ??_C@_08KOICIHPP@0xXXXXXX@ 0000000180016a80     ConEmuLnA.obj
 0002:00000a8c       ??_C@_04JCFDBOEJ@?$CF06X@  0000000180016a8c     ConEmuLnA.obj
 0002:00000a91       ??_C@_00CNPNBAHC@@         0000000180016a91     common-kernel64:MStrDup.obj
 0002:00000a98       _pDefaultRawDllMain        0000000180016a98     LIBCMT:dll_dllmain.obj
 0002:00000a98       _pRawDllMain               0000000180016a98     LIBCMT:dll_dllmain.obj
 0002:00000ab0       __xmm@ffffffffffffffffffffffffffffffff 0000000180016ab0     LIBCMT:utility.obj
 0002:00000ac0       _pDestructExceptionObject  0000000180016ac0     libvcruntime:ehhelpers.obj
 0002:000011d0       ??_C@_08EHJDFFNH@__based?$CI@ 00000001800171d0     libvcruntime:undname.obj
 0002:000011e0       ??_C@_07KOLFKCDI@__cdecl@  00000001800171e0     libvcruntime:undname.obj
 0002:000011e8       ??_C@_08GHMPAG@__pascal@   00000001800171e8     libvcruntime:undname.obj
 0002:000011f8       ??_C@_09IFJBGAPI@__stdcall@ 00000001800171f8     libvcruntime:undname.obj
 0002:00001208       ??_C@_0L@NPHFGOKO@__thiscall@ 0000000180017208     libvcruntime:undname.obj
 0002:00001218       ??_C@_0L@JMKHOMEK@__fastcall@ 0000000180017218     libvcruntime:undname.obj
 0002:00001228       ??_C@_0N@BCKKPABJ@__vectorcall@ 0000000180017228     libvcruntime:undname.obj
 0002:00001238       ??_C@_09HIJEGCPM@__clrcall@ 0000000180017238     libvcruntime:undname.obj
 0002:00001244       ??_C@_06GHPCKEAG@__eabi@   0000000180017244     libvcruntime:undname.obj
 0002:00001250       ??_C@_09IOPIDJLG@__swift_1@ 0000000180017250     libvcruntime:undname.obj
 0002:00001260       ??_C@_09KFNFGKHF@__swift_2@ 0000000180017260     libvcruntime:undname.obj
 0002:00001270       ??_C@_07JOMMBBKO@__ptr64@  0000000180017270     libvcruntime:undname.obj
 0002:00001278       ??_C@_0L@PILCLIHE@__restrict@ 0000000180017278     libvcruntime:undname.obj
 0002:00001288       ??_C@_0M@GFIIJFMG@__unaligned@ 0000000180017288     libvcruntime:undname.obj
 0002:00001298       ??_C@_09DHDLOLLB@restrict?$CI@ 0000000180017298     libvcruntime:undname.obj
 0002:000012a4       ??_C@_04NIHEBCM@?5new@     00000001800172a4     libvcruntime:undname.obj
 0002:000012b0       ??_C@_07FPCDHGMM@?5delete@ 00000001800172b0     libvcruntime:undname.obj
 0002:000012b8       ??_C@_01NEMOKFLO@?$DN@     00000001800172b8     libvcruntime:undname.obj
 0002:000012bc       ??_C@_02GPIOPFAK@?$DO?$DO@ 00000001800172bc     libvcruntime:undname.obj
 0002:000012c0       ??_C@_02FODMEDOG@?$DM?$DM@ 00000001800172c0     libvcruntime:undname.obj
 0002:000012c4       ??_C@_01DCLJPIOD@?$CB@     00000001800172c4     libvcruntime:undname.obj
 0002:000012c8       ??_C@_02EGOFBIJA@?$DN?$DN@ 00000001800172c8     libvcruntime:undname.obj
 0002:000012cc       ??_C@_02FDNJECIE@?$CB?$DN@ 00000001800172cc     libvcruntime:undname.obj
 0002:000012d0       ??_C@_02GPECMEKF@?$FL?$FN@ 00000001800172d0     libvcruntime:undname.obj
 0002:000012d8       ??_C@_08LHJFAFGD@operator@ 00000001800172d8     libvcruntime:undname.obj
 0002:000012e4       ??_C@_02HBOOOICD@?9?$DO@   00000001800172e4     libvcruntime:undname.obj
 0002:000012e8       ??_C@_01NBENCBCI@?$CK@     00000001800172e8     libvcruntime:undname.obj
 0002:000012ec       ??_C@_02ECNGHCIF@?$CL?$CL@ 00000001800172ec     libvcruntime:undname.obj
 0002:000012f0       ??_C@_02BAABKJLB@?9?9@     00000001800172f0     libvcruntime:undname.obj
 0002:000012f4       ??_C@_01JOAMLHOP@?9@       00000001800172f4     libvcruntime:undname.obj
 0002:000012f8       ??_C@_01MIFGBAGJ@?$CL@     00000001800172f8     libvcruntime:undname.obj
 0002:000012fc       ??_C@_01HNPIGOCE@?$CG@     00000001800172fc     libvcruntime:undname.obj
 0002:00001300       ??_C@_03MNHNFDLC@?9?$DO?$CK@ 0000000180017300     libvcruntime:undname.obj
 0002:00001304       ??_C@_01KMDKNFGN@?1@       0000000180017304     libvcruntime:undname.obj
 0002:00001308       ??_C@_01FGNFDNOH@?$CF@     0000000180017308     libvcruntime:undname.obj
 0002:0000130c       ??_C@_01MNNFJEPP@?$DM@     000000018001730c     libvcruntime:undname.obj
 0002:00001310       ??_C@_02EHCHHCKH@?$DM?$DN@ 0000000180017310     libvcruntime:undname.obj
 0002:00001314       ??_C@_01PPODPGHN@?$DO@     0000000180017314     libvcruntime:undname.obj
 0002:00001318       ??_C@_02EEKDKGMJ@?$DO?$DN@ 0000000180017318     libvcruntime:undname.obj
 0002:0000131c       ??_C@_01IHBHIGKO@?0@       000000018001731c     libvcruntime:undname.obj
 0002:00001320       ??_C@_02HCKGKOFO@?$CI?$CJ@ 0000000180017320     libvcruntime:undname.obj
 0002:00001324       ??_C@_01PJKLJHI@?$HO@      0000000180017324     libvcruntime:undname.obj
 0002:00001328       ??_C@_01JKBOJNNK@?$FO@     0000000180017328     libvcruntime:undname.obj
 0002:0000132c       ??_C@_01DNKMNLPK@?$HM@     000000018001732c     libvcruntime:undname.obj
 0002:00001330       ??_C@_02PPKAJPJL@?$CG?$CG@ 0000000180017330     libvcruntime:undname.obj
 0002:00001334       ??_C@_02NONPIBCD@?$HM?$HM@ 0000000180017334     libvcruntime:undname.obj
 0002:00001338       ??_C@_02FPIMKNGF@?$CK?$DN@ 0000000180017338     libvcruntime:undname.obj
 0002:0000133c       ??_C@_02FOEOMHFC@?$CL?$DN@ 000000018001733c     libvcruntime:undname.obj
 0002:00001340       ??_C@_02FKMDLLOA@?9?$DN@   0000000180017340     libvcruntime:undname.obj
 0002:00001344       ??_C@_02FJEHGPIO@?1?$DN@   0000000180017344     libvcruntime:undname.obj
 0002:00001348       ??_C@_02FENAOKFI@?$CF?$DN@ 0000000180017348     libvcruntime:undname.obj
 0002:0000134c       ??_C@_03IKFCCPFF@?$DO?$DO?$DN@ 000000018001734c     libvcruntime:undname.obj
 0002:00001350       ??_C@_03CDNPDDLA@?$DM?$DM?$DN@ 0000000180017350     libvcruntime:undname.obj
 0002:00001354       ??_C@_02FGJGFEAB@?$CG?$DN@ 0000000180017354     libvcruntime:undname.obj
 0002:00001358       ??_C@_02DHLNPPGH@?$HM?$DN@ 0000000180017358     libvcruntime:undname.obj
 0002:0000135c       ??_C@_02MHEGNOJ@?$FO?$DN@  000000018001735c     libvcruntime:undname.obj
 0002:00001360       ??_C@_09IFPLHPGF@?$GAvftable?8@ 0000000180017360     libvcruntime:undname.obj
 0002:00001370       ??_C@_09BLBHBJP@?$GAvbtable?8@ 0000000180017370     libvcruntime:undname.obj
 0002:00001380       ??_C@_07FEEIOKP@?$GAvcall?8@ 0000000180017380     libvcruntime:undname.obj
 0002:00001388       ??_C@_08LLFFHHDJ@?$GAtypeof?8@ 0000000180017388     libvcruntime:undname.obj
 0002:00001398       ??_C@_0BF@KDPPACIK@?$GAlocal?5static?5guard?8@ 0000000180017398     libvcruntime:undname.obj
 0002:000013b0       ??_C@_08OBABFOLI@?$GAstring?8@ 00000001800173b0     libvcruntime:undname.obj
 0002:000013c0       ??_C@_0BD@JDLKDPAB@?$GAvbase?5destructor?8@ 00000001800173c0     libvcruntime:undname.obj
 0002:000013d8       ??_C@_0BN@DEGPLNFK@?$GAvector?5deleting?5destructor?8@ 00000001800173d8     libvcruntime:undname.obj
 0002:000013f8       ??_C@_0BO@OBMKPJIG@?$GAdefault?5constructor?5closure?8@ 00000001800173f8     libvcruntime:undname.obj
 0002:00001418       ??_C@_0BN@IMDCHIKM@?$GAscalar?5deleting?5destructor?8@ 0000000180017418     libvcruntime:undname.obj
 0002:00001438       ??_C@_0BO@PFGOCPJJ@?$GAvector?5constructor?5iterator?8@ 0000000180017438     libvcruntime:undname.obj
 0002:00001458       ??_C@_0BN@LFPFMEDL@?$GAvector?5destructor?5iterator?8@ 0000000180017458     libvcruntime:undname.obj
 0002:00001478       ??_C@_0CE@IKBNEHA@?$GAvector?5vbase?5constructor?5itera@ 0000000180017478     libvcruntime:undname.obj
 0002:000014a0       ??_C@_0BL@NILFHHPC@?$GAvirtual?5displacement?5map?8@ 00000001800174a0     libvcruntime:undname.obj
 0002:000014c0       ??_C@_0CB@JONCMFFK@?$GAeh?5vector?5constructor?5iterator@ 00000001800174c0     libvcruntime:undname.obj
 0002:000014e8       ??_C@_0CA@GCEOPDGL@?$GAeh?5vector?5destructor?5iterator?8@ 00000001800174e8     libvcruntime:undname.obj
 0002:00001508       ??_C@_0CH@OOJPLCPH@?$GAeh?5vector?5vbase?5constructor?5it@ 0000000180017508     libvcruntime:undname.obj
 0002:00001530       ??_C@_0BL@LLKPOHJI@?$GAcopy?5constructor?5closure?8@ 0000000180017530     libvcruntime:undname.obj
 0002:00001550       ??_C@_0BA@KBCDOMBN@?$GAudt?5returning?8@ 0000000180017550     libvcruntime:undname.obj
 0002:00001560       ??_C@_03KLGMFNMG@?$GAEH@   0000000180017560     libvcruntime:undname.obj
 0002:00001564       ??_C@_05KHLCHHI@?$GARTTI@  0000000180017564     libvcruntime:undname.obj
 0002:00001570       ??_C@_0BA@KKLDJDLB@?$GAlocal?5vftable?8@ 0000000180017570     libvcruntime:undname.obj
 0002:00001580       ??_C@_0CE@IIHCMGGL@?$GAlocal?5vftable?5constructor?5clos@ 0000000180017580     libvcruntime:undname.obj
 0002:000015a4       ??_C@_06FHBGPFGH@?5new?$FL?$FN@ 00000001800175a4     libvcruntime:undname.obj
 0002:000015b0       ??_C@_09LBNFPBCA@?5delete?$FL?$FN@ 00000001800175b0     libvcruntime:undname.obj
 0002:000015c0       ??_C@_0P@HJKNJFNN@?$GAomni?5callsig?8@ 00000001800175c0     libvcruntime:undname.obj
 0002:000015d0       ??_C@_0BL@CNOONJFP@?$GAplacement?5delete?5closure?8@ 00000001800175d0     libvcruntime:undname.obj
 0002:000015f0       ??_C@_0BN@CKNJLHMB@?$GAplacement?5delete?$FL?$FN?5closure?8@ 00000001800175f0     libvcruntime:undname.obj
 0002:00001610       ??_C@_0CG@CFDHKGGD@?$GAmanaged?5vector?5constructor?5ite@ 0000000180017610     libvcruntime:undname.obj
 0002:00001638       ??_C@_0CF@IMGKMJNO@?$GAmanaged?5vector?5destructor?5iter@ 0000000180017638     libvcruntime:undname.obj
 0002:00001660       ??_C@_0CG@HLDDJMAG@?$GAeh?5vector?5copy?5constructor?5ite@ 0000000180017660     libvcruntime:undname.obj
 0002:00001688       ??_C@_0CM@FCBBDIGB@?$GAeh?5vector?5vbase?5copy?5construct@ 0000000180017688     libvcruntime:undname.obj
 0002:000016b8       ??_C@_0BL@CLIPGLGB@?$GAdynamic?5initializer?5for?5?8@ 00000001800176b8     libvcruntime:undname.obj
 0002:000016d8       ??_C@_0CB@PDBIFEP@?$GAdynamic?5atexit?5destructor?5for?5@ 00000001800176d8     libvcruntime:undname.obj
 0002:00001700       ??_C@_0CD@CGAJBKEJ@?$GAvector?5copy?5constructor?5iterat@ 0000000180017700     libvcruntime:undname.obj
 0002:00001728       ??_C@_0CJ@GJELGAMM@?$GAvector?5vbase?5copy?5constructor?5@ 0000000180017728     libvcruntime:undname.obj
 0002:00001758       ??_C@_0CL@FGIJHLCE@?$GAmanaged?5vector?5copy?5constructo@ 0000000180017758     libvcruntime:undname.obj
 0002:00001788       ??_C@_0BM@PMGGMLDN@?$GAlocal?5static?5thread?5guard?8@ 0000000180017788     libvcruntime:undname.obj
 0002:000017a8       ??_C@_0N@BDNMDMOL@operator?5?$CC?$CC?5@ 00000001800177a8     libvcruntime:undname.obj
 0002:000017b8       ??_C@_0BC@GGEBGALA@operator?5co_await@ 00000001800177b8     libvcruntime:undname.obj
 0002:000017d0       ??_C@_0M@GAAIMMOH@operator?$DM?$DN?$DO@ 00000001800177d0     libvcruntime:undname.obj
 0002:000017e0       ??_C@_0BC@DAFEJGAK@?5Type?5Descriptor?8@ 00000001800177e0     libvcruntime:undname.obj
 0002:000017f8       ??_C@_0BM@LDKODKLH@?5Base?5Class?5Descriptor?5at?5?$CI@ 00000001800177f8     libvcruntime:undname.obj
 0002:00001818       ??_C@_0BD@LGICGFMM@?5Base?5Class?5Array?8@ 0000000180017818     libvcruntime:undname.obj
 0002:00001830       ??_C@_0BN@MECKDCOJ@?5Class?5Hierarchy?5Descriptor?8@ 0000000180017830     libvcruntime:undname.obj
 0002:00001850       ??_C@_0BK@CFCOFLF@?5Complete?5Object?5Locator?8@ 0000000180017850     libvcruntime:undname.obj
 0002:00001870       ??_C@_0BG@JNJLAMPM@?$GAanonymous?5namespace?8@ 0000000180017870     libvcruntime:undname.obj
 0002:000018a0       ??_C@_1DM@KHCHBNEB@?$AAa?$AAp?$AAi?$AA?9?$AAm?$AAs?$AA?9?$AAw?$AAi?$AAn?$AA?9?$AAc?$AAo?$AAr?$AAe@ 00000001800178a0     libvcruntime:winapi_downlevel.obj
 0002:000018e0       ??_C@_1DK@LPPGFMPP@?$AAa?$AAp?$AAi?$AA?9?$AAm?$AAs?$AA?9?$AAw?$AAi?$AAn?$AA?9?$AAc?$AAo?$AAr?$AAe@ 00000001800178e0     libvcruntime:winapi_downlevel.obj
 0002:00001920       ??_C@_1BC@GDMECMAK@?$AAk?$AAe?$AAr?$AAn?$AAe?$AAl?$AA3?$AA2@ 0000000180017920     libvcruntime:winapi_downlevel.obj
 0002:00001938       ??_C@_1BA@PFFKHIOG@?$AAa?$AAp?$AAi?$AA?9?$AAm?$AAs?$AA?9@ 0000000180017938     libvcruntime:winapi_downlevel.obj
 0002:00001950       ??_C@_08KNHFBNJ@FlsAlloc@  0000000180017950     libvcruntime:winapi_downlevel.obj
 0002:00001968       ??_C@_07PEJMOBNF@FlsFree@  0000000180017968     libvcruntime:winapi_downlevel.obj
 0002:00001978       ??_C@_0M@GDNOONDI@FlsGetValue@ 0000000180017978     libvcruntime:winapi_downlevel.obj
 0002:00001990       ??_C@_0M@JCPCPOEF@FlsSetValue@ 0000000180017990     libvcruntime:winapi_downlevel.obj
 0002:000019a8       ??_C@_0BM@HCFOFFN@InitializeCriticalSectionEx@ 00000001800179a8     libvcruntime:winapi_downlevel.obj
 0002:000019d0       ?standard_lookup_table_spectre@__crt_stdio_output@@3V?$spectre_mitigated_lookup_table@Ustate_transition_pair@__crt_stdio_output@@$0IA@@1@B 00000001800179d0     libucrt:output.obj
 0002:00001dd0       ??_C@_1O@CEDCILHN@?$AA?$CI?$AAn?$AAu?$AAl?$AAl?$AA?$CJ@ 0000000180017dd0     libucrt:output.obj
 0002:00001de0       ??_C@_06OJHGLDPL@?$CInull?$CJ@ 0000000180017de0     libucrt:output.obj
 0002:00001df0       __acrt_exception_action_table 0000000180017df0     libucrt:exception_filter.obj
 0002:00001eb0       __acrt_signal_action_table_count 0000000180017eb0     libucrt:exception_filter.obj
 0002:00001eb8       __acrt_signal_action_first_fpe_index 0000000180017eb8     libucrt:exception_filter.obj
 0002:00001ec0       __acrt_signal_action_fpe_count 0000000180017ec0     libucrt:exception_filter.obj
 0002:00001ec8       ??_C@_1BI@BGOHAHKC@?$AAm?$AAs?$AAc?$AAo?$AAr?$AAe?$AAe?$AA?4?$AAd?$AAl?$AAl@ 0000000180017ec8     libucrt:exit.obj
 0002:00001ee0       ??_C@_0P@MIGLKIOC@CorExitProcess@ 0000000180017ee0     libucrt:exit.obj
 0002:00001ff0       __newctype                 0000000180017ff0     libucrt:ctype.obj
 0002:000022f0       __newclmap                 00000001800182f0     libucrt:ctype.obj
 0002:00002470       __newcumap                 0000000180018470     libucrt:ctype.obj
 0002:000025f0       _wctype                    00000001800185f0     libucrt:ctype.obj
 0002:00002970       __lc_time_c                0000000180018970     libucrt:nlsdata.obj
 0002:00002c30       ??_C@_03KOEHGMDN@Sun@      0000000180018c30     libucrt:nlsdata.obj
 0002:00002c34       ??_C@_03PDAGKDH@Mon@       0000000180018c34     libucrt:nlsdata.obj
 0002:00002c38       ??_C@_03NAGEINEP@Tue@      0000000180018c38     libucrt:nlsdata.obj
 0002:00002c3c       ??_C@_03MHOMLAJA@Wed@      0000000180018c3c     libucrt:nlsdata.obj
 0002:00002c40       ??_C@_03IOFIKPDN@Thu@      0000000180018c40     libucrt:nlsdata.obj
 0002:00002c44       ??_C@_03IDIOELNC@Fri@      0000000180018c44     libucrt:nlsdata.obj
 0002:00002c48       ??_C@_03FEFJNEK@Sat@       0000000180018c48     libucrt:nlsdata.obj
 0002:00002c4c       ??_C@_06OOPIFAJ@Sunday@    0000000180018c4c     libucrt:nlsdata.obj
 0002:00002c54       ??_C@_06JLEDEDGH@Monday@   0000000180018c54     libucrt:nlsdata.obj
 0002:00002c60       ??_C@_07BAAGCFCM@Tuesday@  0000000180018c60     libucrt:nlsdata.obj
 0002:00002c68       ??_C@_09DLIGFAKA@Wednesday@ 0000000180018c68     libucrt:nlsdata.obj
 0002:00002c78       ??_C@_08HACCIKIA@Thursday@ 0000000180018c78     libucrt:nlsdata.obj
 0002:00002c84       ??_C@_06JECMNKMI@Friday@   0000000180018c84     libucrt:nlsdata.obj
 0002:00002c90       ??_C@_08INBOOONO@Saturday@ 0000000180018c90     libucrt:nlsdata.obj
 0002:00002c9c       ??_C@_03JIHJHPIE@Jan@      0000000180018c9c     libucrt:nlsdata.obj
 0002:00002ca0       ??_C@_03HJBDCHOM@Feb@      0000000180018ca0     libucrt:nlsdata.obj
 0002:00002ca4       ??_C@_03ODNJBKGA@Mar@      0000000180018ca4     libucrt:nlsdata.obj
 0002:00002ca8       ??_C@_03LEOLGMJP@Apr@      0000000180018ca8     libucrt:nlsdata.obj
 0002:00002cac       ??_C@_03CNMDKL@May@        0000000180018cac     libucrt:nlsdata.obj
 0002:00002cb0       ??_C@_03IDFGHECI@Jun@      0000000180018cb0     libucrt:nlsdata.obj
 0002:00002cb4       ??_C@_03LBGABGKK@Jul@      0000000180018cb4     libucrt:nlsdata.obj
 0002:00002cb8       ??_C@_03IFJFEIGA@Aug@      0000000180018cb8     libucrt:nlsdata.obj
 0002:00002cbc       ??_C@_03GGCAPAJC@Sep@      0000000180018cbc     libucrt:nlsdata.obj
 0002:00002cc0       ??_C@_03BMAOKBAD@Oct@      0000000180018cc0     libucrt:nlsdata.obj
 0002:00002cc4       ??_C@_03JPJOFNIA@Nov@      0000000180018cc4     libucrt:nlsdata.obj
 0002:00002cc8       ??_C@_03MKABNOCG@Dec@      0000000180018cc8     libucrt:nlsdata.obj
 0002:00002cd0       ??_C@_07CGJPFGJA@January@  0000000180018cd0     libucrt:nlsdata.obj
 0002:00002cd8       ??_C@_08GNJGEPFN@February@ 0000000180018cd8     libucrt:nlsdata.obj
 0002:00002ce4       ??_C@_05HPCKOFNC@March@    0000000180018ce4     libucrt:nlsdata.obj
 0002:00002cec       ??_C@_05DMJDNLEJ@April@    0000000180018cec     libucrt:nlsdata.obj
 0002:00002cf4       ??_C@_04CNLMGBGM@June@     0000000180018cf4     libucrt:nlsdata.obj
 0002:00002cfc       ??_C@_04MIEPOIFP@July@     0000000180018cfc     libucrt:nlsdata.obj
 0002:00002d04       ??_C@_06LBBHFDDG@August@   0000000180018d04     libucrt:nlsdata.obj
 0002:00002d10       ??_C@_09BHHEALKD@September@ 0000000180018d10     libucrt:nlsdata.obj
 0002:00002d20       ??_C@_07JJNFCEND@October@  0000000180018d20     libucrt:nlsdata.obj
 0002:00002d28       ??_C@_08HCHEGEOA@November@ 0000000180018d28     libucrt:nlsdata.obj
 0002:00002d38       ??_C@_08EDHMEBNP@December@ 0000000180018d38     libucrt:nlsdata.obj
 0002:00002d44       ??_C@_02DEDBPAFC@AM@       0000000180018d44     libucrt:nlsdata.obj
 0002:00002d48       ??_C@_02CJNFDJBF@PM@       0000000180018d48     libucrt:nlsdata.obj
 0002:00002d50       ??_C@_08BPBNCDIB@MM?1dd?1yy@ 0000000180018d50     libucrt:nlsdata.obj
 0002:00002d60       ??_C@_0BE@CKGJFCPC@dddd?0?5MMMM?5dd?0?5yyyy@ 0000000180018d60     libucrt:nlsdata.obj
 0002:00002d78       ??_C@_08JCCMCCIL@HH?3mm?3ss@ 0000000180018d78     libucrt:nlsdata.obj
 0002:00002d88       ??_C@_17MBGCMIPB@?$AAS?$AAu?$AAn@ 0000000180018d88     libucrt:nlsdata.obj
 0002:00002d90       ??_C@_17KBOMKBF@?$AAM?$AAo?$AAn@ 0000000180018d90     libucrt:nlsdata.obj
 0002:00002d98       ??_C@_17BMKGEGOJ@?$AAT?$AAu?$AAe@ 0000000180018d98     libucrt:nlsdata.obj
 0002:00002da0       ??_C@_17CJEDCEPE@?$AAW?$AAe?$AAd@ 0000000180018da0     libucrt:nlsdata.obj
 0002:00002da8       ??_C@_17PDPHAADD@?$AAT?$AAh?$AAu@ 0000000180018da8     libucrt:nlsdata.obj
 0002:00002db0       ??_C@_17HFOLPPLP@?$AAF?$AAr?$AAi@ 0000000180018db0     libucrt:nlsdata.obj
 0002:00002db8       ??_C@_17GGIBDPIH@?$AAS?$AAa?$AAt@ 0000000180018db8     libucrt:nlsdata.obj
 0002:00002dc0       ??_C@_1O@IHNHDHPB@?$AAS?$AAu?$AAn?$AAd?$AAa?$AAy@ 0000000180018dc0     libucrt:nlsdata.obj
 0002:00002dd0       ??_C@_1O@MMNBFLIA@?$AAM?$AAo?$AAn?$AAd?$AAa?$AAy@ 0000000180018dd0     libucrt:nlsdata.obj
 0002:00002de0       ??_C@_1BA@ENFBFFEK@?$AAT?$AAu?$AAe?$AAs?$AAd?$AAa?$AAy@ 0000000180018de0     libucrt:nlsdata.obj
 0002:00002df0       ??_C@_1BE@EBOGMDOH@?$AAW?$AAe?$AAd?$AAn?$AAe?$AAs?$AAd?$AAa?$AAy@ 0000000180018df0     libucrt:nlsdata.obj
 0002:00002e08       ??_C@_1BC@HHMNLIHE@?$AAT?$AAh?$AAu?$AAr?$AAs?$AAd?$AAa?$AAy@ 0000000180018e08     libucrt:nlsdata.obj
 0002:00002e20       ??_C@_1O@PDICJHAG@?$AAF?$AAr?$AAi?$AAd?$AAa?$AAy@ 0000000180018e20     libucrt:nlsdata.obj
 0002:00002e30       ??_C@_1BC@ENMNNPAJ@?$AAS?$AAa?$AAt?$AAu?$AAr?$AAd?$AAa?$AAy@ 0000000180018e30     libucrt:nlsdata.obj
 0002:00002e48       ??_C@_17DKNBKCHM@?$AAJ?$AAa?$AAn@ 0000000180018e48     libucrt:nlsdata.obj
[...]
 0002:00009b90       $unwind$__acrt_fp_format   000000018001fb90     libucrt:cvt.obj
 0002:00009ba8       $unwind$?fp_format_e_internal@@YAHQEAD_KH_NIQEAU_strflt@@2QEAU__crt_locale_pointers@@@Z 000000018001fba8     libucrt:cvt.obj
 0002:00009bc0       $unwind$?fp_format_a@@YAHQEBNPEAD_KQEAD2H_NIQEAU__crt_locale_pointers@@W4__acrt_rounding_mode@@@Z 000000018001fbc0     libucrt:cvt.obj
 0002:00009bdc       $unwind$__dcrt_get_narrow_environment_from_os 000000018001fbdc     libucrt:get_environment_from_os.obj
 0002:00009bdc       $unwind$?fp_format_f_internal@@YAHQEAD_KHQEAU_strflt@@_NQEAU__crt_locale_pointers@@@Z 000000018001fbdc     libucrt:cvt.obj
 0002:00009bdc       $unwind$??$__acrt_wcs_to_mbs_cp@U__crt_win32_buffer_internal_dynamic_resizing@@@@YAHQEB_WAEAV?$__crt_win32_buffer@DU__crt_win32_buffer_internal_dynamic_resizing@@@@I@Z 000000018001fbdc     libucrt:argv_wildcards.obj
 0002:00009bf4       $unwind$?fp_format_g@@YAHQEBNQEAD_K12H_NIW4__acrt_rounding_mode@@QEAU__crt_locale_pointers@@@Z 000000018001fbf4     libucrt:cvt.obj
 0002:00009c08       $unwind$__acrt_initialize_lowio 000000018001fc08     libucrt:ioinit.obj
 0002:00009c28       $unwind$?initialize_inherited_file_handles_nolock@@YAXXZ 000000018001fc28     libucrt:ioinit.obj
 0002:00009c44       $unwind$??$__acrt_mbs_to_wcs_cp@U__crt_win32_buffer_internal_dynamic_resizing@@@@YAHQEBDAEAV?$__crt_win32_buffer@_WU__crt_win32_buffer_internal_dynamic_resizing@@@@I@Z 000000018001fc44     libucrt:argv_wildcards.obj
 0002:00009c5c       $unwind$??$common_expand_argv_wildcards@D@@YAHQEAPEADQEAPEAPEAD@Z 000000018001fc5c     libucrt:argv_wildcards.obj
 0002:00009c74       $unwind$??$copy_and_add_argument_to_buffer@D@@YAHQEBD0_KAEAV?$argument_list@D@?A0x5f5c8891@@@Z 000000018001fc74     libucrt:argv_wildcards.obj
 0002:00009c90       $unwind$??$expand_argument_wildcards@D@@YAHQEAD0AEAV?$argument_list@D@?A0x5f5c8891@@@Z 000000018001fc90     libucrt:argv_wildcards.obj
 0002:00009cb4       $unwind$__acrt_GetModuleFileNameA 000000018001fcb4     libucrt:getmodulefilenamea.obj
 0002:00009cd0       $unwind$__dcrt_write_console 000000018001fcd0     libucrt:initcon.obj
 0002:00009cd0       $unwind$??$__acrt_wcs_to_mbs_cp@U__crt_win32_buffer_no_resizing@@@@YAHQEB_WAEAV?$__crt_win32_buffer@DU__crt_win32_buffer_no_resizing@@@@I@Z 000000018001fcd0     libucrt:getmodulefilenamea.obj
 0002:00009ce4       $unwind$_setmbcp_nolock    000000018001fce4     libucrt:mbctype.obj
 0002:00009d04       $unwind$__dcrt_lowio_ensure_console_output_initialized 000000018001fd04     libucrt:initcon.obj
 0002:00009d04       $unwind$_isleadbyte_l      000000018001fd04     libucrt:_wctype.obj
 0002:00009d04       $unwind$?getSystemCP@@YAHH@Z 000000018001fd04     libucrt:mbctype.obj
 0002:00009d0c       $unwind$?update_thread_multibyte_data_internal@@YAPEAU__crt_multibyte_data@@QEAU__acrt_ptd@@QEAPEAU1@@Z 000000018001fd0c     libucrt:mbctype.obj
 0002:00009d34       $unwind$?setmbcp_internal@@YAHH_NQEAU__acrt_ptd@@QEAPEAU__crt_multibyte_data@@@Z 000000018001fd34     libucrt:mbctype.obj
 0002:00009d44       $unwind$?setSBUpLow@@YAXPEAU__crt_multibyte_data@@@Z 000000018001fd44     libucrt:mbctype.obj
 0002:00009d60       $unwind$??$?RV<lambda_efdfa57d1f175319df784efa44bb7b81>@@AEAV<lambda_5f0a4c1567f8adc6734073e5d1e1b35c>@@V<lambda_2e8a7d3640ea6ccb4c2413664c2db6fd>@@@?$__crt_seh_guarded_call@X@@QEAAX$$QEAV<lambda_efdfa57d1f175319df784efa44bb7b81>@@AEAV<lambda_5f0a4c1567f8adc6734073e5d1e1b35c>@@$$QEAV<lambda_2e8a7d3640ea6ccb4c2413664c2db6fd>@@@Z 000000018001fd60     libucrt:mbctype.obj
 0002:00009d84       $unwind$?x_ismbbtype_l@@YAHPEAU__crt_locale_pointers@@IHH@Z 000000018001fd84     libucrt:ismbbyte.obj
 0002:00009d94       $unwind$__acrt_WideCharToMultiByte 000000018001fd94     libucrt:widechartomultibyte.obj
 0002:00009da0       $unwind$__acrt_initialize_winapi_thunks 000000018001fda0     libucrt:winapi_thunks.obj
 0002:00009da8       $unwind$_query_new_handler 000000018001fda8     libucrt:new_handler.obj
 0002:00009dc8       $unwind$raise              000000018001fdc8     libucrt:signal.obj
 0002:00009e04       $unwind$??$?RV<lambda_450d765d439847d4c735a33c368b5fc0>@@AEAV<lambda_44731a7d0e6d81c3e6aa82d741081786>@@V<lambda_601a2a7da3b7a96e9554ac7215c4b07c>@@@?$__crt_seh_guarded_call@P6AXH@Z@@QEAAP6AXH@Z$$QEAV<lambda_450d765d439847d4c735a33c368b5fc0>@@AEAV<lambda_44731a7d0e6d81c3e6aa82d741081786>@@$$QEAV<lambda_601a2a7da3b7a96e9554ac7215c4b07c>@@@Z 000000018001fe04     libucrt:signal.obj
 0002:00009e28       $unwind$?common_flush_all@@YAH_N@Z 000000018001fe28     libucrt:fflush.obj
 0002:00009e30       $unwind$??$?RV<lambda_842d9ff0dc9ef11c61343bbaebe7f885>@@AEAV<lambda_c5860995281e5c4ce005b3de8f5874ee>@@V<lambda_d90129c13df834fdcbf8d2b88dafcf2d>@@@?$__crt_seh_guarded_call@X@@QEAAX$$QEAV<lambda_842d9ff0dc9ef11c61343bbaebe7f885>@@AEAV<lambda_c5860995281e5c4ce005b3de8f5874ee>@@$$QEAV<lambda_d90129c13df834fdcbf8d2b88dafcf2d>@@@Z 000000018001fe30     libucrt:fflush.obj
 0002:00009e54       $unwind$??$?RV<lambda_886d6c58226a84441f68b9f2b8217b83>@@AEAV<lambda_ab61a845afdef5b7c387490eaf3616ee>@@V<lambda_f7f22ab5edc0698d5f6905b0d3f44752>@@@?$__crt_seh_guarded_call@X@@QEAAX$$QEAV<lambda_886d6c58226a84441f68b9f2b8217b83>@@AEAV<lambda_ab61a845afdef5b7c387490eaf3616ee>@@$$QEAV<lambda_f7f22ab5edc0698d5f6905b0d3f44752>@@@Z 000000018001fe54     libucrt:fflush.obj
 0002:00009e7c       $unwind$__acrt_GetStringTypeA 000000018001fe7c     libucrt:getstringtypea.obj
 0002:00009ea4       $unwind$__acrt_update_thread_locale_data 000000018001fea4     libucrt:locale_refcounting.obj
 0002:00009ec8       $unwind$__acrt_locale_free_monetary 000000018001fec8     libucrt:initmon.obj
 0002:00009ed0       $unwind$__acrt_locale_free_time 000000018001fed0     libucrt:inittime.obj
 0002:00009ee0       $unwind$?__mbrtowc_utf8@__crt_mbstring@@YA_KPEA_WPEBD_KPEAU_Mbstatet@@@Z 000000018001fee0     libucrt:mbrtowc.obj
 0002:00009ee8       $unwind$?__mbsrtowcs_utf8@__crt_mbstring@@YA_KPEA_WPEAPEBD_KPEAU_Mbstatet@@@Z 000000018001fee8     libucrt:mbrtowc.obj
 0002:00009f00       $unwind$__acrt_fltout      000000018001ff00     libucrt:cfout.obj
 0002:00009f20       $unwind$?divide@__crt_strtox@@YA_KAEAUbig_integer@1@AEBU21@@Z 000000018001ff20     libucrt:cfout.obj
 0002:00009f38       $chain$0$?divide@__crt_strtox@@YA_KAEAUbig_integer@1@AEBU21@@Z 000000018001ff38     libucrt:cfout.obj
 0002:00009f4c       $chain$1$?divide@__crt_strtox@@YA_KAEAUbig_integer@1@AEBU21@@Z 000000018001ff4c     libucrt:cfout.obj
 0002:00009f5c       $unwind$_fcloseall         000000018001ff5c     libucrt:closeall.obj
 0002:00009f80       $unwind$_free_osfhnd       000000018001ff80     libucrt:osfinfo.obj
 0002:00009f94       $unwind$__acrt_lowio_destroy_handle_array 000000018001ff94     libucrt:osfinfo.obj
 0002:00009fa4       $unwind$__acrt_lowio_ensure_fh_exists 000000018001ffa4     libucrt:osfinfo.obj
 0002:00009fd0       $unwind$qsort              000000018001ffd0     libucrt:qsort.obj
 0002:00009fe8       $chain$4$qsort             000000018001ffe8     libucrt:qsort.obj
 0002:0000a00c       $chain$5$qsort             000000018002000c     libucrt:qsort.obj
 0002:0000a01c       $unwind$strpbrk            000000018002001c     libucrt:strpbrk.obj
 0002:0000a02c       $unwind$fallbackMethod     000000018002002c     libucrt:strpbrk.obj
 0002:0000a03c       $unwind$_mbsdec_l          000000018002003c     libucrt:mbsdec.obj
 0002:0000a048       $unwind$__acrt_LCMapStringA 0000000180020048     libucrt:lcmapstringa.obj
 0002:0000a058       $unwind$?__acrt_LCMapStringA_stat@@YAHPEAU__crt_locale_pointers@@PEB_WKPEBDHPEADHHH@Z 0000000180020058     libucrt:lcmapstringa.obj
 0002:0000a080       $unwind$_close             0000000180020080     libucrt:close.obj
 0002:0000a080       $unwind$_commit            0000000180020080     libucrt:commit.obj
 0002:0000a088       $unwind$??$?RV<lambda_a37b2b86f63e897a80ea819b0eb08c01>@@AEAV<lambda_38ce7e780aa69e748d6df282ebc68efe>@@V<lambda_99fb1378e971ab6e7edea83e3a7a83a2>@@@?$__crt_seh_guarded_call@H@@QEAAH$$QEAV<lambda_a37b2b86f63e897a80ea819b0eb08c01>@@AEAV<lambda_38ce7e780aa69e748d6df282ebc68efe>@@$$QEAV<lambda_99fb1378e971ab6e7edea83e3a7a83a2>@@@Z 0000000180020088     libucrt:commit.obj
 0002:0000a0ac       $unwind$_write             00000001800200ac     libucrt:write.obj
 0002:0000a0dc       $unwind$_write_nolock      00000001800200dc     libucrt:write.obj
 0002:0000a0f4       $unwind$?write_double_translated_ansi_nolock@@YA?AUwrite_result@?A0x17268360@@HQEBDI@Z 00000001800200f4     libucrt:write.obj
 0002:0000a118       $unwind$?write_text_ansi_nolock@@YA?AUwrite_result@?A0x17268360@@HQEBDI@Z 0000000180020118     libucrt:write.obj
 0002:0000a118       $unwind$?write_text_utf16le_nolock@@YA?AUwrite_result@?A0x17268360@@HQEBDI@Z 0000000180020118     libucrt:write.obj
 0002:0000a138       $unwind$?write_text_utf8_nolock@@YA?AUwrite_result@?A0x17268360@@HQEBDI@Z 0000000180020138     libucrt:write.obj
 0002:0000a15c       $unwind$?__mbrtoc32_utf8@__crt_mbstring@@YA_KPEA_UPEBD_KPEAU_Mbstatet@@@Z 000000018002015c     libucrt:mbrtoc32.obj
 0002:0000a178       $xdatasym                  0000000180020178     libucrt:log10.obj
 0002:0000a184       $unwind$__acrt_fenv_set_control 0000000180020184     libucrt:_fenvutils.obj
 0002:0000a194       $unwind$fclose             0000000180020194     libucrt:fclose.obj
 0002:0000a1b8       $unwind$_putwch_nolock     00000001800201b8     libucrt:putwch.obj
 0002:0000a1c0       $unwind$common_control87   00000001800201c0     libucrt:ieee.obj
 0002:0000a1ec       $unwind$_handle_error      00000001800201ec     libucrt:libm_error.obj
 0002:0000a20c       $unwind$__acrt_initialize_fma3 000000018002020c     libucrt:fma3_available.obj
 0002:0000a214       $unwind$_log_special_common 0000000180020214     libucrt:log_special.obj
 0002:0000a220       $unwind$??$?RV<lambda_751a882b2c74d4b022dec766aa51a29a>@@AEAV<lambda_628dfdc04ba53c8bfc02c9951375f3f5>@@V<lambda_f6c7be5f7998530c34de24c7437d6b54>@@@?$__crt_seh_guarded_call@H@@QEAAH$$QEAV<lambda_751a882b2c74d4b022dec766aa51a29a>@@AEAV<lambda_628dfdc04ba53c8bfc02c9951375f3f5>@@$$QEAV<lambda_f6c7be5f7998530c34de24c7437d6b54>@@@Z 0000000180020220     libucrt:close.obj
 0002:0000a248       $xdatasym                  0000000180020248     libucrt:fpsr.obj
 0002:0000a250       $unwind$_raise_exc         0000000180020250     libucrt:fpexcept.obj
 0002:0000a258       $unwind$_raise_exc_ex      0000000180020258     libucrt:fpexcept.obj
 0002:0000a26c       $unwind$_ctrlfp            000000018002026c     libucrt:fpctrl.obj
 0002:0000a294       $unwind$_IsNonwritableInCurrentImage 0000000180020294     LIBCMT:pesect.obj
 0002:0000a2b8       $xdatasym                  00000001800202b8     libvcruntime:memcmp.obj
 0002:0000a2c0       .edata                     00000001800202c0     ConEmuLn.x64.exp
 0002:0000a2e8       rgpv                       00000001800202e8     ConEmuLn.x64.exp
 0002:0000a324       rgszName                   0000000180020324     ConEmuLn.x64.exp
 0002:0000a360       rgwOrd                     0000000180020360     ConEmuLn.x64.exp
 0002:0000a37e       szName                     000000018002037e     ConEmuLn.x64.exp
 0002:0000a38f       $N00001                    000000018002038f     ConEmuLn.x64.exp
 0002:0000a39e       $N00002                    000000018002039e     ConEmuLn.x64.exp
 0002:0000a3ad       $N00003                    00000001800203ad     ConEmuLn.x64.exp
 0002:0000a3b3       $N00004                    00000001800203b3     ConEmuLn.x64.exp
 0002:0000a3bd       $N00005                    00000001800203bd     ConEmuLn.x64.exp
 0002:0000a3c8       $N00006                    00000001800203c8     ConEmuLn.x64.exp
 0002:0000a3d0       $N00007                    00000001800203d0     ConEmuLn.x64.exp
 0002:0000a3d9       $N00008                    00000001800203d9     ConEmuLn.x64.exp
 0002:0000a3e8       $N00009                    00000001800203e8     ConEmuLn.x64.exp
 0002:0000a3f9       $N00010                    00000001800203f9     ConEmuLn.x64.exp
 0002:0000a40b       $N00011                    000000018002040b     ConEmuLn.x64.exp
 0002:0000a419       $N00012                    0000000180020419     ConEmuLn.x64.exp
 0002:0000a424       $N00013                    0000000180020424     ConEmuLn.x64.exp
 0002:0000a430       $N00014                    0000000180020430     ConEmuLn.x64.exp
 0002:0000a43f       $N00015                    000000018002043f     ConEmuLn.x64.exp
 0002:0000a81a       .idata$6                   000000018002081a     version:VERSION.dll
 0002:0000a8bc       .idata$6                   00000001800208bc     kernel32:KERNEL32.dll
 0002:0000a8ee       .idata$6                   00000001800208ee     user32:USER32.dll
 0002:0000a950       .idata$6                   0000000180020950     gdi32:GDI32.dll
 0002:0000a9b0       .idata$6                   00000001800209b0     advapi32:ADVAPI32.dll
 0003:000001f0       ?__vcrt_flsindex@@3KA      00000001800211f0     libvcruntime:per_thread_data.obj
 0003:00000218       ?errno_no_memory@@3HA      0000000180021218     libucrt:errno.obj
 0003:0000021c       ?doserrno_no_memory@@3KA   000000018002121c     libucrt:errno.obj
 0003:00000220       ?__acrt_flsindex@@3KA      0000000180021220     libucrt:per_thread_data.obj
 0003:000006e0       _mbctypes                  00000001800216e0     libucrt:mbctype.obj
 0003:000007f0       _mbcasemaps                00000001800217f0     libucrt:mbctype.obj
 0003:000008f0       ?__rgctypeflag@@3PADA      00000001800218f0     libucrt:mbctype.obj
 0003:00000900       ?__rgcode_page_info@@3PAUcode_page_info@@A 0000000180021900     libucrt:mbctype.obj
 0003:00000ba0       ?dazSupported@?1??common_control87@@9@9 0000000180021ba0     libucrt:ieee.obj
 0003:00000bb0       ?__dcrt_lowio_console_output_handle@@3PEAXEA 0000000180021bb0     libucrt:initcon.obj
 0003:00000bc0       ?dazSupported@?1??_ctrlfp@@9@9 0000000180021bc0     libucrt:fpctrl.obj
 0003:00000c00       ?gfRegisterBackground@@3P6AHPEAURegisterBackgroundArg@@@ZEA 0000000180021c00     ConEmuLn.obj
 0003:00000c08       ?bWasRegistered@?1??StartPlugin@@YAXH@Z@4_NA 0000000180021c08     ConEmuLn.obj
 0003:00000c20       ?szMenu@?1??GetPluginInfoW1900@@YAXPEAX@Z@4PAPEA_WA 0000000180021c20     ConEmuLn1900.obj
 0003:00000c30       ?szMenu1@?1??GetPluginInfoW1900@@YAXPEAX@Z@4PA_WA 0000000180021c30     ConEmuLn1900.obj
 0003:00000e40       ?szMenu@?1??GetPluginInfoW2800@@YAXPEAX@Z@4PAPEA_WA 0000000180021e40     ConEmuLn2800.obj
 0003:00000e50       ?szMenu1@?1??GetPluginInfoW2800@@YAXPEAX@Z@4PA_WA 0000000180021e50     ConEmuLn2800.obj
 0003:00001060       ?gszRootKeyW995@@3PEA_WEA  0000000180022060     ConEmuLn995.obj
 0003:00001068       ?szMenu@?1??GetPluginInfoW995@@YAXPEAX@Z@4PAPEA_WA 0000000180022068     ConEmuLn995.obj
 0003:00001070       ?szMenu1@?1??GetPluginInfoW995@@YAXPEAX@Z@4PA_WA 0000000180022070     ConEmuLn995.obj
 0003:00001280       ?gszRootKeyA@@3PEA_WEA     0000000180022280     ConEmuLnA.obj
 0003:00001288       ?szMenu@?1??GetPluginInfo@@9@4PAPEADA 0000000180022288     ConEmuLnA.obj
 0003:00001290       ?szMenu1@?1??GetPluginInfo@@9@4PADA 0000000180022290     ConEmuLnA.obj
 0003:000013a0       ?gHeapInit@?A0x333b15f0@@3U?$atomic@H@std@@A 00000001800223a0     common-kernel64:Memory.obj
 0003:000013a4       ?gHeapCounter@?A0x333b15f0@@3U?$atomic@H@std@@A 00000001800223a4     common-kernel64:Memory.obj
 0003:000013a8       ?ghHeap@?A0x333b15f0@@3PEAXEA 00000001800223a8     common-kernel64:Memory.obj
 0003:000013b0       ?__proc_attached@@3HA      00000001800223b0     LIBCMT:dll_dllmain.obj
 0003:000013c0       GS_ExceptionRecord         00000001800223c0     LIBCMT:gs_report.obj
 0003:00001460       GS_ContextRecord           0000000180022460     LIBCMT:gs_report.obj
 0003:00001958       ?is_initialized_as_dll@@3_NA 0000000180022958     LIBCMT:utility.obj
 0003:00001959       ?module_local_atexit_table_initialized@@3_NA 0000000180022959     LIBCMT:utility.obj
 0003:00001960       ?module_local_atexit_table@@3U_onexit_table_t@@A 0000000180022960     LIBCMT:utility.obj
 0003:00001978       ?module_local_at_quick_exit_table@@3U_onexit_table_t@@A 0000000180022978     LIBCMT:utility.obj
 0003:000019f0       ?heap@@3V_HeapManager@@A   00000001800229f0     libvcruntime:undname.obj
 0003:00001a20       ?__vcrt_startup_thread_ptd@@3U__vcrt_ptd@@A 0000000180022a20     libvcruntime:per_thread_data.obj
 0003:00001aa0       __vcrt_lock_table          0000000180022aa0     libvcruntime:locks.obj
 0003:00001ac8       __vcrt_locks_initialized   0000000180022ac8     libvcruntime:locks.obj
 0003:00001ad0       ?module_handles@@3PAPEAUHINSTANCE__@@A 0000000180022ad0     libvcruntime:winapi_downlevel.obj
 0003:00001ae8       ?function_pointers@@3PAPEAXA 0000000180022ae8     libvcruntime:winapi_downlevel.obj
 0003:00001b18       ?__acrt_invalid_parameter_handler@@3V?$dual_state_global@P6AXPEB_W00I_K@Z@__crt_state_management@@A 0000000180022b18     libucrt:invalid_parameter.obj
 0003:00001b20       ?c_termination_complete@@3JA 0000000180022b20     libucrt:exit.obj
 0003:00001b28       ?thread_local_exit_callback_func@@3P6AXPEAXK0@ZEA 0000000180022b28     libucrt:exit.obj
 0003:00001b40       ?program_name@?1???$common_configure_argv@D@@YAHW4_crt_argv_mode@@@Z@4PADA 0000000180022b40     libucrt:argv_parsing.obj
 0003:00001ca8       ?internal_state@?1??_mbtowc_l@@9@4U_Mbstatet@@A 0000000180022ca8     libucrt:mbtowc.obj
 0003:00001cc0       ?enable_percent_n@@3_KA    0000000180022cc0     libucrt:printf_count_output.obj
 0003:000020f0       ?__acrt_lock_table@@3PAU_RTL_CRITICAL_SECTION@@A 00000001800230f0     libucrt:locks.obj
 0003:00002320       ?__acrt_locks_initialized@@3IA 0000000180023320     libucrt:locks.obj
 0003:00002340       ?fSystemSet@@3HA           0000000180023340     libucrt:mbctype.obj
 0003:00002344       ?initialized@?1??__acrt_initialize_multibyte@@9@4_NA 0000000180023344     libucrt:mbctype.obj
 0003:00002380       ?module_handles@@3PAPEAUHINSTANCE__@@A 0000000180023380     libucrt:winapi_thunks.obj
 0003:00002420       ?encoded_function_pointers@@3PAPEAXA 0000000180023420     libucrt:winapi_thunks.obj
 0003:00002538       ?__acrt_new_handler@@3V?$dual_state_global@P6AH_K@Z@__crt_state_management@@A 0000000180023538     libucrt:new_handler.obj
 0003:00002540       ?ctrlc_action@@3V?$dual_state_global@P6AXH@Z@__crt_state_management@@A 0000000180023540     libucrt:signal.obj
 0003:00002548       ?ctrlbreak_action@@3V?$dual_state_global@P6AXH@Z@__crt_state_management@@A 0000000180023548     libucrt:signal.obj
 0003:00002550       ?abort_action@@3V?$dual_state_global@P6AXH@Z@__crt_state_management@@A 0000000180023550     libucrt:signal.obj
 0003:00002558       ?term_action@@3V?$dual_state_global@P6AXH@Z@__crt_state_management@@A 0000000180023558     libucrt:signal.obj
 0003:00002560       ?user_matherr@@3V?$dual_state_global@P6AHPEAU_exception@@@Z@__crt_state_management@@A 0000000180023560     libucrt:matherr.obj
 0003:00002570       ?__acrt_global_new_mode@@3V?$dual_state_global@J@__crt_state_management@@A 0000000180023570     libucrt:new_mode.obj
 0003:00002578       ?internal_pst@?1??__mbrtoc32_utf8@__crt_mbstring@@YA_KPEA_UPEBD_KPEAU_Mbstatet@@@Z@4U3@A 0000000180023578     libucrt:mbrtoc32.obj
 0003:00002580       ?__acrt_app_type@@3W4_crt_app_type@@A 0000000180023580     libucrt:report_runtime_error.obj
 0005:00000000       MoveSmall                  0000000180026000     libvcruntime:memcpy.obj
 0005:00000080       MsetTab                    0000000180026080     libvcruntime:memset.obj
 0006:000000a0       $R000000                   00000001800270a0     ConEmuLn.res
 0006:000003c0       $R000320                   00000001800273c0     ConEmuLn.res
