 ConEmu

 Timestamp is 60d8de78 (Sun Jun 27 22:24:24 2021)

 Preferred load address is 10000000

 Start         Length     Name                   Class
 0001:00000000 00000010H .text$di                CODE
 0001:00000010 00028925H .text$mn                CODE
 0001:00028935 0000055eH .text$x                 CODE
 0001:00028e93 0000000aH .text$yd                CODE
 0002:00000000 00000338H .idata$5                DATA
 0002:00000338 00000004H .00cfg                  DATA
 0002:0000033c 00000004H .CRT$XCA                DATA
 0002:00000340 00000004H .CRT$XCU                DATA
 0002:00000344 00000004H .CRT$XCZ                DATA
 0002:00000348 00000004H .CRT$XIA                DATA
 0002:0000034c 00000010H .CRT$XIC                DATA
 0002:0000035c 00000004H .CRT$XIZ                DATA
 0002:00000360 00000004H .CRT$XLA                DATA
 0002:00000364 00000004H .CRT$XLZ                DATA
 0002:00000368 00000004H .CRT$XPA                DATA
 0002:0000036c 00000008H .CRT$XPX                DATA
 0002:00000374 00000004H .CRT$XPXA               DATA
 0002:00000378 00000004H .CRT$XPZ                DATA
 0002:0000037c 00000004H .CRT$XTA                DATA
 0002:00000380 00000010H .CRT$XTZ                DATA
 0002:00000384 00000000H .gfids$x                DATA
 0002:00000384 00000000H .gfids$y                DATA
 0002:00000390 000096d8H .rdata                  DATA
 0002:00009a68 00000018H .rdata$T                DATA
 0002:00009a80 000005b0H .rdata$r                DATA
 0002:0000a030 00000088H .rdata$sxdata           DATA
 0002:0000a0b8 000003b0H .rdata$zzzdbg           DATA
 0002:0000a468 00000004H .rtc$IAA                DATA
 0002:0000a46c 00000004H .rtc$IZZ                DATA
 0002:0000a470 00000004H .rtc$TAA                DATA
 0002:0000a474 00000004H .rtc$TZZ                DATA
 0002:0000a478 00000004H .tls                    DATA
 0002:0000a47c 00000004H .tls$                   DATA
 0002:0000a480 00000008H .tls$ZZZ                DATA
 0002:0000a488 00000b88H .xdata$x                DATA
 0002:0000b010 000002e0H .edata                  DATA
 0002:0000b2f0 00000064H .idata$2                DATA
 0002:0000b354 00000014H .idata$3                DATA
 0002:0000b368 00000338H .idata$4                DATA
 0002:0000b6a0 00000e9eH .idata$6                DATA
 0003:00000000 00000988H .data                   DATA
 0003:00000988 00000388H .data$r                 DATA
 0003:00000d10 0000a248H .bss                    DATA
 0004:00000000 000000a0H .rsrc$01                DATA
 0004:000000a0 00000488H .rsrc$02                DATA

  Address         Publics by Value              Rva+Base       Lib:Object

 0000:00000000       ___guard_fids_count        00000000     <absolute>
 0000:00000000       ___hybrid_code_map_count   00000000     <absolute>
 0000:00000000       ___guard_iat_count         00000000     <absolute>
 0000:00000000       ___dynamic_value_reloc_table 00000000     <absolute>
 0000:00000000       ___guard_longjmp_count     00000000     <absolute>
 0000:00000000       __except_list              00000000     <absolute>
 0000:00000000       ___guard_fids_table        00000000     <absolute>
 0000:00000000       ___guard_longjmp_table     00000000     <absolute>
 0000:00000000       ___guard_iat_table         00000000     <absolute>
 0000:00000000       ___hybrid_auxiliary_iat    00000000     <absolute>
 0000:00000000       ___volatile_metadata       00000000     <absolute>
 0000:00000000       ___enclave_config          00000000     <absolute>
 0000:00000000       ___hybrid_code_map         00000000     <absolute>
 0000:00000022       ___safe_se_handler_count   00000022     <absolute>
 0000:0000002c       __tls_array                0000002c     <absolute>
 0000:00000100       ___guard_flags             00000100     <absolute>
 0000:00000000       ___ImageBase               10000000     <linker-defined>
 0001:00000010       ??$swprintf_c@$0EA@@@YAHAAY0EA@_WPB_WZZ 10001010 f i ConEmuInjects.obj
 0001:00000026       ??$swprintf_c@$0IA@@@YAHAAY0IA@_WPB_WZZ 10001026 f i ConEmuInjects.obj
 0001:0000003f       ??$swprintf_c@$0PP@@@YAHAAY0PP@_WPB_WZZ 1000103f f i ConEmuInjects.obj
 0001:00000058       ?ShutdownHooks@@YAXXZ      10001058 f   ConEmuInjects.obj
 0001:00000189       ?StartupConsoleHooks@@YAXXZ 10001189 f   ConEmuInjects.obj
 0001:000001f2       ?StartupHooks@@YA_NPAUHINSTANCE__@@@Z 100011f2 f   ConEmuInjects.obj
 0001:000004c3       ?StringCchVPrintfW@@YGJPA_WIPB_WPAD@Z 100014c3 f i ConEmuInjects.obj
 0001:0000051a       ___local_stdio_printf_options 1000151a f i ConEmuInjects.obj
 0001:00000520       __vsnwprintf_l             10001520 f i ConEmuInjects.obj
 0001:00000552       ?ProcessSynchroEventW3@@YGHPAX@Z 10001552 f   ConEmuPlugin.obj
 0001:00000562       ?ProcessEditorEventW3@@YGHPAX@Z 10001562 f   ConEmuPlugin.obj
 0001:00000572       ?ProcessViewerEventW3@@YGHPAX@Z 10001572 f   ConEmuPlugin.obj
 0001:00000582       ?ExitFARW3@@YGXPAX@Z       10001582 f   ConEmuPlugin.obj
 0001:000005c4       _ExitFARW@0                100015c4 f   ConEmuPlugin.obj
 0001:00000604       ?ProcessEditorEvent@@YGHHPAX@Z 10001604 f   ConEmuPlugin.obj
 0001:00000604       _ProcessEditorEventW@8     10001604 f   ConEmuPlugin.obj
 0001:0000061c       _ProcessSynchroEventW@8    1000161c f   ConEmuPlugin.obj
 0001:00000635       _ProcessViewerEventW@8     10001635 f   ConEmuPlugin.obj
 0001:00000635       ?ProcessViewerEvent@@YGHHPAX@Z 10001635 f   ConEmuPlugin.obj
 0001:0000064d       ?ActivateConsole@@YGHXZ    1000164d f   ConEmuPlugin.obj
 0001:000007f9       ?ExitFAR@@YGXXZ            100017f9 f   ConEmuPlugin.obj
 0001:00000839       ?GetFarHWND2@@YGPAUHWND__@@H@Z 10001839 f   ConEmuPlugin.obj
 0001:0000089a       ?GetFarHWND@@YGPAUHWND__@@XZ 1000189a f   ConEmuPlugin.obj
 0001:000008a2       ?GetFarVersion@@YGXPAUFarVersion@@@Z 100018a2 f   ConEmuPlugin.obj
 0001:000008bc       ?GetMinFarVersion@@YGHXZ   100018bc f   ConEmuPlugin.obj
 0001:000008da       ?GetPluginInfo@@YGXPAX@Z   100018da f   ConEmuPlugin.obj
 0001:0000090e       ?GetPluginInfoW@@YGXPAX@Z  1000190e f   ConEmuPlugin.obj
 0001:0000091e       ?IsConsoleActive@@YGHXZ    1000191e f   ConEmuPlugin.obj
 0001:0000095d       ?IsTerminalMode@@YGHXZ     1000195d f   ConEmuPlugin.obj
 0001:00000963       ?OpenPlugin@@YGPAXHH@Z     10001963 f   ConEmuPlugin.obj
 0001:0000097e       ?OpenW@@YGPAXPBX@Z         1000197e f   ConEmuPlugin.obj
 0001:0000098e       ?ProcessEditorInput@@YGHPBU_INPUT_RECORD@@@Z 1000198e f   ConEmuPlugin.obj
 0001:000009a6       ?RegisterBackground@@YGHPAURegisterBackgroundArg@@@Z 100019a6 f   ConEmuPlugin.obj
 0001:00000a15       ?RegisterPanelView@@YGHPAUPanelViewInit@@@Z 10001a15 f   ConEmuPlugin.obj
 0001:00000b45       ?SetStartupInfo@@YGXPAX@Z  10001b45 f   ConEmuPlugin.obj
 0001:00000b8b       ?SetupExportsFar3@@YAXXZ   10001b8b f   ConEmuPlugin.obj
 0001:00000b9e       ?SyncExecute@@YGHPAUHINSTANCE__@@P6GXJ@ZJ@Z 10001b9e f   ConEmuPlugin.obj
 0001:00000bdc       _DllMain@12                10001bdc f   ConEmuPlugin.obj
 0001:00000c03       _GetMinFarVersionW@0       10001c03 f   ConEmuPlugin.obj
 0001:00000c09       _OpenPluginW@8             10001c09 f   ConEmuPlugin.obj
 0001:00000c36       _ProcessEditorInputW@4     10001c36 f   ConEmuPlugin.obj
 0001:00000c46       _SetStartupInfoW@4         10001c46 f   ConEmuPlugin.obj
 0001:00000c68       ??0CPluginW1900@@QAE@XZ    10001c68 f   ConEmuPlugin1900.obj
 0001:00000df1       ??_GCPluginW1900@@UAEPAXI@Z 10001df1 f i ConEmuPlugin1900.obj
 0001:00000df1       ??_ECPluginW1900@@UAEPAXI@Z 10001df1 f i ConEmuPlugin1900.obj
 0001:0000116e       ?CheckPanelExist@CPluginW1900@@UAE_NXZ 1000216e f   ConEmuPlugin1900.obj
 0001:00001191       ?Color2BgIndex@Far3Color@@SAXKHAAGPBK@Z 10002191 f i ConEmuPlugin1900.obj
 0001:00001263       ?Color2FgIndex@Far3Color@@SAXKAAGPBK@Z 10002263 f i ConEmuPlugin1900.obj
 0001:0000131b       ?ExecuteSynchroApi@CPluginW1900@@UAE_NXZ 1000231b f   ConEmuPlugin1900.obj
 0001:0000133e       ?ExitFar@CPluginW1900@@UAEXXZ 1000233e f   ConEmuPlugin1900.obj
 0001:000013a5       ?FarColor_3_2@@YAEABUFarColor@@_N@Z 100023a5 f i ConEmuPlugin1900.obj
 0001:00001450       ?GetActiveWindowType@CPluginW1900@@UAEHXZ 10002450 f   ConEmuPlugin1900.obj
 0001:000014c9       ?GetEditorModifiedState@CPluginW1900@@UAEKXZ 100024c9 f   ConEmuPlugin1900.obj
 0001:00001505       ?GetFarRect@CPluginW1900@@UAE_NAAU_SMALL_RECT@@@Z 10002505 f   ConEmuPlugin1900.obj
 0001:00001592       ?GetMacroArea@CPluginW1900@@UAEHXZ 10002592 f   ConEmuPlugin1900.obj
 0001:000015a6       ?GetMsg@CPluginW1900@@UAEPB_WHPA_WI@Z 100025a6 f   ConEmuPlugin1900.obj
 0001:000015ec       ?GetPanelDir@CPluginW1900@@UAEPA_WKPA_WH@Z 100025ec f   ConEmuPlugin1900.obj
 0001:000016f1       ?GetPanelInfo@CPluginW1900@@UAE_NKPAUCEPanelInfo@@@Z 100026f1 f   ConEmuPlugin1900.obj
 0001:00001958       ?GetPanelItemInfo@CPluginW1900@@UAE_NABUCEPanelInfo@@_NHAAU_WIN32_FIND_DATAW@@PAPA_W@Z 10002958 f   ConEmuPlugin1900.obj
 0001:00001ab2       ?GetPluginInfoPtr@CPluginW1900@@UAEXPAX@Z 10002ab2 f   ConEmuPlugin1900.obj
 0001:00001afb       ?GetStdIndex@Far3Color@@SAHKPBK@Z 10002afb f i ConEmuPlugin1900.obj
 0001:00001b20       ?GetWindowCount@CPluginW1900@@UAEHXZ 10002b20 f   ConEmuPlugin1900.obj
 0001:00001b41       ?GetWindowTypeName@CPluginW995@@UAEPB_WH@Z 10002b41 f   ConEmuPlugin995.obj
 0001:00001b41       ?GetWindowTypeName@CPluginW2800@@UAEPB_WH@Z 10002b41 f   ConEmuPlugin2800.obj
 0001:00001b41       ?GetWindowTypeName@CPluginAnsi@@UAEPB_WH@Z 10002b41 f   ConEmuPluginA.obj
 0001:00001b41       ?GetWindowTypeName@CPluginW1900@@UAEPB_WH@Z 10002b41 f   ConEmuPlugin1900.obj
 0001:00001b98       ?GuiMacroDlg@CPluginW1900@@UAEXXZ 10002b98 f   ConEmuPlugin1900.obj
 0001:00001b9d       ?InputBox@CPluginW1900@@UAE_NPB_W000AAPA_W@Z 10002b9d f   ConEmuPlugin1900.obj
 0001:00001c27       ?IsMacroActive@CPluginW1900@@UAE_NXZ 10002c27 f   ConEmuPlugin1900.obj
 0001:00001c51       ?LoadFarColors@CPluginW1900@@UAEXAAY0BAA@E@Z 10002c51 f   ConEmuPlugin1900.obj
 0001:00001da8       ?LoadFarSettings@CPluginW1900@@UAEXPAUCEFarInterfaceSettings@@PAUCEFarPanelSettings@@@Z 10002da8 f   ConEmuPlugin1900.obj
 0001:00001eb6       ?Open@CPluginW1900@@UAEPAXPBX@Z 10002eb6 f   ConEmuPlugin1900.obj
 0001:00001f82       ?OpenEditor@CPluginW1900@@UAE_NPB_W_N11HH@Z 10002f82 f   ConEmuPlugin1900.obj
 0001:00002023       ?PanelControlApi@CPluginW1900@@UAEHPAXHH0@Z 10003023 f   ConEmuPlugin1900.obj
 0001:00002040       ?PostMacroApi@CPluginW1900@@UAEXPB_WPAU_INPUT_RECORD@@_N@Z 10003040 f   ConEmuPlugin1900.obj
 0001:00002529       ?ProcessEditorEventPtr@CPluginW1900@@UAEHPAX@Z 10003529 f   ConEmuPlugin1900.obj
 0001:00002529       ?ProcessEditorEventPtr@CPluginW2800@@UAEHPAX@Z 10003529 f   ConEmuPlugin2800.obj
 0001:0000253d       ?ProcessEditorInputPtr@CPluginW1900@@UAEHPBX@Z 1000353d f   ConEmuPlugin1900.obj
 0001:0000255b       ?ProcessSynchroEventPtr@CPluginW2800@@UAEHPAX@Z 1000355b f   ConEmuPlugin2800.obj
 0001:0000255b       ?ProcessSynchroEventPtr@CPluginW1900@@UAEHPAX@Z 1000355b f   ConEmuPlugin1900.obj
 0001:00002577       ?ProcessViewerEventPtr@CPluginW1900@@UAEHPAX@Z 10003577 f   ConEmuPlugin1900.obj
 0001:00002577       ?ProcessViewerEventPtr@CPluginW2800@@UAEHPAX@Z 10003577 f   ConEmuPlugin2800.obj
 0001:0000258b       ?RedrawAll@CPluginW1900@@UAEXXZ 1000358b f   ConEmuPlugin1900.obj
 0001:000025ac       ?SetStartupInfoPtr@CPluginW1900@@UAEXPAX@Z 100035ac f   ConEmuPlugin1900.obj
 0001:000026af       ?SetWindow@CPluginW1900@@UAEXH@Z 100036af f   ConEmuPlugin1900.obj
 0001:000026ea       ?ShowMessage@CPluginW1900@@UAEHPB_WH_N@Z 100036ea f   ConEmuPlugin1900.obj
 0001:0000274f       ?ShowPluginMenu@CPluginW1900@@UAEHPAUConEmuPluginMenuItem@@HH@Z 1000374f f   ConEmuPlugin1900.obj
 0001:0000288f       ?ShowUserScreen@CPluginW1900@@UAEX_N@Z 1000388f f   ConEmuPlugin1900.obj
 0001:000028b4       ?ShutdownPluginStep@CPluginBase@@SAXPB_WHHHH@Z 100038b4 f   ConEmuPluginBase.obj
 0001:000028b4       ?StopWaitEndSynchro@CPluginW1900@@UAEXXZ 100038b4 f   ConEmuPlugin1900.obj
 0001:000028b4       @_guard_check_icall_nop@4  100038b4 f   LIBCMT:guard_support.obj
 0001:000028b4       ?StopWaitEndSynchro@CPluginW2800@@UAEXXZ 100038b4 f   ConEmuPlugin2800.obj
 0001:000028b4       ?PlugServerInit@@YAXXZ     100038b4 f   PluginSrv.obj
 0001:000028b4       ?WaitEndSynchro@CPluginW1900@@UAEXXZ 100038b4 f   ConEmuPlugin1900.obj
 0001:000028b4       ?StopWaitEndSynchro@CPluginAnsi@@UAEXXZ 100038b4 f   ConEmuPluginA.obj
 0001:000028b4       ?_Doraise@exception@stdext@@MBEXXZ 100038b4 f   common-kernel32:CEStr.obj
 0001:000028b4       ?WaitEndSynchro@CPluginAnsi@@UAEXXZ 100038b4 f   ConEmuPluginA.obj
 0001:000028b4       ?WaitEndSynchro@CPluginW2800@@UAEXXZ 100038b4 f   ConEmuPlugin2800.obj
 0001:000028b5       ?UpdateConEmuTabsApi@CPluginW1900@@UAE_NH@Z 100038b5 f   ConEmuPlugin1900.obj
 0001:00002d0a       ??$_Emplace_reallocate@ABUWindowInfo@@@?$vector@UWindowInfo@@V?$MArrayAllocator@UWindowInfo@@@@@std@@QAEPAUWindowInfo@@QAU2@ABU2@@Z 10003d0a f i ConEmuPlugin2800.obj
 0001:00002dc7       ??$_Fill_unchecked1@PAUWindowInfo@@U1@@std@@YAXPAUWindowInfo@@0ABU1@U?$integral_constant@_N$0A@@0@@Z 10003dc7 f i ConEmuPlugin2800.obj
 0001:00002dea       ??$_Uninit_alloc_fill_n1@PAUWindowInfo@@IV?$MArrayAllocator@UWindowInfo@@@@@std@@YAPAUWindowInfo@@QAU1@IABU1@AAV?$MArrayAllocator@UWindowInfo@@@@U?$integral_constant@_N$0A@@0@@Z 10003dea f i ConEmuPlugin2800.obj
 0001:00002e0f       ??$_Uninitialized_fill_n@PAUWindowInfo@@IV?$MArrayAllocator@UWindowInfo@@@@@std@@YAPAUWindowInfo@@QAU1@IABU1@AAV?$MArrayAllocator@UWindowInfo@@@@@Z 10003e0f f i ConEmuPlugin2800.obj
 0001:00002e30       ??$emplace_back@ABUWindowInfo@@@?$vector@UWindowInfo@@V?$MArrayAllocator@UWindowInfo@@@@@std@@QAEXABUWindowInfo@@@Z 10003e30 f i ConEmuPlugin2800.obj
 0001:00002e5e       ??0CPluginW2800@@QAE@XZ    10003e5e f   ConEmuPlugin2800.obj
 0001:00002fe7       ??0bad_alloc@std@@QAE@ABV01@@Z 10003fe7 f i ConEmuPlugin2800.obj
 0001:00003002       ??0bad_alloc@std@@QAE@XZ   10004002 f i ConEmuPlugin2800.obj
 0001:0000301a       ??0exception@std@@QAE@ABV01@@Z 1000401a f i ConEmuPlugin2800.obj
 0001:00003046       ??1?$MArray@UWindowInfo@@@@QAE@XZ 10004046 f i ConEmuPlugin2800.obj
 0001:0000307e       ??1bad_function_call@std@@UAE@XZ 1000407e f i libcpmt:xthrow.obj
 0001:0000307e       ??1bad_exception@std@@UAE@XZ 1000407e f i libvcruntime:frame.obj
 0001:0000307e       ??1bad_alloc@std@@UAE@XZ   1000407e f i ConEmuPlugin2800.obj
 0001:0000307e       ??1length_error@std@@UAE@XZ 1000407e f i libcpmt:xthrow.obj
 0001:0000308f       ??_ECPluginW2800@@UAEPAXI@Z 1000408f f i ConEmuPlugin2800.obj
 0001:0000308f       ??_GCPluginW2800@@UAEPAXI@Z 1000408f f i ConEmuPlugin2800.obj
 0001:000030ba       ??_Glength_error@std@@UAEPAXI@Z 100040ba f i libcpmt:xthrow.obj
 0001:000030ba       ??_Eexception@std@@UAEPAXI@Z 100040ba f i ConEmuPlugin2800.obj
 0001:000030ba       ??_Ebad_exception@std@@UAEPAXI@Z 100040ba f i libvcruntime:frame.obj
 0001:000030ba       ??_Gbad_function_call@std@@UAEPAXI@Z 100040ba f i libcpmt:xthrow.obj
 0001:000030ba       ??_Gexception@std@@UAEPAXI@Z 100040ba f i ConEmuPlugin2800.obj
 0001:000030ba       ??_Glogic_error@std@@UAEPAXI@Z 100040ba f i libcpmt:xthrow.obj
 0001:000030ba       ??_Gbad_alloc@std@@UAEPAXI@Z 100040ba f i ConEmuPlugin2800.obj
 0001:000030ba       ??_Elength_error@std@@UAEPAXI@Z 100040ba f i libcpmt:xthrow.obj
 0001:000030ba       ??_Elogic_error@std@@UAEPAXI@Z 100040ba f i libcpmt:xthrow.obj
 0001:000030ba       ??_Gbad_exception@std@@UAEPAXI@Z 100040ba f i libvcruntime:frame.obj
 0001:000030ba       ??_Ebad_function_call@std@@UAEPAXI@Z 100040ba f i libcpmt:xthrow.obj
 0001:000030ba       ??_Ebad_alloc@std@@UAEPAXI@Z 100040ba f i ConEmuPlugin2800.obj
 0001:00003450       ?CheckPanelExist@CPluginW2800@@UAE_NXZ 10004450 f   ConEmuPlugin2800.obj
 0001:00003473       ?ExecuteSynchroApi@CPluginW2800@@UAE_NXZ 10004473 f   ConEmuPlugin2800.obj
 0001:00003496       ?ExitFar@CPluginW2800@@UAEXXZ 10004496 f   ConEmuPlugin2800.obj
 0001:00003510       ?GetActiveWindowType@CPluginW2800@@UAEHXZ 10004510 f   ConEmuPlugin2800.obj
 0001:0000358f       ?GetEditorModifiedState@CPluginW2800@@UAEKXZ 1000458f f   ConEmuPlugin2800.obj
 0001:000035cb       ?GetFarRect@CPluginW2800@@UAE_NAAU_SMALL_RECT@@@Z 100045cb f   ConEmuPlugin2800.obj
 0001:0000365b       ?GetMacroArea@CPluginW2800@@UAEHXZ 1000465b f   ConEmuPlugin2800.obj
 0001:0000366f       ?GetMsg@CPluginW2800@@UAEPB_WHPA_WI@Z 1000466f f   ConEmuPlugin2800.obj
 0001:000036b5       ?GetPanelDir@CPluginW2800@@UAEPA_WKPA_WH@Z 100046b5 f   ConEmuPlugin2800.obj
 0001:000037ba       ?GetPanelInfo@CPluginW2800@@UAE_NKPAUCEPanelInfo@@@Z 100047ba f   ConEmuPlugin2800.obj
 0001:00003a21       ?GetPanelItemInfo@CPluginW2800@@UAE_NABUCEPanelInfo@@_NHAAU_WIN32_FIND_DATAW@@PAPA_W@Z 10004a21 f   ConEmuPlugin2800.obj
 0001:00003b84       ?GetPluginInfoPtr@CPluginW2800@@UAEXPAX@Z 10004b84 f   ConEmuPlugin2800.obj
 0001:00003bcd       ?GetWindowCount@CPluginW2800@@UAEHXZ 10004bcd f   ConEmuPlugin2800.obj
 0001:00003bee       ?GuiMacroDlg@CPluginW2800@@UAEXXZ 10004bee f   ConEmuPlugin2800.obj
 0001:00003bf3       ?InputBox@CPluginW2800@@UAE_NPB_W000AAPA_W@Z 10004bf3 f   ConEmuPlugin2800.obj
 0001:00003c7d       ?IsMacroActive@CPluginW2800@@UAE_NXZ 10004c7d f   ConEmuPlugin2800.obj
 0001:00003ca7       ?LoadFarColors@CPluginW2800@@UAEXAAY0BAA@E@Z 10004ca7 f   ConEmuPlugin2800.obj
 0001:00003dfe       ?LoadFarSettings@CPluginW2800@@UAEXPAUCEFarInterfaceSettings@@PAUCEFarPanelSettings@@@Z 10004dfe f   ConEmuPlugin2800.obj
 0001:00003f06       ?Open@CPluginW2800@@UAEPAXPBX@Z 10004f06 f   ConEmuPlugin2800.obj
 0001:0000404d       ?OpenEditor@CPluginW2800@@UAE_NPB_W_N11HH@Z 1000504d f   ConEmuPlugin2800.obj
 0001:000040ee       ?PanelControlApi@CPluginW2800@@UAEHPAXHH0@Z 100050ee f   ConEmuPlugin2800.obj
 0001:0000410b       ?PostMacroApi@CPluginW2800@@UAEXPB_WPAU_INPUT_RECORD@@_N@Z 1000510b f   ConEmuPlugin2800.obj
 0001:0000439e       ?ProcessEditorInputPtr@CPluginW2800@@UAEHPBX@Z 1000539e f   ConEmuPlugin2800.obj
 0001:000043bc       ?RedrawAll@CPluginW2800@@UAEXXZ 100053bc f   ConEmuPlugin2800.obj
 0001:000043dd       ?SetStartupInfoPtr@CPluginW2800@@UAEXPAX@Z 100053dd f   ConEmuPlugin2800.obj
 0001:000044e0       ?SetWindow@CPluginW2800@@UAEXH@Z 100054e0 f   ConEmuPlugin2800.obj
 0001:000045c2       ?ShowMessage@CPluginW2800@@UAEHPB_WH_N@Z 100055c2 f   ConEmuPlugin2800.obj
 0001:00004627       ?ShowPluginMenu@CPluginW2800@@UAEHPAUConEmuPluginMenuItem@@HH@Z 10005627 f   ConEmuPlugin2800.obj
 0001:00004767       ?ShowUserScreen@CPluginW2800@@UAEX_N@Z 10005767 f   ConEmuPlugin2800.obj
 0001:0000478c       ?UpdateConEmuTabsApi@CPluginW2800@@UAE_NH@Z 1000578c f   ConEmuPlugin2800.obj
 0001:00004dda       ?_Calculate_growth@?$vector@UWindowInfo@@V?$MArrayAllocator@UWindowInfo@@@@@std@@ABEII@Z 10005dda f i ConEmuPlugin2800.obj
 0001:00004e05       ?_Change_array@?$vector@UWindowInfo@@V?$MArrayAllocator@UWindowInfo@@@@@std@@AAEXQAUWindowInfo@@II@Z 10005e05 f i ConEmuPlugin2800.obj
 0001:00004e34       ?_Tidy@?$vector@UWindowInfo@@V?$MArrayAllocator@UWindowInfo@@@@@std@@AAEXXZ 10005e34 f i ConEmuPlugin2800.obj
 0001:00004e50       ?_Xlength@?$vector@UtagPROCESSENTRY32W@@V?$MArrayAllocator@UtagPROCESSENTRY32W@@@@@std@@CAXXZ 10005e50 f i common-kernel32:MProcess.obj
 0001:00004e50       ?_Xlength@?$vector@UWindowInfo@@V?$MArrayAllocator@UWindowInfo@@@@@std@@CAXXZ 10005e50 f i ConEmuPlugin2800.obj
 0001:00004e5b       ?allocate@?$MArrayAllocator@UWindowInfo@@@@QAEPAUWindowInfo@@I@Z 10005e5b f i ConEmuPlugin2800.obj
 0001:00004e8b       ?erase@?$MArray@UWindowInfo@@@@QAEXHH@Z 10005e8b f i ConEmuPlugin2800.obj
 0001:00004ed6       ?erase@?$vector@UWindowInfo@@V?$MArrayAllocator@UWindowInfo@@@@@std@@QAE?AV?$_Vector_iterator@V?$_Vector_val@U?$_Simple_types@UWindowInfo@@@std@@@std@@@2@V?$_Vector_const_iterator@V?$_Vector_val@U?$_Simple_types@UWindowInfo@@@std@@@std@@@2@0@Z 10005ed6 f i ConEmuPlugin2800.obj
 0001:00004f0e       ?insert@?$MArray@UWindowInfo@@@@QAEHHABUWindowInfo@@H@Z 10005f0e f i ConEmuPlugin2800.obj
 0001:00004f66       ?insert@?$vector@UWindowInfo@@V?$MArrayAllocator@UWindowInfo@@@@@std@@QAE?AV?$_Vector_iterator@V?$_Vector_val@U?$_Simple_types@UWindowInfo@@@std@@@std@@@2@V?$_Vector_const_iterator@V?$_Vector_val@U?$_Simple_types@UWindowInfo@@@std@@@std@@@2@IABUWindowInfo@@@Z 10005f66 f i ConEmuPlugin2800.obj
 0001:00005131       ?what@exception@std@@UBEPBDXZ 10006131 f i ConEmuPlugin2800.obj
 0001:0000513f       _GetGlobalInfoW@4          1000613f f   ConEmuPlugin2800.obj
 0001:000051d2       ??0CPluginW995@@QAE@XZ     100061d2 f   ConEmuPlugin995.obj
 0001:00005356       ??_ECPluginW995@@UAEPAXI@Z 10006356 f i ConEmuPlugin995.obj
 0001:00005356       ??_GCPluginW995@@UAEPAXI@Z 10006356 f i ConEmuPlugin995.obj
 0001:000056ab       ?CheckPanelExist@CPluginW995@@UAE_NXZ 100066ab f   ConEmuPlugin995.obj
 0001:000056ce       ?ExecuteSynchroApi@CPluginW995@@UAE_NXZ 100066ce f   ConEmuPlugin995.obj
 0001:000056ed       ?ExitFar@CPluginW995@@UAEXXZ 100066ed f   ConEmuPlugin995.obj
 0001:00005754       ?GetActiveWindowType@CPluginW995@@UAEHXZ 10006754 f   ConEmuPlugin995.obj
 0001:000057f4       ?GetEditorModifiedState@CPluginW995@@UAEKXZ 100067f4 f   ConEmuPlugin995.obj
 0001:0000582c       ?GetFarRect@CPluginW995@@UAE_NAAU_SMALL_RECT@@@Z 1000682c f   ConEmuPlugin995.obj
 0001:0000586f       ?GetMacroArea@CPluginW995@@UAEHXZ 1000686f f   ConEmuPlugin995.obj
 0001:000058a7       ?GetMsg@CPluginW995@@UAEPB_WHPA_WI@Z 100068a7 f   ConEmuPlugin995.obj
 0001:000058eb       ?GetPanelDir@CPluginW995@@UAEPA_WKPA_WH@Z 100068eb f   ConEmuPlugin995.obj
 0001:000059b5       ?GetPanelInfo@CPluginW995@@UAE_NKPAUCEPanelInfo@@@Z 100069b5 f   ConEmuPlugin995.obj
 0001:00005b9f       ?GetPanelItemInfo@CPluginW995@@UAE_NABUCEPanelInfo@@_NHAAU_WIN32_FIND_DATAW@@PAPA_W@Z 10006b9f f   ConEmuPlugin995.obj
 0001:00005cea       ?GetPluginInfoPtr@CPluginW995@@UAEXPAX@Z 10006cea f   ConEmuPlugin995.obj
 0001:00005d43       ?GetWindowCount@CPluginW995@@UAEHXZ 10006d43 f   ConEmuPlugin995.obj
 0001:00005d60       ?GuiMacroDlg@CPluginW995@@UAEXXZ 10006d60 f   ConEmuPlugin995.obj
 0001:00005d65       ?InputBox@CPluginW995@@UAE_NPB_W000AAPA_W@Z 10006d65 f   ConEmuPlugin995.obj
 0001:00005de3       ?IsMacroActive@CPluginW995@@UAE_NXZ 10006de3 f   ConEmuPlugin995.obj
 0001:00005e32       ?LoadFarColors@CPluginW995@@UAEXAAY0BAA@E@Z 10006e32 f   ConEmuPlugin995.obj
 0001:00005ee9       ?LoadFarSettings@CPluginW995@@UAEXPAUCEFarInterfaceSettings@@PAUCEFarPanelSettings@@@Z 10006ee9 f   ConEmuPlugin995.obj
 0001:00005f20       ?Open@CPluginW995@@UAEPAXPBX@Z 10006f20 f i ConEmuPlugin995.obj
 0001:00005f20       ?Open@CPluginAnsi@@UAEPAXPBX@Z 10006f20 f i ConEmuPluginA.obj
 0001:00005f29       ?OpenEditor@CPluginW995@@UAE_NPB_W_N11HH@Z 10006f29 f   ConEmuPlugin995.obj
 0001:00005fc2       ?PanelControlApi@CPluginW995@@UAEHPAXHH0@Z 10006fc2 f   ConEmuPlugin995.obj
 0001:00005fdf       ?PostMacroApi@CPluginW995@@UAEXPB_WPAU_INPUT_RECORD@@_N@Z 10006fdf f   ConEmuPlugin995.obj
 0001:00006081       ?ProcessSynchroEventPtr@CPluginAnsi@@UAEHPAX@Z 10007081 f i ConEmuPluginA.obj
 0001:00006081       ?ProcessViewerEventPtr@CPluginAnsi@@UAEHPAX@Z 10007081 f i ConEmuPluginA.obj
 0001:00006081       ?ProcessSynchroEventPtr@CPluginW995@@UAEHPAX@Z 10007081 f i ConEmuPlugin995.obj
 0001:00006081       ?ProcessEditorEventPtr@CPluginW995@@UAEHPAX@Z 10007081 f i ConEmuPlugin995.obj
 0001:00006081       ?ProcessEditorInputPtr@CPluginAnsi@@UAEHPBX@Z 10007081 f i ConEmuPluginA.obj
 0001:00006081       ?ProcessEditorEventPtr@CPluginAnsi@@UAEHPAX@Z 10007081 f i ConEmuPluginA.obj
 0001:00006081       ?ProcessViewerEventPtr@CPluginW995@@UAEHPAX@Z 10007081 f i ConEmuPlugin995.obj
 0001:00006086       ?ProcessEditorInputPtr@CPluginW995@@UAEHPBX@Z 10007086 f   ConEmuPlugin995.obj
 0001:000060a0       ?RedrawAll@CPluginW995@@UAEXXZ 100070a0 f   ConEmuPlugin995.obj
 0001:000060bd       ?SetStartupInfoPtr@CPluginW995@@UAEXPAX@Z 100070bd f   ConEmuPlugin995.obj
 0001:000061af       ?SetWindow@CPluginW995@@UAEXH@Z 100071af f   ConEmuPlugin995.obj
 0001:000061e3       ?ShowMessage@CPluginW995@@UAEHPB_WH_N@Z 100071e3 f   ConEmuPlugin995.obj
 0001:0000622c       ?ShowPluginMenu@CPluginW995@@UAEHPAUConEmuPluginMenuItem@@HH@Z 1000722c f   ConEmuPlugin995.obj
 0001:00006311       ?ShowUserScreen@CPluginW995@@UAEX_N@Z 10007311 f   ConEmuPlugin995.obj
 0001:00006336       ?StopWaitEndSynchro@CPluginW995@@UAEXXZ 10007336 f   ConEmuPlugin995.obj
 0001:0000634f       ?UpdateConEmuTabsApi@CPluginW995@@UAE_NH@Z 1000734f f   ConEmuPlugin995.obj
 0001:00006596       ?WaitEndSynchro@CPluginW995@@UAEXXZ 10007596 f   ConEmuPlugin995.obj
 0001:000066a7       ??0CPluginAnsi@@QAE@XZ     100076a7 f   ConEmuPluginA.obj
 0001:000067fb       ??_ECPluginAnsi@@UAEPAXI@Z 100077fb f i ConEmuPluginA.obj
 0001:000067fb       ??_GCPluginAnsi@@UAEPAXI@Z 100077fb f i ConEmuPluginA.obj
 0001:00006c66       ?CheckPanelExist@CPluginAnsi@@UAE_NXZ 10007c66 f   ConEmuPluginA.obj
 0001:00006c8a       ?ExecuteSynchroApi@CPluginAnsi@@UAE_NXZ 10007c8a f i ConEmuPluginA.obj
 0001:00006c8d       ?ExitFar@CPluginAnsi@@UAEXXZ 10007c8d f   ConEmuPluginA.obj
 0001:00006cc2       ?GetActiveWindowType@CPluginAnsi@@UAEHXZ 10007cc2 f   ConEmuPluginA.obj
 0001:00006d33       ?GetEditorModifiedState@CPluginAnsi@@UAEKXZ 10007d33 f   ConEmuPluginA.obj
 0001:00006d6e       ?GetFarRect@CPluginAnsi@@UAE_NAAU_SMALL_RECT@@@Z 10007d6e f i ConEmuPluginA.obj
 0001:00006d73       __get_startup_argv_mode    10007d73 f   LIBCMT:argv_mode.obj
 0001:00006d73       ?GetMacroArea@CPluginAnsi@@UAEHXZ 10007d73 f   ConEmuPluginA.obj
 0001:00006d77       ?GetMsg@CPluginAnsi@@UAEPB_WHPA_WI@Z 10007d77 f   ConEmuPluginA.obj
 0001:00006de7       ?GetPanelDir@CPluginAnsi@@UAEPA_WKPA_WH@Z 10007de7 f   ConEmuPluginA.obj
 0001:00006ea9       ?GetPanelInfo@CPluginAnsi@@UAE_NKPAUCEPanelInfo@@@Z 10007ea9 f   ConEmuPluginA.obj
 0001:00007079       ?GetPanelItemInfo@CPluginAnsi@@UAE_NABUCEPanelInfo@@_NHAAU_WIN32_FIND_DATAW@@PAPA_W@Z 10008079 f   ConEmuPluginA.obj
 0001:00007175       ?GetPluginInfoPtr@CPluginAnsi@@UAEXPAX@Z 10008175 f   ConEmuPluginA.obj
 0001:000071e2       ?GetWindowCount@CPluginAnsi@@UAEHXZ 100081e2 f   ConEmuPluginA.obj
 0001:00007205       ?GuiMacroDlg@CPluginAnsi@@UAEXXZ 10008205 f   ConEmuPluginA.obj
 0001:0000720a       ?InputBox@CPluginAnsi@@UAE_NPB_W000AAPA_W@Z 1000820a f   ConEmuPluginA.obj
 0001:00007335       ?IsMacroActive@CPluginAnsi@@UAE_NXZ 10008335 f   ConEmuPluginA.obj
 0001:0000738a       ?LoadFarColors@CPluginAnsi@@UAEXAAY0BAA@E@Z 1000838a f   ConEmuPluginA.obj
 0001:00007447       ?LoadFarSettings@CPluginAnsi@@UAEXPAUCEFarInterfaceSettings@@PAUCEFarPanelSettings@@@Z 10008447 f   ConEmuPluginA.obj
 0001:0000748a       ?OpenEditor@CPluginAnsi@@UAE_NPB_W_N11HH@Z 1000848a f   ConEmuPluginA.obj
 0001:00007568       ?PanelControlApi@CPluginAnsi@@UAEHPAXHH0@Z 10008568 f   ConEmuPluginA.obj
 0001:00007592       ?PostMacroApi@CPluginAnsi@@UAEXPB_WPAU_INPUT_RECORD@@_N@Z 10008592 f   ConEmuPluginA.obj
 0001:00007632       ?RedrawAll@CPluginAnsi@@UAEXXZ 10008632 f   ConEmuPluginA.obj
 0001:00007655       ?SetStartupInfoPtr@CPluginAnsi@@UAEXPAX@Z 10008655 f   ConEmuPluginA.obj
 0001:00007756       ?SetWindow@CPluginAnsi@@UAEXH@Z 10008756 f   ConEmuPluginA.obj
 0001:00007796       ?ShowMessage@CPluginAnsi@@UAEHPB_WH_N@Z 10008796 f   ConEmuPluginA.obj
 0001:00007820       ?ShowPluginMenu@CPluginAnsi@@UAEHPAUConEmuPluginMenuItem@@HH@Z 10008820 f   ConEmuPluginA.obj
 0001:00007946       ?ShowUserScreen@CPluginAnsi@@UAEX_N@Z 10008946 f   ConEmuPluginA.obj
 0001:0000796c       ?UpdateConEmuTabsApi@CPluginAnsi@@UAE_NH@Z 1000896c f   ConEmuPluginA.obj
 0001:00007bd7       ??$swprintf_c@$0BAE@@@YAHAAY0BAE@_WPB_WZZ 10008bd7 f i ConEmuPluginBase.obj
 0001:00007bf0       ??$swprintf_c@$0DAM@@@YAHAAY0DAM@_WPB_WZZ 10008bf0 f i ConEmuPluginBase.obj
 0001:00007c09       ??$swprintf_c@$0EAA@@@YAHAAY0EAA@_WPB_WZZ 10008c09 f i ConEmuPluginBase.obj
 0001:00007c22       ??$swprintf_c@$0MI@@@YAHAAY0MI@_WPB_WZZ 10008c22 f i ConEmuPluginBase.obj
 0001:00007c3b       ??0?$MFileMapping@UCESERVER_CONSOLE_MAPPING_HDR@@@@QAE@XZ 10008c3b f i ConEmuPluginBase.obj
 0001:00007c98       ??0CPluginBase@@QAE@XZ     10008c98 f   ConEmuPluginBase.obj
 0001:00007da9       ??0MWow64Disable@@QAE@XZ   10008da9 f i ConEmuPluginBase.obj
 0001:00007dee       ??1?$MFileMapping@UConEmuGuiMapping@@@@QAE@XZ 10008dee f i common-user32:ConEmuCheckEx.obj
 0001:00007dee       ??1?$MFileMapping@UCESERVER_CONSOLE_MAPPING_HDR@@@@QAE@XZ 10008dee f i ConEmuPluginBase.obj
 0001:00007dee       ??1?$MFileMapping@UPanelViewSetMapping@@@@QAE@XZ 10008dee f i PluginBackground.obj
 0001:00007df8       ??1CPluginBase@@UAE@XZ     10008df8 f   ConEmuPluginBase.obj
 0001:00007dff       ??1MWow64Disable@@QAE@XZ   10008dff f i ConEmuPluginBase.obj
 0001:00007e33       ??_G?$MFileMapping@UCESERVER_CONSOLE_MAPPING_HDR@@@@QAEPAXI@Z 10008e33 f i ConEmuPluginBase.obj
 0001:00007e5d       ??_ECPluginBase@@UAEPAXI@Z 10008e5d f i ConEmuPluginBase.obj
 0001:00007e5d       ??_GCPluginBase@@UAEPAXI@Z 10008e5d f i ConEmuPluginBase.obj
 0001:00007e83       ?ActivatePlugin@CPluginBase@@QAE_NKPAXK@Z 10008e83 f   ConEmuPluginBase.obj
 0001:00008016       ?AddTab@CPluginBase@@QAE_NAAHH_N1HPB_W2HHHH@Z 10009016 f   ConEmuPluginBase.obj
 0001:000082f7       ?AddTabFinish@CPluginBase@@QAEXH@Z 100092f7 f   ConEmuPluginBase.obj
 0001:00008309       ?Attach2Gui@CPluginBase@@QAE_N_N@Z 10009309 f   ConEmuPluginBase.obj
 0001:00008697       ?BackgroundMacroError@CPluginBase@@SGKPAX@Z 10009697 f   ConEmuPluginBase.obj
 0001:000086be       ?CheckBufferEnabled@CPluginBase@@QAE_NXZ 100096be f   ConEmuPluginBase.obj
 0001:00008717       ?CheckConEmuDetached@CPluginBase@@SAXXZ 10009717 f   ConEmuPluginBase.obj
 0001:000087b2       ?CheckResources@CPluginBase@@QAEX_N@Z 100097b2 f   ConEmuPluginBase.obj
 0001:00008952       ?CloseMap@?$MFileMapping@UConEmuGuiMapping@@@@QAEXXZ 10009952 f i common-kernel32:ConEmuCheck.obj
 0001:00008952       ?CloseMap@?$MFileMapping@UPanelViewSetMapping@@@@QAEXXZ 10009952 f i PluginBackground.obj
 0001:00008952       ?CloseMap@?$MFileMapping@UCESERVER_CONSOLE_MAPPING_HDR@@@@QAEXXZ 10009952 f i ConEmuPluginBase.obj
 0001:000089a3       ?CloseMapHeader@CPluginBase@@SAXXZ 100099a3 f   ConEmuPluginBase.obj
 0001:000089ba       ?ClosePtr@?$MFileMapping@UPanelViewSetMapping@@@@QAEXXZ 100099ba f i PluginBackground.obj
 0001:000089ba       ?ClosePtr@?$MFileMapping@UCESERVER_CONSOLE_MAPPING_HDR@@@@QAEXXZ 100099ba f i ConEmuPluginBase.obj
 0001:000089ba       ?ClosePtr@?$MFileMapping@UConEmuGuiMapping@@@@QAEXXZ 100099ba f i common-kernel32:ConEmuCheck.obj
 0001:000089d2       ?CloseTabs@CPluginBase@@SAXXZ 100099d2 f   ConEmuPluginBase.obj
 0001:00008a5a       ?CommonPluginStartup@CPluginBase@@QAEXXZ 10009a5a f   ConEmuPluginBase.obj
 0001:00008b46       ?CreateTabs@CPluginBase@@SA_NH@Z 10009b46 f   ConEmuPluginBase.obj
 0001:00008bf0       ?Disable@MWow64Disable@@QAEXXZ 10009bf0 f i ConEmuPluginBase.obj
 0001:00008c0a       ?DllCheckUnique@CPluginBase@@KA_N_N@Z 10009c0a f   ConEmuPluginBase.obj
 0001:00008dcf       ?DllMain_ProcessAttach@CPluginBase@@KAXPAUHINSTANCE__@@@Z 10009dcf f   ConEmuPluginBase.obj
 0001:00008ec3       ?DllMain_ProcessDetach@CPluginBase@@KAXXZ 10009ec3 f   ConEmuPluginBase.obj
 0001:00008f95       ?EditViewConsoleOutput@CPluginBase@@QAEX_N@Z 10009f95 f   ConEmuPluginBase.obj
 0001:0000901e       ?EmergencyShow@CPluginBase@@KAXXZ 1000a01e f   ConEmuPluginBase.obj
 0001:00009069       ?ExecuteSynchro@CPluginBase@@QAEXXZ 1000a069 f   ConEmuPluginBase.obj
 0001:000090de       ?ExitFarCommon@CPluginBase@@QAEX_N@Z 1000a0de f   ConEmuPluginBase.obj
 0001:00009101       ?FarSetConsoleSize@CPluginBase@@SA_NFF@Z 1000a101 f   ConEmuPluginBase.obj
 0001:000091e5       ?FillLoadedParm@CPluginBase@@SAXPAUConEmuLoadedArg@@PAUHINSTANCE__@@H@Z 1000a1e5 f   ConEmuPluginBase.obj
 0001:00009273       ?FillUpdateBackground@CPluginBase@@QAEXPAUPaintBackgroundArg@@@Z 1000a273 f   ConEmuPluginBase.obj
 0001:000093b4       ?FindServerCmd@CPluginBase@@QAE_NKAAK_N@Z 1000a3b4 f   ConEmuPluginBase.obj
 0001:0000949a       ?GetMainThreadId@CPluginBase@@SAKXZ 1000a49a f   ConEmuPluginBase.obj
 0001:00009525       ?GetPanelInfo@CPluginBase@@QAE_NKPAUBkPanelInfo@@@Z 1000a525 f   ConEmuPluginBase.obj
 0001:000095a5       ?InitHWND@CPluginBase@@SAXXZ 1000a5a5 f   ConEmuPluginBase.obj
 0001:000097bb       ?InitName@?$MFileMapping@UPanelViewSetMapping@@@@QAEPB_WPB_WKK@Z 1000a7bb f i PluginBackground.obj
 0001:000097bb       ?InitName@?$MFileMapping@UCESERVER_CONSOLE_MAPPING_HDR@@@@QAEPB_WPB_WKK@Z 1000a7bb f i ConEmuPluginBase.obj
 0001:000097bb       ?InitName@?$MFileMapping@UConEmuGuiMapping@@@@QAEPB_WPB_WKK@Z 1000a7bb f i common-kernel32:ConEmuCheck.obj
 0001:000097ec       ?InitResources@CPluginBase@@QAEXXZ 1000a7ec f   ConEmuPluginBase.obj
 0001:000099a8       ?InitRootRegKey@CPluginBase@@IAEXXZ 1000a9a8 f   ConEmuPluginBase.obj
 0001:00009a64       ?InternalOpenCreate@?$MFileMapping@UConEmuGuiMapping@@@@IAEPAUConEmuGuiMapping@@_N0H@Z 1000aa64 f i common-kernel32:ConEmuCheck.obj
 0001:00009a64       ?InternalOpenCreate@?$MFileMapping@UPanelViewSetMapping@@@@IAEPAUPanelViewSetMapping@@_N0H@Z 1000aa64 f i PluginBackground.obj
 0001:00009a64       ?InternalOpenCreate@?$MFileMapping@UCESERVER_CONSOLE_MAPPING_HDR@@@@IAEPAUCESERVER_CONSOLE_MAPPING_HDR@@_N0H@Z 1000aa64 f i ConEmuPluginBase.obj
 0001:00009c46       ?IsCurrentTabModal@CPluginBase@@QAE_NXZ 1000ac46 f   ConEmuPluginBase.obj
 0001:00009ccf       ?IsFarLua@FarVersion@@QBE_NXZ 1000accf f i ConEmuPluginBase.obj
 0001:00009e00       ?LoadFarVersion@CPluginBase@@SA_NXZ 1000ae00 f   ConEmuPluginBase.obj
 0001:0000a047       ?LoadPanelTabsFromRegistry@CPluginBase@@IAEXXZ 1000b047 f   ConEmuPluginBase.obj
 0001:0000a11d       ?MonitorThreadProcW@CPluginBase@@SGKPAX@Z 1000b11d f   ConEmuPluginBase.obj
 0001:0000a4eb       ?NotifyConEmuUnloaded@CPluginBase@@SAXXZ 1000b4eb f   ConEmuPluginBase.obj
 0001:0000a5e6       ?OnConsoleDetaching@CPluginBase@@SGHPAUHookCallbackArg@@@Z 1000b5e6 f   ConEmuPluginBase.obj
 0001:0000a6fa       ?OnConsolePeekInput@CPluginBase@@SGHPAUHookCallbackArg@@@Z 1000b6fa f   ConEmuPluginBase.obj
 0001:0000a759       ?OnConsolePeekInputPost@CPluginBase@@SGHPAUHookCallbackArg@@@Z 1000b759 f   ConEmuPluginBase.obj
 0001:0000a789       ?OnConsolePeekReadInput@CPluginBase@@SAX_N@Z 1000b789 f   ConEmuPluginBase.obj
 0001:0000a940       ?OnConsoleReadInput@CPluginBase@@SGHPAUHookCallbackArg@@@Z 1000b940 f   ConEmuPluginBase.obj
 0001:0000a950       ?OnConsoleReadInputPost@CPluginBase@@SGHPAUHookCallbackArg@@@Z 1000b950 f   ConEmuPluginBase.obj
 0001:0000aad2       ?OnConsoleReadInputWork@CPluginBase@@SAHPAUHookCallbackArg@@@Z 1000bad2 f   ConEmuPluginBase.obj
 0001:0000ab3c       ?OnConsoleWasAttached@CPluginBase@@SGHPAUHookCallbackArg@@@Z 1000bb3c f   ConEmuPluginBase.obj
 0001:0000ab92       ?OnCurDirChanged@CPluginBase@@SGXXZ 1000bb92 f   ConEmuPluginBase.obj
 0001:0000abe7       ?OnGetNumberOfConsoleInputEventsPost@CPluginBase@@SGHPAUHookCallbackArg@@@Z 1000bbe7 f   ConEmuPluginBase.obj
 0001:0000ac1b       ?OnLibraryLoaded@CPluginBase@@SGXPAUHINSTANCE__@@@Z 1000bc1b f   ConEmuPluginBase.obj
 0001:0000ac89       ?OnMainThreadActivated@CPluginBase@@QAEXXZ 1000bc89 f   ConEmuPluginBase.obj
 0001:0000adf3       ?OnPanelViewCallbacks@CPluginBase@@SA_NPAUHookCallbackArg@@P6GHPAXPAU_INPUT_RECORD@@KPAKPAH@Z5@Z 1000bdf3 f   ConEmuPluginBase.obj
 0001:0000ae94       ?OnPostWriteConsoleOutput@CPluginBase@@SGHPAUHookCallbackArg@@@Z 1000be94 f   ConEmuPluginBase.obj
 0001:0000ae9f       ?OnShellExecuteExW_Except@CPluginBase@@SGHPAUHookCallbackArg@@@Z 1000be9f f   ConEmuPluginBase.obj
 0001:0000aed4       ?OnWriteConsoleOutput@CPluginBase@@SGHPAUHookCallbackArg@@@Z 1000bed4 f   ConEmuPluginBase.obj
 0001:0000af61       ?OpenMapHeader@CPluginBase@@SAHXZ 1000bf61 f   ConEmuPluginBase.obj
 0001:0000b01d       ?OpenPluginCommon@CPluginBase@@QAEPAXHH_N@Z 1000c01d f   ConEmuPluginBase.obj
 0001:0000b27a       ?OutDataAlloc@CPluginBase@@SA_NK@Z 1000c27a f   ConEmuPluginBase.obj
 0001:0000b2c9       ?OutDataRealloc@CPluginBase@@SA_NK@Z 1000c2c9 f   ConEmuPluginBase.obj
 0001:0000b360       ?OutDataWrite@CPluginBase@@SA_NPAXK@Z 1000c360 f   ConEmuPluginBase.obj
 0001:0000b3df       ?PanelControl@CPluginBase@@QAEHPAXHH0@Z 1000c3df f   ConEmuPluginBase.obj
 0001:0000b446       ?Plugin@@YAPAVCPluginBase@@XZ 1000c446 f   ConEmuPluginBase.obj
 0001:0000b515       ?PostMacro@CPluginBase@@QAEXPB_WPAU_INPUT_RECORD@@_N@Z 1000c515 f   ConEmuPluginBase.obj
 0001:0000b556       ?PrintText@CPluginBase@@QAE_NPB_W@Z 1000c556 f   ConEmuPluginBase.obj
 0001:0000b62e       ?ProcessCommand@CPluginBase@@QAE_NKHPAXPAPAUCESERVER_REQ@@_N@Z 1000c62e f   ConEmuPluginBase.obj
 0001:0000ba3e       ?ProcessCommandLine@CPluginBase@@QAE_NPA_W@Z 1000ca3e f   ConEmuPluginBase.obj
 0001:0000ba77       ?ProcessDragFrom@CPluginBase@@QAEXXZ 1000ca77 f   ConEmuPluginBase.obj
 0001:0000bfd3       ?ProcessDragTo@CPluginBase@@QAEXXZ 1000cfd3 f   ConEmuPluginBase.obj
 0001:0000c2f1       ?ProcessEditorInputInternal@CPluginBase@@QAEXABU_INPUT_RECORD@@@Z 1000d2f1 f   ConEmuPluginBase.obj
 0001:0000c323       ?ProcessEditorViewerEvent@CPluginBase@@QAEHHH@Z 1000d323 f   ConEmuPluginBase.obj
 0001:0000c3c0       ?ProcessSetWindowCommand@CPluginBase@@QAEXXZ 1000d3c0 f   ConEmuPluginBase.obj
 0001:0000c48c       ?ProcessSynchroEvent@CPluginBase@@QAEHHPAX@Z 1000d48c f   ConEmuPluginBase.obj
 0001:0000c4fe       ?ReloadFarInfo@CPluginBase@@QAE_N_N@Z 1000d4fe f   ConEmuPluginBase.obj
 0001:0000c719       ?ReloadFarInfoApi@CPluginBase@@IAE_NXZ 1000d719 f   ConEmuPluginBase.obj
 0001:0000c8a6       ?Restore@MWow64Disable@@QAEXXZ 1000d8a6 f i ConEmuPluginBase.obj
 0001:0000c8bd       ?RunExternalProgram@CPluginBase@@QAE_NPA_W@Z 1000d8bd f   ConEmuPluginBase.obj
 0001:0000c9ed       ?RunExternalProgramW@CPluginBase@@SA_NPA_W0_N@Z 1000d9ed f   ConEmuPluginBase.obj
 0001:0000cbc1       ?SendTabs@CPluginBase@@SAXH_N@Z 1000dbc1 f   ConEmuPluginBase.obj
 0001:0000cd4c       ?SetRootRegKey@CPluginBase@@IAEXPA_W@Z 1000dd4c f   ConEmuPluginBase.obj
 0001:0000cdcf       ?ShowConsoleInfo@CPluginBase@@QAEXXZ 1000ddcf f   ConEmuPluginBase.obj
 0001:0000cf40       ?ShowMessage@CPluginBase@@QAEHHH@Z 1000df40 f   ConEmuPluginBase.obj
 0001:0000cfa4       ?ShowMessageBox@CPluginBase@@KAHPB_WI@Z 1000dfa4 f   ConEmuPluginBase.obj
 0001:0000d038       ?ShowMessageGui@CPluginBase@@QAEHHH@Z 1000e038 f   ConEmuPluginBase.obj
 0001:0000d0a0       ?ShowPanelsList@CPluginBase@@QAEXXZ 1000e0a0 f   ConEmuPluginBase.obj
 0001:0000d1a0       ?ShowPluginMenu@CPluginBase@@QAEXW4PluginCallCommands@@@Z 1000e1a0 f   ConEmuPluginBase.obj
 0001:0000d355       ?ShowProtocolWarning@CPluginBase@@KAXXZ 1000e355 f   ConEmuPluginBase.obj
 0001:0000d495       ?ShowTabsList@CPluginBase@@QAEXXZ 1000e495 f   ConEmuPluginBase.obj
 0001:0000d6b7       ?StartDebugger@CPluginBase@@QAE_NXZ 1000e6b7 f   ConEmuPluginBase.obj
 0001:0000d925       ?StopThread@CPluginBase@@QAEX_N@Z 1000e925 f   ConEmuPluginBase.obj
 0001:0000dae8       ?StorePanelDirs@CPluginBase@@QAE_NPB_W0@Z 1000eae8 f   ConEmuPluginBase.obj
 0001:0000dc04       ?StringCchCatW@@YGJPA_WIPB_W@Z 1000ec04 f i ConEmuPluginBase.obj
 0001:0000dc42       ?StringCchCopyW@@YGJPA_WIPB_W@Z 1000ec42 f i ConEmuPluginBase.obj
 0001:0000dd58       ?SwitchTabCommand@CPluginBase@@QAEXW4PluginMenuCommands@@@Z 1000ed58 f   ConEmuPluginBase.obj
 0001:0000ddd0       ?ToOem@CPluginBase@@SAPADPB_W@Z 1000edd0 f   ConEmuPluginBase.obj
 0001:0000de0e       ?ToOem@CPluginBase@@SAXPB_WPADH@Z 1000ee0e f   ConEmuPluginBase.obj
 0001:0000de35       ?ToUnicode@CPluginBase@@SAPA_WPBD@Z 1000ee35 f   ConEmuPluginBase.obj
 0001:0000de8c       ?TouchReadPeekConsoleInputs@CPluginBase@@SAXH@Z 1000ee8c f   ConEmuPluginBase.obj
 0001:0000dec7       ?UngetDummyMouseEvent@CPluginBase@@SA_N_NPAUHookCallbackArg@@@Z 1000eec7 f   ConEmuPluginBase.obj
 0001:0000e040       ?UpdateConEmuTabs@CPluginBase@@QAE_N_N@Z 1000f040 f   ConEmuPluginBase.obj
 0001:0000e238       ?UpdatePanelDirs@CPluginBase@@QAEXXZ 1000f238 f   ConEmuPluginBase.obj
 0001:0000e3a6       ?WaitPluginActivation@CPluginBase@@SAKKPAPAXHK@Z 1000f3a6 f   ConEmuPluginBase.obj
 0001:0000e48c       ?cmd_CloseQSearch@CPluginBase@@QAEXXZ 1000f48c f   ConEmuPluginBase.obj
 0001:0000e4b6       ?cmd_ConSetFont@CPluginBase@@QAEXPAX@Z 1000f4b6 f   ConEmuPluginBase.obj
 0001:0000e4e8       ?cmd_EMenu@CPluginBase@@QAEXPAX@Z 1000f4e8 f   ConEmuPluginBase.obj
 0001:0000e583       ?cmd_ExternalCallback@CPluginBase@@QAE_NPAX@Z 1000f583 f   ConEmuPluginBase.obj
 0001:0000e5c6       ?cmd_GuiChanged@CPluginBase@@QAEXPAX@Z 1000f5c6 f   ConEmuPluginBase.obj
 0001:0000e63d       ?cmd_LeftClickSync@CPluginBase@@QAEXPAX@Z 1000f63d f   ConEmuPluginBase.obj
 0001:0000e70a       ?cmd_OpenEditorLine@CPluginBase@@QAE_NPAUCESERVER_REQ_FAREDITOR@@@Z 1000f70a f   ConEmuPluginBase.obj
 0001:0000e79d       ?cmd_RedrawFarCall@CPluginBase@@QAE_NAAPAUCESERVER_REQ@@PAPAU2@@Z 1000f79d f   ConEmuPluginBase.obj
 0001:0000e831       ?cmd_SetWindow@CPluginBase@@QAE_NPAX_N@Z 1000f831 f   ConEmuPluginBase.obj
 0001:0000e8a1       ?isEditorViewer@CPluginBase@@QAE_NXZ 1000f8a1 f   ConEmuPluginBase.obj
 0001:0000e8bf       ?isMacroActive@CPluginBase@@QAE_NAAH@Z 1000f8bf f   ConEmuPluginBase.obj
 0001:0000e8f7       ?isModalEditorViewer@CPluginBase@@QAE_NXZ 1000f8f7 f   ConEmuPluginBase.obj
 0001:0000e91e       ?pcc_Disabled@CPluginBase@@SA_NW4PluginMenuCommands@@@Z 1000f91e f   ConEmuPluginBase.obj
 0001:0000e98b       ?pcc_Selected@CPluginBase@@SA_NW4PluginMenuCommands@@@Z 1000f98b f   ConEmuPluginBase.obj
 0001:0000e9de       _wmemcmp                   1000f9de f i ConEmuPluginBase.obj
 0001:0000ea14       ??0?$MFileMapping@UPanelViewSetMapping@@@@QAE@XZ 1000fa14 f i PluginBackground.obj
 0001:0000ea71       ??0CPluginBackground@@QAE@XZ 1000fa71 f   PluginBackground.obj
 0001:0000ebe2       ??1CPluginBackground@@QAE@XZ 1000fbe2 f   PluginBackground.obj
 0001:0000ed4d       ?CheckPanelFolders@CPluginBackground@@IAEXH@Z 1000fd4d f   PluginBackground.obj
 0001:0000edfa       ?GetTo@?$MFileMapping@UPanelViewSetMapping@@@@QAE_NPAUPanelViewSetMapping@@H@Z 1000fdfa f i PluginBackground.obj
 0001:0000eec9       ?IsParmChanged@CPluginBackground@@IAE_NPAUPaintBackgroundArg@@0@Z 1000fec9 f   PluginBackground.obj
 0001:0000f0ea       ?LoadThSet@CPluginBackground@@IAEHH@Z 100100ea f   PluginBackground.obj
 0001:0000f25f       ?MonitorBackground@CPluginBackground@@QAEXXZ 1001025f f   PluginBackground.obj
 0001:0000f2b7       ?OnMainThreadActivated@CPluginBackground@@QAEXHH@Z 100102b7 f   PluginBackground.obj
 0001:0000f371       ?ReallocItems@CPluginBackground@@IAEXH@Z 10010371 f   PluginBackground.obj
 0001:0000f3bb       ?RegisterSubplugin@CPluginBackground@@QAEHPAURegisterBackgroundArg@@@Z 100103bb f   PluginBackground.obj
 0001:0000f5ca       ?SetDcPanelRect@CPluginBackground@@IAEXPAUtagRECT@@PAUBkPanelInfo@@PAUPaintBackgroundArg@@@Z 100105ca f   PluginBackground.obj
 0001:0000f6a5       ?SetForceThLoad@CPluginBackground@@QAEXXZ 100106a5 f   PluginBackground.obj
 0001:0000f6b8       ?SetForceUpdate@CPluginBackground@@QAEX_N@Z 100106b8 f   PluginBackground.obj
 0001:0000f6da       ?UpdateBackground@CPluginBackground@@IAEXXZ 100106da f   PluginBackground.obj
 0001:0000fe35       ?UpdateBackground_Exec@CPluginBackground@@KAXPAURegisterBackgroundArg@@PAUPaintBackgroundArg@@@Z 10010e35 f   PluginBackground.obj
 0001:0000feab       ??$swprintf_c@$09@@YAHAAY09_WPB_WZZ 10010eab f i PluginSrv.obj
 0001:0000fec1       ??$wcscpy_c@$0BAE@@@YAHAAY0BAE@_WPB_W@Z 10010ec1 f i PluginSrv.obj
 0001:0000fed6       ?AllocRequestBuf@PipeInst@?$PipeServer@UCESERVER_REQ@@@@QAEPAUCESERVER_REQ@@K@Z 10010ed6 f i PluginSrv.obj
 0001:0000ff12       ?DumpError@?$PipeServer@UCESERVER_REQ@@@@IAEXPAUPipeInst@1@PB_WH@Z 10010f12 f i PluginSrv.obj
 0001:0000ffe5       ?PipeServerRead@?$PipeServer@UCESERVER_REQ@@@@IAEHPAUPipeInst@1@@Z 10010fe5 f i PluginSrv.obj
 0001:00010248       ?PipeServerThread@?$PipeServer@UCESERVER_REQ@@@@IAEKPAUPipeInst@1@@Z 10011248 f i PluginSrv.obj
 0001:00010475       ?PipeServerWrite@?$PipeServer@UCESERVER_REQ@@@@IAEHPAUPipeInst@1@PBXKPAKH@Z 10011475 f i PluginSrv.obj
 0001:00010551       ?PlugServerCommand@@YGHPAXPAUCESERVER_REQ@@AAPAU1@AAK3J@Z 10011551 f   PluginSrv.obj
 0001:000109c8       ?PlugServerFree@@YGXPAUCESERVER_REQ@@J@Z 100119c8 f   PluginSrv.obj
 0001:000109d9       ?PlugServerStart@@YA_NXZ   100119d9 f   PluginSrv.obj
 0001:00010a88       ?PlugServerStop@@YAX_N@Z   10011a88 f   PluginSrv.obj
 0001:00010ac1       ?SetMaxCount@?$PipeServer@UCESERVER_REQ@@@@QAEXH@Z 10011ac1 f i PluginSrv.obj
 0001:00010ae8       ?StartPipeInstance@?$PipeServer@UCESERVER_REQ@@@@IAE_NPAUPipeInst@1@@Z 10011ae8 f i PluginSrv.obj
 0001:00010c17       ?StartPipeServer@?$PipeServer@UCESERVER_REQ@@@@QAE_N_NPB_WJPAU_SECURITY_ATTRIBUTES@@P6GHPAXPAUCESERVER_REQ@@AAPAU3@AAK6J@ZP6GX4J@ZP6GH3J@Z99@Z 10011c17 f i PluginSrv.obj
 0001:00010d49       ?StopPipeServer@?$PipeServer@UCESERVER_REQ@@@@QAEX_NAA_N@Z 10011d49 f i PluginSrv.obj
 0001:00011022       ?TerminatePipeThread@?$PipeServer@UCESERVER_REQ@@@@KAXAAPAXABUPipeInst@1@AA_N@Z 10012022 f i PluginSrv.obj
 0001:00011078       ?WaitForClient@?$PipeServer@UCESERVER_REQ@@@@IAE_NPAUPipeInst@1@AAH1@Z 10012078 f i PluginSrv.obj
 0001:0001130a       ?WaitOverlapped@?$PipeServer@UCESERVER_REQ@@@@IAEHPAUPipeInst@1@PAK@Z 1001230a f i PluginSrv.obj
 0001:00011459       ?WriteDummyAnswer@?$PipeServer@UCESERVER_REQ@@@@IAEHPAUPipeInst@1@@Z 10012459 f i PluginSrv.obj
 0001:000114b1       ?_Disconnect@?$PipeServer@UCESERVER_REQ@@@@IAEXPAUPipeInst@1@_N11@Z 100124b1 f i PluginSrv.obj
 0001:00011505       ?_PipeServerThread@?$PipeServer@UCESERVER_REQ@@@@KGKPAX@Z 10012505 f i PluginSrv.obj
 0001:0001154c       ?cmd_FarSetChanged@@YAXPAUFAR_REQ_FARSETCHANGED@@@Z 1001254c f   PluginSrv.obj
 0001:0001159a       _GetFileVersionInfoSizeW@8 1001259a f   version:VERSION.dll
 0001:000115a0       _GetFileVersionInfoW@16    100125a0 f   version:VERSION.dll
 0001:000115a6       _VerQueryValueW@16         100125a6 f   version:VERSION.dll
 0001:000115ac       _CreateToolhelp32Snapshot@8 100125ac f   kernel32:KERNEL32.dll
 0001:000115b2       _Thread32First@8           100125b2 f   kernel32:KERNEL32.dll
 0001:000115b8       _Thread32Next@8            100125b8 f   kernel32:KERNEL32.dll
 0001:000115be       _Module32FirstW@8          100125be f   kernel32:KERNEL32.dll
 0001:000115c4       _Module32NextW@8           100125c4 f   kernel32:KERNEL32.dll
 0001:000115ca       ??2@YAPAXI@Z               100125ca f   common-kernel32:Memory.obj
 0001:000115eb       ??_V@YAXPAX@Z              100125eb f   common-kernel32:Memory.obj
 0001:000115eb       ??3@YAXPAX@Z               100125eb f   common-kernel32:Memory.obj
 0001:000115f0       ??_U@YAPAXI@Z              100125f0 f   common-kernel32:Memory.obj
 0001:000115f9       ?HeapDeinitialize@@YAXXZ   100125f9 f   common-kernel32:Memory.obj
 0001:0001164f       ?HeapInitialize@@YA_NXZ    1001264f f   common-kernel32:Memory.obj
 0001:0001167d       ?xf_calloc@@YAPAXII@Z      1001267d f   common-kernel32:Memory.obj
 0001:000116a8       ?xf_free@@YAXPAX@Z         100126a8 f   common-kernel32:Memory.obj
 0001:000116e8       ?xf_malloc@@YAPAXI@Z       100126e8 f   common-kernel32:Memory.obj
 0001:0001170e       ?xf_realloc@@YAPAXPAXI@Z   1001270e f   common-kernel32:Memory.obj
 0001:00011735       ??0?$MFileMapping@UConEmuGuiMapping@@@@QAE@XZ 10012735 f i common-kernel32:ConEmuCheck.obj
 0001:00011792       ?ExecuteCmd@@YAPAUCESERVER_REQ@@PB_WPAU1@KPAUHWND__@@HKH@Z 10012792 f   common-kernel32:ConEmuCheck.obj
 0001:00011967       ?ExecuteFreeResult@@YAXAAPAUCESERVER_REQ@@@Z 10012967 f   common-kernel32:ConEmuCheck.obj
 0001:0001197f       ?ExecuteGuiCmd@@YAPAUCESERVER_REQ@@PAUHWND__@@PAU1@0H@Z 1001297f f   common-kernel32:ConEmuCheck.obj
 0001:00011a00       ?ExecuteNewCmd@@YAPAUCESERVER_REQ@@KI@Z 10012a00 f   common-kernel32:ConEmuCheck.obj
 0001:00011a3e       ?ExecuteNewCmd@@YA_NAAPAUCESERVER_REQ@@AAKKI@Z 10012a3e f   common-kernel32:ConEmuCheck.obj
 0001:00011a9c       ?ExecuteOpenPipe@@YAPAXPB_WAAY0CAI@_W0KKHPAXH@Z 10012a9c f   common-kernel32:ConEmuCheck.obj
 0001:00011bd6       ?ExecutePrepareCmd@@YAXPAUCESERVER_REQ@@KI@Z 10012bd6 f   common-kernel32:ConEmuCheck.obj
 0001:00011c0d       ?ExecutePrepareCmd@@YAXPAUCESERVER_REQ_HDR@@KI@Z 10012c0d f   common-kernel32:ConEmuCheck.obj
 0001:00011c75       ?ExecuteSrvCmd@@YAPAUCESERVER_REQ@@KPAU1@PAUHWND__@@HKH@Z 10012c75 f   common-kernel32:ConEmuCheck.obj
 0001:00011d0c       ?GetConEmuHWND@@YAPAUHWND__@@W4ConEmuWndType@@@Z 10012d0c f   common-kernel32:ConEmuCheck.obj
 0001:00011d88       ?GetConEmuWindows@@YA?AUConEmuWindows@@PAUHWND__@@@Z 10012d88 f   common-kernel32:ConEmuCheck.obj
 0001:00011e62       ?GetConEmuWindowsFromEnv@@YA?AUConEmuWindows@@XZ 10012e62 f   common-kernel32:ConEmuCheck.obj
 0001:00011f91       ?GuiMessageBox@@YAHPAUHWND__@@PB_W1H@Z 10012f91 f   common-kernel32:ConEmuCheck.obj
 0001:000120ae       ?IsConsoleClass@@YA_NPB_W@Z 100130ae f   common-kernel32:ConEmuCheck.obj
 0001:000120e8       ?IsConsoleWindow@@YA_NPAUHWND__@@@Z 100130e8 f   common-kernel32:ConEmuCheck.obj
 0001:000121af       ?IsPseudoConsoleWindow@@YA_NPAUHWND__@@@Z 100131af f   common-kernel32:ConEmuCheck.obj
 0001:0001221d       ?LoadGuiMapping@@YAHKAAUConEmuGuiMapping@@@Z 1001321d f   common-kernel32:ConEmuCheck.obj
 0001:000122d1       ?LoadSrvMapping@@YAHPAUHWND__@@AAUCESERVER_CONSOLE_MAPPING_HDR@@@Z 100132d1 f   common-kernel32:ConEmuCheck.obj
 0001:00012385       ?ModuleName@@YAPB_WPB_W@Z  10013385 f   common-kernel32:ConEmuCheck.obj
 0001:0001241b       ?StringCchCopyNW@@YGJPA_WIPB_WI@Z 1001341b f i common-kernel32:ConEmuCheck.obj
 0001:00012467       ?myGetConsoleWindow@@YAPAUHWND__@@XZ 10013467 f   common-kernel32:ConEmuCheck.obj
 0001:0001253b       ?StringCchVPrintfA@@YGJPADIPBD0@Z 1001353b f i common-kernel32:MStrSafe.obj
 0001:00012590       ?lstrcmpni@@YAHPB_W0H@Z    10013590 f   common-kernel32:MStrSafe.obj
 0001:0001267b       ?msprintf@@YAPB_WPA_WIPB_WZZ 1001367b f   common-kernel32:MStrSafe.obj
 0001:00012695       ?mvsprintf@@YAPB_WPA_WIPB_WPAD@Z 10013695 f   common-kernel32:MStrSafe.obj
 0001:00012af8       ?sprintf_c@@YAHPADHPBDZZ   10013af8 f   common-kernel32:MStrSafe.obj
 0001:00012b1b       ?swprintf_c@@YAHPA_WHPB_WZZ 10013b1b f   common-kernel32:MStrSafe.obj
 0001:00012b3e       __vsnprintf_l              10013b3e f i common-kernel32:MStrSafe.obj
 0001:00012b70       ?IsFilePath@@YA_NPB_W_N@Z  10013b70 f   common-kernel32:CmdLine.obj
 0001:00012ce4       ?PointToExt@@YAPB_WPB_W@Z  10013ce4 f   common-kernel32:CmdLine.obj
 0001:00012d02       ?PointToName@@YAPB_WPB_W@Z 10013d02 f   common-kernel32:CmdLine.obj
 0001:00012d44       ?Unquote@@YAPB_WPA_W_N@Z   10013d44 f   common-kernel32:CmdLine.obj
 0001:00012d8f       ??$sprintf_c@$0CI@@@YAHAAY0CI@DPBDZZ 10013d8f f i common-kernel32:WThreads.obj
 0001:00012da5       ?SetThreadName@@YAXKPAD@Z  10013da5 f   common-kernel32:WThreads.obj
 0001:00012dfe       ?apiCreateThread@@YAPAXP6GKPAX@Z0PAKPBDH@Z 10013dfe f   common-kernel32:WThreads.obj
 0001:00012ef6       ?apiTerminateThreadEx@@YAHPAXKPBDH@Z 10013ef6 f   common-kernel32:WThreads.obj
 0001:00012fca       ?apiThreadHelper@@YGKPAX@Z 10013fca f   common-kernel32:WThreads.obj
 0001:00013156       ?lstrdup@@YAPA_WPB_WI@Z    10014156 f   common-kernel32:MStrDup.obj
 0001:000131a2       ?lstrmerge@@YAPA_WPB_W00000000@Z 100141a2 f   common-kernel32:MStrDup.obj
 0001:0001329c       ?lstrmerge@@YA_NPAPA_WPB_W1111111@Z 1001429c f   common-kernel32:MStrDup.obj
 0001:000132e5       ??0CEStr@@QAE@$$QAPA_W@Z   100142e5 f   common-kernel32:CEStr.obj
 0001:00013301       ??0CEStr@@QAE@$$QAU0@@Z    10014301 f   common-kernel32:CEStr.obj
 0001:0001332a       ??0CEStr@@QAE@PB_W00000000@Z 1001432a f   common-kernel32:CEStr.obj
 0001:0001336f       ??0CEStr@@QAE@XZ           1001436f f   common-kernel32:CEStr.obj
 0001:00013379       ??0bad_alloc@stdext@@QAE@ABV01@@Z 10014379 f i common-kernel32:CEStr.obj
 0001:00013397       ??0bad_alloc@stdext@@QAE@XZ 10014397 f i common-kernel32:CEStr.obj
 0001:000133a7       ??0exception@stdext@@QAE@ABV01@@Z 100143a7 f i common-kernel32:CEStr.obj
 0001:000133bf       ??1CEStr@@QAE@XZ           100143bf f   common-kernel32:CEStr.obj
 0001:000133c4       ??1bad_alloc@stdext@@UAE@XZ 100143c4 f i common-kernel32:CEStr.obj
 0001:000133cb       ??4CEStr@@QAEAAU0@$$QAU0@@Z 100143cb f   common-kernel32:CEStr.obj
 0001:00013400       ??4CEStr@@QAEAAU0@PB_W@Z   10014400 f   common-kernel32:CEStr.obj
 0001:0001341c       ?data@CEStr@@QBEPA_WXZ     1001441c f   common-kernel32:CEStr.obj
 0001:0001341c       ??BCEStr@@QBEPB_WXZ        1001441c f   common-kernel32:CEStr.obj
 0001:0001341f       ??BCEStr@@QBE_NXZ          1001441f f   common-kernel32:CEStr.obj
 0001:00013427       ??_Eexception@stdext@@UAEPAXI@Z 10014427 f i common-kernel32:CEStr.obj
 0001:00013427       ??_Ebad_alloc@stdext@@UAEPAXI@Z 10014427 f i common-kernel32:CEStr.obj
 0001:00013427       ??_Gbad_alloc@stdext@@UAEPAXI@Z 10014427 f i common-kernel32:CEStr.obj
 0001:00013427       ??_Gexception@stdext@@UAEPAXI@Z 10014427 f i common-kernel32:CEStr.obj
 0001:0001344a       ?AttachInt@CEStr@@AAEPB_WAAPA_W@Z 1001444a f   common-kernel32:CEStr.obj
 0001:000134ad       ?Clear@CEStr@@QAEXXZ       100144ad f   common-kernel32:CEStr.obj
 0001:000134bb       ?Compare@CEStr@@QBEHPB_W_N@Z 100144bb f   common-kernel32:CEStr.obj
 0001:000134f6       ?Detach@CEStr@@QAEPA_WXZ   100144f6 f   common-kernel32:CEStr.obj
 0001:00013500       ?GetBuffer@CEStr@@QAEPA_WH@Z 10014500 f   common-kernel32:CEStr.obj
 0001:00013592       ?GetLen@CEStr@@QBEHXZ      10014592 f   common-kernel32:CEStr.obj
 0001:000135bc       ?GetMaxCount@CEStr@@QAEHXZ 100145bc f   common-kernel32:CEStr.obj
 0001:000135d8       ?IsEmpty@CEStr@@QBE_NXZ    100145d8 f   common-kernel32:CEStr.obj
 0001:000135e8       ?Release@CEStr@@QAEXXZ     100145e8 f   common-kernel32:CEStr.obj
 0001:000135fd       ?Set@CEStr@@QAEPB_WPB_WH@Z 100145fd f   common-kernel32:CEStr.obj
 0001:000136c2       ?SetAt@CEStr@@QAE_WH_W@Z   100146c2 f   common-kernel32:CEStr.obj
 0001:000136f8       ?_Doraise@bad_alloc@stdext@@MBEXXZ 100146f8 f i common-kernel32:CEStr.obj
 0001:00013705       ?c_str@CEStr@@QBEPB_WPB_W@Z 10014705 f   common-kernel32:CEStr.obj
 0001:00013715       ?what@exception@stdext@@UBEPBDXZ 10014715 f i common-kernel32:CEStr.obj
 0001:00013930       ??0CEnvStrings@@QAE@PA_W@Z 10014930 f   common-kernel32:EnvVar.obj
 0001:0001398e       ??1CEnvStrings@@QAE@XZ     1001498e f   common-kernel32:EnvVar.obj
 0001:000139a3       ?Clear@CEnvRestorer@@QAEXXZ 100149a3 f   common-kernel32:EnvVar.obj
 0001:000139ba       ?ExpandEnvStr@@YA?AUCEStr@@PB_W@Z 100149ba f   common-kernel32:EnvVar.obj
 0001:000139db       ?GetEnvVar@@YA?AUCEStr@@PB_W@Z 100149db f   common-kernel32:EnvVar.obj
 0001:000139f7       ?SavePathVar@CEnvRestorer@@QAEXPB_W@Z 100149f7 f   common-kernel32:EnvVar.obj
 0001:00013a23       ?CommonShutdown@@YAXXZ     10014a23 f   common-kernel32:Common.obj
 0001:00013a32       ?GetCommand@CESERVER_REQ_NEWCMD@@QAEPA_WXZ 10014a32 f   common-kernel32:Common.obj
 0001:00013a4b       ?GetEnvStrings@CESERVER_REQ_NEWCMD@@QAEPA_WXZ 10014a4b f   common-kernel32:Common.obj
 0001:00013a68       ?IsEnvBlockVariableValid@@YA_NPB_W@Z 10014a68 f   common-kernel32:Common.obj
 0001:00013a94       ?IsEnvBlockVariableValid@@YA_NPB_WAAPB_W@Z 10014a94 f   common-kernel32:Common.obj
 0001:00013aca       ?SetCommand@CESERVER_REQ_NEWCMD@@QAEXPB_W@Z 10014aca f   common-kernel32:Common.obj
 0001:00013b16       ?SetEnvStrings@CESERVER_REQ_NEWCMD@@QAEXPB_WK@Z 10014b16 f   common-kernel32:Common.obj
 0001:00013be2       ??0MNullDesc@@QAE@XZ       10014be2 f i common-kernel32:MSecurity.obj
 0001:00013c04       ??1MNullDesc@@QAE@XZ       10014c04 f i common-kernel32:MSecurity.obj
 0001:00013c3c       ?LoadAdvApi@MNullDesc@@IAEHXZ 10014c3c f i common-kernel32:MSecurity.obj
 0001:00013d14       ?LocalSecurity@@YAPAU_SECURITY_ATTRIBUTES@@XZ 10014d14 f   common-kernel32:MSecurity.obj
 0001:00013d40       ?LocalSecurity@MNullDesc@@QAEPAU_SECURITY_ATTRIBUTES@@XZ 10014d40 f i common-kernel32:MSecurity.obj
 0001:00013e5d       ?ShutdownSecurity@@YAXXZ   10014e5d f   common-kernel32:MSecurity.obj
 0001:00013e82       ?UnloadAdvApi@MNullDesc@@IAEXXZ 10014e82 f i common-kernel32:MSecurity.obj
 0001:00013e9a       ??$?0P6GHPAX@ZX@?$function@$$A6AXPAX@Z@std@@QAE@P6GHPAX@Z@Z 10014e9a f i common-kernel32:WObjects.obj
 0001:00013eba       ??$GetProcAddress@$$A6GHPAU_OSVERSIONINFOEXW@@K_K@Z@MModule@@QBE_NQBDAAP6GHPAU_OSVERSIONINFOEXW@@K_K@Z@Z 10014eba f i common-kernel32:WObjects.obj
 0001:00013ef7       ??0MHandle@@QAE@PAXV?$function@$$A6AXPAX@Z@std@@@Z 10014ef7 f i common-kernel32:WObjects.obj
 0001:00013f21       ??R?$_Func_class@XPAX@std@@QBEXPAX@Z 10014f21 f i common-kernel32:WObjects.obj
 0001:00013f3e       ?Close@MHandle@@QAEXXZ     10014f3e f i common-kernel32:WObjects.obj
 0001:00013f6b       ?FileExists@@YA_NPB_WPA_K@Z 10014f6b f   common-kernel32:WObjects.obj
 0001:00014153       ?IsWin6@@YA_NXZ            10015153 f   common-kernel32:WObjects.obj
 0001:00014181       ?IsWin7@@YA_NXZ            10015181 f   common-kernel32:WObjects.obj
 0001:000141af       ?IsWinVerOrHigher@@YA_NG@Z 100151af f   common-kernel32:WObjects.obj
 0001:0001422c       ?IsWindows64@@YA_NXZ       1001522c f   common-kernel32:WObjects.obj
 0001:0001429c       ?MakeOsVersionEx@@YA?AU_OSVERSIONINFOEXW@@KK@Z 1001529c f   common-kernel32:WObjects.obj
 0001:000142cd       ?SetHandle@MHandle@@QAE_NPAXV?$function@$$A6AXPAX@Z@std@@@Z 100152cd f i common-kernel32:WObjects.obj
 0001:00014321       ?_Move@?$_Func_impl_no_alloc@P6GHPAX@ZXPAX@std@@EAEPAV?$_Func_base@XPAX@2@PAX@Z 10015321 f i common-kernel32:WObjects.obj
 0001:00014321       ?_Copy@?$_Func_impl_no_alloc@P6GHPAX@ZXPAX@std@@EBEPAV?$_Func_base@XPAX@2@PAX@Z 10015321 f i common-kernel32:WObjects.obj
 0001:00014337       ?_Delete_this@?$_Func_impl_no_alloc@P6GHPAX@ZXPAX@std@@EAEX_N@Z 10015337 f i common-kernel32:WObjects.obj
 0001:00014337       ?_Delete_this@?$_Func_impl_no_alloc@V<lambda_9e7323793ed24b1a5fadb4d27ba29021>@@_NABUtagPROCESSENTRY32W@@@std@@EAEX_N@Z 10015337 f i common-kernel32:MProcess.obj
 0001:0001434e       ?_Do_call@?$_Func_impl_no_alloc@P6GHPAX@ZXPAX@std@@EAEX$$QAPAX@Z 1001534e f i common-kernel32:WObjects.obj
 0001:0001435d       ?_Get@?$_Func_impl_no_alloc@P6GHPAX@ZXPAX@std@@EBEPBXXZ 1001535d f i common-kernel32:WObjects.obj
 0001:0001435d       ?_Get@?$_Func_impl_no_alloc@V<lambda_9e7323793ed24b1a5fadb4d27ba29021>@@_NABUtagPROCESSENTRY32W@@@std@@EBEPBXXZ 1001535d f i common-kernel32:MProcess.obj
 0001:00014361       ?_Reset_move@?$_Func_class@XPAX@std@@IAEX$$QAV12@@Z 10015361 f i common-kernel32:WObjects.obj
 0001:00014395       ?_Target_type@?$_Func_impl_no_alloc@P6GHPAX@ZXPAX@std@@EBEABVtype_info@@XZ 10015395 f i common-kernel32:WObjects.obj
 0001:0001439b       ?_Tidy@?$_Func_class@_NABUtagPROCESSENTRY32W@@@std@@IAEXXZ 1001539b f i common-kernel32:MProcess.obj
 0001:0001439b       ?_Tidy@?$_Func_class@XPAX@std@@IAEXXZ 1001539b f i common-kernel32:WObjects.obj
 0001:000143b9       ?_VerifyVersionInfo@@YA_NPAU_OSVERSIONINFOEXW@@K_K@Z 100153b9 f   common-kernel32:WObjects.obj
 0001:00014433       ?Init@HkFunc@@QAE_NPB_WPAUHINSTANCE__@@@Z 10015433 f   common-kernel32:HkFunc.obj
 0001:00014491       ?isConEmuHk@HkFunc@@QAE_NXZ 10015491 f   common-kernel32:HkFunc.obj
 0001:00014498       ??$_Emplace_reallocate@ABUtagPROCESSENTRY32W@@@?$vector@UtagPROCESSENTRY32W@@V?$MArrayAllocator@UtagPROCESSENTRY32W@@@@@std@@QAEPAUtagPROCESSENTRY32W@@QAU2@ABU2@@Z 10015498 f i common-kernel32:MProcess.obj
 0001:0001455b       ??$emplace_back@ABUtagPROCESSENTRY32W@@@?$vector@UtagPROCESSENTRY32W@@V?$MArrayAllocator@UtagPROCESSENTRY32W@@@@@std@@QAEXABUtagPROCESSENTRY32W@@@Z 1001555b f i common-kernel32:MProcess.obj
 0001:0001458e       ??0?$MToolHelp@UtagPROCESSENTRY32W@@$1?Process32FirstW@@YGHPAXPAU1@@Z$1?Process32NextW@@YGH01@Z@@QAE@KK@Z 1001558e f i common-kernel32:MProcess.obj
 0001:000145fc       ??1?$MToolHelp@UtagPROCESSENTRY32W@@$1?Process32FirstW@@YGHPAXPAU1@@Z$1?Process32NextW@@YGH01@Z@@UAE@XZ 100155fc f i common-kernel32:MProcess.obj
 0001:00014616       ??_EMToolHelpProcess@@UAEPAXI@Z 10015616 f i common-kernel32:MProcess.obj
 0001:00014616       ??_GMToolHelpProcess@@UAEPAXI@Z 10015616 f i common-kernel32:MProcess.obj
 0001:00014616       ??_G?$MToolHelp@UtagPROCESSENTRY32W@@$1?Process32FirstW@@YGHPAXPAU1@@Z$1?Process32NextW@@YGH01@Z@@UAEPAXI@Z 10015616 f i common-kernel32:MProcess.obj
 0001:00014616       ??_E?$MToolHelp@UtagPROCESSENTRY32W@@$1?Process32FirstW@@YGHPAXPAU1@@Z$1?Process32NextW@@YGH01@Z@@UAEPAXI@Z 10015616 f i common-kernel32:MProcess.obj
 0001:0001463b       ?Close@?$MToolHelp@UtagPROCESSENTRY32W@@$1?Process32FirstW@@YGHPAXPAU1@@Z$1?Process32NextW@@YGH01@Z@@QAEXXZ 1001563b f i common-kernel32:MProcess.obj
 0001:000146a8       ?Filter@?$MToolHelp@UtagPROCESSENTRY32W@@$1?Process32FirstW@@YGHPAXPAU1@@Z$1?Process32NextW@@YGH01@Z@@MAE_NABUtagPROCESSENTRY32W@@@Z 100156a8 f i common-kernel32:MProcess.obj
 0001:000146ad       ?Find@?$MToolHelp@UtagPROCESSENTRY32W@@$1?Process32FirstW@@YGHPAXPAU1@@Z$1?Process32NextW@@YGH01@Z@@QAE_NABV?$function@$$A6A_NABUtagPROCESSENTRY32W@@@Z@std@@AAUtagPROCESSENTRY32W@@@Z 100156ad f i common-kernel32:MProcess.obj
 0001:00014747       ?Find@MToolHelpProcess@@QAE_NKAAUtagPROCESSENTRY32W@@@Z 10015747 f i common-kernel32:MProcess.obj
 0001:00014790       ?Next@?$MToolHelp@UtagPROCESSENTRY32W@@$1?Process32FirstW@@YGHPAXPAU1@@Z$1?Process32NextW@@YGH01@Z@@QAE_NAAUtagPROCESSENTRY32W@@@Z 10015790 f i common-kernel32:MProcess.obj
 0001:000147e8       ?Open@?$MToolHelp@UtagPROCESSENTRY32W@@$1?Process32FirstW@@YGHPAXPAU1@@Z$1?Process32NextW@@YGH01@Z@@QAE_NXZ 100157e8 f i common-kernel32:MProcess.obj
 0001:00014847       ?_Calculate_growth@?$vector@UtagPROCESSENTRY32W@@V?$MArrayAllocator@UtagPROCESSENTRY32W@@@@@std@@ABEII@Z 10015847 f i common-kernel32:MProcess.obj
 0001:00014874       ?_Change_array@?$vector@UtagPROCESSENTRY32W@@V?$MArrayAllocator@UtagPROCESSENTRY32W@@@@@std@@AAEXQAUtagPROCESSENTRY32W@@II@Z 10015874 f i common-kernel32:MProcess.obj
 0001:000148a9       ?_Move@?$_Func_impl_no_alloc@V<lambda_9e7323793ed24b1a5fadb4d27ba29021>@@_NABUtagPROCESSENTRY32W@@@std@@EAEPAV?$_Func_base@_NABUtagPROCESSENTRY32W@@@2@PAX@Z 100158a9 f i common-kernel32:MProcess.obj
 0001:000148a9       ?_Copy@?$_Func_impl_no_alloc@V<lambda_9e7323793ed24b1a5fadb4d27ba29021>@@_NABUtagPROCESSENTRY32W@@@std@@EBEPAV?$_Func_base@_NABUtagPROCESSENTRY32W@@@2@PAX@Z 100158a9 f i common-kernel32:MProcess.obj
 0001:000148bf       ?_Do_call@?$_Func_impl_no_alloc@V<lambda_9e7323793ed24b1a5fadb4d27ba29021>@@_NABUtagPROCESSENTRY32W@@@std@@EAE_NABUtagPROCESSENTRY32W@@@Z 100158bf f i common-kernel32:MProcess.obj
 0001:000148d2       ?_Target_type@?$_Func_impl_no_alloc@V<lambda_9e7323793ed24b1a5fadb4d27ba29021>@@_NABUtagPROCESSENTRY32W@@@std@@EBEABVtype_info@@XZ 100158d2 f i common-kernel32:MProcess.obj
 0001:000148d8       ?_Tidy@?$vector@UtagPROCESSENTRY32W@@V?$MArrayAllocator@UtagPROCESSENTRY32W@@@@@std@@AAEXXZ 100158d8 f i common-kernel32:MProcess.obj
 0001:000148f4       ?allocate@?$MArrayAllocator@UtagPROCESSENTRY32W@@@@QAEPAUtagPROCESSENTRY32W@@I@Z 100158f4 f i common-kernel32:MProcess.obj
 0001:00014926       ?getNext@?$MToolHelp@UtagPROCESSENTRY32W@@$1?Process32FirstW@@YGHPAXPAU1@@Z$1?Process32NextW@@YGH01@Z@@IAE_NXZ 10015926 f i common-kernel32:MProcess.obj
 0001:000149a7       ?isTerminalMode@@YA_NXZ    100159a7 f   common-kernel32:MProcess.obj
 0001:00014a9a       ?push_back@?$MArray@UtagPROCESSENTRY32W@@@@QAEHABUtagPROCESSENTRY32W@@@Z 10015a9a f i common-kernel32:MProcess.obj
 0001:00014abc       ?swap@?$vector@UtagPROCESSENTRY32W@@V?$MArrayAllocator@UtagPROCESSENTRY32W@@@@@std@@QAEXAAV12@@Z 10015abc f i common-kernel32:MProcess.obj
 0001:00014af0       ??0MSection@@QAE@XZ        10015af0 f   common-kernel32:MSection.obj
 0001:00014b4f       ??0MSectionLock@@QAE@XZ    10015b4f f   common-kernel32:MSection.obj
 0001:00014b5c       ??0MSectionThread@@QAE@PAVMSection@@@Z 10015b5c f   common-kernel32:MSection.obj
 0001:00014b77       ??1MSection@@QAE@XZ        10015b77 f   common-kernel32:MSection.obj
 0001:00014bd1       ??1MSectionLock@@QAE@XZ    10015bd1 f   common-kernel32:MSection.obj
 0001:00014bea       ??1MSectionThread@@QAE@XZ  10015bea f   common-kernel32:MSection.obj
 0001:00014c00       ?AddRef@MSection@@IAEXK@Z  10015c00 f   common-kernel32:MSection.obj
 0001:00014c69       ?Lock@MSection@@IAEHHK@Z   10015c69 f   common-kernel32:MSection.obj
 0001:00014d2f       ?Lock@MSectionLock@@QAEHPAVMSection@@HK@Z 10015d2f f   common-kernel32:MSection.obj
 0001:00014d7a       ?MyEnterCriticalSection@MSection@@IAE_NK@Z 10015d7a f   common-kernel32:MSection.obj
 0001:00014e62       ?ReleaseRef@MSection@@IAEHK@Z 10015e62 f   common-kernel32:MSection.obj
 0001:00014ecf       ?ThreadTerminated@MSection@@QAEXK@Z 10015ecf f   common-kernel32:MSection.obj
 0001:00014ef5       ?Unlock@MSection@@IAEXH@Z  10015ef5 f   common-kernel32:MSection.obj
 0001:00014f33       ?Unlock@MSectionLock@@QAEXXZ 10015f33 f   common-kernel32:MSection.obj
 0001:00014f50       ?WaitUnlocked@MSection@@IAEXKK@Z 10015f50 f   common-kernel32:MSection.obj
 0001:00014fab       ?CheckCallbackPtr@@YA_NPAUHINSTANCE__@@IPAP6GHXZHHH@Z 10015fab f   common-kernel32:WModuleCheck.obj
 0001:00015078       ?IsModuleValid@@YA_NPAUHINSTANCE__@@H@Z 10016078 f   common-kernel32:WModuleCheck.obj
 0001:00015150       ??0MModule@@QAE@PAUHINSTANCE__@@@Z 10016150 f   common-kernel32:MModule.obj
 0001:00015166       ??1MModule@@QAE@XZ         10016166 f   common-kernel32:MModule.obj
 0001:0001516b       ?Free@MModule@@QAEXXZ      1001616b f   common-kernel32:MModule.obj
 0001:00015196       ??0MSectionSimple@@QAE@_N@Z 10016196 f   common-kernel32:MSectionSimple.obj
 0001:000151c0       ??1MSectionSimple@@QAE@XZ  100161c0 f   common-kernel32:MSectionSimple.obj
 0001:000151c5       ?Close@MSectionSimple@@QAEXXZ 100161c5 f   common-kernel32:MSectionSimple.obj
 0001:000151db       ?Enter@MSectionSimple@@QAEXXZ 100161db f   common-kernel32:MSectionSimple.obj
 0001:000151e3       ?Init@MSectionSimple@@QAEXXZ 100161e3 f   common-kernel32:MSectionSimple.obj
 0001:000151f9       ?Leave@MSectionSimple@@QAEXXZ 100161f9 f   common-kernel32:MSectionSimple.obj
 0001:00015201       ?RecreateAndLock@MSectionSimple@@QAE_NXZ 10016201 f   common-kernel32:MSectionSimple.obj
 0001:00015248       ?TryEnter@MSectionSimple@@QAE_NXZ 10016248 f   common-kernel32:MSectionSimple.obj
 0001:00015267       ?SetConEmuEnvHWND@@YAXPB_WPAUHWND__@@@Z 10016267 f   common-user32:SetEnvVar.obj
 0001:000152b2       ?SetConEmuEnvVar@@YAXPAUHWND__@@@Z 100162b2 f   common-user32:SetEnvVar.obj
 0001:0001531c       ?SetConEmuEnvVarChild@@YAXPAUHWND__@@0@Z 1001631c f   common-user32:SetEnvVar.obj
 0001:0001533e       ??$wcscpy_add@$0BAF@@@YAHPA_WAAY0BAF@_WPB_W@Z 1001633e f i common-user32:ConEmuCheckEx.obj
 0001:0001536b       ??$wcscpy_c@$0BAF@@@YAHAAY0BAF@_WPB_W@Z 1001636b f i common-user32:ConEmuCheckEx.obj
 0001:00015380       ?FindConEmuBaseDir@@YAHAAY0BAF@_W0PAUHINSTANCE__@@@Z 10016380 f   common-user32:ConEmuCheckEx.obj
 0001:00015826       ?IsConEmuExeExist@@YAHPB_WAAY0BAF@_W@Z 10016826 f   common-user32:ConEmuCheckEx.obj
 0001:0001589d       ??$swprintf_c@$0FA@@@YAHAAY0FA@_WPB_WZZ 1001689d f i common-user32:EmergencyShow.obj
 0001:000158b3       ?CorrectConsolePos@@YAXPAUHWND__@@@Z 100168b3 f   common-user32:EmergencyShow.obj
 0001:00015988       ?EmergencyShow@@YAXPAUHWND__@@HH@Z 10016988 f   common-user32:EmergencyShow.obj
 0001:00015a79       ?EvaluateDefaultFontWidth@@YAHHPB_W@Z 10016a79 f   common-user32:EmergencyShow.obj
 0001:00015b69       ?SetUserFriendlyFont@@YAXPAUHWND__@@HH@Z 10016b69 f   common-user32:EmergencyShow.obj
 0001:00015e99       ??0MSetter@@QAE@PAJ@Z      10016e99 f   common-user32:MSetter.obj
 0001:00015ebd       ??1MSetter@@QAE@XZ         10016ebd f   common-user32:MSetter.obj
 0001:00015ec2       ?Unlock@MSetter@@QAEXXZ    10016ec2 f   common-user32:MSetter.obj
 0001:00015f1d       ?IsDotsName@@YA_NPB_W@Z    10016f1d f   common-user32:WFiles.obj
 0001:00015f4d       ?SearchAppPaths@@YA_NPB_WAAUCEStr@@_NPAVCEnvRestorer@@@Z 10016f4d f   common-user32:WFiles.obj
 0001:00016347       ??1ConsoleSectionHelper@@QAE@XZ 10017347 f i common-user32:WConsoleEx.obj
 0001:0001636f       ?CreateConsoleData@ConsoleSectionHelper@@QAEPAUCONSOLE_INFO@@XZ 1001736f f i common-user32:WConsoleEx.obj
 0001:00016394       ?CreateConsoleSection@ConsoleSectionHelper@@QAEPAXXZ 10017394 f i common-user32:WConsoleEx.obj
 0001:000163b5       ?GetConsoleSizeInfo@@YAXPAUCONSOLE_INFO@@@Z 100173b5 f   common-user32:WConsoleEx.obj
 0001:00016427       ?SetConsoleFontSizeTo@@YAXPAUHWND__@@HHPB_WGG@Z 10017427 f   common-user32:WConsoleEx.obj
 0001:00016744       ?SetConsoleInfo@@YAHPAUHWND__@@PAUCONSOLE_INFO@@@Z 10017744 f   common-user32:WConsoleEx.obj
 0001:0001691c       ?SetEnvVarExpanded@@YAXPB_W0@Z 1001791c f   common-user32:WUser.obj
 0001:000169c8       ?UpdateComspec@@YAXPAUConEmuComspec@@_N@Z 100179c8 f   common-user32:WUser.obj
 0001:00016c5b       ?apiShowWindow@@YA_NPAUHWND__@@H@Z 10017c5b f   common-user32:WUser.obj
 0001:00016c71       ?apiShowWindowAsync@@YA_NPAUHWND__@@H@Z 10017c71 f   common-user32:WUser.obj
 0001:00016c87       ?RegGetStringValue@@YAHPAUHKEY__@@PB_W1AAUCEStr@@K@Z 10017c87 f   common-user32:WRegistry.obj
 0001:00016de1       ?FindMonitorsWorkspace@@YGHPAUHMONITOR__@@PAUHDC__@@PAUtagRECT@@J@Z 10017de1 f   common-user32:Monitors.obj
 0001:00016e1a       ?GetAllMonitorsWorkspace@@YA?AUtagRECT@@XZ 10017e1a f   common-user32:Monitors.obj
 0001:00016e6a       ??0bad_function_call@std@@QAE@ABV01@@Z 10017e6a f i libcpmt:xthrow.obj
 0001:00016e85       ??0bad_function_call@std@@QAE@XZ 10017e85 f i libcpmt:xthrow.obj
 0001:00016e96       ??0exception@std@@QAE@QBD@Z 10017e96 f i libcpmt:xthrow.obj
 0001:00016ecb       ??0length_error@std@@QAE@ABV01@@Z 10017ecb f i libcpmt:xthrow.obj
 0001:00016ee6       ??0length_error@std@@QAE@PBD@Z 10017ee6 f i libcpmt:xthrow.obj
 0001:00016f05       ??0logic_error@std@@QAE@ABV01@@Z 10017f05 f i libcpmt:xthrow.obj
 0001:00016f20       ?_Xbad_function_call@std@@YAXXZ 10017f20 f   libcpmt:xthrow.obj
 0001:00016f3d       ?_Xlength_error@std@@YAXPBD@Z 10017f3d f   libcpmt:xthrow.obj
 0001:00016f5d       ?what@bad_function_call@std@@UBEPBDXZ 10017f5d f i libcpmt:xthrow.obj
 0001:00016f63       @__security_check_cookie@4 10017f63 f   LIBCMT:secchk.obj
 0001:00016f74       ??3@YAXPAXI@Z              10017f74 f   LIBCMT:delete_scalar_size.obj
 0001:00016f82       __EH_epilog3               10017f82 f   LIBCMT:ehprolg3.obj
 0001:00016f97       __EH_epilog3_GS            10017f97 f   LIBCMT:ehprolg3.obj
 0001:00016fa8       __EH_prolog3               10017fa8 f   LIBCMT:ehprolg3.obj
 0001:00016fdc       __EH_prolog3_GS            10017fdc f   LIBCMT:ehprolg3.obj
 0001:00017013       __EH_prolog3_catch         10018013 f   LIBCMT:ehprolg3.obj
 0001:00017050       __chkstk                   10018050 f   LIBCMT:chkstk.obj
 0001:00017050       __alloca_probe             10018050 f   LIBCMT:chkstk.obj
 0001:00017080       __aullshr                  10018080 f   LIBCMT:ullshr.obj
 0001:0001709f       ??_Etype_info@@UAEPAXI@Z   1001809f f i LIBCMT:std_type_info_static.obj
 0001:0001709f       ??_Gtype_info@@UAEPAXI@Z   1001809f f i LIBCMT:std_type_info_static.obj
 0001:000170e9       ??$__crt_fast_encode_pointer@P6GHPAU_RTL_CONDITION_VARIABLE@@PAU_RTL_CRITICAL_SECTION@@K@Z@@YAP6GHPAU_RTL_CONDITION_VARIABLE@@PAU_RTL_CRITICAL_SECTION@@K@ZQ6GH01K@Z@Z 100180e9 f i LIBCMT:thread_safe_statics.obj
 0001:000170e9       ??$__crt_fast_encode_pointer@PAP6AXXZ@@YAPAP6AXXZQAP6AXXZ@Z 100180e9 f i LIBCMT:utility.obj
 0001:000170e9       ??$__crt_fast_encode_pointer@PAX@@YAPAXQAX@Z 100180e9 f i libvcruntime:winapi_downlevel.obj
 0001:000170e9       ??$__crt_fast_encode_pointer@P6GXPAU_RTL_CONDITION_VARIABLE@@@Z@@YAP6GXPAU_RTL_CONDITION_VARIABLE@@@ZQ6GX0@Z@Z 100180e9 f i LIBCMT:thread_safe_statics.obj
 0001:00017211       __Init_thread_footer       10018211 f   LIBCMT:thread_safe_statics.obj
 0001:0001725b       __Init_thread_header       1001825b f   LIBCMT:thread_safe_statics.obj
 0001:000172ad       __Init_thread_notify       100182ad f   LIBCMT:thread_safe_statics.obj
 0001:000172ef       __Init_thread_wait         100182ef f   LIBCMT:thread_safe_statics.obj
 0001:00017350       __SEH_prolog4              10018350 f   LIBCMT:sehprolg4.obj
 0001:00017396       __SEH_epilog4              10018396 f   LIBCMT:sehprolg4.obj
 0001:000176cb       __DllMainCRTStartup@12     100186cb f   LIBCMT:dll_dllmain.obj
 0001:00017732       ___scrt_acquire_startup_lock 10018732 f   LIBCMT:utility.obj
 0001:00017764       ___scrt_dllmain_after_initialize_c 10018764 f   LIBCMT:utility.obj
 0001:0001778f       ___scrt_dllmain_before_initialize_c 1001878f f   LIBCMT:utility.obj
 0001:0001779d       ___scrt_dllmain_crt_thread_attach 1001879d f   LIBCMT:utility.obj
 0001:000177bc       ___scrt_dllmain_crt_thread_detach 100187bc f   LIBCMT:utility.obj
 0001:000177c9       ___scrt_dllmain_exception_filter 100187c9 f   LIBCMT:utility.obj
 0001:000177fd       ___scrt_dllmain_uninitialize_c 100187fd f   LIBCMT:utility.obj
 0001:00017820       ___scrt_dllmain_uninitialize_critical 10018820 f   LIBCMT:utility.obj
 0001:0001782d       ___scrt_initialize_crt     1001882d f   LIBCMT:utility.obj
 0001:00017866       ___scrt_initialize_onexit_tables 10018866 f   LIBCMT:utility.obj
 0001:0001790b       ___scrt_is_nonwritable_in_current_image 1001890b f   LIBCMT:utility.obj
 0001:0001799f       ___scrt_release_startup_lock 1001899f f   LIBCMT:utility.obj
 0001:000179bc       ___scrt_uninitialize_crt   100189bc f   LIBCMT:utility.obj
 0001:000179e4       __onexit                   100189e4 f   LIBCMT:utility.obj
 0001:00017a1f       _atexit                    10018a1f f   LIBCMT:utility.obj
 0001:00017a34       ___raise_securityfailure   10018a34 f   LIBCMT:gs_report.obj
 0001:00017a5c       ___report_gsfailure        10018a5c f   LIBCMT:gs_report.obj
 0001:00017b55       ___scrt_fastfail           10018b55 f   LIBCMT:utility_desktop.obj
 0001:00017c6f       __crt_debugger_hook        10018c6f f   LIBCMT:utility_desktop.obj
 0001:00017cc4       ___security_init_cookie    10018cc4 f   LIBCMT:gs_support.obj
 0001:00017d0f       ?__scrt_initialize_type_info@@YAXXZ 10018d0f f   LIBCMT:tncleanup.obj
 0001:00017d1b       ?__scrt_uninitialize_type_info@@YAXXZ 10018d1b f   LIBCMT:tncleanup.obj
 0001:00017d27       ___local_stdio_scanf_options 10018d27 f i LIBCMT:default_local_stdio_options.obj
 0001:00017d2d       ___scrt_initialize_default_local_stdio_options 10018d2d f   LIBCMT:default_local_stdio_options.obj
 0001:00017d4a       ___scrt_get_dyn_tls_init_callback 10018d4a f   LIBCMT:dyn_tls_init.obj
 0001:00017d50       __RTC_Initialize           10018d50 f   LIBCMT:initsect.obj
 0001:00017d7c       __RTC_Terminate            10018d7c f   LIBCMT:initsect.obj
 0001:00017da8       ___isa_available_init      10018da8 f   LIBCMT:cpu_disp.obj
 0001:00017f3f       ___scrt_is_ucrt_dll_in_use 10018f3f f   LIBCMT:ucrt_detection.obj
 0001:00017f4b       ?GetRangeOfTrysToCheck@__FrameHandler3@@SA?AU?$pair@Viterator@TryBlockMap@__FrameHandler3@@V123@@std@@AAVTryBlockMap@1@HH@Z 10018f4b f   libvcruntime:trnsctrl.obj
 0001:00017fcd       ?_CallCatchBlock2@@YAPAXPAUEHRegistrationNode@@PBU_s_FuncInfo@@PAXHK@Z 10018fcd f   libvcruntime:trnsctrl.obj
 0001:0001802b       ?_CallSETranslator@@YAHPAUEHExceptionRecord@@PAUEHRegistrationNode@@PAX2PBU_s_FuncInfo@@H1@Z 1001902b f   libvcruntime:trnsctrl.obj
 0001:00018106       ?_JumpToContinuation@@YGXPAXPAUEHRegistrationNode@@@Z 10019106 f   libvcruntime:trnsctrl.obj
 0001:00018136       ?_UnwindNestedFrames@@YGXPAUEHRegistrationNode@@PAUEHExceptionRecord@@@Z 10019136 f   libvcruntime:trnsctrl.obj
 0001:00018189       __CatchGuardHandler        10019189 f   libvcruntime:trnsctrl.obj
 0001:000181ba       __CreateFrameInfo          100191ba f   libvcruntime:trnsctrl.obj
 0001:000181de       __FindAndUnlinkFrame       100191de f   libvcruntime:trnsctrl.obj
 0001:00018223       __TranslatorGuardHandler   10019223 f   libvcruntime:trnsctrl.obj
 0001:000182c0       ___CxxFrameHandler3        100192c0 f   libvcruntime:trnsctrl.obj
 0001:000182f6       _wcschr                    100192f6 f   libvcruntime:wcschr.obj
 0001:000183bd       _wcsstr                    100193bd f   libvcruntime:wcsstr.obj
 0001:00018640       _memmove                   10019640 f   libvcruntime:memmove.obj
 0001:00018bc0       _memset                    10019bc0 f   libvcruntime:memset.obj
 0001:00018d1a       ___DestructExceptionObject 10019d1a f   libvcruntime:ehhelpers.obj
 0001:00018dba       ?_CallMemberFunction0@@YGXQAX0@Z 10019dba f i libvcruntime:ehhelpers.obj
 0001:00018dc7       __IsExceptionObjectToBeDestroyed 10019dc7 f   libvcruntime:ehhelpers.obj
 0001:00018ded       ___AdjustPointer           10019ded f   libvcruntime:ehhelpers.obj
 0001:00018e12       ___FrameUnwindFilter       10019e12 f   libvcruntime:ehhelpers.obj
 0001:00018e57       ___std_terminate           10019e57 f   libvcruntime:ehhelpers.obj
 0001:00018e5c       ___std_exception_copy      10019e5c f   libvcruntime:std_exception.obj
 0001:00018ebf       ___std_exception_destroy   10019ebf f   libvcruntime:std_exception.obj
 0001:00018ede       __CxxThrowException@8      10019ede f   libvcruntime:throw.obj
 0001:00018f4b       __get_purecall_handler     10019f4b f   libvcruntime:purevirt.obj
 0001:00018f60       __purecall                 10019f60 f   libvcruntime:purevirt.obj
 0001:00018f7c       _wcsrchr                   10019f7c f   libvcruntime:wcsrchr.obj
 0001:00019020       _memcpy                    1001a020 f   libvcruntime:memcpy.obj
 0001:000195e0       __except_handler4          1001a5e0 f   libvcruntime:chandler4.obj
 0001:00019740       _strrchr                   1001a740 f   libvcruntime:strrchr.obj
 0001:00019880       _strchr                    1001a880 f   libvcruntime:strchr.obj
 0001:000198ee       ___from_strstr_to_strchr   1001a8ee     libvcruntime:strchr.obj
 0001:000199ab       ___vcrt_initialize         1001a9ab f   libvcruntime:initialization.obj
 0001:000199d4       ___vcrt_thread_attach      1001a9d4 f   libvcruntime:initialization.obj
 0001:000199df       ___vcrt_thread_detach      1001a9df f   libvcruntime:initialization.obj
 0001:000199ea       ___vcrt_uninitialize       1001a9ea f   libvcruntime:initialization.obj
 0001:00019a09       ___vcrt_uninitialize_critical 1001aa09 f   libvcruntime:initialization.obj
 0001:00019a11       ___std_type_info_compare   1001aa11 f   libvcruntime:std_type_info.obj
[...]
 0002:0000aa1c       __ehfuncinfo$?SearchAppPaths@@YA_NPB_WAAUCEStr@@_NPAVCEnvRestorer@@@Z 10034a1c     common-user32:WFiles.obj
 0002:0000aa40       __unwindtable$?SearchAppPaths@@YA_NPB_WAAUCEStr@@_NPAVCEnvRestorer@@@Z 10034a40     common-user32:WFiles.obj
 0002:0000aa68       __unwindtable$?UpdateComspec@@YAXPAUConEmuComspec@@_N@Z 10034a68     common-user32:WUser.obj
 0002:0000aa88       __ehfuncinfo$?UpdateComspec@@YAXPAUConEmuComspec@@_N@Z 10034a88     common-user32:WUser.obj
 0002:0000ab40       __sehtable$?dllmain_crt_process_attach@@YAHQAUHINSTANCE__@@QAX@Z 10034b40     LIBCMT:dll_dllmain.obj
 0002:0000ab60       __sehtable$?dllmain_crt_process_detach@@YAH_N@Z 10034b60     LIBCMT:dll_dllmain.obj
 0002:0000ab80       __sehtable$?dllmain_dispatch@@YAHQAUHINSTANCE__@@KQAX@Z 10034b80     LIBCMT:dll_dllmain.obj
 0002:0000aba0       __sehtable$___scrt_is_nonwritable_in_current_image 10034ba0     LIBCMT:utility.obj
 0002:0000abc0       __sehtable$___DestructExceptionObject 10034bc0     libvcruntime:ehhelpers.obj
 0002:0000abe0       __sehtable$?FrameUnwindToState@__FrameHandler3@@SAXPAUEHRegistrationNode@@PAXPBU_s_FuncInfo@@H@Z 10034be0     libvcruntime:frame.obj
 0002:0000ac08       __sehtable$?CallCatchBlock@@YAPAXPAUEHExceptionRecord@@PAUEHRegistrationNode@@PAU_CONTEXT@@PBU_s_FuncInfo@@PAXHK@Z 10034c08     libvcruntime:frame.obj
 0002:0000ac30       __catchsym$?CallUnexpected@@YAXPBU_s_ESTypeList@@@Z$2 10034c30     libvcruntime:frame.obj
 0002:0000ac40       __unwindtable$?CallUnexpected@@YAXPBU_s_ESTypeList@@@Z 10034c40     libvcruntime:frame.obj
 0002:0000ac50       __tryblocktable$?CallUnexpected@@YAXPBU_s_ESTypeList@@@Z 10034c50     libvcruntime:frame.obj
 0002:0000ac64       __ehfuncinfo$?CallUnexpected@@YAXPBU_s_ESTypeList@@@Z 10034c64     libvcruntime:frame.obj
 0002:0000ac88       __sehtable$??$BuildCatchObjectHelperInternal@$$CBU_s_HandlerType@@@@YAHPAUEHExceptionRecord@@PAXPBU_s_HandlerType@@PBU_s_CatchableType@@@Z 10034c88     libvcruntime:frame.obj
 0002:0000aca8       __sehtable$??$BuildCatchObjectInternal@$$CBU_s_HandlerType@@@@YAXPAUEHExceptionRecord@@PAXPBU_s_HandlerType@@PBU_s_CatchableType@@@Z 10034ca8     libvcruntime:frame.obj
 0002:0000ad00       __sehtable$?common_exit@@YAXHW4_crt_exit_cleanup_mode@@W4_crt_exit_return_mode@@@Z 10034d00     libucrt:exit.obj
 0002:0000ad28       __sehtable$??$?RV<lambda_800076c951b434888f4765a74a194fcc>@@AAV<lambda_4e60a939b0d047cfe11ddc22648dfba9>@@V<lambda_6dbb1268764f43b569ce7b67e331d33a>@@@?$__crt_seh_guarded_call@H@@QAEH$$QAV<lambda_800076c951b434888f4765a74a194fcc>@@AAV<lambda_4e60a939b0d047cfe11ddc22648dfba9>@@$$QAV<lambda_6dbb1268764f43b569ce7b67e331d33a>@@@Z 10034d28     libucrt:onexit.obj
 0002:0000ad48       __sehtable$??$?RV<lambda_995298e7d72eb4c2aab26c0585b3abe5>@@AAV<lambda_275893d493268fdec8709772e3fcec0e>@@V<lambda_293819299cbf9a7022e18b56a874bb5c>@@@?$__crt_seh_guarded_call@H@@QAEH$$QAV<lambda_995298e7d72eb4c2aab26c0585b3abe5>@@AAV<lambda_275893d493268fdec8709772e3fcec0e>@@$$QAV<lambda_293819299cbf9a7022e18b56a874bb5c>@@@Z 10034d48     libucrt:onexit.obj
 0002:0000ad68       __sehtable$_terminate      10034d68     libucrt:terminate.obj
 0002:0000ad88       __sehtable$??$?RV<lambda_9df27f884b057bc3edfc946cb5b7cf47>@@AAV<lambda_e69574bed617af4e071282c136b37893>@@V<lambda_cc0d902bcbbeb830f749456577db4721>@@@?$__crt_seh_guarded_call@X@@QAEX$$QAV<lambda_9df27f884b057bc3edfc946cb5b7cf47>@@AAV<lambda_e69574bed617af4e071282c136b37893>@@$$QAV<lambda_cc0d902bcbbeb830f749456577db4721>@@@Z 10034d88     libucrt:per_thread_data.obj
 0002:0000ada8       __sehtable$??$?RV<lambda_3518db117f0e7cdb002338c5d3c47b6c>@@AAV<lambda_b2ea41f6bbb362cd97d94c6828d90b61>@@V<lambda_abdedf541bb04549bc734292b4a045d4>@@@?$__crt_seh_guarded_call@X@@QAEX$$QAV<lambda_3518db117f0e7cdb002338c5d3c47b6c>@@AAV<lambda_b2ea41f6bbb362cd97d94c6828d90b61>@@$$QAV<lambda_abdedf541bb04549bc734292b4a045d4>@@@Z 10034da8     libucrt:per_thread_data.obj
 0002:0000adc8       __sehtable$??$?RV<lambda_51b6e8b1eb166f2a3faf91f424b38130>@@AAV<lambda_6250bd4b2a391816dd638c3bf72b0bcb>@@V<lambda_0b5a4a3e68152e1d9b943535f5f47bed>@@@?$__crt_seh_guarded_call@X@@QAEX$$QAV<lambda_51b6e8b1eb166f2a3faf91f424b38130>@@AAV<lambda_6250bd4b2a391816dd638c3bf72b0bcb>@@$$QAV<lambda_0b5a4a3e68152e1d9b943535f5f47bed>@@@Z 10034dc8     libucrt:per_thread_data.obj
 0002:0000ade8       __sehtable$??$?RV<lambda_5b71d36f03204c0beab531769a5b5694>@@AAV<lambda_be2b3da3f62db62e9dad5dc70221a656>@@V<lambda_8f9ce462984622f9bf76b59e2aaaf805>@@@?$__crt_seh_guarded_call@X@@QAEX$$QAV<lambda_5b71d36f03204c0beab531769a5b5694>@@AAV<lambda_be2b3da3f62db62e9dad5dc70221a656>@@$$QAV<lambda_8f9ce462984622f9bf76b59e2aaaf805>@@@Z 10034de8     libucrt:per_thread_data.obj
 0002:0000ae08       __sehtable$___acrt_uninitialize_locale 10034e08     libucrt:wsetlocale.obj
 0002:0000ae28       __sehtable$___acrt_initialize_lowio 10034e28     libucrt:ioinit.obj
 0002:0000ae48       __sehtable$___acrt_update_thread_multibyte_data 10034e48     libucrt:mbctype.obj
 0002:0000ae68       __sehtable$??$?RV<lambda_978dc153c237d78434369da87b74ff60>@@AAV<lambda_ad1ced32f4ac17aa236e5ef05d6b3b7c>@@V<lambda_4a8533e2866a575feecb8298ce776b0d>@@@?$__crt_seh_guarded_call@X@@QAEX$$QAV<lambda_978dc153c237d78434369da87b74ff60>@@AAV<lambda_ad1ced32f4ac17aa236e5ef05d6b3b7c>@@$$QAV<lambda_4a8533e2866a575feecb8298ce776b0d>@@@Z 10034e68     libucrt:mbctype.obj
 0002:0000ae88       __sehtable$__query_new_handler 10034e88     libucrt:new_handler.obj
 0002:0000aea8       __sehtable$_raise          10034ea8     libucrt:signal.obj
 0002:0000aec8       __sehtable$??$?RV<lambda_a048d3beccc847880fc8490e18b82769>@@AAV<lambda_ec61778202f4f5fc7e7711acc23c3bca>@@V<lambda_f7496a158712204296dd6628a163878e>@@@?$__crt_seh_guarded_call@P6AXH@Z@@QAEP6AXH@Z$$QAV<lambda_a048d3beccc847880fc8490e18b82769>@@AAV<lambda_ec61778202f4f5fc7e7711acc23c3bca>@@$$QAV<lambda_f7496a158712204296dd6628a163878e>@@@Z 10034ec8     libucrt:signal.obj
 0002:0000aee8       __sehtable$___acrt_update_thread_locale_data 10034ee8     libucrt:locale_refcounting.obj
 0002:0000af08       __sehtable$__fcloseall     10034f08     libucrt:closeall.obj
 0002:0000af28       __sehtable$_common_flush_all 10034f28     libucrt:fflush.obj
 0002:0000af50       __sehtable$___acrt_lowio_ensure_fh_exists 10034f50     libucrt:osfinfo.obj
 0002:0000af70       __sehtable$__write         10034f70     libucrt:write.obj
 0002:0000af90       __sehtable$_fclose         10034f90     libucrt:fclose.obj
 0002:0000afb0       __sehtable$??$?RV<lambda_61cee617f5178ae960314fd4d05640a0>@@AAV<lambda_6978c1fb23f02e42e1d9e99668cc68aa>@@V<lambda_9cd88cf8ad10232537feb2133f08c833>@@@?$__crt_seh_guarded_call@H@@QAEH$$QAV<lambda_61cee617f5178ae960314fd4d05640a0>@@AAV<lambda_6978c1fb23f02e42e1d9e99668cc68aa>@@$$QAV<lambda_9cd88cf8ad10232537feb2133f08c833>@@@Z 10034fb0     libucrt:commit.obj
 0002:0000afd0       __sehtable$??$?RV<lambda_123407a5e2ac06da108355a851863b7a>@@AAV<lambda_2fe9b910cf3cbf4a0ab98a02ba45b3ec>@@V<lambda_ae55bdf541ad94d75914d381c370e64d>@@@?$__crt_seh_guarded_call@H@@QAEH$$QAV<lambda_123407a5e2ac06da108355a851863b7a>@@AAV<lambda_2fe9b910cf3cbf4a0ab98a02ba45b3ec>@@$$QAV<lambda_ae55bdf541ad94d75914d381c370e64d>@@@Z 10034fd0     libucrt:close.obj
 0002:0000aff0       __sehtable$__IsNonwritableInCurrentImage 10034ff0     LIBCMT:pesect.obj
 0002:0000b010       .edata                     10035010     ConEmu.exp
 0002:0000b038       rgpv                       10035038     ConEmu.exp
 0002:0000b0a4       rgszName                   100350a4     ConEmu.exp
 0002:0000b110       rgwOrd                     10035110     ConEmu.exp
 0002:0000b146       szName                     10035146     ConEmu.exp
 0002:0000b151       $N00001                    10035151     ConEmu.exp
 0002:0000b161       $N00002                    10035161     ConEmu.exp
 0002:0000b169       $N00003                    10035169     ConEmu.exp
 0002:0000b175       $N00004                    10035175     ConEmu.exp
 0002:0000b180       $N00005                    10035180     ConEmu.exp
 0002:0000b18e       $N00006                    1003518e     ConEmu.exp
 0002:0000b19f       $N00007                    1003519f     ConEmu.exp
 0002:0000b1ad       $N00008                    100351ad     ConEmu.exp
 0002:0000b1bc       $N00009                    100351bc     ConEmu.exp
 0002:0000b1cc       $N00010                    100351cc     ConEmu.exp
 0002:0000b1d7       $N00011                    100351d7     ConEmu.exp
 0002:0000b1dd       $N00012                    100351dd     ConEmu.exp
 0002:0000b1f0       $N00013                    100351f0     ConEmu.exp
 0002:0000b203       $N00014                    10035203     ConEmu.exp
 0002:0000b216       $N00015                    10035216     ConEmu.exp
 0002:0000b229       $N00016                    10035229     ConEmu.exp
 0002:0000b23b       $N00017                    1003523b     ConEmu.exp
 0002:0000b24a       $N00018                    1003524a     ConEmu.exp
 0002:0000b256       $N00019                    10035256     ConEmu.exp
 0002:0000b25f       $N00020                    1003525f     ConEmu.exp
 0002:0000b26e       $N00021                    1003526e     ConEmu.exp
 0002:0000b280       $N00022                    10035280     ConEmu.exp
 0002:0000b28c       $N00023                    1003528c     ConEmu.exp
 0002:0000b2a0       $N00024                    100352a0     ConEmu.exp
 0002:0000b2b4       $N00025                    100352b4     ConEmu.exp
 0002:0000b2c9       $N00026                    100352c9     ConEmu.exp
 0002:0000b2dd       $N00027                    100352dd     ConEmu.exp
 0002:0000b6e2       .idata$6                   100356e2     version:VERSION.dll
 0002:0000bc4c       .idata$6                   10035c4c     kernel32:KERNEL32.dll
 0002:0000bd58       .idata$6                   10035d58     user32:USER32.dll
 0002:0000bdf8       .idata$6                   10035df8     gdi32:GDI32.dll
 0002:0000be34       .idata$6                   10035e34     advapi32:ADVAPI32.dll
 0003:00000100       ?val@?CE@??Open@CPluginW2800@@UAEPAXPBX@Z@4UFarMacroValue@@A 10037100     ConEmuPlugin2800.obj
 0003:00000240       ?__vcrt_flsindex@@3KA      10037240     libvcruntime:per_thread_data.obj
 0003:00000260       _errno_no_memory           10037260     libucrt:errno.obj
 0003:00000264       _doserrno_no_memory        10037264     libucrt:errno.obj
 0003:00000270       ___acrt_flsindex           10037270     libucrt:per_thread_data.obj
 0003:000003e8       ___rgctypeflag             100373e8     libucrt:mbctype.obj
 0003:000003f0       ___rgcode_page_info        100373f0     libucrt:mbctype.obj
 0003:00000d50       ?store@?M@??GetPanelInfo@CPluginW1900@@UAE_NKPAUCEPanelInfo@@@Z@4UPanelInfo@@A 10037d50     ConEmuPlugin1900.obj
 0003:00000da0       ?szMenu@?1??GetPluginInfoPtr@CPluginW1900@@UAEXPAX@Z@4PAPA_WA 10037da0     ConEmuPlugin1900.obj
 0003:00000da8       ?szMenu1@?1??GetPluginInfoPtr@CPluginW1900@@UAEXPAX@Z@4PA_WA 10037da8     ConEmuPlugin1900.obj
 0003:00000fa8       ?WLastActive@?1??UpdateConEmuTabsApi@CPluginW1900@@UAE_NH@Z@4UWindowInfo@@A 10037fa8     ConEmuPlugin1900.obj
 0003:00000fd8       ?pwList@@3PAV?$MArray@UWindowInfo@@@@A 10037fd8     ConEmuPlugin2800.obj
 0003:00000fe0       ?store@?M@??GetPanelInfo@CPluginW2800@@UAE_NKPAUCEPanelInfo@@@Z@4UPanelInfo@@A 10037fe0     ConEmuPlugin2800.obj
 0003:00001030       ?szMenu@?1??GetPluginInfoPtr@CPluginW2800@@UAEXPAX@Z@4PAPA_WA 10038030     ConEmuPlugin2800.obj
 0003:00001038       ?szMenu1@?1??GetPluginInfoPtr@CPluginW2800@@UAEXPAX@Z@4PA_WA 10038038     ConEmuPlugin2800.obj
 0003:00001238       ?WLastActive@?1??UpdateConEmuTabsApi@CPluginW2800@@UAE_NH@Z@4UWindowInfo@@A 10038238     ConEmuPlugin2800.obj
 0003:00001260       ?rc@?CE@??Open@CPluginW2800@@UAEPAXPBX@Z@4UFarMacroCall@@A 10038260     ConEmuPlugin2800.obj
 0003:0000127c       ?ghSyncDlg@@3PAXA          1003827c     ConEmuPlugin995.obj
 0003:00001280       ?store@?M@??GetPanelInfo@CPluginW995@@UAE_NKPAUCEPanelInfo@@@Z@4UPanelInfo@@A 10038280     ConEmuPlugin995.obj
 0003:000012c4       ?szMenu@?1??GetPluginInfoPtr@CPluginW995@@UAEXPAX@Z@4PAPA_WA 100382c4     ConEmuPlugin995.obj
 0003:000012c8       ?szMenu1@?1??GetPluginInfoPtr@CPluginW995@@UAEXPAX@Z@4PA_WA 100382c8     ConEmuPlugin995.obj
 0003:000014d0       ?store@?M@??GetPanelInfo@CPluginAnsi@@UAE_NKPAUCEPanelInfo@@@Z@4UPanelInfo@@A 100384d0     ConEmuPluginA.obj
 0003:000016c0       ?szMenu@?1??GetPluginInfoPtr@CPluginAnsi@@UAEXPAX@Z@4PAPADA 100386c0     ConEmuPluginA.obj
 0003:000016c8       ?szMenu1@?1??GetPluginInfoPtr@CPluginAnsi@@UAEXPAX@Z@4PADA 100386c8     ConEmuPluginA.obj
 0003:000029a8       ?gbTryOpenMapHeader@@3HA   100399a8     ConEmuPluginBase.obj
 0003:000029ac       ?gbStartupHooksAfterMap@@3HA 100399ac     ConEmuPluginBase.obj
 0003:000029b0       ?siEnabled@?1??CheckBufferEnabled@CPluginBase@@QAE_NXZ@4HA 100399b0     ConEmuPluginBase.obj
 0003:000029b4       ?dwLastTickCount@?7??CheckResources@CPluginBase@@QAEX_N@Z@4KA 100399b4     ConEmuPluginBase.obj
 0003:000029b8       ?$TSS0@?7??CheckResources@CPluginBase@@QAEX_N@Z@4HA 100399b8     ConEmuPluginBase.obj
 0003:000029bc       ?dwLastTickCount@?9??OnConsolePeekReadInput@CPluginBase@@SAX_N@Z@4KA 100399bc     ConEmuPluginBase.obj
 0003:00002c04       ?gHeapInit@?A0x8f3601b8@@3U?$atomic@H@std@@A 10039c04     common-kernel32:Memory.obj
 0003:00002c08       ?gHeapCounter@?A0x8f3601b8@@3U?$atomic@H@std@@A 10039c08     common-kernel32:Memory.obj
 0003:00002c20       ?szFile@?1??ModuleName@@YAPB_WPB_W@Z@4PA_WA 10039c20     common-kernel32:ConEmuCheck.obj
 0003:00002c64       ?gh_UnknownTerminatedThread@@3PAXA 10039c64     common-kernel32:WThreads.obj
 0003:00002c68       ?g_Threads@@3PAUConEmuThreadInfo@@A 10039c68     common-kernel32:WThreads.obj
 0003:0000a46c       ?szNil@?1??GetCommand@CESERVER_REQ_NEWCMD@@QAEPA_WXZ@4PA_WA 1004146c     common-kernel32:Common.obj
 0003:0000a478       ?rtlVerifyVersionInfo@?1??_VerifyVersionInfo@@YA_NPAU_OSVERSIONINFOEXW@@K_K@Z@4P6GH0K1@ZA 10041478     common-kernel32:WObjects.obj
 0003:0000a47c       ?hasRtl@?1??_VerifyVersionInfo@@YA_NPAU_OSVERSIONINFOEXW@@K_K@Z@4HA 1004147c     common-kernel32:WObjects.obj
 0003:0000a480       ?ibIsWin6@?1??IsWin6@@YA_NXZ@4HA 10041480     common-kernel32:WObjects.obj
 0003:0000a484       ?ibIsWin7@?1??IsWin7@@YA_NXZ@4HA 10041484     common-kernel32:WObjects.obj
 0003:0000a488       ?is64bitOs@?1??IsWindows64@@YA_NXZ@4_NA 10041488     common-kernel32:WObjects.obj
 0003:0000a489       ?isOsChecked@?1??IsWindows64@@YA_NXZ@4_NA 10041489     common-kernel32:WObjects.obj
 0003:0000a490       ?terminalMode@?1??isTerminalMode@@YA_NXZ@4_NA 10041490     common-kernel32:MProcess.obj
 0003:0000a491       ?terminalChecked@?1??isTerminalMode@@YA_NXZ@4_NA 10041491     common-kernel32:MProcess.obj
 0003:0000a492       ?bSysInfoRetrieved@?1??IsModuleValid@@YA_NPAUHINSTANCE__@@H@Z@4_NA 10041492     common-kernel32:WModuleCheck.obj
 0003:0000a494       ?si@?1??IsModuleValid@@YA_NPAUHINSTANCE__@@H@Z@4U_SYSTEM_INFO@@A 10041494     common-kernel32:WModuleCheck.obj
 0003:0000a4c4       ?_Tss_mutex@@3U_RTL_CRITICAL_SECTION@@A 100414c4     LIBCMT:thread_safe_statics.obj
 0003:0000a4dc       ?_Tss_cv@@3U_RTL_CONDITION_VARIABLE@@A 100414dc     LIBCMT:thread_safe_statics.obj
 0003:0000a4e0       ?_Tss_event@@3PAXA         100414e0     LIBCMT:thread_safe_statics.obj
 0003:0000a4e4       ?encoded_sleep_condition_variable_cs@@3P6GHPAU_RTL_CONDITION_VARIABLE@@PAU_RTL_CRITICAL_SECTION@@K@ZA 100414e4     LIBCMT:thread_safe_statics.obj
 0003:0000a4e8       ?encoded_wake_all_condition_variable@@3P6GXPAU_RTL_CONDITION_VARIABLE@@@ZA 100414e8     LIBCMT:thread_safe_statics.obj
 0003:0000a4ec       ?__proc_attached@@3HA      100414ec     LIBCMT:dll_dllmain.obj
 0003:0000a4f8       ?is_initialized_as_dll@@3_NA 100414f8     LIBCMT:utility.obj
 0003:0000a4f9       ?module_local_atexit_table_initialized@@3_NA 100414f9     LIBCMT:utility.obj
 0003:0000a4fc       ?module_local_atexit_table@@3U_onexit_table_t@@A 100414fc     LIBCMT:utility.obj
 0003:0000a508       ?module_local_at_quick_exit_table@@3U_onexit_table_t@@A 10041508     LIBCMT:utility.obj
 0003:0000a518       _GS_ExceptionRecord        10041518     LIBCMT:gs_report.obj
 0003:0000a568       _GS_ContextRecord          10041568     LIBCMT:gs_report.obj
 0003:0000a854       ?__vcrt_startup_thread_ptd@@3U__vcrt_ptd@@A 10041854     libvcruntime:per_thread_data.obj
 0003:0000a880       ___vcrt_lock_table         10041880     libvcruntime:locks.obj
 0003:0000a898       ___vcrt_locks_initialized  10041898     libvcruntime:locks.obj
 0003:0000a89c       ?module_handles@@3PAPAUHINSTANCE__@@A 1004189c     libvcruntime:winapi_downlevel.obj
 0003:0000a8a8       ?encoded_function_pointers@@3PAPAXA 100418a8     libvcruntime:winapi_downlevel.obj
 0003:0000a8e4       ?heap@@3V_HeapManager@@A   100418e4     libvcruntime:undname.obj
 0003:0000a8f8       ___acrt_invalid_parameter_handler 100418f8     libucrt:invalid_parameter.obj
 0003:0000a8fc       _c_termination_complete    100418fc     libucrt:exit.obj
 0003:0000a900       _thread_local_exit_callback_func 10041900     libucrt:exit.obj
 0003:0000a904       ?c_exit_complete@?5??common_exit@@YAXHW4_crt_exit_cleanup_mode@@W4_crt_exit_return_mode@@@Z@4_NA 10041904     libucrt:exit.obj
 0003:0000a908       ?program_name@?5???$common_configure_argv@D@@YAHW4_crt_argv_mode@@@Z@4PADA 10041908     libucrt:argv_parsing.obj
 0003:0000aa40       _enable_percent_n          10041a40     libucrt:printf_count_output.obj
 0003:0000ac60       ___acrt_lock_table         10041c60     libucrt:locks.obj
 0003:0000ad98       ___acrt_locks_initialized  10041d98     libucrt:locks.obj
 0003:0000ada0       _module_handles            10041da0     libucrt:winapi_thunks.obj
 0003:0000adf0       _encoded_function_pointers 10041df0     libucrt:winapi_thunks.obj
 0003:0000ae70       ?state_cache@?1??__acrt_is_packaged_app@@9@4JA 10041e70     libucrt:winapi_thunks.obj
 0003:0000ae8c       _fSystemSet                10041e8c     libucrt:mbctype.obj
 0003:0000ae90       ?initialized@?1??__acrt_initialize_multibyte@@9@4_NA 10041e90     libucrt:mbctype.obj
 0003:0000aeb0       ___acrt_new_handler        10041eb0     libucrt:new_handler.obj
 0003:0000aeb4       _ctrlc_action              10041eb4     libucrt:signal.obj
 0003:0000aeb8       _ctrlbreak_action          10041eb8     libucrt:signal.obj
 0003:0000aebc       _abort_action              10041ebc     libucrt:signal.obj
 0003:0000aec0       _term_action               10041ec0     libucrt:signal.obj
 0003:0000aec4       _user_matherr              10041ec4     libucrt:matherr.obj
 0003:0000aec8       ___acrt_global_new_mode    10041ec8     libucrt:new_mode.obj
 0003:0000aed4       ___acrt_app_type           10041ed4     libucrt:report_runtime_error.obj
 0003:0000aedc       __pmatherr_set             10041edc     libucrt:libm_error.obj
 0003:0000af34       ?gbPauseConsoleWasRequested@@3_NA 10041f34     common-kernel32:WConsole.obj
 0003:0000af38       ?GetCurrentConsoleFontEx@?1??apiGetCurrentConsoleFontEx@@YAHPAXHPAUMY_CONSOLE_FONT_INFOEX@@@Z@4P6GH0H1@ZA 10041f38     common-kernel32:WConsole.obj
 0003:0000af3c       ?bFuncChecked@?1??apiGetCurrentConsoleFontEx@@YAHPAXHPAUMY_CONSOLE_FONT_INFOEX@@@Z@4_NA 10041f3c     common-kernel32:WConsole.obj
 0003:0000af40       ?SetCurrentConsoleFontEx@?1??apiSetCurrentConsoleFontEx@@YAHPAXHPAUMY_CONSOLE_FONT_INFOEX@@@Z@4P6GH0H1@ZA 10041f40     common-kernel32:WConsole.obj
 0003:0000af44       ?bFuncChecked@?1??apiSetCurrentConsoleFontEx@@YAHPAXHPAUMY_CONSOLE_FONT_INFOEX@@@Z@4_NA 10041f44     common-kernel32:WConsole.obj
 0004:000000a0       $R000000                   100420a0     ConEmu.res
 0004:000003a8       $R000308                   100423a8     ConEmu.res
