 ConEmu.x64

 Timestamp is 60d4f4dd (Thu Jun 24 23:10:53 2021)

 Preferred load address is 0000000180000000

 Start         Length     Name                   Class
 0001:00000000 00000010H .text$di                CODE
 0001:00000010 000311a0H .text$mn                CODE
 0001:000311b0 00000040H .text$mn$00             CODE
 0001:000311f0 000006e0H .text$x                 CODE
 0001:000318d0 0000003dH .text$yd                CODE
 0002:00000000 00000660H .idata$5                DATA
 0002:00000660 00000028H .00cfg                  DATA
 0002:00000688 00000008H .CRT$XCA                DATA
 0002:00000690 00000008H .CRT$XCU                DATA
 0002:00000698 00000008H .CRT$XCZ                DATA
 0002:000006a0 00000008H .CRT$XIA                DATA
 0002:000006a8 00000020H .CRT$XIC                DATA
 0002:000006c8 00000008H .CRT$XIZ                DATA
 0002:000006d0 00000008H .CRT$XLA                DATA
 0002:000006d8 00000008H .CRT$XLZ                DATA
 0002:000006e0 00000008H .CRT$XPA                DATA
 0002:000006e8 00000010H .CRT$XPX                DATA
 0002:000006f8 00000008H .CRT$XPXA               DATA
 0002:00000700 00000008H .CRT$XPZ                DATA
 0002:00000708 00000008H .CRT$XTA                DATA
 0002:00000710 00000010H .CRT$XTZ                DATA
 0002:00000718 00000000H .gehcont$y              DATA
 0002:00000718 00000000H .gfids$y                DATA
 0002:00000720 0000ce60H .rdata                  DATA
 0002:0000d580 00000000H .rdata$CastGuardVftablesA DATA
 0002:0000d580 00000000H .rdata$CastGuardVftablesC DATA
 0002:0000d580 00000028H .rdata$T                DATA
 0002:0000d5a8 0000097cH .rdata$r                DATA
 0002:0000df24 0000016cH .rdata$voltmd           DATA
 0002:0000e090 00000410H .rdata$zzzdbg           DATA
 0002:0000e4a0 00000008H .rtc$IAA                DATA
 0002:0000e4a8 00000008H .rtc$IZZ                DATA
 0002:0000e4b0 00000008H .rtc$TAA                DATA
 0002:0000e4b8 00000008H .rtc$TZZ                DATA
 0002:0000e4c0 00000004H .tls                    DATA
 0002:0000e4c4 00000004H .tls$                   DATA
 0002:0000e4c8 00000008H .tls$ZZZ                DATA
 0002:0000e4d0 00002698H .xdata                  DATA
 0002:00010b68 00000268H .xdata$x                DATA
 0002:00010dd0 000002e4H .edata                  DATA
 0002:000110b4 00000064H .idata$2                DATA
 0002:00011118 00000018H .idata$3                DATA
 0002:00011130 00000660H .idata$4                DATA
 0002:00011790 00000e82H .idata$6                DATA
 0003:00000000 00000c80H .data                   DATA
 0003:00000c80 000001b0H .data$r                 DATA
 0003:00000e30 000002e0H .data$rs                DATA
 0003:00001110 0000bc30H .bss                    DATA
 0004:00000000 00002898H .pdata                  DATA
 0005:00000000 000000f4H _RDATA                  DATA
 0006:00000000 000000a0H .rsrc$01                DATA
 0006:000000a0 00000490H .rsrc$02                DATA

  Address         Publics by Value              Rva+Base               Lib:Object

 0000:00000000       ___safe_se_handler_table   0000000000000000     <absolute>
 0000:00000000       __arm64x_redirection_metadata 0000000000000000     <absolute>
 0000:00000000       __guard_iat_table          0000000000000000     <absolute>
 0000:00000000       __guard_longjmp_table      0000000000000000     <absolute>
 0000:00000000       __x64_code_ranges_to_entry_points 0000000000000000     <absolute>
 0000:00000000       __guard_iat_count          0000000000000000     <absolute>
 0000:00000000       __guard_longjmp_count      0000000000000000     <absolute>
 0000:00000000       __guard_fids_count         0000000000000000     <absolute>
 0000:00000000       __dynamic_value_reloc_table 0000000000000000     <absolute>
 0000:00000000       __x64_code_ranges_to_entry_points_count 0000000000000000     <absolute>
 0000:00000000       __arm64x_extra_rfe_table   0000000000000000     <absolute>
 0000:00000000       __hybrid_auxiliary_iat     0000000000000000     <absolute>
 0000:00000000       __hybrid_auxiliary_iat_copy 0000000000000000     <absolute>
 0000:00000000       __hybrid_code_map          0000000000000000     <absolute>
 0000:00000000       __arm64x_extra_rfe_table_size 0000000000000000     <absolute>
 0000:00000000       ___safe_se_handler_count   0000000000000000     <absolute>
 0000:00000000       __AbsoluteZero             0000000000000000     <absolute>
 0000:00000000       __guard_check_icall_a64n_fptr 0000000000000000     <absolute>
 0000:00000000       __guard_fids_table         0000000000000000     <absolute>
 0000:00000000       __guard_eh_cont_count      0000000000000000     <absolute>
 0000:00000000       __arm64x_redirection_metadata_count 0000000000000000     <absolute>
 0000:00000000       __enclave_config           0000000000000000     <absolute>
 0000:00000000       __guard_eh_cont_table      0000000000000000     <absolute>
 0000:00000000       __arm64x_native_entrypoint 0000000000000000     <absolute>
 0000:00000000       __hybrid_code_map_count    0000000000000000     <absolute>
 0000:00000100       __guard_flags              0000000000000100     <absolute>
 0000:00000000       __ImageBase                0000000180000000     <linker-defined>
 0001:00000010       ??$swprintf_c@$0EA@@@YAHAEAY0EA@_WPEB_WZZ 0000000180001010 f i ConEmuInjects.obj
 0001:0000003c       ??$swprintf_c@$0IA@@@YAHAEAY0IA@_WPEB_WZZ 000000018000103c f i ConEmuInjects.obj
 0001:00000068       ??$swprintf_c@$0PP@@@YAHAEAY0PP@_WPEB_WZZ 0000000180001068 f i ConEmuInjects.obj
 0001:00000094       ?ShutdownHooks@@YAXXZ      0000000180001094 f   ConEmuInjects.obj
 0001:00000284       ?StartupConsoleHooks@@YAXXZ 0000000180001284 f   ConEmuInjects.obj
 0001:00000310       ?StartupHooks@@YA_NPEAUHINSTANCE__@@@Z 0000000180001310 f   ConEmuInjects.obj
 0001:000006f8       ?StringCchVPrintfW@@YAJPEA_W_KPEB_WPEAD@Z 00000001800016f8 f i ConEmuInjects.obj
 0001:0000079c       __local_stdio_printf_options 000000018000179c f i ConEmuInjects.obj
 0001:000007a4       ?ProcessSynchroEventW3@@YA_JPEAX@Z 00000001800017a4 f   ConEmuPlugin.obj
 0001:000007cc       ?ProcessEditorEventW3@@YA_JPEAX@Z 00000001800017cc f   ConEmuPlugin.obj
 0001:000007f4       ?ProcessViewerEventW3@@YA_JPEAX@Z 00000001800017f4 f   ConEmuPlugin.obj
 0001:0000081c       ?ExitFARW3@@YAXPEAX@Z      000000018000181c f   ConEmuPlugin.obj
 0001:00000874       ExitFARW                   0000000180001874 f   ConEmuPlugin.obj
 0001:000008cc       ?ProcessEditorEvent@@YAHHPEAX@Z 00000001800018cc f   ConEmuPlugin.obj
 0001:000008cc       ProcessEditorEventW        00000001800018cc f   ConEmuPlugin.obj
 0001:000008ec       ProcessSynchroEventW       00000001800018ec f   ConEmuPlugin.obj
 0001:00000918       ?ProcessViewerEvent@@YAHHPEAX@Z 0000000180001918 f   ConEmuPlugin.obj
 0001:00000918       ProcessViewerEventW        0000000180001918 f   ConEmuPlugin.obj
 0001:00000938       ?ActivateConsole@@YAHXZ    0000000180001938 f   ConEmuPlugin.obj
 0001:000009c8       ?ExitFAR@@YAXXZ            00000001800019c8 f   ConEmuPlugin.obj
 0001:00000a20       ?GetFarHWND2@@YAPEAUHWND__@@H@Z 0000000180001a20 f   ConEmuPlugin.obj
 0001:00000a8c       ?GetFarHWND@@YAPEAUHWND__@@XZ 0000000180001a8c f   ConEmuPlugin.obj
 0001:00000a94       ?GetFarVersion@@YAXPEAUFarVersion@@@Z 0000000180001a94 f   ConEmuPlugin.obj
 0001:00000ab0       ?GetMinFarVersion@@YAHXZ   0000000180001ab0 f   ConEmuPlugin.obj
 0001:00000ad8       ?GetPluginInfo@@YAXPEAX@Z  0000000180001ad8 f   ConEmuPlugin.obj
 0001:00000b24       ?GetPluginInfoW@@YAXPEAX@Z 0000000180001b24 f   ConEmuPlugin.obj
 0001:00000b44       ?IsConsoleActive@@YAHXZ    0000000180001b44 f   ConEmuPlugin.obj
 0001:00000b9c       ?IsTerminalMode@@YAHXZ     0000000180001b9c f   ConEmuPlugin.obj
 0001:00000ba4       ?OpenPlugin@@YAPEAXH_J@Z   0000000180001ba4 f   ConEmuPlugin.obj
 0001:00000bd4       ?OpenW@@YAPEAXPEBX@Z       0000000180001bd4 f   ConEmuPlugin.obj
 0001:00000bf8       ?ProcessEditorInput@@YAHPEBU_INPUT_RECORD@@@Z 0000000180001bf8 f   ConEmuPlugin.obj
 0001:00000c1c       ?RegisterBackground@@YAHPEAURegisterBackgroundArg@@@Z 0000000180001c1c f   ConEmuPlugin.obj
 0001:00000c98       ?RegisterPanelView@@YAHPEAUPanelViewInit@@@Z 0000000180001c98 f   ConEmuPlugin.obj
 0001:00000e00       ?SetStartupInfo@@YAXPEAX@Z 0000000180001e00 f   ConEmuPlugin.obj
 0001:00000e5c       ?SetupExportsFar3@@YAXXZ   0000000180001e5c f   ConEmuPlugin.obj
 0001:00000fcc       ?SyncExecute@@YAHPEAUHINSTANCE__@@P6AX_J@Z1@Z 0000000180001fcc f   ConEmuPlugin.obj
 0001:00001018       DllMain                    0000000180002018 f   ConEmuPlugin.obj
 0001:0000103c       GetMinFarVersionW          000000018000203c f   ConEmuPlugin.obj
 0001:00001044       OpenPluginW                0000000180002044 f   ConEmuPlugin.obj
 0001:00001084       ProcessEditorInputW        0000000180002084 f   ConEmuPlugin.obj
 0001:000010a8       SetStartupInfoW            00000001800020a8 f   ConEmuPlugin.obj
 0001:000010d8       ??0CPluginW1900@@QEAA@XZ   00000001800020d8 f   ConEmuPlugin1900.obj
 0001:0000127c       ??_GCPluginW1900@@UEAAPEAXI@Z 000000018000227c f i ConEmuPlugin1900.obj
 0001:0000127c       ??_ECPluginW1900@@UEAAPEAXI@Z 000000018000227c f i ConEmuPlugin1900.obj
 0001:00001784       ?CheckPanelExist@CPluginW1900@@UEAA_NXZ 0000000180002784 f   ConEmuPlugin1900.obj
 0001:000017c0       ?Color2BgIndex@Far3Color@@SAXKHAEAGPEBK@Z 00000001800027c0 f i ConEmuPlugin1900.obj
 0001:000018d4       ?Color2FgIndex@Far3Color@@SAXKAEAGPEBK@Z 00000001800028d4 f i ConEmuPlugin1900.obj
 0001:000019c4       ?ExecuteSynchroApi@CPluginW1900@@UEAA_NXZ 00000001800029c4 f   ConEmuPlugin1900.obj
 0001:000019f8       ?ExitFar@CPluginW1900@@UEAAXXZ 00000001800029f8 f   ConEmuPlugin1900.obj
 0001:00001a80       ?FarColor_3_2@@YAEAEBUFarColor@@_N@Z 0000000180002a80 f i ConEmuPlugin1900.obj
 0001:00001b40       ?GetActiveWindowType@CPluginW1900@@UEAAHXZ 0000000180002b40 f   ConEmuPlugin1900.obj
 0001:00001c0c       ?GetEditorModifiedState@CPluginW1900@@UEAAKXZ 0000000180002c0c f   ConEmuPlugin1900.obj
 0001:00001c68       ?GetFarRect@CPluginW1900@@UEAA_NAEAU_SMALL_RECT@@@Z 0000000180002c68 f   ConEmuPlugin1900.obj
 0001:00001d14       ?GetMacroArea@CPluginW1900@@UEAAHXZ 0000000180002d14 f   ConEmuPlugin1900.obj
 0001:00001d34       ?GetMsg@CPluginW1900@@UEAAPEB_WHPEA_W_K@Z 0000000180002d34 f   ConEmuPlugin1900.obj
 0001:00001da8       ?GetPanelDir@CPluginW1900@@UEAAPEA_WKPEA_WH@Z 0000000180002da8 f   ConEmuPlugin1900.obj
 0001:00001f04       ?GetPanelInfo@CPluginW1900@@UEAA_NKPEAUCEPanelInfo@@@Z 0000000180002f04 f   ConEmuPlugin1900.obj
 0001:000021a4       ?GetPanelItemInfo@CPluginW1900@@UEAA_NAEBUCEPanelInfo@@_N_JAEAU_WIN32_FIND_DATAW@@PEAPEA_W@Z 00000001800031a4 f   ConEmuPlugin1900.obj
 0001:00002354       ?GetPluginInfoPtr@CPluginW1900@@UEAAXPEAX@Z 0000000180003354 f   ConEmuPlugin1900.obj
 0001:000023b0       ?GetWindowCount@CPluginW1900@@UEAAHXZ 00000001800033b0 f   ConEmuPlugin1900.obj
 0001:000023e0       ?GetWindowTypeName@CPluginW1900@@UEAAPEB_WH@Z 00000001800033e0 f   ConEmuPlugin1900.obj
 0001:000023e0       ?GetWindowTypeName@CPluginAnsi@@UEAAPEB_WH@Z 00000001800033e0 f   ConEmuPluginA.obj
 0001:000023e0       ?GetWindowTypeName@CPluginW995@@UEAAPEB_WH@Z 00000001800033e0 f   ConEmuPlugin995.obj
 0001:000023e0       ?GetWindowTypeName@CPluginW2800@@UEAAPEB_WH@Z 00000001800033e0 f   ConEmuPlugin2800.obj
 0001:00002438       ?GuiMacroDlg@CPluginW1900@@UEAAXXZ 0000000180003438 f   ConEmuPlugin1900.obj
 0001:00002440       ?InputBox@CPluginW1900@@UEAA_NPEB_W000AEAPEA_W@Z 0000000180003440 f   ConEmuPlugin1900.obj
 0001:000024f0       ?IsMacroActive@CPluginW1900@@UEAA_NXZ 00000001800034f0 f   ConEmuPlugin1900.obj
 0001:00002534       ?LoadFarColors@CPluginW1900@@UEAAXAEAY0BAA@E@Z 0000000180003534 f   ConEmuPlugin1900.obj
 0001:000026c8       ?LoadFarSettings@CPluginW1900@@UEAAXPEAUCEFarInterfaceSettings@@PEAUCEFarPanelSettings@@@Z 00000001800036c8 f   ConEmuPlugin1900.obj
 0001:00002808       ?Open@CPluginW1900@@UEAAPEAXPEBX@Z 0000000180003808 f   ConEmuPlugin1900.obj
 0001:000028e4       ?OpenEditor@CPluginW1900@@UEAA_NPEB_W_N11HH@Z 00000001800038e4 f   ConEmuPlugin1900.obj
 0001:000029f8       ?PanelControlApi@CPluginW1900@@UEAA_JPEAXH_J0@Z 00000001800039f8 f   ConEmuPlugin1900.obj
 0001:00002a30       ?PostMacroApi@CPluginW1900@@UEAAXPEB_WPEAU_INPUT_RECORD@@_N@Z 0000000180003a30 f   ConEmuPlugin1900.obj
 0001:00002ff0       ?ProcessEditorEventPtr@CPluginW1900@@UEAAHPEAX@Z 0000000180003ff0 f   ConEmuPlugin1900.obj
 0001:00002ff0       ?ProcessEditorEventPtr@CPluginW2800@@UEAAHPEAX@Z 0000000180003ff0 f   ConEmuPlugin2800.obj
 0001:00002ffc       ?ProcessEditorInputPtr@CPluginW1900@@UEAAHPEBX@Z 0000000180003ffc f   ConEmuPlugin1900.obj
 0001:0000301c       ?ProcessSynchroEventPtr@CPluginW1900@@UEAAHPEAX@Z 000000018000401c f   ConEmuPlugin1900.obj
 0001:0000301c       ?ProcessSynchroEventPtr@CPluginW2800@@UEAAHPEAX@Z 000000018000401c f   ConEmuPlugin2800.obj
 0001:00003040       ?ProcessViewerEventPtr@CPluginW1900@@UEAAHPEAX@Z 0000000180004040 f   ConEmuPlugin1900.obj
 0001:00003040       ?ProcessViewerEventPtr@CPluginW2800@@UEAAHPEAX@Z 0000000180004040 f   ConEmuPlugin2800.obj
 0001:0000304c       ?RedrawAll@CPluginW1900@@UEAAXXZ 000000018000404c f   ConEmuPlugin1900.obj
 0001:00003084       ?SetStartupInfoPtr@CPluginW1900@@UEAAXPEAX@Z 0000000180004084 f   ConEmuPlugin1900.obj
 0001:000031d8       ?SetWindow@CPluginW1900@@UEAAXH@Z 00000001800041d8 f   ConEmuPlugin1900.obj
 0001:00003230       ?ShowMessage@CPluginW1900@@UEAAHPEB_WH_N@Z 0000000180004230 f   ConEmuPlugin1900.obj
 0001:00003298       ?ShowPluginMenu@CPluginW1900@@UEAAHPEAUConEmuPluginMenuItem@@HH@Z 0000000180004298 f   ConEmuPlugin1900.obj
 0001:000033e8       ?ShowUserScreen@CPluginW1900@@UEAAX_N@Z 00000001800043e8 f   ConEmuPlugin1900.obj
 0001:00003414       ?WaitEndSynchro@CPluginAnsi@@UEAAXXZ 0000000180004414 f   ConEmuPluginA.obj
 0001:00003414       ?ShutdownPluginStep@CPluginBase@@SAXPEB_WHHHH@Z 0000000180004414 f   ConEmuPluginBase.obj
 0001:00003414       ?StopWaitEndSynchro@CPluginAnsi@@UEAAXXZ 0000000180004414 f   ConEmuPluginA.obj
 0001:00003414       ?WaitEndSynchro@CPluginW1900@@UEAAXXZ 0000000180004414 f   ConEmuPlugin1900.obj
 0001:00003414       ?PlugServerInit@@YAXXZ     0000000180004414 f   PluginSrv.obj
 0001:00003414       ?_Doraise@exception@stdext@@MEBAXXZ 0000000180004414 f   common-kernel64:CEStr.obj
 0001:00003414       ?StopWaitEndSynchro@CPluginW2800@@UEAAXXZ 0000000180004414 f   ConEmuPlugin2800.obj
 0001:00003414       _guard_check_icall_nop     0000000180004414 f   LIBCMT:guard_support.obj
 0001:00003414       ?WaitEndSynchro@CPluginW2800@@UEAAXXZ 0000000180004414 f   ConEmuPlugin2800.obj
 0001:00003414       ?StopWaitEndSynchro@CPluginW1900@@UEAAXXZ 0000000180004414 f   ConEmuPlugin1900.obj
 0001:00003418       ?UpdateConEmuTabsApi@CPluginW1900@@UEAA_NH@Z 0000000180004418 f   ConEmuPlugin1900.obj
 0001:000038e8       ??$_Emplace_reallocate@AEBUWindowInfo@@@?$vector@UWindowInfo@@V?$MArrayAllocator@UWindowInfo@@@@@std@@QEAAPEAUWindowInfo@@QEAU2@AEBU2@@Z 00000001800048e8 f i ConEmuPlugin2800.obj
 0001:00003a8c       ??0CPluginW2800@@QEAA@XZ   0000000180004a8c f   ConEmuPlugin2800.obj
 0001:00003c30       ??0bad_alloc@std@@QEAA@AEBV01@@Z 0000000180004c30 f i ConEmuPlugin2800.obj
 0001:00003c6c       ??0bad_alloc@std@@QEAA@XZ  0000000180004c6c f i ConEmuPlugin2800.obj
 0001:00003c8c       ??0exception@std@@QEAA@AEBV01@@Z 0000000180004c8c f i ConEmuPlugin2800.obj
 0001:00003cc0       ??1?$MArray@UWindowInfo@@@@QEAA@XZ 0000000180004cc0 f i ConEmuPlugin2800.obj
 0001:00003cec       ??1bad_function_call@std@@UEAA@XZ 0000000180004cec f i libcpmt:xthrow.obj
 0001:00003cec       ??1length_error@std@@UEAA@XZ 0000000180004cec f i libcpmt:xthrow.obj
 0001:00003cec       ??1bad_exception@std@@UEAA@XZ 0000000180004cec f i libvcruntime:frame.obj
 0001:00003cec       ??1bad_alloc@std@@UEAA@XZ  0000000180004cec f i ConEmuPlugin2800.obj
 0001:00003d00       ??_GCPluginW2800@@UEAAPEAXI@Z 0000000180004d00 f i ConEmuPlugin2800.obj
 0001:00003d00       ??_ECPluginW2800@@UEAAPEAXI@Z 0000000180004d00 f i ConEmuPlugin2800.obj
 0001:00003d40       ??_Ebad_exception@std@@UEAAPEAXI@Z 0000000180004d40 f i libvcruntime:frame.obj
 0001:00003d40       ??_Ebad_alloc@std@@UEAAPEAXI@Z 0000000180004d40 f i ConEmuPlugin2800.obj
 0001:00003d40       ??_Glogic_error@std@@UEAAPEAXI@Z 0000000180004d40 f i libcpmt:xthrow.obj
 0001:00003d40       ??_Elength_error@std@@UEAAPEAXI@Z 0000000180004d40 f i libcpmt:xthrow.obj
 0001:00003d40       ??_Ebad_function_call@std@@UEAAPEAXI@Z 0000000180004d40 f i libcpmt:xthrow.obj
 0001:00003d40       ??_Gexception@std@@UEAAPEAXI@Z 0000000180004d40 f i ConEmuPlugin2800.obj
 0001:00003d40       ??_Gbad_exception@std@@UEAAPEAXI@Z 0000000180004d40 f i libvcruntime:frame.obj
 0001:00003d40       ??_Eexception@std@@UEAAPEAXI@Z 0000000180004d40 f i ConEmuPlugin2800.obj
 0001:00003d40       ??_Elogic_error@std@@UEAAPEAXI@Z 0000000180004d40 f i libcpmt:xthrow.obj
 0001:00003d40       ??_Gbad_function_call@std@@UEAAPEAXI@Z 0000000180004d40 f i libcpmt:xthrow.obj
 0001:00003d40       ??_Gbad_alloc@std@@UEAAPEAXI@Z 0000000180004d40 f i ConEmuPlugin2800.obj
 0001:00003d40       ??_Glength_error@std@@UEAAPEAXI@Z 0000000180004d40 f i libcpmt:xthrow.obj
 0001:000042d0       ?CheckPanelExist@CPluginW2800@@UEAA_NXZ 00000001800052d0 f   ConEmuPlugin2800.obj
 0001:0000430c       ?ExecuteSynchroApi@CPluginW2800@@UEAA_NXZ 000000018000530c f   ConEmuPlugin2800.obj
 0001:00004340       ?ExitFar@CPluginW2800@@UEAAXXZ 0000000180005340 f   ConEmuPlugin2800.obj
 0001:000043d4       ?GetActiveWindowType@CPluginW2800@@UEAAHXZ 00000001800053d4 f   ConEmuPlugin2800.obj
 0001:000044a8       ?GetEditorModifiedState@CPluginW2800@@UEAAKXZ 00000001800054a8 f   ConEmuPlugin2800.obj
 0001:00004508       ?GetFarRect@CPluginW2800@@UEAA_NAEAU_SMALL_RECT@@@Z 0000000180005508 f   ConEmuPlugin2800.obj
 0001:000045bc       ?GetMacroArea@CPluginW2800@@UEAAHXZ 00000001800055bc f   ConEmuPlugin2800.obj
 0001:000045dc       ?GetMsg@CPluginW2800@@UEAAPEB_WHPEA_W_K@Z 00000001800055dc f   ConEmuPlugin2800.obj
 0001:00004654       ?GetPanelDir@CPluginW2800@@UEAAPEA_WKPEA_WH@Z 0000000180005654 f   ConEmuPlugin2800.obj
 0001:000047b0       ?GetPanelInfo@CPluginW2800@@UEAA_NKPEAUCEPanelInfo@@@Z 00000001800057b0 f   ConEmuPlugin2800.obj
 0001:00004a50       ?GetPanelItemInfo@CPluginW2800@@UEAA_NAEBUCEPanelInfo@@_N_JAEAU_WIN32_FIND_DATAW@@PEAPEA_W@Z 0000000180005a50 f   ConEmuPlugin2800.obj
 0001:00004c18       ?GetPluginInfoPtr@CPluginW2800@@UEAAXPEAX@Z 0000000180005c18 f   ConEmuPlugin2800.obj
 0001:00004c74       ?GetWindowCount@CPluginW2800@@UEAAHXZ 0000000180005c74 f   ConEmuPlugin2800.obj
 0001:00004ca4       ?GuiMacroDlg@CPluginW2800@@UEAAXXZ 0000000180005ca4 f   ConEmuPlugin2800.obj
 0001:00004cac       ?InputBox@CPluginW2800@@UEAA_NPEB_W000AEAPEA_W@Z 0000000180005cac f   ConEmuPlugin2800.obj
 0001:00004d5c       ?IsMacroActive@CPluginW2800@@UEAA_NXZ 0000000180005d5c f   ConEmuPlugin2800.obj
 0001:00004da0       ?LoadFarColors@CPluginW2800@@UEAAXAEAY0BAA@E@Z 0000000180005da0 f   ConEmuPlugin2800.obj
 0001:00004f34       ?LoadFarSettings@CPluginW2800@@UEAAXPEAUCEFarInterfaceSettings@@PEAUCEFarPanelSettings@@@Z 0000000180005f34 f   ConEmuPlugin2800.obj
 0001:00005074       ?Open@CPluginW2800@@UEAAPEAXPEBX@Z 0000000180006074 f   ConEmuPlugin2800.obj
 0001:000051ec       ?OpenEditor@CPluginW2800@@UEAA_NPEB_W_N11HH@Z 00000001800061ec f   ConEmuPlugin2800.obj
 0001:00005310       ?PanelControlApi@CPluginW2800@@UEAA_JPEAXH_J0@Z 0000000180006310 f   ConEmuPlugin2800.obj
 0001:00005348       ?PostMacroApi@CPluginW2800@@UEAAXPEB_WPEAU_INPUT_RECORD@@_N@Z 0000000180006348 f   ConEmuPlugin2800.obj
 0001:000056c0       ?ProcessEditorInputPtr@CPluginW2800@@UEAAHPEBX@Z 00000001800066c0 f   ConEmuPlugin2800.obj
 0001:000056e0       ?RedrawAll@CPluginW2800@@UEAAXXZ 00000001800066e0 f   ConEmuPlugin2800.obj
 0001:00005718       ?SetStartupInfoPtr@CPluginW2800@@UEAAXPEAX@Z 0000000180006718 f   ConEmuPlugin2800.obj
 0001:0000586c       ?SetWindow@CPluginW2800@@UEAAXH@Z 000000018000686c f   ConEmuPlugin2800.obj
 0001:000059a4       ?ShowMessage@CPluginW2800@@UEAAHPEB_WH_N@Z 00000001800069a4 f   ConEmuPlugin2800.obj
 0001:00005a0c       ?ShowPluginMenu@CPluginW2800@@UEAAHPEAUConEmuPluginMenuItem@@HH@Z 0000000180006a0c f   ConEmuPlugin2800.obj
 0001:00005b60       ?ShowUserScreen@CPluginW2800@@UEAAX_N@Z 0000000180006b60 f   ConEmuPlugin2800.obj
 0001:00005b8c       ?UpdateConEmuTabsApi@CPluginW2800@@UEAA_NH@Z 0000000180006b8c f   ConEmuPlugin2800.obj
 0001:00006504       ?_Getal@?$vector@UWindowInfo@@V?$MArrayAllocator@UWindowInfo@@@@@std@@AEAAAEAV?$MArrayAllocator@UWindowInfo@@@@XZ 0000000180007504 f i ConEmuPlugin2800.obj
 0001:00006508       ?_Xlength@?$vector@UWindowInfo@@V?$MArrayAllocator@UWindowInfo@@@@@std@@CAXXZ 0000000180007508 f i ConEmuPlugin2800.obj
 0001:00006508       ?_Xlength@?$vector@UtagPROCESSENTRY32W@@V?$MArrayAllocator@UtagPROCESSENTRY32W@@@@@std@@CAXXZ 0000000180007508 f i common-kernel64:MProcess.obj
 0001:0000651c       ?deallocate@?$MArrayAllocator@UWindowInfo@@@@QEAAXPEAUWindowInfo@@_K@Z 000000018000751c f i ConEmuPlugin2800.obj
 0001:00006534       ?erase@?$MArray@UWindowInfo@@@@QEAAX_J0@Z 0000000180007534 f i ConEmuPlugin2800.obj
 0001:000065c4       ?insert@?$MArray@UWindowInfo@@@@QEAA_J_JAEBUWindowInfo@@0@Z 00000001800075c4 f i ConEmuPlugin2800.obj
 0001:00006660       ?insert@?$vector@UWindowInfo@@V?$MArrayAllocator@UWindowInfo@@@@@std@@QEAA?AV?$_Vector_iterator@V?$_Vector_val@U?$_Simple_types@UWindowInfo@@@std@@@std@@@2@V?$_Vector_const_iterator@V?$_Vector_val@U?$_Simple_types@UWindowInfo@@@std@@@std@@@2@_KAEBUWindowInfo@@@Z 0000000180007660 f i ConEmuPlugin2800.obj
 0001:00006ab4       ?push_back@?$MArray@UWindowInfo@@@@QEAA_JAEBUWindowInfo@@@Z 0000000180007ab4 f i ConEmuPlugin2800.obj
 0001:00006b38       ?what@exception@std@@UEBAPEBDXZ 0000000180007b38 f i ConEmuPlugin2800.obj
 0001:00006b4c       GetGlobalInfoW             0000000180007b4c f   ConEmuPlugin2800.obj
 0001:00006be4       ??0CPluginW995@@QEAA@XZ    0000000180007be4 f   ConEmuPlugin995.obj
 0001:00006d7c       ??_ECPluginW995@@UEAAPEAXI@Z 0000000180007d7c f i ConEmuPlugin995.obj
 0001:00006d7c       ??_GCPluginW995@@UEAAPEAXI@Z 0000000180007d7c f i ConEmuPlugin995.obj
 0001:000071fc       ?CheckPanelExist@CPluginW995@@UEAA_NXZ 00000001800081fc f   ConEmuPlugin995.obj
 0001:00007234       ?ExecuteSynchroApi@CPluginW995@@UEAA_NXZ 0000000180008234 f   ConEmuPlugin995.obj
 0001:00007264       ?ExitFar@CPluginW995@@UEAAXXZ 0000000180008264 f   ConEmuPlugin995.obj
 0001:000072ec       ?GetActiveWindowType@CPluginW995@@UEAAHXZ 00000001800082ec f   ConEmuPlugin995.obj
 0001:000073e4       ?GetEditorModifiedState@CPluginW995@@UEAAKXZ 00000001800083e4 f   ConEmuPlugin995.obj
 0001:0000743c       ?GetFarRect@CPluginW995@@UEAA_NAEAU_SMALL_RECT@@@Z 000000018000843c f   ConEmuPlugin995.obj
 0001:00007494       ?GetMacroArea@CPluginW995@@UEAAHXZ 0000000180008494 f   ConEmuPlugin995.obj
 0001:000074ec       ?GetMsg@CPluginW995@@UEAAPEB_WHPEA_W_K@Z 00000001800084ec f   ConEmuPlugin995.obj
 0001:0000755c       ?GetPanelDir@CPluginW995@@UEAAPEA_WKPEA_WH@Z 000000018000855c f   ConEmuPlugin995.obj
 0001:00007680       ?GetPanelInfo@CPluginW995@@UEAA_NKPEAUCEPanelInfo@@@Z 0000000180008680 f   ConEmuPlugin995.obj
 0001:000078c0       ?GetPanelItemInfo@CPluginW995@@UEAA_NAEBUCEPanelInfo@@_N_JAEAU_WIN32_FIND_DATAW@@PEAPEA_W@Z 00000001800088c0 f   ConEmuPlugin995.obj
 0001:00007a58       ?GetPluginInfoPtr@CPluginW995@@UEAAXPEAX@Z 0000000180008a58 f   ConEmuPlugin995.obj
 0001:00007ac4       ?GetWindowCount@CPluginW995@@UEAAHXZ 0000000180008ac4 f   ConEmuPlugin995.obj
 0001:00007af0       ?GuiMacroDlg@CPluginW995@@UEAAXXZ 0000000180008af0 f   ConEmuPlugin995.obj
 0001:00007af8       ?InputBox@CPluginW995@@UEAA_NPEB_W000AEAPEA_W@Z 0000000180008af8 f   ConEmuPlugin995.obj
 0001:00007ba8       ?IsMacroActive@CPluginW995@@UEAA_NXZ 0000000180008ba8 f   ConEmuPlugin995.obj
 0001:00007c18       ?LoadFarColors@CPluginW995@@UEAAXAEAY0BAA@E@Z 0000000180008c18 f   ConEmuPlugin995.obj
 0001:00007cd4       ?LoadFarSettings@CPluginW995@@UEAAXPEAUCEFarInterfaceSettings@@PEAUCEFarPanelSettings@@@Z 0000000180008cd4 f   ConEmuPlugin995.obj
 0001:00007d30       ?Open@CPluginAnsi@@UEAAPEAXPEBX@Z 0000000180008d30 f i ConEmuPluginA.obj
 0001:00007d30       ?Open@CPluginW995@@UEAAPEAXPEBX@Z 0000000180008d30 f i ConEmuPlugin995.obj
 0001:00007d38       ?OpenEditor@CPluginW995@@UEAA_NPEB_W_N11HH@Z 0000000180008d38 f   ConEmuPlugin995.obj
 0001:00007e40       ?PanelControlApi@CPluginW995@@UEAA_JPEAXH_J0@Z 0000000180008e40 f   ConEmuPlugin995.obj
 0001:00007e84       ?PostMacroApi@CPluginW995@@UEAAXPEB_WPEAU_INPUT_RECORD@@_N@Z 0000000180008e84 f   ConEmuPlugin995.obj
 0001:00007f2c       ?ProcessViewerEventPtr@CPluginW995@@UEAAHPEAX@Z 0000000180008f2c f i ConEmuPlugin995.obj
 0001:00007f2c       ?ProcessSynchroEventPtr@CPluginAnsi@@UEAAHPEAX@Z 0000000180008f2c f i ConEmuPluginA.obj
 0001:00007f2c       ?ProcessViewerEventPtr@CPluginAnsi@@UEAAHPEAX@Z 0000000180008f2c f i ConEmuPluginA.obj
 0001:00007f2c       ?ProcessSynchroEventPtr@CPluginW995@@UEAAHPEAX@Z 0000000180008f2c f i ConEmuPlugin995.obj
 0001:00007f2c       ?ProcessEditorInputPtr@CPluginAnsi@@UEAAHPEBX@Z 0000000180008f2c f i ConEmuPluginA.obj
 0001:00007f2c       ?ProcessEditorEventPtr@CPluginAnsi@@UEAAHPEAX@Z 0000000180008f2c f i ConEmuPluginA.obj
 0001:00007f2c       ?ProcessEditorEventPtr@CPluginW995@@UEAAHPEAX@Z 0000000180008f2c f i ConEmuPlugin995.obj
 0001:00007f30       ?ProcessEditorInputPtr@CPluginW995@@UEAAHPEBX@Z 0000000180008f30 f   ConEmuPlugin995.obj
 0001:00007f4c       ?RedrawAll@CPluginW995@@UEAAXXZ 0000000180008f4c f   ConEmuPlugin995.obj
 0001:00007f7c       ?SetStartupInfoPtr@CPluginW995@@UEAAXPEAX@Z 0000000180008f7c f   ConEmuPlugin995.obj
 0001:000080bc       ?SetWindow@CPluginW995@@UEAAXH@Z 00000001800090bc f   ConEmuPlugin995.obj
 0001:00008108       ?ShowMessage@CPluginW995@@UEAAHPEB_WH_N@Z 0000000180009108 f   ConEmuPlugin995.obj
 0001:00008168       ?ShowPluginMenu@CPluginW995@@UEAAHPEAUConEmuPluginMenuItem@@HH@Z 0000000180009168 f   ConEmuPlugin995.obj
 0001:000082a4       ?ShowUserScreen@CPluginW995@@UEAAX_N@Z 00000001800092a4 f   ConEmuPlugin995.obj
 0001:000082d0       ?StopWaitEndSynchro@CPluginW995@@UEAAXXZ 00000001800092d0 f   ConEmuPlugin995.obj
 0001:00008300       ?UpdateConEmuTabsApi@CPluginW995@@UEAA_NH@Z 0000000180009300 f   ConEmuPlugin995.obj
 0001:00008578       ?WaitEndSynchro@CPluginW995@@UEAAXXZ 0000000180009578 f   ConEmuPlugin995.obj
 0001:00008710       ??0CPluginAnsi@@QEAA@XZ    0000000180009710 f   ConEmuPluginA.obj
 0001:00008874       ??_ECPluginAnsi@@UEAAPEAXI@Z 0000000180009874 f i ConEmuPluginA.obj
 0001:00008874       ??_GCPluginAnsi@@UEAAPEAXI@Z 0000000180009874 f i ConEmuPluginA.obj
 0001:00008e2c       ?CheckPanelExist@CPluginAnsi@@UEAA_NXZ 0000000180009e2c f   ConEmuPluginA.obj
 0001:00008e64       ?GetFarRect@CPluginAnsi@@UEAA_NAEAU_SMALL_RECT@@@Z 0000000180009e64 f i ConEmuPluginA.obj
 0001:00008e64       ?ExecuteSynchroApi@CPluginAnsi@@UEAA_NXZ 0000000180009e64 f i ConEmuPluginA.obj
 0001:00008e68       ?ExitFar@CPluginAnsi@@UEAAXXZ 0000000180009e68 f   ConEmuPluginA.obj
 0001:00008eac       ?GetActiveWindowType@CPluginAnsi@@UEAAHXZ 0000000180009eac f   ConEmuPluginA.obj
 0001:00008f30       ?GetEditorModifiedState@CPluginAnsi@@UEAAKXZ 0000000180009f30 f   ConEmuPluginA.obj
 0001:00008f88       ?GetMacroArea@CPluginAnsi@@UEAAHXZ 0000000180009f88 f   ConEmuPluginA.obj
 0001:00008f88       _get_startup_argv_mode     0000000180009f88 f   LIBCMT:argv_mode.obj
 0001:00008f90       ?GetMsg@CPluginAnsi@@UEAAPEB_WHPEA_W_K@Z 0000000180009f90 f   ConEmuPluginA.obj
 0001:00009030       ?GetPanelDir@CPluginAnsi@@UEAAPEA_WKPEA_WH@Z 000000018000a030 f   ConEmuPluginA.obj
 0001:00009128       ?GetPanelInfo@CPluginAnsi@@UEAA_NKPEAUCEPanelInfo@@@Z 000000018000a128 f   ConEmuPluginA.obj
 0001:00009380       ?GetPanelItemInfo@CPluginAnsi@@UEAA_NAEBUCEPanelInfo@@_N_JAEAU_WIN32_FIND_DATAW@@PEAPEA_W@Z 000000018000a380 f   ConEmuPluginA.obj
 0001:000094a0       ?GetPluginInfoPtr@CPluginAnsi@@UEAAXPEAX@Z 000000018000a4a0 f   ConEmuPluginA.obj
 0001:0000952c       ?GetWindowCount@CPluginAnsi@@UEAAHXZ 000000018000a52c f   ConEmuPluginA.obj
 0001:00009558       ?GuiMacroDlg@CPluginAnsi@@UEAAXXZ 000000018000a558 f   ConEmuPluginA.obj
 0001:00009560       ?InputBox@CPluginAnsi@@UEAA_NPEB_W000AEAPEA_W@Z 000000018000a560 f   ConEmuPluginA.obj
 0001:000096c0       ?IsMacroActive@CPluginAnsi@@UEAA_NXZ 000000018000a6c0 f   ConEmuPluginA.obj
 0001:00009734       ?LoadFarColors@CPluginAnsi@@UEAAXAEAY0BAA@E@Z 000000018000a734 f   ConEmuPluginA.obj
 0001:000097f4       ?LoadFarSettings@CPluginAnsi@@UEAAXPEAUCEFarInterfaceSettings@@PEAUCEFarPanelSettings@@@Z 000000018000a7f4 f   ConEmuPluginA.obj
 0001:00009854       ?OpenEditor@CPluginAnsi@@UEAA_NPEB_W_N11HH@Z 000000018000a854 f   ConEmuPluginA.obj
 0001:00009990       ?PanelControlApi@CPluginAnsi@@UEAA_JPEAXH_J0@Z 000000018000a990 f   ConEmuPluginA.obj
 0001:000099cc       ?PostMacroApi@CPluginAnsi@@UEAAXPEB_WPEAU_INPUT_RECORD@@_N@Z 000000018000a9cc f   ConEmuPluginA.obj
 0001:00009a90       ?RedrawAll@CPluginAnsi@@UEAAXXZ 000000018000aa90 f   ConEmuPluginA.obj
 0001:00009ac4       ?SetStartupInfoPtr@CPluginAnsi@@UEAAXPEAX@Z 000000018000aac4 f   ConEmuPluginA.obj
 0001:00009c08       ?SetWindow@CPluginAnsi@@UEAAXH@Z 000000018000ac08 f   ConEmuPluginA.obj
 0001:00009c5c       ?ShowMessage@CPluginAnsi@@UEAAHPEB_WH_N@Z 000000018000ac5c f   ConEmuPluginA.obj
 0001:00009d38       ?ShowPluginMenu@CPluginAnsi@@UEAAHPEAUConEmuPluginMenuItem@@HH@Z 000000018000ad38 f   ConEmuPluginA.obj
 0001:00009ed4       ?ShowUserScreen@CPluginAnsi@@UEAAX_N@Z 000000018000aed4 f   ConEmuPluginA.obj
 0001:00009f00       ?UpdateConEmuTabsApi@CPluginAnsi@@UEAA_NH@Z 000000018000af00 f   ConEmuPluginA.obj
 0001:0000a1bc       ??$swprintf_c@$0BAE@@@YAHAEAY0BAE@_WPEB_WZZ 000000018000b1bc f i ConEmuPluginBase.obj
 0001:0000a1e8       ??$swprintf_c@$0DAM@@@YAHAEAY0DAM@_WPEB_WZZ 000000018000b1e8 f i ConEmuPluginBase.obj
 0001:0000a214       ??$swprintf_c@$0EAA@@@YAHAEAY0EAA@_WPEB_WZZ 000000018000b214 f i ConEmuPluginBase.obj
 0001:0000a240       ??$swprintf_c@$0MI@@@YAHAEAY0MI@_WPEB_WZZ 000000018000b240 f i ConEmuPluginBase.obj
 0001:0000a26c       ??$wcscpy_c@$0BBE@@@YAHAEAY0BBE@_WPEB_W@Z 000000018000b26c f i ConEmuPluginBase.obj
 0001:0000a2b8       ??$wcscpy_c@$0CAI@@@YAHAEAY0CAI@_WPEB_W@Z 000000018000b2b8 f i ConEmuPluginBase.obj
 0001:0000a304       ??0CPluginBase@@QEAA@XZ    000000018000b304 f   ConEmuPluginBase.obj
 0001:0000a420       ??0MWow64Disable@@QEAA@XZ  000000018000b420 f i ConEmuPluginBase.obj
 0001:0000a494       ??1?$MFileMapping@UCESERVER_CONSOLE_MAPPING_HDR@@@@QEAA@XZ 000000018000b494 f i ConEmuPluginBase.obj
 0001:0000a494       ??1?$MFileMapping@UPanelViewSetMapping@@@@QEAA@XZ 000000018000b494 f i PluginBackground.obj
 0001:0000a494       ??1?$MFileMapping@UConEmuGuiMapping@@@@QEAA@XZ 000000018000b494 f i common-user64:ConEmuCheckEx.obj
 0001:0000a4a8       ??1CPluginBase@@UEAA@XZ    000000018000b4a8 f   ConEmuPluginBase.obj
 0001:0000a4b4       ??1MWow64Disable@@QEAA@XZ  000000018000b4b4 f i ConEmuPluginBase.obj
 0001:0000a4d8       ??_GCPluginBase@@UEAAPEAXI@Z 000000018000b4d8 f i ConEmuPluginBase.obj
 0001:0000a4d8       ??_ECPluginBase@@UEAAPEAXI@Z 000000018000b4d8 f i ConEmuPluginBase.obj
 0001:0000a504       ?ActivatePlugin@CPluginBase@@QEAA_NKPEAXK@Z 000000018000b504 f   ConEmuPluginBase.obj
 0001:0000a6c0       ?AddTab@CPluginBase@@QEAA_NAEAHH_N1HPEB_W2HHHH@Z 000000018000b6c0 f   ConEmuPluginBase.obj
 0001:0000aa24       ?AddTabFinish@CPluginBase@@QEAAXH@Z 000000018000ba24 f   ConEmuPluginBase.obj
 0001:0000aa30       ?Attach2Gui@CPluginBase@@QEAA_N_N@Z 000000018000ba30 f   ConEmuPluginBase.obj
 0001:0000ae58       ?BackgroundMacroError@CPluginBase@@SAKPEAX@Z 000000018000be58 f   ConEmuPluginBase.obj
 0001:0000ae80       ?CheckBufferEnabled@CPluginBase@@QEAA_NXZ 000000018000be80 f   ConEmuPluginBase.obj
 0001:0000aee4       ?CheckConEmuDetached@CPluginBase@@SAXXZ 000000018000bee4 f   ConEmuPluginBase.obj
 0001:0000b0d4       ?CheckResources@CPluginBase@@QEAAX_N@Z 000000018000c0d4 f   ConEmuPluginBase.obj
 0001:0000b2b4       ?CloseMap@?$MFileMapping@UCESERVER_CONSOLE_MAPPING_HDR@@@@QEAAXXZ 000000018000c2b4 f i ConEmuPluginBase.obj
 0001:0000b2b4       ?CloseMap@?$MFileMapping@UConEmuGuiMapping@@@@QEAAXXZ 000000018000c2b4 f i common-kernel64:ConEmuCheck.obj
 0001:0000b2b4       ?CloseMap@?$MFileMapping@UPanelViewSetMapping@@@@QEAAXXZ 000000018000c2b4 f i PluginBackground.obj
 0001:0000b318       ?CloseMapHeader@CPluginBase@@SAXXZ 000000018000c318 f   ConEmuPluginBase.obj
 0001:0000b33c       ?CloseTabs@CPluginBase@@SAXXZ 000000018000c33c f   ConEmuPluginBase.obj
 0001:0000b3dc       ?CommonPluginStartup@CPluginBase@@QEAAXXZ 000000018000c3dc f   ConEmuPluginBase.obj
 0001:0000b4e8       ?CreateTabs@CPluginBase@@SA_NH@Z 000000018000c4e8 f   ConEmuPluginBase.obj
 0001:0000b5a8       ?DllCheckUnique@CPluginBase@@KA_N_N@Z 000000018000c5a8 f   ConEmuPluginBase.obj
 0001:0000b7e4       ?DllMain_ProcessAttach@CPluginBase@@KAXPEAUHINSTANCE__@@@Z 000000018000c7e4 f   ConEmuPluginBase.obj
 0001:0000b8cc       ?DllMain_ProcessDetach@CPluginBase@@KAXXZ 000000018000c8cc f   ConEmuPluginBase.obj
 0001:0000b9b4       ?EditViewConsoleOutput@CPluginBase@@QEAAX_N@Z 000000018000c9b4 f   ConEmuPluginBase.obj
 0001:0000ba80       ?EmergencyShow@CPluginBase@@KAXXZ 000000018000ca80 f   ConEmuPluginBase.obj
 0001:0000badc       ?ExecuteSynchro@CPluginBase@@QEAAXXZ 000000018000cadc f   ConEmuPluginBase.obj
 0001:0000bb5c       ?ExitFarCommon@CPluginBase@@QEAAX_N@Z 000000018000cb5c f   ConEmuPluginBase.obj
 0001:0000bb88       ?FarSetConsoleSize@CPluginBase@@SA_NFF@Z 000000018000cb88 f   ConEmuPluginBase.obj
 0001:0000bc94       ?FillLoadedParm@CPluginBase@@SAXPEAUConEmuLoadedArg@@PEAUHINSTANCE__@@H@Z 000000018000cc94 f   ConEmuPluginBase.obj
 0001:0000bd6c       ?FillUpdateBackground@CPluginBase@@QEAAXPEAUPaintBackgroundArg@@@Z 000000018000cd6c f   ConEmuPluginBase.obj
 0001:0000bee8       ?FindServerCmd@CPluginBase@@QEAA_NKAEAK_N@Z 000000018000cee8 f   ConEmuPluginBase.obj
 0001:0000bfe4       ?GetMainThreadId@CPluginBase@@SAKXZ 000000018000cfe4 f   ConEmuPluginBase.obj
 0001:0000c094       ?GetPanelInfo@CPluginBase@@QEAA_NKPEAUBkPanelInfo@@@Z 000000018000d094 f   ConEmuPluginBase.obj
 0001:0000c138       ?InitHWND@CPluginBase@@SAXXZ 000000018000d138 f   ConEmuPluginBase.obj
 0001:0000c3c8       ?InitResources@CPluginBase@@QEAAXXZ 000000018000d3c8 f   ConEmuPluginBase.obj
 0001:0000c5ec       ?InitRootRegKey@CPluginBase@@IEAAXXZ 000000018000d5ec f   ConEmuPluginBase.obj
 0001:0000c6ec       ?InternalOpenCreate@?$MFileMapping@UConEmuGuiMapping@@@@IEAAPEAUConEmuGuiMapping@@_N0H@Z 000000018000d6ec f i common-kernel64:ConEmuCheck.obj
 0001:0000c6ec       ?InternalOpenCreate@?$MFileMapping@UCESERVER_CONSOLE_MAPPING_HDR@@@@IEAAPEAUCESERVER_CONSOLE_MAPPING_HDR@@_N0H@Z 000000018000d6ec f i ConEmuPluginBase.obj
 0001:0000c6ec       ?InternalOpenCreate@?$MFileMapping@UPanelViewSetMapping@@@@IEAAPEAUPanelViewSetMapping@@_N0H@Z 000000018000d6ec f i PluginBackground.obj
 0001:0000c9a0       ?IsCurrentTabModal@CPluginBase@@QEAA_NXZ 000000018000d9a0 f   ConEmuPluginBase.obj
 0001:0000cb5c       ?LoadFarVersion@CPluginBase@@SA_NXZ 000000018000db5c f   ConEmuPluginBase.obj
 0001:0000ce04       ?LoadPanelTabsFromRegistry@CPluginBase@@IEAAXXZ 000000018000de04 f   ConEmuPluginBase.obj
 0001:0000cf30       ?MonitorThreadProcW@CPluginBase@@SAKPEAX@Z 000000018000df30 f   ConEmuPluginBase.obj
 0001:0000d334       ?NotifyConEmuUnloaded@CPluginBase@@SAXXZ 000000018000e334 f   ConEmuPluginBase.obj
 0001:0000d458       ?OnConsoleDetaching@CPluginBase@@SAHPEAUHookCallbackArg@@@Z 000000018000e458 f   ConEmuPluginBase.obj
 0001:0000d59c       ?OnConsolePeekInput@CPluginBase@@SAHPEAUHookCallbackArg@@@Z 000000018000e59c f   ConEmuPluginBase.obj
 0001:0000d604       ?OnConsolePeekInputPost@CPluginBase@@SAHPEAUHookCallbackArg@@@Z 000000018000e604 f   ConEmuPluginBase.obj
 0001:0000d634       ?OnConsolePeekReadInput@CPluginBase@@SAX_N@Z 000000018000e634 f   ConEmuPluginBase.obj
 0001:0000d828       ?OnConsoleReadInput@CPluginBase@@SAHPEAUHookCallbackArg@@@Z 000000018000e828 f   ConEmuPluginBase.obj
 0001:0000d830       ?OnConsoleReadInputPost@CPluginBase@@SAHPEAUHookCallbackArg@@@Z 000000018000e830 f   ConEmuPluginBase.obj
 0001:0000d9e0       ?OnConsoleReadInputWork@CPluginBase@@SAHPEAUHookCallbackArg@@@Z 000000018000e9e0 f   ConEmuPluginBase.obj
 0001:0000da54       ?OnConsoleWasAttached@CPluginBase@@SAHPEAUHookCallbackArg@@@Z 000000018000ea54 f   ConEmuPluginBase.obj
 0001:0000dabc       ?OnCurDirChanged@CPluginBase@@SAXXZ 000000018000eabc f   ConEmuPluginBase.obj
 0001:0000db18       ?OnGetNumberOfConsoleInputEventsPost@CPluginBase@@SAHPEAUHookCallbackArg@@@Z 000000018000eb18 f   ConEmuPluginBase.obj
 0001:0000db4c       ?OnLibraryLoaded@CPluginBase@@SAXPEAUHINSTANCE__@@@Z 000000018000eb4c f   ConEmuPluginBase.obj
 0001:0000dbec       ?OnMainThreadActivated@CPluginBase@@QEAAXXZ 000000018000ebec f   ConEmuPluginBase.obj
 0001:0000dd90       ?OnPanelViewCallbacks@CPluginBase@@SA_NPEAUHookCallbackArg@@P6AHPEAXPEAU_INPUT_RECORD@@KPEAKPEAH@Z5@Z 000000018000ed90 f   ConEmuPluginBase.obj
 0001:0000de68       ?OnPostWriteConsoleOutput@CPluginBase@@SAHPEAUHookCallbackArg@@@Z 000000018000ee68 f   ConEmuPluginBase.obj
 0001:0000de74       ?OnShellExecuteExW_Except@CPluginBase@@SAHPEAUHookCallbackArg@@@Z 000000018000ee74 f   ConEmuPluginBase.obj
 0001:0000deb4       ?OnWriteConsoleOutput@CPluginBase@@SAHPEAUHookCallbackArg@@@Z 000000018000eeb4 f   ConEmuPluginBase.obj
 0001:0000df88       ?OpenMapHeader@CPluginBase@@SAHXZ 000000018000ef88 f   ConEmuPluginBase.obj
 0001:0000e144       ?OpenPluginCommon@CPluginBase@@QEAAPEAXH_J_N@Z 000000018000f144 f   ConEmuPluginBase.obj
 0001:0000e42c       ?OutDataAlloc@CPluginBase@@SA_NK@Z 000000018000f42c f   ConEmuPluginBase.obj
 0001:0000e48c       ?OutDataRealloc@CPluginBase@@SA_NK@Z 000000018000f48c f   ConEmuPluginBase.obj
 0001:0000e554       ?OutDataWrite@CPluginBase@@SA_NPEAXK@Z 000000018000f554 f   ConEmuPluginBase.obj
 0001:0000e5f4       ?PanelControl@CPluginBase@@QEAA_JPEAXH_J0@Z 000000018000f5f4 f   ConEmuPluginBase.obj
 0001:0000e68c       ?Plugin@@YAPEAVCPluginBase@@XZ 000000018000f68c f   ConEmuPluginBase.obj
 0001:0000e764       ?PrintText@CPluginBase@@QEAA_NPEB_W@Z 000000018000f764 f   ConEmuPluginBase.obj
 0001:0000e880       ?ProcessCommand@CPluginBase@@QEAA_NKHPEAXPEAPEAUCESERVER_REQ@@_N@Z 000000018000f880 f   ConEmuPluginBase.obj
 0001:0000ed20       ?ProcessCommandLine@CPluginBase@@QEAA_NPEA_W@Z 000000018000fd20 f   ConEmuPluginBase.obj
 0001:0000ed6c       ?ProcessDragFrom@CPluginBase@@QEAAXXZ 000000018000fd6c f   ConEmuPluginBase.obj
 0001:0000f1f0       ?ProcessDragTo@CPluginBase@@QEAAXXZ 00000001800101f0 f   ConEmuPluginBase.obj
 0001:0000f500       ?ProcessEditorInputInternal@CPluginBase@@QEAAXAEBU_INPUT_RECORD@@@Z 0000000180010500 f   ConEmuPluginBase.obj
 0001:0000f52c       ?ProcessEditorViewerEvent@CPluginBase@@QEAAHHH@Z 000000018001052c f   ConEmuPluginBase.obj
 0001:0000f5e0       ?ProcessSetWindowCommand@CPluginBase@@QEAAXXZ 00000001800105e0 f   ConEmuPluginBase.obj
 0001:0000f708       ?ProcessSynchroEvent@CPluginBase@@QEAAHHPEAX@Z 0000000180010708 f   ConEmuPluginBase.obj
 0001:0000f78c       ?ReloadFarInfo@CPluginBase@@QEAA_N_N@Z 000000018001078c f   ConEmuPluginBase.obj
 0001:0000fa08       ?ReloadFarInfoApi@CPluginBase@@IEAA_NXZ 0000000180010a08 f   ConEmuPluginBase.obj
 0001:0000fbdc       ?RunExternalProgram@CPluginBase@@QEAA_NPEA_W@Z 0000000180010bdc f   ConEmuPluginBase.obj
 0001:0000fd6c       ?RunExternalProgramW@CPluginBase@@SA_NPEA_W0_N@Z 0000000180010d6c f   ConEmuPluginBase.obj
 0001:0000ffd0       ?SendTabs@CPluginBase@@SAXH_N@Z 0000000180010fd0 f   ConEmuPluginBase.obj
 0001:0001018c       ?SetRootRegKey@CPluginBase@@IEAAXPEA_W@Z 000000018001118c f   ConEmuPluginBase.obj
 0001:00010228       ?ShowConsoleInfo@CPluginBase@@QEAAXXZ 0000000180011228 f   ConEmuPluginBase.obj
 0001:0001042c       ?ShowMessage@CPluginBase@@QEAAHHH@Z 000000018001142c f   ConEmuPluginBase.obj
 0001:000104a8       ?ShowMessageBox@CPluginBase@@KAHPEB_WI@Z 00000001800114a8 f   ConEmuPluginBase.obj
 0001:0001058c       ?ShowMessageGui@CPluginBase@@QEAAHHH@Z 000000018001158c f   ConEmuPluginBase.obj
 0001:00010614       ?ShowPanelsList@CPluginBase@@QEAAXXZ 0000000180011614 f   ConEmuPluginBase.obj
 0001:00010760       ?ShowPluginMenu@CPluginBase@@QEAAXW4PluginCallCommands@@@Z 0000000180011760 f   ConEmuPluginBase.obj
 0001:00010968       ?ShowProtocolWarning@CPluginBase@@KAXXZ 0000000180011968 f   ConEmuPluginBase.obj
 0001:00010ae0       ?ShowTabsList@CPluginBase@@QEAAXXZ 0000000180011ae0 f   ConEmuPluginBase.obj
 0001:00010d68       ?StartDebugger@CPluginBase@@QEAA_NXZ 0000000180011d68 f   ConEmuPluginBase.obj
 0001:0001101c       ?StopThread@CPluginBase@@QEAAX_N@Z 000000018001201c f   ConEmuPluginBase.obj
 0001:00011280       ?StorePanelDirs@CPluginBase@@QEAA_NPEB_W0@Z 0000000180012280 f   ConEmuPluginBase.obj
 0001:000113f0       ?StringCchCatW@@YAJPEA_W_KPEB_W@Z 00000001800123f0 f i ConEmuPluginBase.obj
 0001:000114ac       ?StringCchCopyW@@YAJPEA_W_KPEB_W@Z 00000001800124ac f i ConEmuPluginBase.obj
 0001:00011518       ?SwitchTabCommand@CPluginBase@@QEAAXW4PluginMenuCommands@@@Z 0000000180012518 f   ConEmuPluginBase.obj
 0001:0001159c       ?ToOem@CPluginBase@@SAPEADPEB_W@Z 000000018001259c f   ConEmuPluginBase.obj
 0001:000115f8       ?ToOem@CPluginBase@@SAXPEB_WPEAD_J@Z 00000001800125f8 f   ConEmuPluginBase.obj
 0001:00011638       ?ToUnicode@CPluginBase@@SAPEA_WPEBD@Z 0000000180012638 f   ConEmuPluginBase.obj
 0001:000116b8       ?TouchReadPeekConsoleInputs@CPluginBase@@SAXH@Z 00000001800126b8 f   ConEmuPluginBase.obj
 0001:00011704       ?UngetDummyMouseEvent@CPluginBase@@SA_N_NPEAUHookCallbackArg@@@Z 0000000180012704 f   ConEmuPluginBase.obj
 0001:000118b0       ?UpdateConEmuTabs@CPluginBase@@QEAA_N_N@Z 00000001800128b0 f   ConEmuPluginBase.obj
 0001:00011b30       ?UpdatePanelDirs@CPluginBase@@QEAAXXZ 0000000180012b30 f   ConEmuPluginBase.obj
 0001:00011d00       ?WaitPluginActivation@CPluginBase@@SAKKPEAPEAXHK@Z 0000000180012d00 f   ConEmuPluginBase.obj
 0001:00011e08       ?cmd_CloseQSearch@CPluginBase@@QEAAXXZ 0000000180012e08 f   ConEmuPluginBase.obj
 0001:00011e40       ?cmd_ConSetFont@CPluginBase@@QEAAXPEAX@Z 0000000180012e40 f   ConEmuPluginBase.obj
 0001:00011e94       ?cmd_EMenu@CPluginBase@@QEAAXPEAX@Z 0000000180012e94 f   ConEmuPluginBase.obj
 0001:00011fb0       ?cmd_ExternalCallback@CPluginBase@@QEAA_NPEAX@Z 0000000180012fb0 f   ConEmuPluginBase.obj
 0001:00012014       ?cmd_GuiChanged@CPluginBase@@QEAAXPEAX@Z 0000000180013014 f   ConEmuPluginBase.obj
 0001:000120a0       ?cmd_LeftClickSync@CPluginBase@@QEAAXPEAX@Z 00000001800130a0 f   ConEmuPluginBase.obj
 0001:0001218c       ?cmd_OpenEditorLine@CPluginBase@@QEAA_NPEAUCESERVER_REQ_FAREDITOR@@@Z 000000018001318c f   ConEmuPluginBase.obj
 0001:00012258       ?cmd_RedrawFarCall@CPluginBase@@QEAA_NAEAPEAUCESERVER_REQ@@PEAPEAU2@@Z 0000000180013258 f   ConEmuPluginBase.obj
 0001:0001232c       ?cmd_SetWindow@CPluginBase@@QEAA_NPEAX_N@Z 000000018001332c f   ConEmuPluginBase.obj
 0001:000123b8       ?isMacroActive@CPluginBase@@QEAA_NAEAH@Z 00000001800133b8 f   ConEmuPluginBase.obj
 0001:000123f4       ?isModalEditorViewer@CPluginBase@@QEAA_NXZ 00000001800133f4 f   ConEmuPluginBase.obj
 0001:00012420       ?pcc_Disabled@CPluginBase@@SA_NW4PluginMenuCommands@@@Z 0000000180013420 f   ConEmuPluginBase.obj
 0001:000124a0       ?pcc_Selected@CPluginBase@@SA_NW4PluginMenuCommands@@@Z 00000001800134a0 f   ConEmuPluginBase.obj
 0001:000124fc       ??0CPluginBackground@@QEAA@XZ 00000001800134fc f   PluginBackground.obj
 0001:000126b4       ??1CPluginBackground@@QEAA@XZ 00000001800136b4 f   PluginBackground.obj
 0001:0001281c       ?CheckPanelFolders@CPluginBackground@@IEAAXH@Z 000000018001381c f   PluginBackground.obj
 0001:000128ec       ?GetTo@?$MFileMapping@UPanelViewSetMapping@@@@QEAA_NPEAUPanelViewSetMapping@@H@Z 00000001800138ec f i PluginBackground.obj
 0001:000129bc       ?IsParmChanged@CPluginBackground@@IEAA_NPEAUPaintBackgroundArg@@0@Z 00000001800139bc f   PluginBackground.obj
 0001:00012c34       ?LoadThSet@CPluginBackground@@IEAAHH@Z 0000000180013c34 f   PluginBackground.obj
 0001:00012fa8       ?MonitorBackground@CPluginBackground@@QEAAXXZ 0000000180013fa8 f   PluginBackground.obj
 0001:00013010       ?OnMainThreadActivated@CPluginBackground@@QEAAXHH@Z 0000000180014010 f   PluginBackground.obj
 0001:000130d4       ?ReallocItems@CPluginBackground@@IEAAXH@Z 00000001800140d4 f   PluginBackground.obj
 0001:0001313c       ?RegisterSubplugin@CPluginBackground@@QEAAHPEAURegisterBackgroundArg@@@Z 000000018001413c f   PluginBackground.obj
 0001:000133c8       ?SetDcPanelRect@CPluginBackground@@IEAAXPEAUtagRECT@@PEAUBkPanelInfo@@PEAUPaintBackgroundArg@@@Z 00000001800143c8 f   PluginBackground.obj
 0001:0001349c       ?SetForceThLoad@CPluginBackground@@QEAAXXZ 000000018001449c f   PluginBackground.obj
 0001:000134b4       ?SetForceUpdate@CPluginBackground@@QEAAX_N@Z 00000001800144b4 f   PluginBackground.obj
 0001:000134d4       ?UpdateBackground@CPluginBackground@@IEAAXXZ 00000001800144d4 f   PluginBackground.obj
 0001:00013d48       ?UpdateBackground_Exec@CPluginBackground@@KAXPEAURegisterBackgroundArg@@PEAUPaintBackgroundArg@@@Z 0000000180014d48 f   PluginBackground.obj
 0001:00013d8c       ??$swprintf_c@$09@@YAHAEAY09_WPEB_WZZ 0000000180014d8c f i PluginSrv.obj
 0001:00013db8       ??$wcscpy_c@$0BAE@@@YAHAEAY0BAE@_WPEB_W@Z 0000000180014db8 f i PluginSrv.obj
 0001:00013e04       ?DumpError@?$PipeServer@UCESERVER_REQ@@@@IEAAXPEAUPipeInst@1@PEB_WH@Z 0000000180014e04 f i PluginSrv.obj
 0001:00013f18       ?PipeServerRead@?$PipeServer@UCESERVER_REQ@@@@IEAAHPEAUPipeInst@1@@Z 0000000180014f18 f i PluginSrv.obj
 0001:000141a8       ?PipeServerThread@?$PipeServer@UCESERVER_REQ@@@@IEAAKPEAUPipeInst@1@@Z 00000001800151a8 f i PluginSrv.obj
 0001:00014478       ?PipeServerWrite@?$PipeServer@UCESERVER_REQ@@@@IEAAHPEAUPipeInst@1@PEBXKPEAKH@Z 0000000180015478 f i PluginSrv.obj
 0001:000145a4       ?PlugServerCommand@@YAHPEAXPEAUCESERVER_REQ@@AEAPEAU1@AEAK3_J@Z 00000001800155a4 f   PluginSrv.obj
 0001:00014ab0       ?PlugServerFree@@YAXPEAUCESERVER_REQ@@_J@Z 0000000180015ab0 f   PluginSrv.obj
 0001:00014ac8       ?PlugServerStart@@YA_NXZ   0000000180015ac8 f   PluginSrv.obj
 0001:00014bdc       ?PlugServerStop@@YAX_N@Z   0000000180015bdc f   PluginSrv.obj
 0001:00014c24       ?StartPipeInstance@?$PipeServer@UCESERVER_REQ@@@@IEAA_NPEAUPipeInst@1@@Z 0000000180015c24 f i PluginSrv.obj
 0001:00014db4       ?StartPipeServer@?$PipeServer@UCESERVER_REQ@@@@QEAA_N_NPEB_W_JPEAU_SECURITY_ATTRIBUTES@@P6AHPEAXPEAUCESERVER_REQ@@AEAPEAU3@AEAK72@ZP6AX52@ZP6AH42@ZP6AH42@ZP6AH42@Z@Z 0000000180015db4 f i PluginSrv.obj
 0001:00014f38       ?StopPipeServer@?$PipeServer@UCESERVER_REQ@@@@QEAAX_NAEA_N@Z 0000000180015f38 f i PluginSrv.obj
 0001:000152c0       ?WaitForClient@?$PipeServer@UCESERVER_REQ@@@@IEAA_NPEAUPipeInst@1@AEAH1@Z 00000001800162c0 f i PluginSrv.obj
 0001:000155d8       ?WaitOverlapped@?$PipeServer@UCESERVER_REQ@@@@IEAAHPEAUPipeInst@1@PEAK@Z 00000001800165d8 f i PluginSrv.obj
 0001:000157ac       ?WriteDummyAnswer@?$PipeServer@UCESERVER_REQ@@@@IEAAHPEAUPipeInst@1@@Z 00000001800167ac f i PluginSrv.obj
 0001:0001582c       ?_PipeServerThread@?$PipeServer@UCESERVER_REQ@@@@KAKPEAX@Z 000000018001682c f i PluginSrv.obj
 0001:00015888       ?cmd_FarSetChanged@@YAXPEAUFAR_REQ_FARSETCHANGED@@@Z 0000000180016888 f   PluginSrv.obj
 0001:000158e2       GetFileVersionInfoSizeW    00000001800168e2 f   version:VERSION.dll
 0001:000158e8       GetFileVersionInfoW        00000001800168e8 f   version:VERSION.dll
 0001:000158ee       VerQueryValueW             00000001800168ee f   version:VERSION.dll
 0001:000158f4       CreateToolhelp32Snapshot   00000001800168f4 f   kernel32:KERNEL32.dll
 0001:000158fa       Thread32First              00000001800168fa f   kernel32:KERNEL32.dll
 0001:00015900       Thread32Next               0000000180016900 f   kernel32:KERNEL32.dll
 0001:00015906       Module32FirstW             0000000180016906 f   kernel32:KERNEL32.dll
 0001:0001590c       Module32NextW              000000018001690c f   kernel32:KERNEL32.dll
 0001:00015914       ??2@YAPEAX_K@Z             0000000180016914 f   common-kernel64:Memory.obj
 0001:0001593c       ??_V@YAXPEAX@Z             000000018001693c f   common-kernel64:Memory.obj
 0001:0001593c       ??3@YAXPEAX@Z              000000018001693c f   common-kernel64:Memory.obj
 0001:00015944       ??_U@YAPEAX_K@Z            0000000180016944 f   common-kernel64:Memory.obj
 0001:0001594c       ?HeapDeinitialize@@YAXXZ   000000018001694c f   common-kernel64:Memory.obj
 0001:000159b0       ?HeapInitialize@@YA_NXZ    00000001800169b0 f   common-kernel64:Memory.obj
 0001:000159ec       ?xf_calloc@@YAPEAX_K0@Z    00000001800169ec f   common-kernel64:Memory.obj
 0001:00015a1c       ?xf_free@@YAXPEAX@Z        0000000180016a1c f   common-kernel64:Memory.obj
 0001:00015a94       ?xf_malloc@@YAPEAX_K@Z     0000000180016a94 f   common-kernel64:Memory.obj
 0001:00015abc       ?xf_realloc@@YAPEAXPEAX_K@Z 0000000180016abc f   common-kernel64:Memory.obj
 0001:00015ae4       ??$wcscpy_c@$0CA@@@YAHAEAY0CA@_WPEB_W@Z 0000000180016ae4 f i common-kernel64:ConEmuCheck.obj
 0001:00015b30       ?ExecuteCmd@@YAPEAUCESERVER_REQ@@PEB_WPEAU1@KPEAUHWND__@@HKH@Z 0000000180016b30 f   common-kernel64:ConEmuCheck.obj
 0001:00015d18       ?ExecuteFreeResult@@YAXAEAPEAUCESERVER_REQ@@@Z 0000000180016d18 f   common-kernel64:ConEmuCheck.obj
 0001:00015d38       ?ExecuteGuiCmd@@YAPEAUCESERVER_REQ@@PEAUHWND__@@PEAU1@0H@Z 0000000180016d38 f   common-kernel64:ConEmuCheck.obj
 0001:00015df8       ?ExecuteNewCmd@@YAPEAUCESERVER_REQ@@K_K@Z 0000000180016df8 f   common-kernel64:ConEmuCheck.obj
 0001:00015e5c       ?ExecuteNewCmd@@YA_NAEAPEAUCESERVER_REQ@@AEAKK_K@Z 0000000180016e5c f   common-kernel64:ConEmuCheck.obj
 0001:00015f50       ?ExecuteOpenPipe@@YAPEAXPEB_WAEAY0CAI@_W0KKHPEAXH@Z 0000000180016f50 f   common-kernel64:ConEmuCheck.obj
 0001:00016100       ?ExecutePrepareCmd@@YAXPEAUCESERVER_REQ@@K_K@Z 0000000180017100 f   common-kernel64:ConEmuCheck.obj
 0001:0001613c       ?ExecutePrepareCmd@@YAXPEAUCESERVER_REQ_HDR@@K_K@Z 000000018001713c f   common-kernel64:ConEmuCheck.obj
 0001:000161ac       ?ExecuteSrvCmd@@YAPEAUCESERVER_REQ@@KPEAU1@PEAUHWND__@@HKH@Z 00000001800171ac f   common-kernel64:ConEmuCheck.obj
 0001:00016280       ?GetConEmuHWND@@YAPEAUHWND__@@H@Z 0000000180017280 f   common-kernel64:ConEmuCheck.obj
 0001:000163c4       ?GuiMessageBox@@YAHPEAUHWND__@@PEB_W1H@Z 00000001800173c4 f   common-kernel64:ConEmuCheck.obj
 0001:0001652c       ?LoadSrvMapping@@YAHPEAUHWND__@@AEAUCESERVER_CONSOLE_MAPPING_HDR@@@Z 000000018001752c f   common-kernel64:ConEmuCheck.obj
 0001:00016730       ?ModuleName@@YAPEB_WPEB_W@Z 0000000180017730 f   common-kernel64:ConEmuCheck.obj
 0001:000167f0       ?isConsoleClass@@YA_NPEB_W@Z 00000001800177f0 f   common-kernel64:ConEmuCheck.obj
 0001:00016840       ?isConsoleWindow@@YA_NPEAUHWND__@@@Z 0000000180017840 f   common-kernel64:ConEmuCheck.obj
 0001:00016930       ?myGetConsoleWindow@@YAPEAUHWND__@@XZ 0000000180017930 f   common-kernel64:ConEmuCheck.obj
 0001:000169cc       ?StringCchVPrintfA@@YAJPEAD_KPEBD0@Z 00000001800179cc f i common-kernel64:MStrSafe.obj
 0001:00016a74       ?lstrcmpni@@YAHPEB_W0H@Z   0000000180017a74 f   common-kernel64:MStrSafe.obj
 0001:00016b94       ?msprintf@@YAPEB_WPEA_W_KPEB_WZZ 0000000180017b94 f   common-kernel64:MStrSafe.obj
 0001:00016bb4       ?mvsprintf@@YAPEB_WPEA_W_KPEB_WPEAD@Z 0000000180017bb4 f   common-kernel64:MStrSafe.obj
 0001:00017054       ?sprintf_c@@YAHPEAD_JPEBDZZ 0000000180018054 f   common-kernel64:MStrSafe.obj
 0001:00017094       ?swprintf_c@@YAHPEA_W_JPEB_WZZ 0000000180018094 f   common-kernel64:MStrSafe.obj
 0001:000170d4       ?IsFilePath@@YA_NPEB_W_N@Z 00000001800180d4 f   common-kernel64:CmdLine.obj
 0001:00017274       ?PointToExt@@YAPEB_WPEB_W@Z 0000000180018274 f   common-kernel64:CmdLine.obj
 0001:00017298       ?PointToName@@YAPEB_WPEB_W@Z 0000000180018298 f   common-kernel64:CmdLine.obj
 0001:000172f4       ?Unquote@@YAPEB_WPEA_W_N@Z 00000001800182f4 f   common-kernel64:CmdLine.obj
 0001:0001735c       ??$sprintf_c@$0CI@@@YAHAEAY0CI@DPEBDZZ 000000018001835c f i common-kernel64:WThreads.obj
 0001:00017388       ?SetThreadName@@YAXKPEAD@Z 0000000180018388 f   common-kernel64:WThreads.obj
 0001:000173c0       ?apiCreateThread@@YAPEAXP6AKPEAX@Z0PEAKPEBDH@Z 00000001800183c0 f   common-kernel64:WThreads.obj
 0001:00017508       ?apiTerminateThreadEx@@YAHPEAXKPEBDH@Z 0000000180018508 f   common-kernel64:WThreads.obj
 0001:00017610       ?apiThreadHelper@@YAKPEAX@Z 0000000180018610 f   common-kernel64:WThreads.obj
 0001:0001781c       ?lstrdup@@YAPEA_WPEB_W_K@Z 000000018001881c f   common-kernel64:MStrDup.obj
 0001:00017890       ?lstrmerge@@YAPEA_WPEB_W00000000@Z 0000000180018890 f   common-kernel64:MStrDup.obj
 0001:000179d4       ?lstrmerge@@YA_NPEAPEA_WPEB_W1111111@Z 00000001800189d4 f   common-kernel64:MStrDup.obj
 0001:00017a4c       ??0CEStr@@QEAA@$$QEAPEA_W@Z 0000000180018a4c f   common-kernel64:CEStr.obj
 0001:00017a6c       ??0CEStr@@QEAA@$$QEAU0@@Z  0000000180018a6c f   common-kernel64:CEStr.obj
 0001:00017a94       ??0CEStr@@QEAA@PEB_W00000000@Z 0000000180018a94 f   common-kernel64:CEStr.obj
 0001:00017b2c       ??0CEStr@@QEAA@XZ          0000000180018b2c f   common-kernel64:CEStr.obj
 0001:00017b3c       ??0bad_alloc@stdext@@QEAA@AEBV01@@Z 0000000180018b3c f i common-kernel64:CEStr.obj
 0001:00017b5c       ??0bad_alloc@stdext@@QEAA@XZ 0000000180018b5c f i common-kernel64:CEStr.obj
 0001:00017b78       ??0exception@stdext@@QEAA@AEBV01@@Z 0000000180018b78 f i common-kernel64:CEStr.obj
 0001:00017b90       ??1CEStr@@QEAA@XZ          0000000180018b90 f   common-kernel64:CEStr.obj
 0001:00017b98       ??1bad_alloc@stdext@@UEAA@XZ 0000000180018b98 f i common-kernel64:CEStr.obj
 0001:00017ba4       ??4CEStr@@QEAAAEAU0@$$QEAU0@@Z 0000000180018ba4 f   common-kernel64:CEStr.obj
 0001:00017bf0       ??4CEStr@@QEAAAEAU0@PEB_W@Z 0000000180018bf0 f   common-kernel64:CEStr.obj
 0001:00017c10       ?data@CEStr@@QEBAPEA_WXZ   0000000180018c10 f   common-kernel64:CEStr.obj
 0001:00017c10       ??BCEStr@@QEBAPEB_WXZ      0000000180018c10 f   common-kernel64:CEStr.obj
 0001:00017c14       ??BCEStr@@QEBA_NXZ         0000000180018c14 f   common-kernel64:CEStr.obj
 0001:00017c28       ??_Ebad_alloc@stdext@@UEAAPEAXI@Z 0000000180018c28 f i common-kernel64:CEStr.obj
 0001:00017c28       ??_Gexception@stdext@@UEAAPEAXI@Z 0000000180018c28 f i common-kernel64:CEStr.obj
 0001:00017c28       ??_Gbad_alloc@stdext@@UEAAPEAXI@Z 0000000180018c28 f i common-kernel64:CEStr.obj
 0001:00017c28       ??_Eexception@stdext@@UEAAPEAXI@Z 0000000180018c28 f i common-kernel64:CEStr.obj
 0001:00017c54       ?AttachInt@CEStr@@AEAAPEB_WAEAPEA_W@Z 0000000180018c54 f   common-kernel64:CEStr.obj
 0001:00017cd4       ?Clear@CEStr@@QEAAXXZ      0000000180018cd4 f   common-kernel64:CEStr.obj
 0001:00017cf0       ?Compare@CEStr@@QEBAHPEB_W_N@Z 0000000180018cf0 f   common-kernel64:CEStr.obj
 0001:00017d20       ?Detach@CEStr@@QEAAPEA_WXZ 0000000180018d20 f   common-kernel64:CEStr.obj
 0001:00017d30       ?GetBuffer@CEStr@@QEAAPEA_W_J@Z 0000000180018d30 f   common-kernel64:CEStr.obj
 0001:00017dfc       ?GetLen@CEStr@@QEBA_JXZ    0000000180018dfc f   common-kernel64:CEStr.obj
 0001:00017e20       ?GetMaxCount@CEStr@@QEAA_JXZ 0000000180018e20 f   common-kernel64:CEStr.obj
 0001:00017e4c       ?Release@CEStr@@QEAAXXZ    0000000180018e4c f   common-kernel64:CEStr.obj
 0001:00017e70       ?Set@CEStr@@QEAAPEB_WPEB_W_J@Z 0000000180018e70 f   common-kernel64:CEStr.obj
 0001:00017f4c       ?SetAt@CEStr@@QEAA_W_J_W@Z 0000000180018f4c f   common-kernel64:CEStr.obj
 0001:00017fa4       ?StringCchCopyNW@@YAJPEA_W_KPEB_W1@Z 0000000180018fa4 f i common-kernel64:CEStr.obj
 0001:00018018       ?_Doraise@bad_alloc@stdext@@MEBAXXZ 0000000180019018 f i common-kernel64:CEStr.obj
 0001:00018034       ?c_str@CEStr@@QEBAPEB_WPEB_W@Z 0000000180019034 f   common-kernel64:CEStr.obj
 0001:00018040       ?what@exception@stdext@@UEBAPEBDXZ 0000000180019040 f i common-kernel64:CEStr.obj
 0001:00018054       ??0CEnvStrings@@QEAA@PEA_W@Z 0000000180019054 f   common-kernel64:EnvVar.obj
 0001:000180a8       ??1CEnvStrings@@QEAA@XZ    00000001800190a8 f   common-kernel64:EnvVar.obj
 0001:000180cc       ?Clear@CEnvRestorer@@QEAAXXZ 00000001800190cc f   common-kernel64:EnvVar.obj
 0001:000180f0       ?ExpandEnvStr@@YA?AUCEStr@@PEB_W@Z 00000001800190f0 f   common-kernel64:EnvVar.obj
 0001:000182a8       ?GetEnvVar@@YA?AUCEStr@@PEB_W@Z 00000001800192a8 f   common-kernel64:EnvVar.obj
 0001:000183c0       ?SavePathVar@CEnvRestorer@@QEAAXPEB_W@Z 00000001800193c0 f   common-kernel64:EnvVar.obj
 0001:000183f4       ?CommonShutdown@@YAXXZ     00000001800193f4 f   common-kernel64:Common.obj
 0001:00018404       ?IsEnvBlockVariableValid@@YA_NPEB_W@Z 0000000180019404 f   common-kernel64:Common.obj
 0001:00018438       ?IsEnvBlockVariableValid@@YA_NPEB_WAEAPEB_W@Z 0000000180019438 f   common-kernel64:Common.obj
 0001:0001848c       ?SetCommand@CESERVER_REQ_NEWCMD@@QEAAXPEB_W@Z 000000018001948c f   common-kernel64:Common.obj
 0001:000184f0       ?SetEnvStrings@CESERVER_REQ_NEWCMD@@QEAAXPEB_WK@Z 00000001800194f0 f   common-kernel64:Common.obj
 0001:00018608       ??_GMNullDesc@@QEAAPEAXI@Z 0000000180019608 f i common-kernel64:MSecurity.obj
 0001:0001867c       ?LoadAdvApi@MNullDesc@@IEAAHXZ 000000018001967c f i common-kernel64:MSecurity.obj
 0001:000187a4       ?LocalSecurity@@YAPEAU_SECURITY_ATTRIBUTES@@XZ 00000001800197a4 f   common-kernel64:MSecurity.obj
 0001:000187fc       ?LocalSecurity@MNullDesc@@QEAAPEAU_SECURITY_ATTRIBUTES@@XZ 00000001800197fc f i common-kernel64:MSecurity.obj
 0001:00018978       ?ShutdownSecurity@@YAXXZ   0000000180019978 f   common-kernel64:MSecurity.obj
 0001:000189a0       ??0MHandle@@QEAA@PEAXV?$function@$$A6AXPEAX@Z@std@@@Z 00000001800199a0 f i common-kernel64:WObjects.obj
 0001:00018a14       ??4?$function@$$A6AXPEAX@Z@std@@QEAAAEAV01@$$QEAV01@@Z 0000000180019a14 f i common-kernel64:WObjects.obj
 0001:00018a8c       ?Close@MHandle@@QEAAXXZ    0000000180019a8c f i common-kernel64:WObjects.obj
 0001:00018af0       ?FileExists@@YA_NPEB_WPEA_K@Z 0000000180019af0 f   common-kernel64:WObjects.obj
 0001:00018d8c       ?IsWin6@@YA_NXZ            0000000180019d8c f   common-kernel64:WObjects.obj
 0001:00018dc0       ?IsWin7@@YA_NXZ            0000000180019dc0 f   common-kernel64:WObjects.obj
 0001:00018df4       ?IsWinVerOrHigher@@YA_NG@Z 0000000180019df4 f   common-kernel64:WObjects.obj
 0001:00018f0c       ?IsWindows64@@YA_NXZ       0000000180019f0c f   common-kernel64:WObjects.obj
 0001:00018f30       ?SetHandle@MHandle@@QEAA_NPEAXV?$function@$$A6AXPEAX@Z@std@@@Z 0000000180019f30 f i common-kernel64:WObjects.obj
 0001:00018f9c       ?_Copy@?$_Func_impl_no_alloc@P6AHPEAX@ZXPEAX@std@@EEBAPEAV?$_Func_base@XPEAX@2@PEAX@Z 0000000180019f9c f i common-kernel64:WObjects.obj
 0001:00018f9c       ?_Move@?$_Func_impl_no_alloc@P6AHPEAX@ZXPEAX@std@@EEAAPEAV?$_Func_base@XPEAX@2@PEAX@Z 0000000180019f9c f i common-kernel64:WObjects.obj
 0001:00018fb4       ?_Delete_this@?$_Func_impl_no_alloc@V<lambda_217d18733db987cb8fc0adfd68028951>@@_NAEBUtagPROCESSENTRY32W@@@std@@EEAAX_N@Z 0000000180019fb4 f i common-kernel64:MProcess.obj
 0001:00018fb4       ?_Delete_this@?$_Func_impl_no_alloc@P6AHPEAX@ZXPEAX@std@@EEAAX_N@Z 0000000180019fb4 f i common-kernel64:WObjects.obj
 0001:00018fcc       ?_Do_call@?$_Func_impl_no_alloc@P6AHPEAX@ZXPEAX@std@@EEAAX$$QEAPEAX@Z 0000000180019fcc f i common-kernel64:WObjects.obj
 0001:00018fd8       ?_Get@?$_Func_impl_no_alloc@V<lambda_217d18733db987cb8fc0adfd68028951>@@_NAEBUtagPROCESSENTRY32W@@@std@@EEBAPEBXXZ 0000000180019fd8 f i common-kernel64:MProcess.obj
 0001:00018fd8       ?_Get@?$_Func_impl_no_alloc@P6AHPEAX@ZXPEAX@std@@EEBAPEBXXZ 0000000180019fd8 f i common-kernel64:WObjects.obj
 0001:00018fe0       ?_Target_type@?$_Func_impl_no_alloc@P6AHPEAX@ZXPEAX@std@@EEBAAEBVtype_info@@XZ 0000000180019fe0 f i common-kernel64:WObjects.obj
 0001:00018fe8       ?_VerifyVersionInfo@@YA_NPEAU_OSVERSIONINFOEXW@@K_K@Z 0000000180019fe8 f   common-kernel64:WObjects.obj
 0001:000190b8       ?Init@HkFunc@@QEAA_NPEB_WPEAUHINSTANCE__@@@Z 000000018001a0b8 f   common-kernel64:HkFunc.obj
 0001:00019148       ?isConEmuHk@HkFunc@@QEAA_NXZ 000000018001a148 f   common-kernel64:HkFunc.obj
 0001:00019150       ??$_Emplace_reallocate@AEBUtagPROCESSENTRY32W@@@?$vector@UtagPROCESSENTRY32W@@V?$MArrayAllocator@UtagPROCESSENTRY32W@@@@@std@@QEAAPEAUtagPROCESSENTRY32W@@QEAU2@AEBU2@@Z 000000018001a150 f i common-kernel64:MProcess.obj
 0001:00019340       ??$emplace_back@AEBUtagPROCESSENTRY32W@@@?$vector@UtagPROCESSENTRY32W@@V?$MArrayAllocator@UtagPROCESSENTRY32W@@@@@std@@QEAA?A_TAEBUtagPROCESSENTRY32W@@@Z 000000018001a340 f i common-kernel64:MProcess.obj
 0001:000193dc       ??0?$MToolHelp@UtagPROCESSENTRY32W@@$1?Process32FirstW@@YAHPEAXPEAU1@@Z$1?Process32NextW@@YAH01@Z@@QEAA@KK@Z 000000018001a3dc f i common-kernel64:MProcess.obj
 0001:00019464       ??_EMToolHelpProcess@@UEAAPEAXI@Z 000000018001a464 f i common-kernel64:MProcess.obj
 0001:00019464       ??_E?$MToolHelp@UtagPROCESSENTRY32W@@$1?Process32FirstW@@YAHPEAXPEAU1@@Z$1?Process32NextW@@YAH01@Z@@UEAAPEAXI@Z 000000018001a464 f i common-kernel64:MProcess.obj
 0001:00019464       ??_G?$MToolHelp@UtagPROCESSENTRY32W@@$1?Process32FirstW@@YAHPEAXPEAU1@@Z$1?Process32NextW@@YAH01@Z@@UEAAPEAXI@Z 000000018001a464 f i common-kernel64:MProcess.obj
 0001:00019464       ??_GMToolHelpProcess@@UEAAPEAXI@Z 000000018001a464 f i common-kernel64:MProcess.obj
 0001:000194cc       ?Close@?$MToolHelp@UtagPROCESSENTRY32W@@$1?Process32FirstW@@YAHPEAXPEAU1@@Z$1?Process32NextW@@YAH01@Z@@QEAAXXZ 000000018001a4cc f i common-kernel64:MProcess.obj
 0001:0001954c       ?Filter@?$MToolHelp@UtagPROCESSENTRY32W@@$1?Process32FirstW@@YAHPEAXPEAU1@@Z$1?Process32NextW@@YAH01@Z@@MEAA_NAEBUtagPROCESSENTRY32W@@@Z 000000018001a54c f i common-kernel64:MProcess.obj
 0001:0001954c       __acrt_uninitialize_command_line 000000018001a54c f i libucrt:argv_data.obj
 0001:00019550       ?Find@?$MToolHelp@UtagPROCESSENTRY32W@@$1?Process32FirstW@@YAHPEAXPEAU1@@Z$1?Process32NextW@@YAH01@Z@@QEAA_NAEBV?$function@$$A6A_NAEBUtagPROCESSENTRY32W@@@Z@std@@AEAUtagPROCESSENTRY32W@@@Z 000000018001a550 f i common-kernel64:MProcess.obj
 0001:00019664       ?Find@MToolHelpProcess@@QEAA_NKAEAUtagPROCESSENTRY32W@@@Z 000000018001a664 f i common-kernel64:MProcess.obj
 0001:000196d0       ?Next@?$MToolHelp@UtagPROCESSENTRY32W@@$1?Process32FirstW@@YAHPEAXPEAU1@@Z$1?Process32NextW@@YAH01@Z@@QEAA_NAEAUtagPROCESSENTRY32W@@@Z 000000018001a6d0 f i common-kernel64:MProcess.obj
 0001:000197b8       ?Open@?$MToolHelp@UtagPROCESSENTRY32W@@$1?Process32FirstW@@YAHPEAXPEAU1@@Z$1?Process32NextW@@YAH01@Z@@QEAA_NXZ 000000018001a7b8 f i common-kernel64:MProcess.obj
 0001:00019828       ?_Move@?$_Func_impl_no_alloc@V<lambda_217d18733db987cb8fc0adfd68028951>@@_NAEBUtagPROCESSENTRY32W@@@std@@EEAAPEAV?$_Func_base@_NAEBUtagPROCESSENTRY32W@@@2@PEAX@Z 000000018001a828 f i common-kernel64:MProcess.obj
 0001:00019828       ?_Copy@?$_Func_impl_no_alloc@V<lambda_217d18733db987cb8fc0adfd68028951>@@_NAEBUtagPROCESSENTRY32W@@@std@@EEBAPEAV?$_Func_base@_NAEBUtagPROCESSENTRY32W@@@2@PEAX@Z 000000018001a828 f i common-kernel64:MProcess.obj
 0001:0001983c       ?_Do_call@?$_Func_impl_no_alloc@V<lambda_217d18733db987cb8fc0adfd68028951>@@_NAEBUtagPROCESSENTRY32W@@@std@@EEAA_NAEBUtagPROCESSENTRY32W@@@Z 000000018001a83c f i common-kernel64:MProcess.obj
 0001:00019848       ?_Target_type@?$_Func_impl_no_alloc@V<lambda_217d18733db987cb8fc0adfd68028951>@@_NAEBUtagPROCESSENTRY32W@@@std@@EEBAAEBVtype_info@@XZ 000000018001a848 f i common-kernel64:MProcess.obj
 0001:00019850       ?getNext@?$MToolHelp@UtagPROCESSENTRY32W@@$1?Process32FirstW@@YAHPEAXPEAU1@@Z$1?Process32NextW@@YAH01@Z@@IEAA_NXZ 000000018001a850 f i common-kernel64:MProcess.obj
 0001:000198f0       ?isTerminalMode@@YA_NXZ    000000018001a8f0 f   common-kernel64:MProcess.obj
 0001:00019a2c       ??0MSection@@QEAA@XZ       000000018001aa2c f   common-kernel64:MSection.obj
 0001:00019ab4       ??0MSectionLock@@QEAA@XZ   000000018001aab4 f   common-kernel64:MSection.obj
 0001:00019ac4       ??0MSectionThread@@QEAA@PEAVMSection@@@Z 000000018001aac4 f   common-kernel64:MSection.obj
 0001:00019ae4       ??1MSection@@QEAA@XZ       000000018001aae4 f   common-kernel64:MSection.obj
 0001:00019b4c       ??1MSectionLock@@QEAA@XZ   000000018001ab4c f   common-kernel64:MSection.obj
 0001:00019b70       ??1MSectionThread@@QEAA@XZ 000000018001ab70 f   common-kernel64:MSection.obj
 0001:00019bac       ?AddRef@MSection@@IEAAXK@Z 000000018001abac f   common-kernel64:MSection.obj
 0001:00019c40       ?Lock@MSection@@IEAAHHK@Z  000000018001ac40 f   common-kernel64:MSection.obj
 0001:00019d3c       ?Lock@MSectionLock@@QEAAHPEAVMSection@@HK@Z 000000018001ad3c f   common-kernel64:MSection.obj
 0001:00019d90       ?MyEnterCriticalSection@MSection@@IEAA_NK@Z 000000018001ad90 f   common-kernel64:MSection.obj
 0001:00019ebc       ?ReleaseRef@MSection@@IEAAHK@Z 000000018001aebc f   common-kernel64:MSection.obj
 0001:00019f5c       ?Unlock@MSection@@IEAAXH@Z 000000018001af5c f   common-kernel64:MSection.obj
 0001:00019fb4       ?Unlock@MSectionLock@@QEAAXXZ 000000018001afb4 f   common-kernel64:MSection.obj
 0001:00019fe0       ?WaitUnlocked@MSection@@IEAAXKK@Z 000000018001afe0 f   common-kernel64:MSection.obj
 0001:0001a074       ?CheckCallbackPtr@@YA_NPEAUHINSTANCE__@@_KPEAP6A_JXZHHH@Z 000000018001b074 f   common-kernel64:WModuleCheck.obj
 0001:0001a17c       ?IsModuleValid@@YA_NPEAUHINSTANCE__@@H@Z 000000018001b17c f   common-kernel64:WModuleCheck.obj
 0001:0001a284       ??0MModule@@QEAA@PEAUHINSTANCE__@@@Z 000000018001b284 f   common-kernel64:MModule.obj
 0001:0001a294       ??1MModule@@QEAA@XZ        000000018001b294 f   common-kernel64:MModule.obj
 0001:0001a29c       ?Free@MModule@@QEAAXXZ     000000018001b29c f   common-kernel64:MModule.obj
 0001:0001a2d4       ??0MSectionSimple@@QEAA@_N@Z 000000018001b2d4 f   common-kernel64:MSectionSimple.obj
 0001:0001a30c       ?Close@MSectionSimple@@QEAAXXZ 000000018001b30c f   common-kernel64:MSectionSimple.obj
 0001:0001a30c       ??1MSectionSimple@@QEAA@XZ 000000018001b30c f   common-kernel64:MSectionSimple.obj
 0001:0001a32c       ?Enter@MSectionSimple@@QEAAXXZ 000000018001b32c f   common-kernel64:MSectionSimple.obj
 0001:0001a334       ?Init@MSectionSimple@@QEAAXXZ 000000018001b334 f   common-kernel64:MSectionSimple.obj
 0001:0001a354       ?Leave@MSectionSimple@@QEAAXXZ 000000018001b354 f   common-kernel64:MSectionSimple.obj
 0001:0001a35c       ?RecreateAndLock@MSectionSimple@@QEAA_NXZ 000000018001b35c f   common-kernel64:MSectionSimple.obj
 0001:0001a3cc       ?TryEnter@MSectionSimple@@QEAA_NXZ 000000018001b3cc f   common-kernel64:MSectionSimple.obj
 0001:0001a3f4       ?SetConEmuEnvHWND@@YAXPEB_WPEAUHWND__@@@Z 000000018001b3f4 f   common-user64:SetEnvVar.obj
 0001:0001a44c       ?SetConEmuEnvVar@@YAXPEAUHWND__@@@Z 000000018001b44c f   common-user64:SetEnvVar.obj
 0001:0001a4d0       ?SetConEmuEnvVarChild@@YAXPEAUHWND__@@0@Z 000000018001b4d0 f   common-user64:SetEnvVar.obj
 0001:0001a4fc       ??$wcscpy_c@$0BAF@@@YAHAEAY0BAF@_WPEB_W@Z 000000018001b4fc f i common-user64:ConEmuCheckEx.obj
 0001:0001a548       ?FindConEmuBaseDir@@YAHAEAY0BAF@_W0PEAUHINSTANCE__@@@Z 000000018001b548 f   common-user64:ConEmuCheckEx.obj
 0001:0001abf4       ?IsConEmuExeExist@@YAHPEB_WAEAY0BAF@_W@Z 000000018001bbf4 f   common-user64:ConEmuCheckEx.obj
 0001:0001ac9c       ??$swprintf_c@$0FA@@@YAHAEAY0FA@_WPEB_WZZ 000000018001bc9c f i common-user64:EmergencyShow.obj
 0001:0001acc8       ?CorrectConsolePos@@YAXPEAUHWND__@@@Z 000000018001bcc8 f   common-user64:EmergencyShow.obj
 0001:0001ade4       ?EmergencyShow@@YAXPEAUHWND__@@HH@Z 000000018001bde4 f   common-user64:EmergencyShow.obj
 0001:0001af24       ?EvaluateDefaultFontWidth@@YAHHPEB_W@Z 000000018001bf24 f   common-user64:EmergencyShow.obj
 0001:0001b044       ?SetUserFriendlyFont@@YAXPEAUHWND__@@HH@Z 000000018001c044 f   common-user64:EmergencyShow.obj
 0001:0001b3a4       ??0MSetter@@QEAA@PEAJ@Z    000000018001c3a4 f   common-user64:MSetter.obj
 0001:0001b3bc       ??1MSetter@@QEAA@XZ        000000018001c3bc f   common-user64:MSetter.obj
 0001:0001b3c4       ?Unlock@MSetter@@QEAAXXZ   000000018001c3c4 f   common-user64:MSetter.obj
 0001:0001b424       ?IsDotsName@@YA_NPEB_W@Z   000000018001c424 f   common-user64:WFiles.obj
 0001:0001b448       ?SearchAppPaths@@YA_NPEB_WAEAUCEStr@@_NPEAVCEnvRestorer@@@Z 000000018001c448 f   common-user64:WFiles.obj
 0001:0001b8d4       ?GetConsoleSizeInfo@@YAXPEAUCONSOLE_INFO@@@Z 000000018001c8d4 f   common-user64:WConsoleEx.obj
 0001:0001b960       ?SetConsoleFontSizeTo@@YAXPEAUHWND__@@HHPEB_WGG@Z 000000018001c960 f   common-user64:WConsoleEx.obj
 0001:0001bd48       ?SetConsoleInfo@@YAHPEAUHWND__@@PEAUCONSOLE_INFO@@@Z 000000018001cd48 f   common-user64:WConsoleEx.obj
 0001:0001bf50       ?SetEnvVarExpanded@@YAXPEB_W0@Z 000000018001cf50 f   common-user64:WUser.obj
 0001:0001c034       ?UpdateComspec@@YAXPEAUConEmuComspec@@_N@Z 000000018001d034 f   common-user64:WUser.obj
 0001:0001c37c       ?apiShowWindow@@YA_NPEAUHWND__@@H@Z 000000018001d37c f   common-user64:WUser.obj
 0001:0001c390       ?apiShowWindowAsync@@YA_NPEAUHWND__@@H@Z 000000018001d390 f   common-user64:WUser.obj
 0001:0001c3a4       ?RegGetStringValue@@YAHPEAUHKEY__@@PEB_W1AEAUCEStr@@K@Z 000000018001d3a4 f   common-user64:WRegistry.obj
 0001:0001c568       ?FindMonitorsWorkspace@@YAHPEAUHMONITOR__@@PEAUHDC__@@PEAUtagRECT@@_J@Z 000000018001d568 f   common-user64:Monitors.obj
 0001:0001c5a4       ?GetAllMonitorsWorkspace@@YA?AUtagRECT@@XZ 000000018001d5a4 f   common-user64:Monitors.obj
 0001:0001c604       ??0bad_function_call@std@@QEAA@AEBV01@@Z 000000018001d604 f i libcpmt:xthrow.obj
 0001:0001c640       ??0bad_function_call@std@@QEAA@XZ 000000018001d640 f i libcpmt:xthrow.obj
 0001:0001c658       ??0length_error@std@@QEAA@AEBV01@@Z 000000018001d658 f i libcpmt:xthrow.obj
 0001:0001c694       ??0length_error@std@@QEAA@PEBD@Z 000000018001d694 f i libcpmt:xthrow.obj
 0001:0001c6dc       ??0logic_error@std@@QEAA@AEBV01@@Z 000000018001d6dc f i libcpmt:xthrow.obj
 0001:0001c718       ?_Xbad_function_call@std@@YAXXZ 000000018001d718 f   libcpmt:xthrow.obj
 0001:0001c738       ?_Xlength_error@std@@YAXPEBD@Z 000000018001d738 f   libcpmt:xthrow.obj
 0001:0001c75c       ?what@bad_function_call@std@@UEBAPEBDXZ 000000018001d75c f i libcpmt:xthrow.obj
 0001:0001c764       __GSHandlerCheck           000000018001d764 f   LIBCMT:gshandler.obj
 0001:0001c784       __GSHandlerCheckCommon     000000018001d784 f   LIBCMT:gshandler.obj
 0001:0001c7f0       __security_check_cookie    000000018001d7f0 f   LIBCMT:amdsecgs.obj
 0001:0001c810       ??3@YAXPEAX_K@Z            000000018001d810 f   LIBCMT:delete_scalar_size.obj
 0001:0001c830       _alloca_probe              000000018001d830 f   LIBCMT:chkstk.obj
 0001:0001c830       __chkstk                   000000018001d830 f   LIBCMT:chkstk.obj
 0001:0001c880       ??_Etype_info@@UEAAPEAXI@Z 000000018001d880 f i LIBCMT:std_type_info_static.obj
 0001:0001c880       ??_Gtype_info@@UEAAPEAXI@Z 000000018001d880 f i LIBCMT:std_type_info_static.obj
 0001:0001c8ac       __GSHandlerCheck_EH4       000000018001d8ac f   LIBCMT:gshandlereh4.obj
 0001:0001ca24       _Init_thread_footer        000000018001da24 f   LIBCMT:thread_safe_statics.obj
 0001:0001ca84       _Init_thread_header        000000018001da84 f   LIBCMT:thread_safe_statics.obj
 0001:0001caec       _Init_thread_notify        000000018001daec f   LIBCMT:thread_safe_statics.obj
 0001:0001cb30       _Init_thread_wait          000000018001db30 f   LIBCMT:thread_safe_statics.obj
 0001:0001ceb4       _DllMainCRTStartup         000000018001deb4 f   LIBCMT:dll_dllmain.obj
 0001:0001cef4       __scrt_acquire_startup_lock 000000018001def4 f   LIBCMT:utility.obj
 0001:0001cf30       __scrt_dllmain_after_initialize_c 000000018001df30 f   LIBCMT:utility.obj
 0001:0001cf64       __scrt_dllmain_before_initialize_c 000000018001df64 f   LIBCMT:utility.obj
 0001:0001cf7c       __scrt_dllmain_crt_thread_attach 000000018001df7c f   LIBCMT:utility.obj
 0001:0001cfa4       __scrt_dllmain_crt_thread_detach 000000018001dfa4 f   LIBCMT:utility.obj
 0001:0001cfbc       __scrt_dllmain_exception_filter 000000018001dfbc f   LIBCMT:utility.obj
 0001:0001d01c       __scrt_dllmain_uninitialize_c 000000018001e01c f   LIBCMT:utility.obj
 0001:0001d04c       __scrt_dllmain_uninitialize_critical 000000018001e04c f   LIBCMT:utility.obj
 0001:0001d060       __scrt_initialize_crt      000000018001e060 f   LIBCMT:utility.obj
 0001:0001d0ac       __scrt_initialize_onexit_tables 000000018001e0ac f   LIBCMT:utility.obj
 0001:0001d138       __scrt_is_nonwritable_in_current_image 000000018001e138 f   LIBCMT:utility.obj
 0001:0001d1d0       __scrt_release_startup_lock 000000018001e1d0 f   LIBCMT:utility.obj
 0001:0001d1f4       __scrt_uninitialize_crt    000000018001e1f4 f   LIBCMT:utility.obj
 0001:0001d220       _onexit                    000000018001e220 f   LIBCMT:utility.obj
 0001:0001d25c       atexit                     000000018001e25c f   LIBCMT:utility.obj
 0001:0001d274       __raise_securityfailure    000000018001e274 f   LIBCMT:gs_report.obj
 0001:0001d2a8       __report_gsfailure         000000018001e2a8 f   LIBCMT:gs_report.obj
 0001:0001d37c       __report_rangecheckfailure 000000018001e37c f   LIBCMT:gs_report.obj
 0001:0001d390       __report_securityfailure   000000018001e390 f   LIBCMT:gs_report.obj
 0001:0001d510       __crt_debugger_hook        000000018001e510 f   LIBCMT:utility_desktop.obj
 0001:0001d518       __scrt_fastfail            000000018001e518 f   LIBCMT:utility_desktop.obj
 0001:0001d664       __security_init_cookie     000000018001e664 f   LIBCMT:gs_support.obj
 0001:0001d710       ?__scrt_initialize_type_info@@YAXXZ 000000018001e710 f   LIBCMT:tncleanup.obj
 0001:0001d720       ?__scrt_uninitialize_type_info@@YAXXZ 000000018001e720 f   LIBCMT:tncleanup.obj
 0001:0001d72c       __local_stdio_scanf_options 000000018001e72c f i LIBCMT:default_local_stdio_options.obj
 0001:0001d734       __scrt_initialize_default_local_stdio_options 000000018001e734 f   LIBCMT:default_local_stdio_options.obj
 0001:0001d750       __scrt_get_dyn_tls_init_callback 000000018001e750 f   LIBCMT:dyn_tls_init.obj
 0001:0001d758       _RTC_Initialize            000000018001e758 f   LIBCMT:initsect.obj
 0001:0001d794       _RTC_Terminate             000000018001e794 f   LIBCMT:initsect.obj
 0001:0001d7d0       __isa_available_init       000000018001e7d0 f   LIBCMT:cpu_disp.obj
 0001:0001d974       __scrt_is_ucrt_dll_in_use  000000018001e974 f   LIBCMT:ucrt_detection.obj
 0001:0001d980       ??$_CallSETranslator@V__FrameHandler4@@@@YAHPEAUEHExceptionRecord@@PEA_KPEAU_CONTEXT@@PEAU_xDISPATCHER_CONTEXT@@PEAUFuncInfo4@FH4@@K1H@Z 000000018001e980 f i libvcruntime:risctrnsctrl.obj
 0001:0001d9d4       ?DecompFuncInfo@FH4@@YA_JPEAEAEAUFuncInfo4@1@_KH_N@Z 000000018001e9d4 f i libvcruntime:risctrnsctrl.obj
 0001:0001daf8       ?ExecutionInCatch@__FrameHandler4@@SA_NPEAU_xDISPATCHER_CONTEXT@@PEAUFuncInfo4@FH4@@@Z 000000018001eaf8 f   libvcruntime:risctrnsctrl.obj
 0001:0001db00       ?FrameUnwindToEmptyState@__FrameHandler4@@SAXPEA_KPEAU_xDISPATCHER_CONTEXT@@PEAUFuncInfo4@FH4@@@Z 000000018001eb00 f   libvcruntime:risctrnsctrl.obj
 0001:0001db34       ?GetEstablisherFrame@__FrameHandler4@@SAPEA_KPEA_KPEAU_xDISPATCHER_CONTEXT@@PEAUFuncInfo4@FH4@@0@Z 000000018001eb34 f   libvcruntime:risctrnsctrl.obj
 0001:0001db58       ?GetRangeOfTrysToCheck@__FrameHandler4@@SA?AU?$pair@Viterator@TryBlockMap4@FH4@@V123@@std@@AEAVTryBlockMap4@FH4@@HPEAU_xDISPATCHER_CONTEXT@@PEAUFuncInfo4@5@H@Z 000000018001eb58 f   libvcruntime:risctrnsctrl.obj
 0001:0001dcc0       ?UnwindNestedFrames@__FrameHandler4@@SAXPEA_KPEAUEHExceptionRecord@@PEAU_CONTEXT@@0PEAXPEAUFuncInfo4@FH4@@HHPEAUHandlerType4@5@PEAU_xDISPATCHER_CONTEXT@@E@Z 000000018001ecc0 f   libvcruntime:risctrnsctrl.obj
 0001:0001dde0       ?setBuffer@TryBlockMap4@FH4@@QEAAXViterator@12@@Z 000000018001ede0 f i libvcruntime:risctrnsctrl.obj
 0001:0001dfa0       _CreateFrameInfo           000000018001efa0 f   libvcruntime:risctrnsctrl.obj
 0001:0001dfdc       _FindAndUnlinkFrame        000000018001efdc f   libvcruntime:risctrnsctrl.obj
 0001:0001e030       _GetImageBase              000000018001f030 f   libvcruntime:risctrnsctrl.obj
 0001:0001e044       _GetThrowImageBase         000000018001f044 f   libvcruntime:risctrnsctrl.obj
 0001:0001e058       _SetImageBase              000000018001f058 f   libvcruntime:risctrnsctrl.obj
 0001:0001e070       _SetThrowImageBase         000000018001f070 f   libvcruntime:risctrnsctrl.obj
 0001:0001e088       __CxxFrameHandler4         000000018001f088 f   libvcruntime:risctrnsctrl.obj
 0001:0001e160       memcpy_repmovs             000000018001f160 f   libvcruntime:memcpy.obj
 0001:0001e180       memmove                    000000018001f180 f   libvcruntime:memcpy.obj
 0001:0001e180       memcpy                     000000018001f180 f   libvcruntime:memcpy.obj
 0001:0001e7f8       wcschr                     000000018001f7f8 f   libvcruntime:wcschr.obj
 0001:0001e874       wcsstr                     000000018001f874 f   libvcruntime:wcsstr.obj
 0001:0001eaa0       memset_repmovs             000000018001faa0 f   libvcruntime:memset.obj
 0001:0001eac0       memset                     000000018001fac0 f   libvcruntime:memset.obj
 0001:0001ec50       __DestructExceptionObject  000000018001fc50 f   libvcruntime:ehhelpers.obj
 0001:0001ecc0       ?_CallMemberFunction0@@YAXQEAX0@Z 000000018001fcc0 f i libvcruntime:ehhelpers.obj
 0001:0001ecc4       _IsExceptionObjectToBeDestroyed 000000018001fcc4 f   libvcruntime:ehhelpers.obj
 0001:0001ecf4       __AdjustPointer            000000018001fcf4 f   libvcruntime:ehhelpers.obj
 0001:0001ed18       __FrameUnwindFilter        000000018001fd18 f   libvcruntime:ehhelpers.obj
 0001:0001ed80       __std_terminate            000000018001fd80 f   libvcruntime:ehhelpers.obj
 0001:0001ed8c       __std_exception_copy       000000018001fd8c f   libvcruntime:std_exception.obj
 0001:0001ee1c       __std_exception_destroy    000000018001fe1c f   libvcruntime:std_exception.obj
 0001:0001ee44       _CxxThrowException         000000018001fe44 f   libvcruntime:throw.obj
 0001:0001eee4       _get_purecall_handler      000000018001fee4 f   libvcruntime:purevirt.obj
[...]
 0002:000107a4       $chain$0$?divide@__crt_strtox@@YA_KAEAUbig_integer@1@AEBU21@@Z 00000001800437a4     libucrt:cfout.obj
 0002:000107b8       $chain$1$?divide@__crt_strtox@@YA_KAEAUbig_integer@1@AEBU21@@Z 00000001800437b8     libucrt:cfout.obj
 0002:000107c8       $unwind$_fcloseall         00000001800437c8     libucrt:closeall.obj
 0002:000107ec       $unwind$__acrt_locale_free_monetary 00000001800437ec     libucrt:initmon.obj
 0002:000107f4       $unwind$__acrt_locale_free_time 00000001800437f4     libucrt:inittime.obj
 0002:00010804       $unwind$__acrt_GetStringTypeA 0000000180043804     libucrt:getstringtypea.obj
 0002:0001082c       $unwind$__acrt_lowio_destroy_handle_array 000000018004382c     libucrt:osfinfo.obj
 0002:0001083c       $unwind$__acrt_lowio_ensure_fh_exists 000000018004383c     libucrt:osfinfo.obj
 0002:00010868       $unwind$qsort              0000000180043868     libucrt:qsort.obj
 0002:00010880       $chain$4$qsort             0000000180043880     libucrt:qsort.obj
 0002:000108a4       $chain$5$qsort             00000001800438a4     libucrt:qsort.obj
 0002:000108b4       $unwind$strpbrk            00000001800438b4     libucrt:strpbrk.obj
 0002:000108c4       $unwind$_mbsdec_l          00000001800438c4     libucrt:mbsdec.obj
 0002:000108d0       $unwind$__acrt_LCMapStringA 00000001800438d0     libucrt:lcmapstringa.obj
 0002:000108e0       $unwind$?__acrt_LCMapStringA_stat@@YAHPEAU__crt_locale_pointers@@PEB_WKPEBDHPEADHHH@Z 00000001800438e0     libucrt:lcmapstringa.obj
 0002:00010908       $unwind$_close             0000000180043908     libucrt:close.obj
 0002:00010908       $unwind$_commit            0000000180043908     libucrt:commit.obj
 0002:00010910       $unwind$??$?RV<lambda_a37b2b86f63e897a80ea819b0eb08c01>@@AEAV<lambda_38ce7e780aa69e748d6df282ebc68efe>@@V<lambda_99fb1378e971ab6e7edea83e3a7a83a2>@@@?$__crt_seh_guarded_call@H@@QEAAH$$QEAV<lambda_a37b2b86f63e897a80ea819b0eb08c01>@@AEAV<lambda_38ce7e780aa69e748d6df282ebc68efe>@@$$QEAV<lambda_99fb1378e971ab6e7edea83e3a7a83a2>@@@Z 0000000180043910     libucrt:commit.obj
 0002:00010934       $unwind$_write             0000000180043934     libucrt:write.obj
 0002:00010964       $unwind$_write_nolock      0000000180043964     libucrt:write.obj
 0002:0001097c       $unwind$?write_double_translated_ansi_nolock@@YA?AUwrite_result@?A0x17268360@@HQEBDI@Z 000000018004397c     libucrt:write.obj
 0002:000109a0       $unwind$?write_text_ansi_nolock@@YA?AUwrite_result@?A0x17268360@@HQEBDI@Z 00000001800439a0     libucrt:write.obj
 0002:000109a0       $unwind$?write_text_utf16le_nolock@@YA?AUwrite_result@?A0x17268360@@HQEBDI@Z 00000001800439a0     libucrt:write.obj
 0002:000109c0       $unwind$?write_text_utf8_nolock@@YA?AUwrite_result@?A0x17268360@@HQEBDI@Z 00000001800439c0     libucrt:write.obj
 0002:000109e4       $unwind$?__mbrtoc32_utf8@__crt_mbstring@@YA_KPEA_UPEBD_KPEAU_Mbstatet@@@Z 00000001800439e4     libucrt:mbrtoc32.obj
 0002:00010a00       $xdatasym                  0000000180043a00     libucrt:log10.obj
 0002:00010a0c       $unwind$__acrt_fenv_set_control 0000000180043a0c     libucrt:_fenvutils.obj
 0002:00010a1c       $unwind$fclose             0000000180043a1c     libucrt:fclose.obj
 0002:00010a40       $unwind$common_control87   0000000180043a40     libucrt:ieee.obj
 0002:00010a6c       $unwind$_handle_error      0000000180043a6c     libucrt:libm_error.obj
 0002:00010a8c       $unwind$__acrt_initialize_fma3 0000000180043a8c     libucrt:fma3_available.obj
 0002:00010a94       $unwind$_log_special_common 0000000180043a94     libucrt:log_special.obj
 0002:00010aa0       $unwind$??$?RV<lambda_751a882b2c74d4b022dec766aa51a29a>@@AEAV<lambda_628dfdc04ba53c8bfc02c9951375f3f5>@@V<lambda_f6c7be5f7998530c34de24c7437d6b54>@@@?$__crt_seh_guarded_call@H@@QEAAH$$QEAV<lambda_751a882b2c74d4b022dec766aa51a29a>@@AEAV<lambda_628dfdc04ba53c8bfc02c9951375f3f5>@@$$QEAV<lambda_f6c7be5f7998530c34de24c7437d6b54>@@@Z 0000000180043aa0     libucrt:close.obj
 0002:00010ac8       $xdatasym                  0000000180043ac8     libucrt:fpsr.obj
 0002:00010ad0       $unwind$_raise_exc_ex      0000000180043ad0     libucrt:fpexcept.obj
 0002:00010ae4       $unwind$_ctrlfp            0000000180043ae4     libucrt:fpctrl.obj
 0002:00010b0c       $unwind$?apiGetConsoleFontSize@@YAHPEAXAEAH1AEAY0CA@_W@Z 0000000180043b0c     common-kernel64:WConsole.obj
 0002:00010b28       $unwind$?apiSetConsoleFontSize@@YAHPEAXHHPEB_W@Z 0000000180043b28     common-kernel64:WConsole.obj
 0002:00010b44       $unwind$_IsNonwritableInCurrentImage 0000000180043b44     LIBCMT:pesect.obj
 0002:00010dd0       .edata                     0000000180043dd0     ConEmu.x64.exp
 0002:00010df8       rgpv                       0000000180043df8     ConEmu.x64.exp
 0002:00010e64       rgszName                   0000000180043e64     ConEmu.x64.exp
 0002:00010ed0       rgwOrd                     0000000180043ed0     ConEmu.x64.exp
 0002:00010f06       szName                     0000000180043f06     ConEmu.x64.exp
 0002:00010f15       $N00001                    0000000180043f15     ConEmu.x64.exp
 0002:00010f25       $N00002                    0000000180043f25     ConEmu.x64.exp
 0002:00010f2d       $N00003                    0000000180043f2d     ConEmu.x64.exp
 0002:00010f39       $N00004                    0000000180043f39     ConEmu.x64.exp
 0002:00010f44       $N00005                    0000000180043f44     ConEmu.x64.exp
 0002:00010f52       $N00006                    0000000180043f52     ConEmu.x64.exp
 0002:00010f63       $N00007                    0000000180043f63     ConEmu.x64.exp
 0002:00010f71       $N00008                    0000000180043f71     ConEmu.x64.exp
 0002:00010f80       $N00009                    0000000180043f80     ConEmu.x64.exp
 0002:00010f90       $N00010                    0000000180043f90     ConEmu.x64.exp
 0002:00010f9b       $N00011                    0000000180043f9b     ConEmu.x64.exp
 0002:00010fa1       $N00012                    0000000180043fa1     ConEmu.x64.exp
 0002:00010fb4       $N00013                    0000000180043fb4     ConEmu.x64.exp
 0002:00010fc7       $N00014                    0000000180043fc7     ConEmu.x64.exp
 0002:00010fda       $N00015                    0000000180043fda     ConEmu.x64.exp
 0002:00010fed       $N00016                    0000000180043fed     ConEmu.x64.exp
 0002:00010fff       $N00017                    0000000180043fff     ConEmu.x64.exp
 0002:0001100e       $N00018                    000000018004400e     ConEmu.x64.exp
 0002:0001101a       $N00019                    000000018004401a     ConEmu.x64.exp
 0002:00011023       $N00020                    0000000180044023     ConEmu.x64.exp
 0002:00011032       $N00021                    0000000180044032     ConEmu.x64.exp
 0002:00011044       $N00022                    0000000180044044     ConEmu.x64.exp
 0002:00011050       $N00023                    0000000180044050     ConEmu.x64.exp
 0002:00011064       $N00024                    0000000180044064     ConEmu.x64.exp
 0002:00011078       $N00025                    0000000180044078     ConEmu.x64.exp
 0002:0001108d       $N00026                    000000018004408d     ConEmu.x64.exp
 0002:000110a1       $N00027                    00000001800440a1     ConEmu.x64.exp
 0002:000117d2       .idata$6                   00000001800447d2     version:VERSION.dll
 0002:00011d0c       .idata$6                   0000000180044d0c     kernel32:KERNEL32.dll
 0002:00011e1a       .idata$6                   0000000180044e1a     user32:USER32.dll
 0002:00011eba       .idata$6                   0000000180044eba     gdi32:GDI32.dll
 0002:00011ef6       .idata$6                   0000000180044ef6     advapi32:ADVAPI32.dll
 0003:00000140       ?val@?CE@??Open@CPluginW2800@@UEAAPEAXPEBX@Z@4UFarMacroValue@@A 0000000180046140     ConEmuPlugin2800.obj
 0003:000002a0       ?__vcrt_flsindex@@3KA      00000001800462a0     libvcruntime:per_thread_data.obj
 0003:000002b0       ?errno_no_memory@@3HA      00000001800462b0     libucrt:errno.obj
 0003:000002b4       ?doserrno_no_memory@@3KA   00000001800462b4     libucrt:errno.obj
 0003:000002c0       ?__acrt_flsindex@@3KA      00000001800462c0     libucrt:per_thread_data.obj
 0003:00000790       _mbctypes                  0000000180046790     libucrt:mbctype.obj
 0003:000008a0       _mbcasemaps                00000001800468a0     libucrt:mbctype.obj
 0003:000009a0       ?__rgctypeflag@@3PADA      00000001800469a0     libucrt:mbctype.obj
 0003:000009b0       ?__rgcode_page_info@@3PAUcode_page_info@@A 00000001800469b0     libucrt:mbctype.obj
 0003:00000c50       ?dazSupported@?1??common_control87@@9@9 0000000180046c50     libucrt:ieee.obj
 0003:00000c60       ?__dcrt_lowio_console_output_handle@@3PEAXEA 0000000180046c60     libucrt:initcon.obj
 0003:00000c70       ?dazSupported@?1??_ctrlfp@@9@9 0000000180046c70     libucrt:fpctrl.obj
 0003:00001170       ?store@?M@??GetPanelInfo@CPluginW1900@@UEAA_NKPEAUCEPanelInfo@@@Z@4UPanelInfo@@A 0000000180047170     ConEmuPlugin1900.obj
 0003:000011e0       ?szMenu@?1??GetPluginInfoPtr@CPluginW1900@@UEAAXPEAX@Z@4PAPEA_WA 00000001800471e0     ConEmuPlugin1900.obj
 0003:000011f0       ?szMenu1@?1??GetPluginInfoPtr@CPluginW1900@@UEAAXPEAX@Z@4PA_WA 00000001800471f0     ConEmuPlugin1900.obj
 0003:000013f0       ?WLastActive@?1??UpdateConEmuTabsApi@CPluginW1900@@UEAA_NH@Z@4UWindowInfo@@A 00000001800473f0     ConEmuPlugin1900.obj
 0003:00001438       ?pwList@@3PEAV?$MArray@UWindowInfo@@@@EA 0000000180047438     ConEmuPlugin2800.obj
 0003:00001440       ?store@?M@??GetPanelInfo@CPluginW2800@@UEAA_NKPEAUCEPanelInfo@@@Z@4UPanelInfo@@A 0000000180047440     ConEmuPlugin2800.obj
 0003:000014a8       ?szMenu@?1??GetPluginInfoPtr@CPluginW2800@@UEAAXPEAX@Z@4PAPEA_WA 00000001800474a8     ConEmuPlugin2800.obj
 0003:000014b0       ?szMenu1@?1??GetPluginInfoPtr@CPluginW2800@@UEAAXPEAX@Z@4PA_WA 00000001800474b0     ConEmuPlugin2800.obj
 0003:000016b0       ?WLastActive@?1??UpdateConEmuTabsApi@CPluginW2800@@UEAA_NH@Z@4UWindowInfo@@A 00000001800476b0     ConEmuPlugin2800.obj
 0003:000016f8       ?rc@?CE@??Open@CPluginW2800@@UEAAPEAXPEBX@Z@4UFarMacroCall@@A 00000001800476f8     ConEmuPlugin2800.obj
 0003:00001730       ?ghSyncDlg@@3PEAXEA        0000000180047730     ConEmuPlugin995.obj
 0003:00001740       ?store@?M@??GetPanelInfo@CPluginW995@@UEAA_NKPEAUCEPanelInfo@@@Z@4UPanelInfo@@A 0000000180047740     ConEmuPlugin995.obj
 0003:00001788       ?szMenu@?1??GetPluginInfoPtr@CPluginW995@@UEAAXPEAX@Z@4PAPEA_WA 0000000180047788     ConEmuPlugin995.obj
 0003:00001790       ?szMenu1@?1??GetPluginInfoPtr@CPluginW995@@UEAAXPEAX@Z@4PA_WA 0000000180047790     ConEmuPlugin995.obj
 0003:000019a0       ?store@?M@??GetPanelInfo@CPluginAnsi@@UEAA_NKPEAUCEPanelInfo@@@Z@4UPanelInfo@@A 00000001800479a0     ConEmuPluginA.obj
 0003:00001ba0       ?szMenu@?1??GetPluginInfoPtr@CPluginAnsi@@UEAAXPEAX@Z@4PAPEADA 0000000180047ba0     ConEmuPluginA.obj
 0003:00001bb0       ?szMenu1@?1??GetPluginInfoPtr@CPluginAnsi@@UEAAXPEAX@Z@4PADA 0000000180047bb0     ConEmuPluginA.obj
 0003:00002f2c       ?gbTryOpenMapHeader@@3HA   0000000180048f2c     ConEmuPluginBase.obj
 0003:00002f30       ?gbStartupHooksAfterMap@@3HA 0000000180048f30     ConEmuPluginBase.obj
 0003:00002f34       ?siEnabled@?1??CheckBufferEnabled@CPluginBase@@QEAA_NXZ@4HA 0000000180048f34     ConEmuPluginBase.obj
 0003:00002f38       ?dwLastTickCount@?7??CheckResources@CPluginBase@@QEAAX_N@Z@4KA 0000000180048f38     ConEmuPluginBase.obj
 0003:00002f3c       ?$TSS0@?7??CheckResources@CPluginBase@@QEAAX_N@Z@4HA 0000000180048f3c     ConEmuPluginBase.obj
 0003:00002f40       ?dwLastTickCount@?9??OnConsolePeekReadInput@CPluginBase@@SAX_N@Z@4KA 0000000180048f40     ConEmuPluginBase.obj
 0003:000031a8       ?gHeapInit@?A0x8f3601b8@@3U?$atomic@H@std@@A 00000001800491a8     common-kernel64:Memory.obj
 0003:000031ac       ?gHeapCounter@?A0x8f3601b8@@3U?$atomic@H@std@@A 00000001800491ac     common-kernel64:Memory.obj
 0003:000031b0       ?ghHeap@?A0x8f3601b8@@3PEAXEA 00000001800491b0     common-kernel64:Memory.obj
 0003:000031d0       ?szFile@?1??ModuleName@@YAPEB_WPEB_W@Z@4PA_WA 00000001800491d0     common-kernel64:ConEmuCheck.obj
 0003:00003220       ?g_Threads@@3PAUConEmuThreadInfo@@A 0000000180049220     common-kernel64:WThreads.obj
 0003:0000ba20       ?gh_UnknownTerminatedThread@@3PEAXEA 0000000180051a20     common-kernel64:WThreads.obj
 0003:0000ba2c       ?szNil@?1??GetCommand@CESERVER_REQ_NEWCMD@@QEAAPEA_WXZ@4PA_WA 0000000180051a2c     common-kernel64:Common.obj
 0003:0000ba40       ?rtlVerifyVersionInfo@?1??_VerifyVersionInfo@@YA_NPEAU_OSVERSIONINFOEXW@@K_K@Z@4P6AH0K1@ZEA 0000000180051a40     common-kernel64:WObjects.obj
 0003:0000ba48       ?hasRtl@?1??_VerifyVersionInfo@@YA_NPEAU_OSVERSIONINFOEXW@@K_K@Z@4HA 0000000180051a48     common-kernel64:WObjects.obj
 0003:0000ba4c       ?ibIsWin6@?1??IsWin6@@YA_NXZ@4HA 0000000180051a4c     common-kernel64:WObjects.obj
 0003:0000ba50       ?ibIsWin7@?1??IsWin7@@YA_NXZ@4HA 0000000180051a50     common-kernel64:WObjects.obj
 0003:0000ba54       ?is64bitOs@?1??IsWindows64@@YA_NXZ@4_NA 0000000180051a54     common-kernel64:WObjects.obj
 0003:0000ba55       ?isOsChecked@?1??IsWindows64@@YA_NXZ@4_NA 0000000180051a55     common-kernel64:WObjects.obj
 0003:0000ba5c       ?terminalMode@?1??isTerminalMode@@YA_NXZ@4_NA 0000000180051a5c     common-kernel64:MProcess.obj
 0003:0000ba5d       ?terminalChecked@?1??isTerminalMode@@YA_NXZ@4_NA 0000000180051a5d     common-kernel64:MProcess.obj
 0003:0000ba5e       ?bSysInfoRetrieved@?1??IsModuleValid@@YA_NPEAUHINSTANCE__@@H@Z@4_NA 0000000180051a5e     common-kernel64:WModuleCheck.obj
 0003:0000ba60       ?si@?1??IsModuleValid@@YA_NPEAUHINSTANCE__@@H@Z@4U_SYSTEM_INFO@@A 0000000180051a60     common-kernel64:WModuleCheck.obj
 0003:0000baa8       ?g_tss_cv@@3U_RTL_CONDITION_VARIABLE@@A 0000000180051aa8     LIBCMT:thread_safe_statics.obj
 0003:0000bab0       ?g_tss_event@@3PEAXEA      0000000180051ab0     LIBCMT:thread_safe_statics.obj
 0003:0000bab8       ?g_tss_mutex@@3U_RTL_CRITICAL_SECTION@@A 0000000180051ab8     LIBCMT:thread_safe_statics.obj
 0003:0000bae0       ?g_sleep_condition_variable_cs@@3P6AHPEAU_RTL_CONDITION_VARIABLE@@PEAU_RTL_CRITICAL_SECTION@@K@ZEA 0000000180051ae0     LIBCMT:thread_safe_statics.obj
 0003:0000bae8       ?g_wake_all_condition_variable@@3P6AXPEAU_RTL_CONDITION_VARIABLE@@@ZEA 0000000180051ae8     LIBCMT:thread_safe_statics.obj
 0003:0000baf0       ?__proc_attached@@3HA      0000000180051af0     LIBCMT:dll_dllmain.obj
 0003:0000bb08       ?is_initialized_as_dll@@3_NA 0000000180051b08     LIBCMT:utility.obj
 0003:0000bb09       ?module_local_atexit_table_initialized@@3_NA 0000000180051b09     LIBCMT:utility.obj
 0003:0000bb10       ?module_local_atexit_table@@3U_onexit_table_t@@A 0000000180051b10     LIBCMT:utility.obj
 0003:0000bb28       ?module_local_at_quick_exit_table@@3U_onexit_table_t@@A 0000000180051b28     LIBCMT:utility.obj
 0003:0000bb40       GS_ExceptionRecord         0000000180051b40     LIBCMT:gs_report.obj
 0003:0000bbe0       GS_ContextRecord           0000000180051be0     LIBCMT:gs_report.obj
 0003:0000c0f0       ?__vcrt_startup_thread_ptd@@3U__vcrt_ptd@@A 00000001800520f0     libvcruntime:per_thread_data.obj
 0003:0000c178       __vcrt_lock_table          0000000180052178     libvcruntime:locks.obj
 0003:0000c1a0       __vcrt_locks_initialized   00000001800521a0     libvcruntime:locks.obj
 0003:0000c1e8       ?heap@@3V_HeapManager@@A   00000001800521e8     libvcruntime:undname.obj
 0003:0000c210       ?module_handles@@3PAPEAUHINSTANCE__@@A 0000000180052210     libvcruntime:winapi_downlevel.obj
 0003:0000c228       ?function_pointers@@3PAPEAXA 0000000180052228     libvcruntime:winapi_downlevel.obj
 0003:0000c250       ?__acrt_invalid_parameter_handler@@3V?$dual_state_global@P6AXPEB_W00I_K@Z@__crt_state_management@@A 0000000180052250     libucrt:invalid_parameter.obj
 0003:0000c258       ?c_termination_complete@@3JA 0000000180052258     libucrt:exit.obj
 0003:0000c260       ?thread_local_exit_callback_func@@3P6AXPEAXK0@ZEA 0000000180052260     libucrt:exit.obj
 0003:0000c270       ?program_name@?1???$common_configure_argv@D@@YAHW4_crt_argv_mode@@@Z@4PADA 0000000180052270     libucrt:argv_parsing.obj
 0003:0000c3c8       ?internal_state@?1??_mbtowc_l@@9@4U_Mbstatet@@A 00000001800523c8     libucrt:mbtowc.obj
 0003:0000c3e0       ?enable_percent_n@@3_KA    00000001800523e0     libucrt:printf_count_output.obj
 0003:0000c820       ?__acrt_lock_table@@3PAU_RTL_CRITICAL_SECTION@@A 0000000180052820     libucrt:locks.obj
 0003:0000ca50       ?__acrt_locks_initialized@@3IA 0000000180052a50     libucrt:locks.obj
 0003:0000ca70       ?fSystemSet@@3HA           0000000180052a70     libucrt:mbctype.obj
 0003:0000ca74       ?initialized@?1??__acrt_initialize_multibyte@@9@4_NA 0000000180052a74     libucrt:mbctype.obj
 0003:0000cab0       ?module_handles@@3PAPEAUHINSTANCE__@@A 0000000180052ab0     libucrt:winapi_thunks.obj
 0003:0000cb50       ?encoded_function_pointers@@3PAPEAXA 0000000180052b50     libucrt:winapi_thunks.obj
 0003:0000cc68       ?__acrt_new_handler@@3V?$dual_state_global@P6AH_K@Z@__crt_state_management@@A 0000000180052c68     libucrt:new_handler.obj
 0003:0000cc70       ?ctrlc_action@@3V?$dual_state_global@P6AXH@Z@__crt_state_management@@A 0000000180052c70     libucrt:signal.obj
 0003:0000cc78       ?ctrlbreak_action@@3V?$dual_state_global@P6AXH@Z@__crt_state_management@@A 0000000180052c78     libucrt:signal.obj
 0003:0000cc80       ?abort_action@@3V?$dual_state_global@P6AXH@Z@__crt_state_management@@A 0000000180052c80     libucrt:signal.obj
 0003:0000cc88       ?term_action@@3V?$dual_state_global@P6AXH@Z@__crt_state_management@@A 0000000180052c88     libucrt:signal.obj
 0003:0000cc90       ?user_matherr@@3V?$dual_state_global@P6AHPEAU_exception@@@Z@__crt_state_management@@A 0000000180052c90     libucrt:matherr.obj
 0003:0000cc98       ?__acrt_global_new_mode@@3V?$dual_state_global@J@__crt_state_management@@A 0000000180052c98     libucrt:new_mode.obj
 0003:0000cca8       ?internal_pst@?1??__mbrtoc32_utf8@__crt_mbstring@@YA_KPEA_UPEBD_KPEAU_Mbstatet@@@Z@4U3@A 0000000180052ca8     libucrt:mbrtoc32.obj
 0003:0000ccb0       ?__acrt_app_type@@3W4_crt_app_type@@A 0000000180052cb0     libucrt:report_runtime_error.obj
 0003:0000cd14       ?gbPauseConsoleWasRequested@@3_NA 0000000180052d14     common-kernel64:WConsole.obj
 0003:0000cd18       ?GetCurrentConsoleFontEx@?1??apiGetCurrentConsoleFontEx@@YAHPEAXHPEAUMY_CONSOLE_FONT_INFOEX@@@Z@4P6AH0H1@ZEA 0000000180052d18     common-kernel64:WConsole.obj
 0003:0000cd20       ?bFuncChecked@?1??apiGetCurrentConsoleFontEx@@YAHPEAXHPEAUMY_CONSOLE_FONT_INFOEX@@@Z@4_NA 0000000180052d20     common-kernel64:WConsole.obj
 0003:0000cd28       ?SetCurrentConsoleFontEx@?1??apiSetCurrentConsoleFontEx@@YAHPEAXHPEAUMY_CONSOLE_FONT_INFOEX@@@Z@4P6AH0H1@ZEA 0000000180052d28     common-kernel64:WConsole.obj
 0003:0000cd30       ?bFuncChecked@?1??apiSetCurrentConsoleFontEx@@YAHPEAXHPEAUMY_CONSOLE_FONT_INFOEX@@@Z@4_NA 0000000180052d30     common-kernel64:WConsole.obj
 0005:00000000       MoveSmall                  0000000180056000     libvcruntime:memcpy.obj
 0005:00000040       MoveSmallYmm               0000000180056040     libvcruntime:memcpy.obj
 0005:00000064       MoveSmallYmmNT             0000000180056064     libvcruntime:memcpy.obj
 0005:00000088       MoveSmallXmm               0000000180056088     libvcruntime:memcpy.obj
 0005:000000b0       MsetTab                    00000001800560b0     libvcruntime:memset.obj
 0006:000000a0       $R000000                   00000001800570a0     ConEmu.res
 0006:000003b0       $R000310                   00000001800573b0     ConEmu.res
