 ConEmu.x64

 Timestamp is 60d8dedf (Sun Jun 27 22:26:07 2021)

 Preferred load address is 0000000180000000

 Start         Length     Name                   Class
 0001:00000000 00000010H .text$di                CODE
 0001:00000010 00031640H .text$mn                CODE
 0001:00031650 00000040H .text$mn$00             CODE
 0001:00031690 000006e0H .text$x                 CODE
 0001:00031d70 0000003dH .text$yd                CODE
 0002:00000000 00000660H .idata$5                DATA
 0002:00000660 00000028H .00cfg                  DATA
 0002:00000688 00000008H .CRT$XCA                DATA
 0002:00000690 00000008H .CRT$XCU                DATA
 0002:00000698 00000008H .CRT$XCZ                DATA
 0002:000006a0 00000008H .CRT$XIA                DATA
 0002:000006a8 00000020H .CRT$XIC                DATA
 0002:000006c8 00000008H .CRT$XIZ                DATA
 0002:000006d0 00000008H .CRT$XLA                DATA
 0002:000006d8 00000008H .CRT$XLZ                DATA
 0002:000006e0 00000008H .CRT$XPA                DATA
 0002:000006e8 00000010H .CRT$XPX                DATA
 0002:000006f8 00000008H .CRT$XPXA               DATA
 0002:00000700 00000008H .CRT$XPZ                DATA
 0002:00000708 00000008H .CRT$XTA                DATA
 0002:00000710 00000010H .CRT$XTZ                DATA
 0002:00000718 00000000H .gehcont$y              DATA
 0002:00000718 00000000H .gfids$y                DATA
 0002:00000720 0000cee0H .rdata                  DATA
 0002:0000d600 00000000H .rdata$CastGuardVftablesA DATA
 0002:0000d600 00000000H .rdata$CastGuardVftablesC DATA
 0002:0000d600 00000028H .rdata$T                DATA
 0002:0000d628 0000097cH .rdata$r                DATA
 0002:0000dfa4 0000016cH .rdata$voltmd           DATA
 0002:0000e110 00000410H .rdata$zzzdbg           DATA
 0002:0000e520 00000008H .rtc$IAA                DATA
 0002:0000e528 00000008H .rtc$IZZ                DATA
 0002:0000e530 00000008H .rtc$TAA                DATA
 0002:0000e538 00000008H .rtc$TZZ                DATA
 0002:0000e540 00000004H .tls                    DATA
 0002:0000e544 00000004H .tls$                   DATA
 0002:0000e548 00000008H .tls$ZZZ                DATA
 0002:0000e550 000026f0H .xdata                  DATA
 0002:00010c40 00000260H .xdata$x                DATA
 0002:00010ea0 000002e4H .edata                  DATA
 0002:00011184 00000064H .idata$2                DATA
 0002:000111e8 00000018H .idata$3                DATA
 0002:00011200 00000660H .idata$4                DATA
 0002:00011860 00000e82H .idata$6                DATA
 0003:00000000 00000c80H .data                   DATA
 0003:00000c80 000001b0H .data$r                 DATA
 0003:00000e30 000002e0H .data$rs                DATA
 0003:00001110 0000bc30H .bss                    DATA
 0004:00000000 000028d4H .pdata                  DATA
 0005:00000000 000000f4H _RDATA                  DATA
 0006:00000000 000000a0H .rsrc$01                DATA
 0006:000000a0 00000490H .rsrc$02                DATA

  Address         Publics by Value              Rva+Base               Lib:Object

 0000:00000000       ___safe_se_handler_table   0000000000000000     <absolute>
 0000:00000000       __arm64x_redirection_metadata 0000000000000000     <absolute>
 0000:00000000       __guard_iat_table          0000000000000000     <absolute>
 0000:00000000       __guard_longjmp_table      0000000000000000     <absolute>
 0000:00000000       __x64_code_ranges_to_entry_points 0000000000000000     <absolute>
 0000:00000000       __guard_iat_count          0000000000000000     <absolute>
 0000:00000000       __guard_longjmp_count      0000000000000000     <absolute>
 0000:00000000       __guard_fids_count         0000000000000000     <absolute>
 0000:00000000       __dynamic_value_reloc_table 0000000000000000     <absolute>
 0000:00000000       __x64_code_ranges_to_entry_points_count 0000000000000000     <absolute>
 0000:00000000       __arm64x_extra_rfe_table   0000000000000000     <absolute>
 0000:00000000       __hybrid_auxiliary_iat     0000000000000000     <absolute>
 0000:00000000       __hybrid_auxiliary_iat_copy 0000000000000000     <absolute>
 0000:00000000       __hybrid_code_map          0000000000000000     <absolute>
 0000:00000000       __arm64x_extra_rfe_table_size 0000000000000000     <absolute>
 0000:00000000       ___safe_se_handler_count   0000000000000000     <absolute>
 0000:00000000       __AbsoluteZero             0000000000000000     <absolute>
 0000:00000000       __guard_check_icall_a64n_fptr 0000000000000000     <absolute>
 0000:00000000       __guard_fids_table         0000000000000000     <absolute>
 0000:00000000       __guard_eh_cont_count      0000000000000000     <absolute>
 0000:00000000       __arm64x_redirection_metadata_count 0000000000000000     <absolute>
 0000:00000000       __enclave_config           0000000000000000     <absolute>
 0000:00000000       __guard_eh_cont_table      0000000000000000     <absolute>
 0000:00000000       __arm64x_native_entrypoint 0000000000000000     <absolute>
 0000:00000000       __hybrid_code_map_count    0000000000000000     <absolute>
 0000:00000100       __guard_flags              0000000000000100     <absolute>
 0000:00000000       __ImageBase                0000000180000000     <linker-defined>
 0001:00000010       ??$swprintf_c@$0EA@@@YAHAEAY0EA@_WPEB_WZZ 0000000180001010 f i ConEmuInjects.obj
 0001:0000003c       ??$swprintf_c@$0IA@@@YAHAEAY0IA@_WPEB_WZZ 000000018000103c f i ConEmuInjects.obj
 0001:00000068       ??$swprintf_c@$0PP@@@YAHAEAY0PP@_WPEB_WZZ 0000000180001068 f i ConEmuInjects.obj
 0001:00000094       ?ShutdownHooks@@YAXXZ      0000000180001094 f   ConEmuInjects.obj
 0001:00000284       ?StartupConsoleHooks@@YAXXZ 0000000180001284 f   ConEmuInjects.obj
 0001:00000310       ?StartupHooks@@YA_NPEAUHINSTANCE__@@@Z 0000000180001310 f   ConEmuInjects.obj
 0001:000006f8       ?StringCchVPrintfW@@YAJPEA_W_KPEB_WPEAD@Z 00000001800016f8 f i ConEmuInjects.obj
 0001:0000079c       __local_stdio_printf_options 000000018000179c f i ConEmuInjects.obj
 0001:000007a4       ?ProcessSynchroEventW3@@YA_JPEAX@Z 00000001800017a4 f   ConEmuPlugin.obj
 0001:000007cc       ?ProcessEditorEventW3@@YA_JPEAX@Z 00000001800017cc f   ConEmuPlugin.obj
 0001:000007f4       ?ProcessViewerEventW3@@YA_JPEAX@Z 00000001800017f4 f   ConEmuPlugin.obj
 0001:0000081c       ?ExitFARW3@@YAXPEAX@Z      000000018000181c f   ConEmuPlugin.obj
 0001:00000874       ExitFARW                   0000000180001874 f   ConEmuPlugin.obj
 0001:000008cc       ProcessEditorEventW        00000001800018cc f   ConEmuPlugin.obj
 0001:000008cc       ?ProcessEditorEvent@@YAHHPEAX@Z 00000001800018cc f   ConEmuPlugin.obj
 0001:000008ec       ProcessSynchroEventW       00000001800018ec f   ConEmuPlugin.obj
 0001:00000918       ProcessViewerEventW        0000000180001918 f   ConEmuPlugin.obj
 0001:00000918       ?ProcessViewerEvent@@YAHHPEAX@Z 0000000180001918 f   ConEmuPlugin.obj
 0001:00000938       ?ActivateConsole@@YAHXZ    0000000180001938 f   ConEmuPlugin.obj
 0001:000009c8       ?ExitFAR@@YAXXZ            00000001800019c8 f   ConEmuPlugin.obj
 0001:00000a20       ?GetFarHWND2@@YAPEAUHWND__@@H@Z 0000000180001a20 f   ConEmuPlugin.obj
 0001:00000a8c       ?GetFarHWND@@YAPEAUHWND__@@XZ 0000000180001a8c f   ConEmuPlugin.obj
 0001:00000a94       ?GetFarVersion@@YAXPEAUFarVersion@@@Z 0000000180001a94 f   ConEmuPlugin.obj
 0001:00000ab0       ?GetMinFarVersion@@YAHXZ   0000000180001ab0 f   ConEmuPlugin.obj
 0001:00000ad8       ?GetPluginInfo@@YAXPEAX@Z  0000000180001ad8 f   ConEmuPlugin.obj
 0001:00000b24       ?GetPluginInfoW@@YAXPEAX@Z 0000000180001b24 f   ConEmuPlugin.obj
 0001:00000b44       ?IsConsoleActive@@YAHXZ    0000000180001b44 f   ConEmuPlugin.obj
 0001:00000b9c       ?IsTerminalMode@@YAHXZ     0000000180001b9c f   ConEmuPlugin.obj
 0001:00000ba4       ?OpenPlugin@@YAPEAXH_J@Z   0000000180001ba4 f   ConEmuPlugin.obj
 0001:00000bd4       ?OpenW@@YAPEAXPEBX@Z       0000000180001bd4 f   ConEmuPlugin.obj
 0001:00000bf8       ?ProcessEditorInput@@YAHPEBU_INPUT_RECORD@@@Z 0000000180001bf8 f   ConEmuPlugin.obj
 0001:00000c1c       ?RegisterBackground@@YAHPEAURegisterBackgroundArg@@@Z 0000000180001c1c f   ConEmuPlugin.obj
 0001:00000c98       ?RegisterPanelView@@YAHPEAUPanelViewInit@@@Z 0000000180001c98 f   ConEmuPlugin.obj
 0001:00000e00       ?SetStartupInfo@@YAXPEAX@Z 0000000180001e00 f   ConEmuPlugin.obj
 0001:00000e5c       ?SetupExportsFar3@@YAXXZ   0000000180001e5c f   ConEmuPlugin.obj
 0001:00000fcc       ?SyncExecute@@YAHPEAUHINSTANCE__@@P6AX_J@Z1@Z 0000000180001fcc f   ConEmuPlugin.obj
 0001:00001018       DllMain                    0000000180002018 f   ConEmuPlugin.obj
 0001:0000103c       GetMinFarVersionW          000000018000203c f   ConEmuPlugin.obj
 0001:00001044       OpenPluginW                0000000180002044 f   ConEmuPlugin.obj
 0001:00001084       ProcessEditorInputW        0000000180002084 f   ConEmuPlugin.obj
 0001:000010a8       SetStartupInfoW            00000001800020a8 f   ConEmuPlugin.obj
 0001:000010d8       ??0CPluginW1900@@QEAA@XZ   00000001800020d8 f   ConEmuPlugin1900.obj
 0001:0000127c       ??_GCPluginW1900@@UEAAPEAXI@Z 000000018000227c f i ConEmuPlugin1900.obj
 0001:0000127c       ??_ECPluginW1900@@UEAAPEAXI@Z 000000018000227c f i ConEmuPlugin1900.obj
 0001:00001784       ?CheckPanelExist@CPluginW1900@@UEAA_NXZ 0000000180002784 f   ConEmuPlugin1900.obj
 0001:000017c0       ?Color2BgIndex@Far3Color@@SAXKHAEAGPEBK@Z 00000001800027c0 f i ConEmuPlugin1900.obj
 0001:000018d4       ?Color2FgIndex@Far3Color@@SAXKAEAGPEBK@Z 00000001800028d4 f i ConEmuPlugin1900.obj
 0001:000019c4       ?ExecuteSynchroApi@CPluginW1900@@UEAA_NXZ 00000001800029c4 f   ConEmuPlugin1900.obj
 0001:000019f8       ?ExitFar@CPluginW1900@@UEAAXXZ 00000001800029f8 f   ConEmuPlugin1900.obj
 0001:00001a80       ?FarColor_3_2@@YAEAEBUFarColor@@_N@Z 0000000180002a80 f i ConEmuPlugin1900.obj
 0001:00001b40       ?GetActiveWindowType@CPluginW1900@@UEAAHXZ 0000000180002b40 f   ConEmuPlugin1900.obj
 0001:00001c0c       ?GetEditorModifiedState@CPluginW1900@@UEAAKXZ 0000000180002c0c f   ConEmuPlugin1900.obj
 0001:00001c68       ?GetFarRect@CPluginW1900@@UEAA_NAEAU_SMALL_RECT@@@Z 0000000180002c68 f   ConEmuPlugin1900.obj
 0001:00001d14       ?GetMacroArea@CPluginW1900@@UEAAHXZ 0000000180002d14 f   ConEmuPlugin1900.obj
 0001:00001d34       ?GetMsg@CPluginW1900@@UEAAPEB_WHPEA_W_K@Z 0000000180002d34 f   ConEmuPlugin1900.obj
 0001:00001da8       ?GetPanelDir@CPluginW1900@@UEAAPEA_WKPEA_WH@Z 0000000180002da8 f   ConEmuPlugin1900.obj
 0001:00001f04       ?GetPanelInfo@CPluginW1900@@UEAA_NKPEAUCEPanelInfo@@@Z 0000000180002f04 f   ConEmuPlugin1900.obj
 0001:000021a4       ?GetPanelItemInfo@CPluginW1900@@UEAA_NAEBUCEPanelInfo@@_N_JAEAU_WIN32_FIND_DATAW@@PEAPEA_W@Z 00000001800031a4 f   ConEmuPlugin1900.obj
 0001:00002354       ?GetPluginInfoPtr@CPluginW1900@@UEAAXPEAX@Z 0000000180003354 f   ConEmuPlugin1900.obj
 0001:000023b0       ?GetWindowCount@CPluginW1900@@UEAAHXZ 00000001800033b0 f   ConEmuPlugin1900.obj
 0001:000023e0       ?GetWindowTypeName@CPluginW1900@@UEAAPEB_WH@Z 00000001800033e0 f   ConEmuPlugin1900.obj
 0001:000023e0       ?GetWindowTypeName@CPluginAnsi@@UEAAPEB_WH@Z 00000001800033e0 f   ConEmuPluginA.obj
 0001:000023e0       ?GetWindowTypeName@CPluginW2800@@UEAAPEB_WH@Z 00000001800033e0 f   ConEmuPlugin2800.obj
 0001:000023e0       ?GetWindowTypeName@CPluginW995@@UEAAPEB_WH@Z 00000001800033e0 f   ConEmuPlugin995.obj
 0001:00002438       ?GuiMacroDlg@CPluginW1900@@UEAAXXZ 0000000180003438 f   ConEmuPlugin1900.obj
 0001:00002440       ?InputBox@CPluginW1900@@UEAA_NPEB_W000AEAPEA_W@Z 0000000180003440 f   ConEmuPlugin1900.obj
 0001:000024f0       ?IsMacroActive@CPluginW1900@@UEAA_NXZ 00000001800034f0 f   ConEmuPlugin1900.obj
 0001:00002534       ?LoadFarColors@CPluginW1900@@UEAAXAEAY0BAA@E@Z 0000000180003534 f   ConEmuPlugin1900.obj
 0001:000026c8       ?LoadFarSettings@CPluginW1900@@UEAAXPEAUCEFarInterfaceSettings@@PEAUCEFarPanelSettings@@@Z 00000001800036c8 f   ConEmuPlugin1900.obj
 0001:00002808       ?Open@CPluginW1900@@UEAAPEAXPEBX@Z 0000000180003808 f   ConEmuPlugin1900.obj
 0001:000028e4       ?OpenEditor@CPluginW1900@@UEAA_NPEB_W_N11HH@Z 00000001800038e4 f   ConEmuPlugin1900.obj
 0001:000029f8       ?PanelControlApi@CPluginW1900@@UEAA_JPEAXH_J0@Z 00000001800039f8 f   ConEmuPlugin1900.obj
 0001:00002a30       ?PostMacroApi@CPluginW1900@@UEAAXPEB_WPEAU_INPUT_RECORD@@_N@Z 0000000180003a30 f   ConEmuPlugin1900.obj
 0001:00002ff0       ?ProcessEditorEventPtr@CPluginW1900@@UEAAHPEAX@Z 0000000180003ff0 f   ConEmuPlugin1900.obj
 0001:00002ff0       ?ProcessEditorEventPtr@CPluginW2800@@UEAAHPEAX@Z 0000000180003ff0 f   ConEmuPlugin2800.obj
 0001:00002ffc       ?ProcessEditorInputPtr@CPluginW1900@@UEAAHPEBX@Z 0000000180003ffc f   ConEmuPlugin1900.obj
 0001:0000301c       ?ProcessSynchroEventPtr@CPluginW2800@@UEAAHPEAX@Z 000000018000401c f   ConEmuPlugin2800.obj
 0001:0000301c       ?ProcessSynchroEventPtr@CPluginW1900@@UEAAHPEAX@Z 000000018000401c f   ConEmuPlugin1900.obj
 0001:00003040       ?ProcessViewerEventPtr@CPluginW1900@@UEAAHPEAX@Z 0000000180004040 f   ConEmuPlugin1900.obj
 0001:00003040       ?ProcessViewerEventPtr@CPluginW2800@@UEAAHPEAX@Z 0000000180004040 f   ConEmuPlugin2800.obj
 0001:0000304c       ?RedrawAll@CPluginW1900@@UEAAXXZ 000000018000404c f   ConEmuPlugin1900.obj
 0001:00003084       ?SetStartupInfoPtr@CPluginW1900@@UEAAXPEAX@Z 0000000180004084 f   ConEmuPlugin1900.obj
 0001:000031d8       ?SetWindow@CPluginW1900@@UEAAXH@Z 00000001800041d8 f   ConEmuPlugin1900.obj
 0001:00003230       ?ShowMessage@CPluginW1900@@UEAAHPEB_WH_N@Z 0000000180004230 f   ConEmuPlugin1900.obj
 0001:00003298       ?ShowPluginMenu@CPluginW1900@@UEAAHPEAUConEmuPluginMenuItem@@HH@Z 0000000180004298 f   ConEmuPlugin1900.obj
 0001:000033e8       ?ShowUserScreen@CPluginW1900@@UEAAX_N@Z 00000001800043e8 f   ConEmuPlugin1900.obj
 0001:00003414       _guard_check_icall_nop     0000000180004414 f   LIBCMT:guard_support.obj
 0001:00003414       ?StopWaitEndSynchro@CPluginW1900@@UEAAXXZ 0000000180004414 f   ConEmuPlugin1900.obj
 0001:00003414       ?StopWaitEndSynchro@CPluginW2800@@UEAAXXZ 0000000180004414 f   ConEmuPlugin2800.obj
 0001:00003414       ?WaitEndSynchro@CPluginW2800@@UEAAXXZ 0000000180004414 f   ConEmuPlugin2800.obj
 0001:00003414       ?WaitEndSynchro@CPluginAnsi@@UEAAXXZ 0000000180004414 f   ConEmuPluginA.obj
 0001:00003414       ?ShutdownPluginStep@CPluginBase@@SAXPEB_WHHHH@Z 0000000180004414 f   ConEmuPluginBase.obj
 0001:00003414       ?WaitEndSynchro@CPluginW1900@@UEAAXXZ 0000000180004414 f   ConEmuPlugin1900.obj
 0001:00003414       ?StopWaitEndSynchro@CPluginAnsi@@UEAAXXZ 0000000180004414 f   ConEmuPluginA.obj
 0001:00003414       ?PlugServerInit@@YAXXZ     0000000180004414 f   PluginSrv.obj
 0001:00003414       ?_Doraise@exception@stdext@@MEBAXXZ 0000000180004414 f   common-kernel64:CEStr.obj
 0001:00003418       ?UpdateConEmuTabsApi@CPluginW1900@@UEAA_NH@Z 0000000180004418 f   ConEmuPlugin1900.obj
 0001:000038e8       ??$_Emplace_reallocate@AEBUWindowInfo@@@?$vector@UWindowInfo@@V?$MArrayAllocator@UWindowInfo@@@@@std@@QEAAPEAUWindowInfo@@QEAU2@AEBU2@@Z 00000001800048e8 f i ConEmuPlugin2800.obj
 0001:00003a8c       ??0CPluginW2800@@QEAA@XZ   0000000180004a8c f   ConEmuPlugin2800.obj
 0001:00003c30       ??0bad_alloc@std@@QEAA@AEBV01@@Z 0000000180004c30 f i ConEmuPlugin2800.obj
 0001:00003c6c       ??0bad_alloc@std@@QEAA@XZ  0000000180004c6c f i ConEmuPlugin2800.obj
 0001:00003c8c       ??0exception@std@@QEAA@AEBV01@@Z 0000000180004c8c f i ConEmuPlugin2800.obj
 0001:00003cc0       ??1?$MArray@UWindowInfo@@@@QEAA@XZ 0000000180004cc0 f i ConEmuPlugin2800.obj
 0001:00003cec       ??1bad_exception@std@@UEAA@XZ 0000000180004cec f i libvcruntime:frame.obj
 0001:00003cec       ??1length_error@std@@UEAA@XZ 0000000180004cec f i libcpmt:xthrow.obj
 0001:00003cec       ??1bad_alloc@std@@UEAA@XZ  0000000180004cec f i ConEmuPlugin2800.obj
 0001:00003cec       ??1bad_function_call@std@@UEAA@XZ 0000000180004cec f i libcpmt:xthrow.obj
 0001:00003d00       ??_GCPluginW2800@@UEAAPEAXI@Z 0000000180004d00 f i ConEmuPlugin2800.obj
 0001:00003d00       ??_ECPluginW2800@@UEAAPEAXI@Z 0000000180004d00 f i ConEmuPlugin2800.obj
 0001:00003d40       ??_Gbad_alloc@std@@UEAAPEAXI@Z 0000000180004d40 f i ConEmuPlugin2800.obj
 0001:00003d40       ??_Gexception@std@@UEAAPEAXI@Z 0000000180004d40 f i ConEmuPlugin2800.obj
 0001:00003d40       ??_Ebad_function_call@std@@UEAAPEAXI@Z 0000000180004d40 f i libcpmt:xthrow.obj
 0001:00003d40       ??_Gbad_function_call@std@@UEAAPEAXI@Z 0000000180004d40 f i libcpmt:xthrow.obj
 0001:00003d40       ??_Gbad_exception@std@@UEAAPEAXI@Z 0000000180004d40 f i libvcruntime:frame.obj
 0001:00003d40       ??_Ebad_alloc@std@@UEAAPEAXI@Z 0000000180004d40 f i ConEmuPlugin2800.obj
 0001:00003d40       ??_Eexception@std@@UEAAPEAXI@Z 0000000180004d40 f i ConEmuPlugin2800.obj
 0001:00003d40       ??_Ebad_exception@std@@UEAAPEAXI@Z 0000000180004d40 f i libvcruntime:frame.obj
 0001:00003d40       ??_Glength_error@std@@UEAAPEAXI@Z 0000000180004d40 f i libcpmt:xthrow.obj
 0001:00003d40       ??_Elength_error@std@@UEAAPEAXI@Z 0000000180004d40 f i libcpmt:xthrow.obj
 0001:00003d40       ??_Elogic_error@std@@UEAAPEAXI@Z 0000000180004d40 f i libcpmt:xthrow.obj
 0001:00003d40       ??_Glogic_error@std@@UEAAPEAXI@Z 0000000180004d40 f i libcpmt:xthrow.obj
 0001:000042d0       ?CheckPanelExist@CPluginW2800@@UEAA_NXZ 00000001800052d0 f   ConEmuPlugin2800.obj
 0001:0000430c       ?ExecuteSynchroApi@CPluginW2800@@UEAA_NXZ 000000018000530c f   ConEmuPlugin2800.obj
 0001:00004340       ?ExitFar@CPluginW2800@@UEAAXXZ 0000000180005340 f   ConEmuPlugin2800.obj
 0001:000043d4       ?GetActiveWindowType@CPluginW2800@@UEAAHXZ 00000001800053d4 f   ConEmuPlugin2800.obj
 0001:000044a8       ?GetEditorModifiedState@CPluginW2800@@UEAAKXZ 00000001800054a8 f   ConEmuPlugin2800.obj
 0001:00004508       ?GetFarRect@CPluginW2800@@UEAA_NAEAU_SMALL_RECT@@@Z 0000000180005508 f   ConEmuPlugin2800.obj
 0001:000045bc       ?GetMacroArea@CPluginW2800@@UEAAHXZ 00000001800055bc f   ConEmuPlugin2800.obj
 0001:000045dc       ?GetMsg@CPluginW2800@@UEAAPEB_WHPEA_W_K@Z 00000001800055dc f   ConEmuPlugin2800.obj
 0001:00004654       ?GetPanelDir@CPluginW2800@@UEAAPEA_WKPEA_WH@Z 0000000180005654 f   ConEmuPlugin2800.obj
 0001:000047b0       ?GetPanelInfo@CPluginW2800@@UEAA_NKPEAUCEPanelInfo@@@Z 00000001800057b0 f   ConEmuPlugin2800.obj
 0001:00004a50       ?GetPanelItemInfo@CPluginW2800@@UEAA_NAEBUCEPanelInfo@@_N_JAEAU_WIN32_FIND_DATAW@@PEAPEA_W@Z 0000000180005a50 f   ConEmuPlugin2800.obj
 0001:00004c18       ?GetPluginInfoPtr@CPluginW2800@@UEAAXPEAX@Z 0000000180005c18 f   ConEmuPlugin2800.obj
 0001:00004c74       ?GetWindowCount@CPluginW2800@@UEAAHXZ 0000000180005c74 f   ConEmuPlugin2800.obj
 0001:00004ca4       ?GuiMacroDlg@CPluginW2800@@UEAAXXZ 0000000180005ca4 f   ConEmuPlugin2800.obj
 0001:00004cac       ?InputBox@CPluginW2800@@UEAA_NPEB_W000AEAPEA_W@Z 0000000180005cac f   ConEmuPlugin2800.obj
 0001:00004d5c       ?IsMacroActive@CPluginW2800@@UEAA_NXZ 0000000180005d5c f   ConEmuPlugin2800.obj
 0001:00004da0       ?LoadFarColors@CPluginW2800@@UEAAXAEAY0BAA@E@Z 0000000180005da0 f   ConEmuPlugin2800.obj
 0001:00004f34       ?LoadFarSettings@CPluginW2800@@UEAAXPEAUCEFarInterfaceSettings@@PEAUCEFarPanelSettings@@@Z 0000000180005f34 f   ConEmuPlugin2800.obj
 0001:00005074       ?Open@CPluginW2800@@UEAAPEAXPEBX@Z 0000000180006074 f   ConEmuPlugin2800.obj
 0001:000051ec       ?OpenEditor@CPluginW2800@@UEAA_NPEB_W_N11HH@Z 00000001800061ec f   ConEmuPlugin2800.obj
 0001:00005310       ?PanelControlApi@CPluginW2800@@UEAA_JPEAXH_J0@Z 0000000180006310 f   ConEmuPlugin2800.obj
 0001:00005348       ?PostMacroApi@CPluginW2800@@UEAAXPEB_WPEAU_INPUT_RECORD@@_N@Z 0000000180006348 f   ConEmuPlugin2800.obj
 0001:000056c0       ?ProcessEditorInputPtr@CPluginW2800@@UEAAHPEBX@Z 00000001800066c0 f   ConEmuPlugin2800.obj
 0001:000056e0       ?RedrawAll@CPluginW2800@@UEAAXXZ 00000001800066e0 f   ConEmuPlugin2800.obj
 0001:00005718       ?SetStartupInfoPtr@CPluginW2800@@UEAAXPEAX@Z 0000000180006718 f   ConEmuPlugin2800.obj
 0001:0000586c       ?SetWindow@CPluginW2800@@UEAAXH@Z 000000018000686c f   ConEmuPlugin2800.obj
 0001:000059a4       ?ShowMessage@CPluginW2800@@UEAAHPEB_WH_N@Z 00000001800069a4 f   ConEmuPlugin2800.obj
 0001:00005a0c       ?ShowPluginMenu@CPluginW2800@@UEAAHPEAUConEmuPluginMenuItem@@HH@Z 0000000180006a0c f   ConEmuPlugin2800.obj
 0001:00005b60       ?ShowUserScreen@CPluginW2800@@UEAAX_N@Z 0000000180006b60 f   ConEmuPlugin2800.obj
 0001:00005b8c       ?UpdateConEmuTabsApi@CPluginW2800@@UEAA_NH@Z 0000000180006b8c f   ConEmuPlugin2800.obj
 0001:00006504       ?_Getal@?$vector@UWindowInfo@@V?$MArrayAllocator@UWindowInfo@@@@@std@@AEAAAEAV?$MArrayAllocator@UWindowInfo@@@@XZ 0000000180007504 f i ConEmuPlugin2800.obj
 0001:00006508       ?_Xlength@?$vector@UtagPROCESSENTRY32W@@V?$MArrayAllocator@UtagPROCESSENTRY32W@@@@@std@@CAXXZ 0000000180007508 f i common-kernel64:MProcess.obj
 0001:00006508       ?_Xlength@?$vector@UWindowInfo@@V?$MArrayAllocator@UWindowInfo@@@@@std@@CAXXZ 0000000180007508 f i ConEmuPlugin2800.obj
 0001:0000651c       ?deallocate@?$MArrayAllocator@UWindowInfo@@@@QEAAXPEAUWindowInfo@@_K@Z 000000018000751c f i ConEmuPlugin2800.obj
 0001:00006534       ?erase@?$MArray@UWindowInfo@@@@QEAAX_J0@Z 0000000180007534 f i ConEmuPlugin2800.obj
 0001:000065c4       ?insert@?$MArray@UWindowInfo@@@@QEAA_J_JAEBUWindowInfo@@0@Z 00000001800075c4 f i ConEmuPlugin2800.obj
 0001:00006660       ?insert@?$vector@UWindowInfo@@V?$MArrayAllocator@UWindowInfo@@@@@std@@QEAA?AV?$_Vector_iterator@V?$_Vector_val@U?$_Simple_types@UWindowInfo@@@std@@@std@@@2@V?$_Vector_const_iterator@V?$_Vector_val@U?$_Simple_types@UWindowInfo@@@std@@@std@@@2@_KAEBUWindowInfo@@@Z 0000000180007660 f i ConEmuPlugin2800.obj
 0001:00006ab4       ?push_back@?$MArray@UWindowInfo@@@@QEAA_JAEBUWindowInfo@@@Z 0000000180007ab4 f i ConEmuPlugin2800.obj
 0001:00006b38       ?what@exception@std@@UEBAPEBDXZ 0000000180007b38 f i ConEmuPlugin2800.obj
 0001:00006b4c       GetGlobalInfoW             0000000180007b4c f   ConEmuPlugin2800.obj
 0001:00006be4       ??0CPluginW995@@QEAA@XZ    0000000180007be4 f   ConEmuPlugin995.obj
 0001:00006d7c       ??_ECPluginW995@@UEAAPEAXI@Z 0000000180007d7c f i ConEmuPlugin995.obj
 0001:00006d7c       ??_GCPluginW995@@UEAAPEAXI@Z 0000000180007d7c f i ConEmuPlugin995.obj
 0001:000071fc       ?CheckPanelExist@CPluginW995@@UEAA_NXZ 00000001800081fc f   ConEmuPlugin995.obj
 0001:00007234       ?ExecuteSynchroApi@CPluginW995@@UEAA_NXZ 0000000180008234 f   ConEmuPlugin995.obj
 0001:00007264       ?ExitFar@CPluginW995@@UEAAXXZ 0000000180008264 f   ConEmuPlugin995.obj
 0001:000072ec       ?GetActiveWindowType@CPluginW995@@UEAAHXZ 00000001800082ec f   ConEmuPlugin995.obj
 0001:000073e4       ?GetEditorModifiedState@CPluginW995@@UEAAKXZ 00000001800083e4 f   ConEmuPlugin995.obj
 0001:0000743c       ?GetFarRect@CPluginW995@@UEAA_NAEAU_SMALL_RECT@@@Z 000000018000843c f   ConEmuPlugin995.obj
 0001:00007494       ?GetMacroArea@CPluginW995@@UEAAHXZ 0000000180008494 f   ConEmuPlugin995.obj
 0001:000074ec       ?GetMsg@CPluginW995@@UEAAPEB_WHPEA_W_K@Z 00000001800084ec f   ConEmuPlugin995.obj
 0001:0000755c       ?GetPanelDir@CPluginW995@@UEAAPEA_WKPEA_WH@Z 000000018000855c f   ConEmuPlugin995.obj
 0001:00007680       ?GetPanelInfo@CPluginW995@@UEAA_NKPEAUCEPanelInfo@@@Z 0000000180008680 f   ConEmuPlugin995.obj
 0001:000078c0       ?GetPanelItemInfo@CPluginW995@@UEAA_NAEBUCEPanelInfo@@_N_JAEAU_WIN32_FIND_DATAW@@PEAPEA_W@Z 00000001800088c0 f   ConEmuPlugin995.obj
 0001:00007a58       ?GetPluginInfoPtr@CPluginW995@@UEAAXPEAX@Z 0000000180008a58 f   ConEmuPlugin995.obj
 0001:00007ac4       ?GetWindowCount@CPluginW995@@UEAAHXZ 0000000180008ac4 f   ConEmuPlugin995.obj
 0001:00007af0       ?GuiMacroDlg@CPluginW995@@UEAAXXZ 0000000180008af0 f   ConEmuPlugin995.obj
 0001:00007af8       ?InputBox@CPluginW995@@UEAA_NPEB_W000AEAPEA_W@Z 0000000180008af8 f   ConEmuPlugin995.obj
 0001:00007ba8       ?IsMacroActive@CPluginW995@@UEAA_NXZ 0000000180008ba8 f   ConEmuPlugin995.obj
 0001:00007c18       ?LoadFarColors@CPluginW995@@UEAAXAEAY0BAA@E@Z 0000000180008c18 f   ConEmuPlugin995.obj
 0001:00007cd4       ?LoadFarSettings@CPluginW995@@UEAAXPEAUCEFarInterfaceSettings@@PEAUCEFarPanelSettings@@@Z 0000000180008cd4 f   ConEmuPlugin995.obj
 0001:00007d30       ?Open@CPluginAnsi@@UEAAPEAXPEBX@Z 0000000180008d30 f i ConEmuPluginA.obj
 0001:00007d30       ?Open@CPluginW995@@UEAAPEAXPEBX@Z 0000000180008d30 f i ConEmuPlugin995.obj
 0001:00007d38       ?OpenEditor@CPluginW995@@UEAA_NPEB_W_N11HH@Z 0000000180008d38 f   ConEmuPlugin995.obj
 0001:00007e40       ?PanelControlApi@CPluginW995@@UEAA_JPEAXH_J0@Z 0000000180008e40 f   ConEmuPlugin995.obj
 0001:00007e84       ?PostMacroApi@CPluginW995@@UEAAXPEB_WPEAU_INPUT_RECORD@@_N@Z 0000000180008e84 f   ConEmuPlugin995.obj
 0001:00007f2c       ?ProcessEditorInputPtr@CPluginAnsi@@UEAAHPEBX@Z 0000000180008f2c f i ConEmuPluginA.obj
 0001:00007f2c       ?ProcessSynchroEventPtr@CPluginW995@@UEAAHPEAX@Z 0000000180008f2c f i ConEmuPlugin995.obj
 0001:00007f2c       ?ProcessViewerEventPtr@CPluginW995@@UEAAHPEAX@Z 0000000180008f2c f i ConEmuPlugin995.obj
 0001:00007f2c       ?ProcessViewerEventPtr@CPluginAnsi@@UEAAHPEAX@Z 0000000180008f2c f i ConEmuPluginA.obj
 0001:00007f2c       ?ProcessEditorEventPtr@CPluginAnsi@@UEAAHPEAX@Z 0000000180008f2c f i ConEmuPluginA.obj
 0001:00007f2c       ?ProcessSynchroEventPtr@CPluginAnsi@@UEAAHPEAX@Z 0000000180008f2c f i ConEmuPluginA.obj
 0001:00007f2c       ?ProcessEditorEventPtr@CPluginW995@@UEAAHPEAX@Z 0000000180008f2c f i ConEmuPlugin995.obj
 0001:00007f30       ?ProcessEditorInputPtr@CPluginW995@@UEAAHPEBX@Z 0000000180008f30 f   ConEmuPlugin995.obj
 0001:00007f4c       ?RedrawAll@CPluginW995@@UEAAXXZ 0000000180008f4c f   ConEmuPlugin995.obj
 0001:00007f7c       ?SetStartupInfoPtr@CPluginW995@@UEAAXPEAX@Z 0000000180008f7c f   ConEmuPlugin995.obj
 0001:000080bc       ?SetWindow@CPluginW995@@UEAAXH@Z 00000001800090bc f   ConEmuPlugin995.obj
 0001:00008108       ?ShowMessage@CPluginW995@@UEAAHPEB_WH_N@Z 0000000180009108 f   ConEmuPlugin995.obj
 0001:00008168       ?ShowPluginMenu@CPluginW995@@UEAAHPEAUConEmuPluginMenuItem@@HH@Z 0000000180009168 f   ConEmuPlugin995.obj
 0001:000082a4       ?ShowUserScreen@CPluginW995@@UEAAX_N@Z 00000001800092a4 f   ConEmuPlugin995.obj
 0001:000082d0       ?StopWaitEndSynchro@CPluginW995@@UEAAXXZ 00000001800092d0 f   ConEmuPlugin995.obj
 0001:00008300       ?UpdateConEmuTabsApi@CPluginW995@@UEAA_NH@Z 0000000180009300 f   ConEmuPlugin995.obj
 0001:00008578       ?WaitEndSynchro@CPluginW995@@UEAAXXZ 0000000180009578 f   ConEmuPlugin995.obj
 0001:00008710       ??0CPluginAnsi@@QEAA@XZ    0000000180009710 f   ConEmuPluginA.obj
 0001:00008874       ??_ECPluginAnsi@@UEAAPEAXI@Z 0000000180009874 f i ConEmuPluginA.obj
 0001:00008874       ??_GCPluginAnsi@@UEAAPEAXI@Z 0000000180009874 f i ConEmuPluginA.obj
 0001:00008e2c       ?CheckPanelExist@CPluginAnsi@@UEAA_NXZ 0000000180009e2c f   ConEmuPluginA.obj
 0001:00008e64       ?ExecuteSynchroApi@CPluginAnsi@@UEAA_NXZ 0000000180009e64 f i ConEmuPluginA.obj
 0001:00008e64       ?GetFarRect@CPluginAnsi@@UEAA_NAEAU_SMALL_RECT@@@Z 0000000180009e64 f i ConEmuPluginA.obj
 0001:00008e68       ?ExitFar@CPluginAnsi@@UEAAXXZ 0000000180009e68 f   ConEmuPluginA.obj
 0001:00008eac       ?GetActiveWindowType@CPluginAnsi@@UEAAHXZ 0000000180009eac f   ConEmuPluginA.obj
 0001:00008f30       ?GetEditorModifiedState@CPluginAnsi@@UEAAKXZ 0000000180009f30 f   ConEmuPluginA.obj
 0001:00008f88       _get_startup_argv_mode     0000000180009f88 f   LIBCMT:argv_mode.obj
 0001:00008f88       ?GetMacroArea@CPluginAnsi@@UEAAHXZ 0000000180009f88 f   ConEmuPluginA.obj
 0001:00008f90       ?GetMsg@CPluginAnsi@@UEAAPEB_WHPEA_W_K@Z 0000000180009f90 f   ConEmuPluginA.obj
 0001:00009030       ?GetPanelDir@CPluginAnsi@@UEAAPEA_WKPEA_WH@Z 000000018000a030 f   ConEmuPluginA.obj
 0001:00009128       ?GetPanelInfo@CPluginAnsi@@UEAA_NKPEAUCEPanelInfo@@@Z 000000018000a128 f   ConEmuPluginA.obj
 0001:00009380       ?GetPanelItemInfo@CPluginAnsi@@UEAA_NAEBUCEPanelInfo@@_N_JAEAU_WIN32_FIND_DATAW@@PEAPEA_W@Z 000000018000a380 f   ConEmuPluginA.obj
 0001:000094a0       ?GetPluginInfoPtr@CPluginAnsi@@UEAAXPEAX@Z 000000018000a4a0 f   ConEmuPluginA.obj
 0001:0000952c       ?GetWindowCount@CPluginAnsi@@UEAAHXZ 000000018000a52c f   ConEmuPluginA.obj
 0001:00009558       ?GuiMacroDlg@CPluginAnsi@@UEAAXXZ 000000018000a558 f   ConEmuPluginA.obj
 0001:00009560       ?InputBox@CPluginAnsi@@UEAA_NPEB_W000AEAPEA_W@Z 000000018000a560 f   ConEmuPluginA.obj
 0001:000096c0       ?IsMacroActive@CPluginAnsi@@UEAA_NXZ 000000018000a6c0 f   ConEmuPluginA.obj
 0001:00009734       ?LoadFarColors@CPluginAnsi@@UEAAXAEAY0BAA@E@Z 000000018000a734 f   ConEmuPluginA.obj
 0001:000097f4       ?LoadFarSettings@CPluginAnsi@@UEAAXPEAUCEFarInterfaceSettings@@PEAUCEFarPanelSettings@@@Z 000000018000a7f4 f   ConEmuPluginA.obj
 0001:00009854       ?OpenEditor@CPluginAnsi@@UEAA_NPEB_W_N11HH@Z 000000018000a854 f   ConEmuPluginA.obj
 0001:00009990       ?PanelControlApi@CPluginAnsi@@UEAA_JPEAXH_J0@Z 000000018000a990 f   ConEmuPluginA.obj
 0001:000099cc       ?PostMacroApi@CPluginAnsi@@UEAAXPEB_WPEAU_INPUT_RECORD@@_N@Z 000000018000a9cc f   ConEmuPluginA.obj
 0001:00009a90       ?RedrawAll@CPluginAnsi@@UEAAXXZ 000000018000aa90 f   ConEmuPluginA.obj
 0001:00009ac4       ?SetStartupInfoPtr@CPluginAnsi@@UEAAXPEAX@Z 000000018000aac4 f   ConEmuPluginA.obj
 0001:00009c08       ?SetWindow@CPluginAnsi@@UEAAXH@Z 000000018000ac08 f   ConEmuPluginA.obj
 0001:00009c5c       ?ShowMessage@CPluginAnsi@@UEAAHPEB_WH_N@Z 000000018000ac5c f   ConEmuPluginA.obj
 0001:00009d38       ?ShowPluginMenu@CPluginAnsi@@UEAAHPEAUConEmuPluginMenuItem@@HH@Z 000000018000ad38 f   ConEmuPluginA.obj
 0001:00009ed4       ?ShowUserScreen@CPluginAnsi@@UEAAX_N@Z 000000018000aed4 f   ConEmuPluginA.obj
 0001:00009f00       ?UpdateConEmuTabsApi@CPluginAnsi@@UEAA_NH@Z 000000018000af00 f   ConEmuPluginA.obj
 0001:0000a1bc       ??$swprintf_c@$0BAE@@@YAHAEAY0BAE@_WPEB_WZZ 000000018000b1bc f i ConEmuPluginBase.obj
 0001:0000a1e8       ??$swprintf_c@$0DAM@@@YAHAEAY0DAM@_WPEB_WZZ 000000018000b1e8 f i ConEmuPluginBase.obj
 0001:0000a214       ??$swprintf_c@$0EAA@@@YAHAEAY0EAA@_WPEB_WZZ 000000018000b214 f i ConEmuPluginBase.obj
 0001:0000a240       ??$swprintf_c@$0MI@@@YAHAEAY0MI@_WPEB_WZZ 000000018000b240 f i ConEmuPluginBase.obj
 0001:0000a26c       ??$wcscpy_c@$0BBE@@@YAHAEAY0BBE@_WPEB_W@Z 000000018000b26c f i ConEmuPluginBase.obj
 0001:0000a2b8       ??$wcscpy_c@$0CAI@@@YAHAEAY0CAI@_WPEB_W@Z 000000018000b2b8 f i ConEmuPluginBase.obj
 0001:0000a304       ??0CPluginBase@@QEAA@XZ    000000018000b304 f   ConEmuPluginBase.obj
 0001:0000a420       ??0MWow64Disable@@QEAA@XZ  000000018000b420 f i ConEmuPluginBase.obj
 0001:0000a494       ??1?$MFileMapping@UConEmuGuiMapping@@@@QEAA@XZ 000000018000b494 f i common-user64:ConEmuCheckEx.obj
 0001:0000a494       ??1?$MFileMapping@UCESERVER_CONSOLE_MAPPING_HDR@@@@QEAA@XZ 000000018000b494 f i ConEmuPluginBase.obj
 0001:0000a494       ??1?$MFileMapping@UPanelViewSetMapping@@@@QEAA@XZ 000000018000b494 f i PluginBackground.obj
 0001:0000a4a8       ??1CPluginBase@@UEAA@XZ    000000018000b4a8 f   ConEmuPluginBase.obj
 0001:0000a4b4       ??1MWow64Disable@@QEAA@XZ  000000018000b4b4 f i ConEmuPluginBase.obj
 0001:0000a4d8       ??_ECPluginBase@@UEAAPEAXI@Z 000000018000b4d8 f i ConEmuPluginBase.obj
 0001:0000a4d8       ??_GCPluginBase@@UEAAPEAXI@Z 000000018000b4d8 f i ConEmuPluginBase.obj
 0001:0000a504       ?ActivatePlugin@CPluginBase@@QEAA_NKPEAXK@Z 000000018000b504 f   ConEmuPluginBase.obj
 0001:0000a6c0       ?AddTab@CPluginBase@@QEAA_NAEAHH_N1HPEB_W2HHHH@Z 000000018000b6c0 f   ConEmuPluginBase.obj
 0001:0000aa24       ?AddTabFinish@CPluginBase@@QEAAXH@Z 000000018000ba24 f   ConEmuPluginBase.obj
 0001:0000aa30       ?Attach2Gui@CPluginBase@@QEAA_N_N@Z 000000018000ba30 f   ConEmuPluginBase.obj
 0001:0000ae58       ?BackgroundMacroError@CPluginBase@@SAKPEAX@Z 000000018000be58 f   ConEmuPluginBase.obj
 0001:0000ae80       ?CheckBufferEnabled@CPluginBase@@QEAA_NXZ 000000018000be80 f   ConEmuPluginBase.obj
 0001:0000aee4       ?CheckConEmuDetached@CPluginBase@@SAXXZ 000000018000bee4 f   ConEmuPluginBase.obj
 0001:0000b0d4       ?CheckResources@CPluginBase@@QEAAX_N@Z 000000018000c0d4 f   ConEmuPluginBase.obj
 0001:0000b2b4       ?CloseMap@?$MFileMapping@UPanelViewSetMapping@@@@QEAAXXZ 000000018000c2b4 f i PluginBackground.obj
 0001:0000b2b4       ?CloseMap@?$MFileMapping@UCESERVER_CONSOLE_MAPPING_HDR@@@@QEAAXXZ 000000018000c2b4 f i ConEmuPluginBase.obj
 0001:0000b2b4       ?CloseMap@?$MFileMapping@UConEmuGuiMapping@@@@QEAAXXZ 000000018000c2b4 f i common-kernel64:ConEmuCheck.obj
 0001:0000b318       ?CloseMapHeader@CPluginBase@@SAXXZ 000000018000c318 f   ConEmuPluginBase.obj
 0001:0000b33c       ?CloseTabs@CPluginBase@@SAXXZ 000000018000c33c f   ConEmuPluginBase.obj
 0001:0000b3dc       ?CommonPluginStartup@CPluginBase@@QEAAXXZ 000000018000c3dc f   ConEmuPluginBase.obj
 0001:0000b4e8       ?CreateTabs@CPluginBase@@SA_NH@Z 000000018000c4e8 f   ConEmuPluginBase.obj
 0001:0000b5a8       ?DllCheckUnique@CPluginBase@@KA_N_N@Z 000000018000c5a8 f   ConEmuPluginBase.obj
 0001:0000b7e4       ?DllMain_ProcessAttach@CPluginBase@@KAXPEAUHINSTANCE__@@@Z 000000018000c7e4 f   ConEmuPluginBase.obj
 0001:0000b8cc       ?DllMain_ProcessDetach@CPluginBase@@KAXXZ 000000018000c8cc f   ConEmuPluginBase.obj
 0001:0000b9b4       ?EditViewConsoleOutput@CPluginBase@@QEAAX_N@Z 000000018000c9b4 f   ConEmuPluginBase.obj
 0001:0000ba80       ?EmergencyShow@CPluginBase@@KAXXZ 000000018000ca80 f   ConEmuPluginBase.obj
 0001:0000badc       ?ExecuteSynchro@CPluginBase@@QEAAXXZ 000000018000cadc f   ConEmuPluginBase.obj
 0001:0000bb5c       ?ExitFarCommon@CPluginBase@@QEAAX_N@Z 000000018000cb5c f   ConEmuPluginBase.obj
 0001:0000bb88       ?FarSetConsoleSize@CPluginBase@@SA_NFF@Z 000000018000cb88 f   ConEmuPluginBase.obj
 0001:0000bc94       ?FillLoadedParm@CPluginBase@@SAXPEAUConEmuLoadedArg@@PEAUHINSTANCE__@@H@Z 000000018000cc94 f   ConEmuPluginBase.obj
 0001:0000bd6c       ?FillUpdateBackground@CPluginBase@@QEAAXPEAUPaintBackgroundArg@@@Z 000000018000cd6c f   ConEmuPluginBase.obj
 0001:0000bee8       ?FindServerCmd@CPluginBase@@QEAA_NKAEAK_N@Z 000000018000cee8 f   ConEmuPluginBase.obj
 0001:0000bfe4       ?GetMainThreadId@CPluginBase@@SAKXZ 000000018000cfe4 f   ConEmuPluginBase.obj
 0001:0000c094       ?GetPanelInfo@CPluginBase@@QEAA_NKPEAUBkPanelInfo@@@Z 000000018000d094 f   ConEmuPluginBase.obj
 0001:0000c138       ?InitHWND@CPluginBase@@SAXXZ 000000018000d138 f   ConEmuPluginBase.obj
 0001:0000c3c8       ?InitResources@CPluginBase@@QEAAXXZ 000000018000d3c8 f   ConEmuPluginBase.obj
 0001:0000c5ec       ?InitRootRegKey@CPluginBase@@IEAAXXZ 000000018000d5ec f   ConEmuPluginBase.obj
 0001:0000c6ec       ?InternalOpenCreate@?$MFileMapping@UConEmuGuiMapping@@@@IEAAPEAUConEmuGuiMapping@@_N0H@Z 000000018000d6ec f i common-kernel64:ConEmuCheck.obj
 0001:0000c6ec       ?InternalOpenCreate@?$MFileMapping@UPanelViewSetMapping@@@@IEAAPEAUPanelViewSetMapping@@_N0H@Z 000000018000d6ec f i PluginBackground.obj
 0001:0000c6ec       ?InternalOpenCreate@?$MFileMapping@UCESERVER_CONSOLE_MAPPING_HDR@@@@IEAAPEAUCESERVER_CONSOLE_MAPPING_HDR@@_N0H@Z 000000018000d6ec f i ConEmuPluginBase.obj
 0001:0000c9a0       ?IsCurrentTabModal@CPluginBase@@QEAA_NXZ 000000018000d9a0 f   ConEmuPluginBase.obj
 0001:0000cb5c       ?LoadFarVersion@CPluginBase@@SA_NXZ 000000018000db5c f   ConEmuPluginBase.obj
 0001:0000ce04       ?LoadPanelTabsFromRegistry@CPluginBase@@IEAAXXZ 000000018000de04 f   ConEmuPluginBase.obj
 0001:0000cf30       ?MonitorThreadProcW@CPluginBase@@SAKPEAX@Z 000000018000df30 f   ConEmuPluginBase.obj
 0001:0000d334       ?NotifyConEmuUnloaded@CPluginBase@@SAXXZ 000000018000e334 f   ConEmuPluginBase.obj
 0001:0000d458       ?OnConsoleDetaching@CPluginBase@@SAHPEAUHookCallbackArg@@@Z 000000018000e458 f   ConEmuPluginBase.obj
 0001:0000d59c       ?OnConsolePeekInput@CPluginBase@@SAHPEAUHookCallbackArg@@@Z 000000018000e59c f   ConEmuPluginBase.obj
 0001:0000d604       ?OnConsolePeekInputPost@CPluginBase@@SAHPEAUHookCallbackArg@@@Z 000000018000e604 f   ConEmuPluginBase.obj
 0001:0000d634       ?OnConsolePeekReadInput@CPluginBase@@SAX_N@Z 000000018000e634 f   ConEmuPluginBase.obj
 0001:0000d828       ?OnConsoleReadInput@CPluginBase@@SAHPEAUHookCallbackArg@@@Z 000000018000e828 f   ConEmuPluginBase.obj
 0001:0000d830       ?OnConsoleReadInputPost@CPluginBase@@SAHPEAUHookCallbackArg@@@Z 000000018000e830 f   ConEmuPluginBase.obj
 0001:0000d9e0       ?OnConsoleReadInputWork@CPluginBase@@SAHPEAUHookCallbackArg@@@Z 000000018000e9e0 f   ConEmuPluginBase.obj
 0001:0000da54       ?OnConsoleWasAttached@CPluginBase@@SAHPEAUHookCallbackArg@@@Z 000000018000ea54 f   ConEmuPluginBase.obj
 0001:0000dabc       ?OnCurDirChanged@CPluginBase@@SAXXZ 000000018000eabc f   ConEmuPluginBase.obj
 0001:0000db18       ?OnGetNumberOfConsoleInputEventsPost@CPluginBase@@SAHPEAUHookCallbackArg@@@Z 000000018000eb18 f   ConEmuPluginBase.obj
 0001:0000db4c       ?OnLibraryLoaded@CPluginBase@@SAXPEAUHINSTANCE__@@@Z 000000018000eb4c f   ConEmuPluginBase.obj
 0001:0000dbec       ?OnMainThreadActivated@CPluginBase@@QEAAXXZ 000000018000ebec f   ConEmuPluginBase.obj
 0001:0000dd90       ?OnPanelViewCallbacks@CPluginBase@@SA_NPEAUHookCallbackArg@@P6AHPEAXPEAU_INPUT_RECORD@@KPEAKPEAH@Z5@Z 000000018000ed90 f   ConEmuPluginBase.obj
 0001:0000de68       ?OnPostWriteConsoleOutput@CPluginBase@@SAHPEAUHookCallbackArg@@@Z 000000018000ee68 f   ConEmuPluginBase.obj
 0001:0000de74       ?OnShellExecuteExW_Except@CPluginBase@@SAHPEAUHookCallbackArg@@@Z 000000018000ee74 f   ConEmuPluginBase.obj
 0001:0000deb4       ?OnWriteConsoleOutput@CPluginBase@@SAHPEAUHookCallbackArg@@@Z 000000018000eeb4 f   ConEmuPluginBase.obj
 0001:0000df88       ?OpenMapHeader@CPluginBase@@SAHXZ 000000018000ef88 f   ConEmuPluginBase.obj
 0001:0000e144       ?OpenPluginCommon@CPluginBase@@QEAAPEAXH_J_N@Z 000000018000f144 f   ConEmuPluginBase.obj
 0001:0000e42c       ?OutDataAlloc@CPluginBase@@SA_NK@Z 000000018000f42c f   ConEmuPluginBase.obj
 0001:0000e48c       ?OutDataRealloc@CPluginBase@@SA_NK@Z 000000018000f48c f   ConEmuPluginBase.obj
 0001:0000e554       ?OutDataWrite@CPluginBase@@SA_NPEAXK@Z 000000018000f554 f   ConEmuPluginBase.obj
 0001:0000e5f4       ?PanelControl@CPluginBase@@QEAA_JPEAXH_J0@Z 000000018000f5f4 f   ConEmuPluginBase.obj
 0001:0000e68c       ?Plugin@@YAPEAVCPluginBase@@XZ 000000018000f68c f   ConEmuPluginBase.obj
 0001:0000e764       ?PrintText@CPluginBase@@QEAA_NPEB_W@Z 000000018000f764 f   ConEmuPluginBase.obj
 0001:0000e880       ?ProcessCommand@CPluginBase@@QEAA_NKHPEAXPEAPEAUCESERVER_REQ@@_N@Z 000000018000f880 f   ConEmuPluginBase.obj
 0001:0000ed20       ?ProcessCommandLine@CPluginBase@@QEAA_NPEA_W@Z 000000018000fd20 f   ConEmuPluginBase.obj
 0001:0000ed6c       ?ProcessDragFrom@CPluginBase@@QEAAXXZ 000000018000fd6c f   ConEmuPluginBase.obj
 0001:0000f1f0       ?ProcessDragTo@CPluginBase@@QEAAXXZ 00000001800101f0 f   ConEmuPluginBase.obj
 0001:0000f500       ?ProcessEditorInputInternal@CPluginBase@@QEAAXAEBU_INPUT_RECORD@@@Z 0000000180010500 f   ConEmuPluginBase.obj
 0001:0000f52c       ?ProcessEditorViewerEvent@CPluginBase@@QEAAHHH@Z 000000018001052c f   ConEmuPluginBase.obj
 0001:0000f5e0       ?ProcessSetWindowCommand@CPluginBase@@QEAAXXZ 00000001800105e0 f   ConEmuPluginBase.obj
 0001:0000f708       ?ProcessSynchroEvent@CPluginBase@@QEAAHHPEAX@Z 0000000180010708 f   ConEmuPluginBase.obj
 0001:0000f78c       ?ReloadFarInfo@CPluginBase@@QEAA_N_N@Z 000000018001078c f   ConEmuPluginBase.obj
 0001:0000fa08       ?ReloadFarInfoApi@CPluginBase@@IEAA_NXZ 0000000180010a08 f   ConEmuPluginBase.obj
 0001:0000fbdc       ?RunExternalProgram@CPluginBase@@QEAA_NPEA_W@Z 0000000180010bdc f   ConEmuPluginBase.obj
 0001:0000fd6c       ?RunExternalProgramW@CPluginBase@@SA_NPEA_W0_N@Z 0000000180010d6c f   ConEmuPluginBase.obj
 0001:0000ffd0       ?SendTabs@CPluginBase@@SAXH_N@Z 0000000180010fd0 f   ConEmuPluginBase.obj
 0001:0001018c       ?SetRootRegKey@CPluginBase@@IEAAXPEA_W@Z 000000018001118c f   ConEmuPluginBase.obj
 0001:00010228       ?ShowConsoleInfo@CPluginBase@@QEAAXXZ 0000000180011228 f   ConEmuPluginBase.obj
 0001:0001042c       ?ShowMessage@CPluginBase@@QEAAHHH@Z 000000018001142c f   ConEmuPluginBase.obj
 0001:000104a8       ?ShowMessageBox@CPluginBase@@KAHPEB_WI@Z 00000001800114a8 f   ConEmuPluginBase.obj
 0001:0001058c       ?ShowMessageGui@CPluginBase@@QEAAHHH@Z 000000018001158c f   ConEmuPluginBase.obj
 0001:00010614       ?ShowPanelsList@CPluginBase@@QEAAXXZ 0000000180011614 f   ConEmuPluginBase.obj
 0001:00010760       ?ShowPluginMenu@CPluginBase@@QEAAXW4PluginCallCommands@@@Z 0000000180011760 f   ConEmuPluginBase.obj
 0001:00010968       ?ShowProtocolWarning@CPluginBase@@KAXXZ 0000000180011968 f   ConEmuPluginBase.obj
 0001:00010ae0       ?ShowTabsList@CPluginBase@@QEAAXXZ 0000000180011ae0 f   ConEmuPluginBase.obj
 0001:00010d68       ?StartDebugger@CPluginBase@@QEAA_NXZ 0000000180011d68 f   ConEmuPluginBase.obj
 0001:0001101c       ?StopThread@CPluginBase@@QEAAX_N@Z 000000018001201c f   ConEmuPluginBase.obj
 0001:00011280       ?StorePanelDirs@CPluginBase@@QEAA_NPEB_W0@Z 0000000180012280 f   ConEmuPluginBase.obj
 0001:000113f0       ?StringCchCatW@@YAJPEA_W_KPEB_W@Z 00000001800123f0 f i ConEmuPluginBase.obj
 0001:000114ac       ?StringCchCopyW@@YAJPEA_W_KPEB_W@Z 00000001800124ac f i ConEmuPluginBase.obj
 0001:00011518       ?SwitchTabCommand@CPluginBase@@QEAAXW4PluginMenuCommands@@@Z 0000000180012518 f   ConEmuPluginBase.obj
 0001:0001159c       ?ToOem@CPluginBase@@SAPEADPEB_W@Z 000000018001259c f   ConEmuPluginBase.obj
 0001:000115f8       ?ToOem@CPluginBase@@SAXPEB_WPEAD_J@Z 00000001800125f8 f   ConEmuPluginBase.obj
 0001:00011638       ?ToUnicode@CPluginBase@@SAPEA_WPEBD@Z 0000000180012638 f   ConEmuPluginBase.obj
 0001:000116b8       ?TouchReadPeekConsoleInputs@CPluginBase@@SAXH@Z 00000001800126b8 f   ConEmuPluginBase.obj
 0001:00011704       ?UngetDummyMouseEvent@CPluginBase@@SA_N_NPEAUHookCallbackArg@@@Z 0000000180012704 f   ConEmuPluginBase.obj
 0001:000118b0       ?UpdateConEmuTabs@CPluginBase@@QEAA_N_N@Z 00000001800128b0 f   ConEmuPluginBase.obj
 0001:00011b30       ?UpdatePanelDirs@CPluginBase@@QEAAXXZ 0000000180012b30 f   ConEmuPluginBase.obj
 0001:00011d00       ?WaitPluginActivation@CPluginBase@@SAKKPEAPEAXHK@Z 0000000180012d00 f   ConEmuPluginBase.obj
 0001:00011e08       ?cmd_CloseQSearch@CPluginBase@@QEAAXXZ 0000000180012e08 f   ConEmuPluginBase.obj
 0001:00011e40       ?cmd_ConSetFont@CPluginBase@@QEAAXPEAX@Z 0000000180012e40 f   ConEmuPluginBase.obj
 0001:00011e94       ?cmd_EMenu@CPluginBase@@QEAAXPEAX@Z 0000000180012e94 f   ConEmuPluginBase.obj
 0001:00011fb0       ?cmd_ExternalCallback@CPluginBase@@QEAA_NPEAX@Z 0000000180012fb0 f   ConEmuPluginBase.obj
 0001:00012014       ?cmd_GuiChanged@CPluginBase@@QEAAXPEAX@Z 0000000180013014 f   ConEmuPluginBase.obj
 0001:000120a0       ?cmd_LeftClickSync@CPluginBase@@QEAAXPEAX@Z 00000001800130a0 f   ConEmuPluginBase.obj
 0001:0001218c       ?cmd_OpenEditorLine@CPluginBase@@QEAA_NPEAUCESERVER_REQ_FAREDITOR@@@Z 000000018001318c f   ConEmuPluginBase.obj
 0001:00012258       ?cmd_RedrawFarCall@CPluginBase@@QEAA_NAEAPEAUCESERVER_REQ@@PEAPEAU2@@Z 0000000180013258 f   ConEmuPluginBase.obj
 0001:0001232c       ?cmd_SetWindow@CPluginBase@@QEAA_NPEAX_N@Z 000000018001332c f   ConEmuPluginBase.obj
 0001:000123b8       ?isMacroActive@CPluginBase@@QEAA_NAEAH@Z 00000001800133b8 f   ConEmuPluginBase.obj
 0001:000123f4       ?isModalEditorViewer@CPluginBase@@QEAA_NXZ 00000001800133f4 f   ConEmuPluginBase.obj
 0001:00012420       ?pcc_Disabled@CPluginBase@@SA_NW4PluginMenuCommands@@@Z 0000000180013420 f   ConEmuPluginBase.obj
 0001:000124a0       ?pcc_Selected@CPluginBase@@SA_NW4PluginMenuCommands@@@Z 00000001800134a0 f   ConEmuPluginBase.obj
 0001:000124fc       ??0CPluginBackground@@QEAA@XZ 00000001800134fc f   PluginBackground.obj
 0001:000126b4       ??1CPluginBackground@@QEAA@XZ 00000001800136b4 f   PluginBackground.obj
 0001:0001281c       ?CheckPanelFolders@CPluginBackground@@IEAAXH@Z 000000018001381c f   PluginBackground.obj
 0001:000128ec       ?GetTo@?$MFileMapping@UPanelViewSetMapping@@@@QEAA_NPEAUPanelViewSetMapping@@H@Z 00000001800138ec f i PluginBackground.obj
 0001:000129bc       ?IsParmChanged@CPluginBackground@@IEAA_NPEAUPaintBackgroundArg@@0@Z 00000001800139bc f   PluginBackground.obj
 0001:00012c34       ?LoadThSet@CPluginBackground@@IEAAHH@Z 0000000180013c34 f   PluginBackground.obj
 0001:00012fa8       ?MonitorBackground@CPluginBackground@@QEAAXXZ 0000000180013fa8 f   PluginBackground.obj
 0001:00013010       ?OnMainThreadActivated@CPluginBackground@@QEAAXHH@Z 0000000180014010 f   PluginBackground.obj
 0001:000130d4       ?ReallocItems@CPluginBackground@@IEAAXH@Z 00000001800140d4 f   PluginBackground.obj
 0001:0001313c       ?RegisterSubplugin@CPluginBackground@@QEAAHPEAURegisterBackgroundArg@@@Z 000000018001413c f   PluginBackground.obj
 0001:000133c8       ?SetDcPanelRect@CPluginBackground@@IEAAXPEAUtagRECT@@PEAUBkPanelInfo@@PEAUPaintBackgroundArg@@@Z 00000001800143c8 f   PluginBackground.obj
 0001:0001349c       ?SetForceThLoad@CPluginBackground@@QEAAXXZ 000000018001449c f   PluginBackground.obj
 0001:000134b4       ?SetForceUpdate@CPluginBackground@@QEAAX_N@Z 00000001800144b4 f   PluginBackground.obj
 0001:000134d4       ?UpdateBackground@CPluginBackground@@IEAAXXZ 00000001800144d4 f   PluginBackground.obj
 0001:00013d48       ?UpdateBackground_Exec@CPluginBackground@@KAXPEAURegisterBackgroundArg@@PEAUPaintBackgroundArg@@@Z 0000000180014d48 f   PluginBackground.obj
 0001:00013d8c       ??$swprintf_c@$09@@YAHAEAY09_WPEB_WZZ 0000000180014d8c f i PluginSrv.obj
 0001:00013db8       ??$wcscpy_c@$0BAE@@@YAHAEAY0BAE@_WPEB_W@Z 0000000180014db8 f i PluginSrv.obj
 0001:00013e04       ?DumpError@?$PipeServer@UCESERVER_REQ@@@@IEAAXPEAUPipeInst@1@PEB_WH@Z 0000000180014e04 f i PluginSrv.obj
 0001:00013f18       ?PipeServerRead@?$PipeServer@UCESERVER_REQ@@@@IEAAHPEAUPipeInst@1@@Z 0000000180014f18 f i PluginSrv.obj
 0001:000141a8       ?PipeServerThread@?$PipeServer@UCESERVER_REQ@@@@IEAAKPEAUPipeInst@1@@Z 00000001800151a8 f i PluginSrv.obj
 0001:00014478       ?PipeServerWrite@?$PipeServer@UCESERVER_REQ@@@@IEAAHPEAUPipeInst@1@PEBXKPEAKH@Z 0000000180015478 f i PluginSrv.obj
 0001:000145a4       ?PlugServerCommand@@YAHPEAXPEAUCESERVER_REQ@@AEAPEAU1@AEAK3_J@Z 00000001800155a4 f   PluginSrv.obj
 0001:00014ab0       ?PlugServerFree@@YAXPEAUCESERVER_REQ@@_J@Z 0000000180015ab0 f   PluginSrv.obj
 0001:00014ac8       ?PlugServerStart@@YA_NXZ   0000000180015ac8 f   PluginSrv.obj
 0001:00014bdc       ?PlugServerStop@@YAX_N@Z   0000000180015bdc f   PluginSrv.obj
 0001:00014c24       ?StartPipeInstance@?$PipeServer@UCESERVER_REQ@@@@IEAA_NPEAUPipeInst@1@@Z 0000000180015c24 f i PluginSrv.obj
 0001:00014db4       ?StartPipeServer@?$PipeServer@UCESERVER_REQ@@@@QEAA_N_NPEB_W_JPEAU_SECURITY_ATTRIBUTES@@P6AHPEAXPEAUCESERVER_REQ@@AEAPEAU3@AEAK72@ZP6AX52@ZP6AH42@ZP6AH42@ZP6AH42@Z@Z 0000000180015db4 f i PluginSrv.obj
 0001:00014f38       ?StopPipeServer@?$PipeServer@UCESERVER_REQ@@@@QEAAX_NAEA_N@Z 0000000180015f38 f i PluginSrv.obj
 0001:000152c0       ?WaitForClient@?$PipeServer@UCESERVER_REQ@@@@IEAA_NPEAUPipeInst@1@AEAH1@Z 00000001800162c0 f i PluginSrv.obj
 0001:000155d8       ?WaitOverlapped@?$PipeServer@UCESERVER_REQ@@@@IEAAHPEAUPipeInst@1@PEAK@Z 00000001800165d8 f i PluginSrv.obj
 0001:000157ac       ?WriteDummyAnswer@?$PipeServer@UCESERVER_REQ@@@@IEAAHPEAUPipeInst@1@@Z 00000001800167ac f i PluginSrv.obj
 0001:0001582c       ?_PipeServerThread@?$PipeServer@UCESERVER_REQ@@@@KAKPEAX@Z 000000018001682c f i PluginSrv.obj
 0001:00015888       ?cmd_FarSetChanged@@YAXPEAUFAR_REQ_FARSETCHANGED@@@Z 0000000180016888 f   PluginSrv.obj
 0001:000158e2       GetFileVersionInfoSizeW    00000001800168e2 f   version:VERSION.dll
 0001:000158e8       GetFileVersionInfoW        00000001800168e8 f   version:VERSION.dll
 0001:000158ee       VerQueryValueW             00000001800168ee f   version:VERSION.dll
 0001:000158f4       CreateToolhelp32Snapshot   00000001800168f4 f   kernel32:KERNEL32.dll
 0001:000158fa       Thread32First              00000001800168fa f   kernel32:KERNEL32.dll
 0001:00015900       Thread32Next               0000000180016900 f   kernel32:KERNEL32.dll
 0001:00015906       Module32FirstW             0000000180016906 f   kernel32:KERNEL32.dll
 0001:0001590c       Module32NextW              000000018001690c f   kernel32:KERNEL32.dll
 0001:00015914       ??2@YAPEAX_K@Z             0000000180016914 f   common-kernel64:Memory.obj
 0001:0001593c       ??3@YAXPEAX@Z              000000018001693c f   common-kernel64:Memory.obj
 0001:0001593c       ??_V@YAXPEAX@Z             000000018001693c f   common-kernel64:Memory.obj
 0001:00015944       ??_U@YAPEAX_K@Z            0000000180016944 f   common-kernel64:Memory.obj
 0001:0001594c       ?HeapDeinitialize@@YAXXZ   000000018001694c f   common-kernel64:Memory.obj
 0001:000159b0       ?HeapInitialize@@YA_NXZ    00000001800169b0 f   common-kernel64:Memory.obj
 0001:000159ec       ?xf_calloc@@YAPEAX_K0@Z    00000001800169ec f   common-kernel64:Memory.obj
 0001:00015a1c       ?xf_free@@YAXPEAX@Z        0000000180016a1c f   common-kernel64:Memory.obj
 0001:00015a94       ?xf_malloc@@YAPEAX_K@Z     0000000180016a94 f   common-kernel64:Memory.obj
 0001:00015abc       ?xf_realloc@@YAPEAXPEAX_K@Z 0000000180016abc f   common-kernel64:Memory.obj
 0001:00015ae4       ??$wcscpy_c@$0CA@@@YAHAEAY0CA@_WPEB_W@Z 0000000180016ae4 f i common-kernel64:ConEmuCheck.obj
 0001:00015b30       ?ExecuteCmd@@YAPEAUCESERVER_REQ@@PEB_WPEAU1@KPEAUHWND__@@HKH@Z 0000000180016b30 f   common-kernel64:ConEmuCheck.obj
 0001:00015d18       ?ExecuteFreeResult@@YAXAEAPEAUCESERVER_REQ@@@Z 0000000180016d18 f   common-kernel64:ConEmuCheck.obj
 0001:00015d38       ?ExecuteGuiCmd@@YAPEAUCESERVER_REQ@@PEAUHWND__@@PEAU1@0H@Z 0000000180016d38 f   common-kernel64:ConEmuCheck.obj
 0001:00015df8       ?ExecuteNewCmd@@YAPEAUCESERVER_REQ@@K_K@Z 0000000180016df8 f   common-kernel64:ConEmuCheck.obj
 0001:00015e5c       ?ExecuteNewCmd@@YA_NAEAPEAUCESERVER_REQ@@AEAKK_K@Z 0000000180016e5c f   common-kernel64:ConEmuCheck.obj
 0001:00015f50       ?ExecuteOpenPipe@@YAPEAXPEB_WAEAY0CAI@_W0KKHPEAXH@Z 0000000180016f50 f   common-kernel64:ConEmuCheck.obj
 0001:00016100       ?ExecutePrepareCmd@@YAXPEAUCESERVER_REQ@@K_K@Z 0000000180017100 f   common-kernel64:ConEmuCheck.obj
 0001:0001613c       ?ExecutePrepareCmd@@YAXPEAUCESERVER_REQ_HDR@@K_K@Z 000000018001713c f   common-kernel64:ConEmuCheck.obj
 0001:000161ac       ?ExecuteSrvCmd@@YAPEAUCESERVER_REQ@@KPEAU1@PEAUHWND__@@HKH@Z 00000001800171ac f   common-kernel64:ConEmuCheck.obj
 0001:00016280       ?GetConEmuHWND@@YAPEAUHWND__@@W4ConEmuWndType@@@Z 0000000180017280 f   common-kernel64:ConEmuCheck.obj
 0001:00016328       ?GetConEmuWindows@@YA?AUConEmuWindows@@PEAUHWND__@@@Z 0000000180017328 f   common-kernel64:ConEmuCheck.obj
 0001:00016444       ?GetConEmuWindowsFromEnv@@YA?AUConEmuWindows@@XZ 0000000180017444 f   common-kernel64:ConEmuCheck.obj
 0001:000165d4       ?GuiMessageBox@@YAHPEAUHWND__@@PEB_W1H@Z 00000001800175d4 f   common-kernel64:ConEmuCheck.obj
 0001:0001673c       ?IsConsoleClass@@YA_NPEB_W@Z 000000018001773c f   common-kernel64:ConEmuCheck.obj
 0001:0001678c       ?IsConsoleWindow@@YA_NPEAUHWND__@@@Z 000000018001778c f   common-kernel64:ConEmuCheck.obj
 0001:0001687c       ?IsPseudoConsoleWindow@@YA_NPEAUHWND__@@@Z 000000018001787c f   common-kernel64:ConEmuCheck.obj
 0001:00016900       ?LoadGuiMapping@@YAHKAEAUConEmuGuiMapping@@@Z 0000000180017900 f   common-kernel64:ConEmuCheck.obj
 0001:00016ad0       ?LoadSrvMapping@@YAHPEAUHWND__@@AEAUCESERVER_CONSOLE_MAPPING_HDR@@@Z 0000000180017ad0 f   common-kernel64:ConEmuCheck.obj
 0001:00016ca0       ?ModuleName@@YAPEB_WPEB_W@Z 0000000180017ca0 f   common-kernel64:ConEmuCheck.obj
 0001:00016d60       ?myGetConsoleWindow@@YAPEAUHWND__@@XZ 0000000180017d60 f   common-kernel64:ConEmuCheck.obj
 0001:00016e3c       ?StringCchVPrintfA@@YAJPEAD_KPEBD0@Z 0000000180017e3c f i common-kernel64:MStrSafe.obj
 0001:00016ee4       ?lstrcmpni@@YAHPEB_W0H@Z   0000000180017ee4 f   common-kernel64:MStrSafe.obj
 0001:00017004       ?msprintf@@YAPEB_WPEA_W_KPEB_WZZ 0000000180018004 f   common-kernel64:MStrSafe.obj
 0001:00017024       ?mvsprintf@@YAPEB_WPEA_W_KPEB_WPEAD@Z 0000000180018024 f   common-kernel64:MStrSafe.obj
 0001:000174c4       ?sprintf_c@@YAHPEAD_JPEBDZZ 00000001800184c4 f   common-kernel64:MStrSafe.obj
 0001:00017504       ?swprintf_c@@YAHPEA_W_JPEB_WZZ 0000000180018504 f   common-kernel64:MStrSafe.obj
 0001:00017544       ?IsFilePath@@YA_NPEB_W_N@Z 0000000180018544 f   common-kernel64:CmdLine.obj
 0001:000176e4       ?PointToExt@@YAPEB_WPEB_W@Z 00000001800186e4 f   common-kernel64:CmdLine.obj
 0001:00017708       ?PointToName@@YAPEB_WPEB_W@Z 0000000180018708 f   common-kernel64:CmdLine.obj
 0001:00017764       ?Unquote@@YAPEB_WPEA_W_N@Z 0000000180018764 f   common-kernel64:CmdLine.obj
 0001:000177cc       ??$sprintf_c@$0CI@@@YAHAEAY0CI@DPEBDZZ 00000001800187cc f i common-kernel64:WThreads.obj
 0001:000177f8       ?SetThreadName@@YAXKPEAD@Z 00000001800187f8 f   common-kernel64:WThreads.obj
 0001:00017830       ?apiCreateThread@@YAPEAXP6AKPEAX@Z0PEAKPEBDH@Z 0000000180018830 f   common-kernel64:WThreads.obj
 0001:00017978       ?apiTerminateThreadEx@@YAHPEAXKPEBDH@Z 0000000180018978 f   common-kernel64:WThreads.obj
 0001:00017a80       ?apiThreadHelper@@YAKPEAX@Z 0000000180018a80 f   common-kernel64:WThreads.obj
 0001:00017c8c       ?lstrdup@@YAPEA_WPEB_W_K@Z 0000000180018c8c f   common-kernel64:MStrDup.obj
 0001:00017d00       ?lstrmerge@@YAPEA_WPEB_W00000000@Z 0000000180018d00 f   common-kernel64:MStrDup.obj
 0001:00017e44       ?lstrmerge@@YA_NPEAPEA_WPEB_W1111111@Z 0000000180018e44 f   common-kernel64:MStrDup.obj
 0001:00017ebc       ??0CEStr@@QEAA@$$QEAPEA_W@Z 0000000180018ebc f   common-kernel64:CEStr.obj
 0001:00017edc       ??0CEStr@@QEAA@$$QEAU0@@Z  0000000180018edc f   common-kernel64:CEStr.obj
 0001:00017f04       ??0CEStr@@QEAA@PEB_W00000000@Z 0000000180018f04 f   common-kernel64:CEStr.obj
 0001:00017f9c       ??0CEStr@@QEAA@XZ          0000000180018f9c f   common-kernel64:CEStr.obj
 0001:00017fac       ??0bad_alloc@stdext@@QEAA@AEBV01@@Z 0000000180018fac f i common-kernel64:CEStr.obj
 0001:00017fcc       ??0bad_alloc@stdext@@QEAA@XZ 0000000180018fcc f i common-kernel64:CEStr.obj
 0001:00017fe8       ??0exception@stdext@@QEAA@AEBV01@@Z 0000000180018fe8 f i common-kernel64:CEStr.obj
 0001:00018000       ??1CEStr@@QEAA@XZ          0000000180019000 f   common-kernel64:CEStr.obj
 0001:00018008       ??1bad_alloc@stdext@@UEAA@XZ 0000000180019008 f i common-kernel64:CEStr.obj
 0001:00018014       ??4CEStr@@QEAAAEAU0@$$QEAU0@@Z 0000000180019014 f   common-kernel64:CEStr.obj
 0001:00018060       ??4CEStr@@QEAAAEAU0@PEB_W@Z 0000000180019060 f   common-kernel64:CEStr.obj
 0001:00018080       ??BCEStr@@QEBAPEB_WXZ      0000000180019080 f   common-kernel64:CEStr.obj
 0001:00018080       ?data@CEStr@@QEBAPEA_WXZ   0000000180019080 f   common-kernel64:CEStr.obj
 0001:00018084       ??BCEStr@@QEBA_NXZ         0000000180019084 f   common-kernel64:CEStr.obj
 0001:00018098       ??_Ebad_alloc@stdext@@UEAAPEAXI@Z 0000000180019098 f i common-kernel64:CEStr.obj
 0001:00018098       ??_Gbad_alloc@stdext@@UEAAPEAXI@Z 0000000180019098 f i common-kernel64:CEStr.obj
 0001:00018098       ??_Eexception@stdext@@UEAAPEAXI@Z 0000000180019098 f i common-kernel64:CEStr.obj
 0001:00018098       ??_Gexception@stdext@@UEAAPEAXI@Z 0000000180019098 f i common-kernel64:CEStr.obj
 0001:000180c4       ?AttachInt@CEStr@@AEAAPEB_WAEAPEA_W@Z 00000001800190c4 f   common-kernel64:CEStr.obj
 0001:00018144       ?Clear@CEStr@@QEAAXXZ      0000000180019144 f   common-kernel64:CEStr.obj
 0001:00018160       ?Compare@CEStr@@QEBAHPEB_W_N@Z 0000000180019160 f   common-kernel64:CEStr.obj
 0001:00018190       ?Detach@CEStr@@QEAAPEA_WXZ 0000000180019190 f   common-kernel64:CEStr.obj
 0001:000181a0       ?GetBuffer@CEStr@@QEAAPEA_W_J@Z 00000001800191a0 f   common-kernel64:CEStr.obj
 0001:0001826c       ?GetLen@CEStr@@QEBA_JXZ    000000018001926c f   common-kernel64:CEStr.obj
 0001:00018290       ?GetMaxCount@CEStr@@QEAA_JXZ 0000000180019290 f   common-kernel64:CEStr.obj
 0001:000182bc       ?Release@CEStr@@QEAAXXZ    00000001800192bc f   common-kernel64:CEStr.obj
 0001:000182e0       ?Set@CEStr@@QEAAPEB_WPEB_W_J@Z 00000001800192e0 f   common-kernel64:CEStr.obj
 0001:000183bc       ?SetAt@CEStr@@QEAA_W_J_W@Z 00000001800193bc f   common-kernel64:CEStr.obj
 0001:00018414       ?StringCchCopyNW@@YAJPEA_W_KPEB_W1@Z 0000000180019414 f i common-kernel64:CEStr.obj
 0001:00018488       ?_Doraise@bad_alloc@stdext@@MEBAXXZ 0000000180019488 f i common-kernel64:CEStr.obj
 0001:000184a4       ?c_str@CEStr@@QEBAPEB_WPEB_W@Z 00000001800194a4 f   common-kernel64:CEStr.obj
 0001:000184b0       ?what@exception@stdext@@UEBAPEBDXZ 00000001800194b0 f i common-kernel64:CEStr.obj
 0001:000184c4       ??0CEnvStrings@@QEAA@PEA_W@Z 00000001800194c4 f   common-kernel64:EnvVar.obj
 0001:00018518       ??1CEnvStrings@@QEAA@XZ    0000000180019518 f   common-kernel64:EnvVar.obj
 0001:0001853c       ?Clear@CEnvRestorer@@QEAAXXZ 000000018001953c f   common-kernel64:EnvVar.obj
 0001:00018560       ?ExpandEnvStr@@YA?AUCEStr@@PEB_W@Z 0000000180019560 f   common-kernel64:EnvVar.obj
 0001:00018718       ?GetEnvVar@@YA?AUCEStr@@PEB_W@Z 0000000180019718 f   common-kernel64:EnvVar.obj
 0001:00018830       ?SavePathVar@CEnvRestorer@@QEAAXPEB_W@Z 0000000180019830 f   common-kernel64:EnvVar.obj
 0001:00018864       ?CommonShutdown@@YAXXZ     0000000180019864 f   common-kernel64:Common.obj
 0001:00018874       ?IsEnvBlockVariableValid@@YA_NPEB_W@Z 0000000180019874 f   common-kernel64:Common.obj
 0001:000188a8       ?IsEnvBlockVariableValid@@YA_NPEB_WAEAPEB_W@Z 00000001800198a8 f   common-kernel64:Common.obj
 0001:000188fc       ?SetCommand@CESERVER_REQ_NEWCMD@@QEAAXPEB_W@Z 00000001800198fc f   common-kernel64:Common.obj
 0001:00018960       ?SetEnvStrings@CESERVER_REQ_NEWCMD@@QEAAXPEB_WK@Z 0000000180019960 f   common-kernel64:Common.obj
 0001:00018a78       ??_GMNullDesc@@QEAAPEAXI@Z 0000000180019a78 f i common-kernel64:MSecurity.obj
 0001:00018aec       ?LoadAdvApi@MNullDesc@@IEAAHXZ 0000000180019aec f i common-kernel64:MSecurity.obj
 0001:00018c14       ?LocalSecurity@@YAPEAU_SECURITY_ATTRIBUTES@@XZ 0000000180019c14 f   common-kernel64:MSecurity.obj
 0001:00018c6c       ?LocalSecurity@MNullDesc@@QEAAPEAU_SECURITY_ATTRIBUTES@@XZ 0000000180019c6c f i common-kernel64:MSecurity.obj
 0001:00018de8       ?ShutdownSecurity@@YAXXZ   0000000180019de8 f   common-kernel64:MSecurity.obj
 0001:00018e10       ??0MHandle@@QEAA@PEAXV?$function@$$A6AXPEAX@Z@std@@@Z 0000000180019e10 f i common-kernel64:WObjects.obj
 0001:00018e84       ??4?$function@$$A6AXPEAX@Z@std@@QEAAAEAV01@$$QEAV01@@Z 0000000180019e84 f i common-kernel64:WObjects.obj
 0001:00018efc       ?Close@MHandle@@QEAAXXZ    0000000180019efc f i common-kernel64:WObjects.obj
 0001:00018f60       ?FileExists@@YA_NPEB_WPEA_K@Z 0000000180019f60 f   common-kernel64:WObjects.obj
 0001:000191fc       ?IsWin6@@YA_NXZ            000000018001a1fc f   common-kernel64:WObjects.obj
 0001:00019230       ?IsWin7@@YA_NXZ            000000018001a230 f   common-kernel64:WObjects.obj
 0001:00019264       ?IsWinVerOrHigher@@YA_NG@Z 000000018001a264 f   common-kernel64:WObjects.obj
 0001:0001937c       ?IsWindows64@@YA_NXZ       000000018001a37c f   common-kernel64:WObjects.obj
 0001:000193a0       ?SetHandle@MHandle@@QEAA_NPEAXV?$function@$$A6AXPEAX@Z@std@@@Z 000000018001a3a0 f i common-kernel64:WObjects.obj
 0001:0001940c       ?_Move@?$_Func_impl_no_alloc@P6AHPEAX@ZXPEAX@std@@EEAAPEAV?$_Func_base@XPEAX@2@PEAX@Z 000000018001a40c f i common-kernel64:WObjects.obj
 0001:0001940c       ?_Copy@?$_Func_impl_no_alloc@P6AHPEAX@ZXPEAX@std@@EEBAPEAV?$_Func_base@XPEAX@2@PEAX@Z 000000018001a40c f i common-kernel64:WObjects.obj
 0001:00019424       ?_Delete_this@?$_Func_impl_no_alloc@P6AHPEAX@ZXPEAX@std@@EEAAX_N@Z 000000018001a424 f i common-kernel64:WObjects.obj
 0001:00019424       ?_Delete_this@?$_Func_impl_no_alloc@V<lambda_217d18733db987cb8fc0adfd68028951>@@_NAEBUtagPROCESSENTRY32W@@@std@@EEAAX_N@Z 000000018001a424 f i common-kernel64:MProcess.obj
 0001:0001943c       ?_Do_call@?$_Func_impl_no_alloc@P6AHPEAX@ZXPEAX@std@@EEAAX$$QEAPEAX@Z 000000018001a43c f i common-kernel64:WObjects.obj
 0001:00019448       ?_Get@?$_Func_impl_no_alloc@V<lambda_217d18733db987cb8fc0adfd68028951>@@_NAEBUtagPROCESSENTRY32W@@@std@@EEBAPEBXXZ 000000018001a448 f i common-kernel64:MProcess.obj
 0001:00019448       ?_Get@?$_Func_impl_no_alloc@P6AHPEAX@ZXPEAX@std@@EEBAPEBXXZ 000000018001a448 f i common-kernel64:WObjects.obj
 0001:00019450       ?_Target_type@?$_Func_impl_no_alloc@P6AHPEAX@ZXPEAX@std@@EEBAAEBVtype_info@@XZ 000000018001a450 f i common-kernel64:WObjects.obj
 0001:00019458       ?_VerifyVersionInfo@@YA_NPEAU_OSVERSIONINFOEXW@@K_K@Z 000000018001a458 f   common-kernel64:WObjects.obj
 0001:00019528       ?Init@HkFunc@@QEAA_NPEB_WPEAUHINSTANCE__@@@Z 000000018001a528 f   common-kernel64:HkFunc.obj
 0001:000195b8       ?isConEmuHk@HkFunc@@QEAA_NXZ 000000018001a5b8 f   common-kernel64:HkFunc.obj
 0001:000195c0       ??$_Emplace_reallocate@AEBUtagPROCESSENTRY32W@@@?$vector@UtagPROCESSENTRY32W@@V?$MArrayAllocator@UtagPROCESSENTRY32W@@@@@std@@QEAAPEAUtagPROCESSENTRY32W@@QEAU2@AEBU2@@Z 000000018001a5c0 f i common-kernel64:MProcess.obj
 0001:000197b0       ??$emplace_back@AEBUtagPROCESSENTRY32W@@@?$vector@UtagPROCESSENTRY32W@@V?$MArrayAllocator@UtagPROCESSENTRY32W@@@@@std@@QEAA?A_TAEBUtagPROCESSENTRY32W@@@Z 000000018001a7b0 f i common-kernel64:MProcess.obj
 0001:0001984c       ??0?$MToolHelp@UtagPROCESSENTRY32W@@$1?Process32FirstW@@YAHPEAXPEAU1@@Z$1?Process32NextW@@YAH01@Z@@QEAA@KK@Z 000000018001a84c f i common-kernel64:MProcess.obj
 0001:000198d4       ??_EMToolHelpProcess@@UEAAPEAXI@Z 000000018001a8d4 f i common-kernel64:MProcess.obj
 0001:000198d4       ??_G?$MToolHelp@UtagPROCESSENTRY32W@@$1?Process32FirstW@@YAHPEAXPEAU1@@Z$1?Process32NextW@@YAH01@Z@@UEAAPEAXI@Z 000000018001a8d4 f i common-kernel64:MProcess.obj
 0001:000198d4       ??_E?$MToolHelp@UtagPROCESSENTRY32W@@$1?Process32FirstW@@YAHPEAXPEAU1@@Z$1?Process32NextW@@YAH01@Z@@UEAAPEAXI@Z 000000018001a8d4 f i common-kernel64:MProcess.obj
 0001:000198d4       ??_GMToolHelpProcess@@UEAAPEAXI@Z 000000018001a8d4 f i common-kernel64:MProcess.obj
 0001:0001993c       ?Close@?$MToolHelp@UtagPROCESSENTRY32W@@$1?Process32FirstW@@YAHPEAXPEAU1@@Z$1?Process32NextW@@YAH01@Z@@QEAAXXZ 000000018001a93c f i common-kernel64:MProcess.obj
 0001:000199bc       ?Filter@?$MToolHelp@UtagPROCESSENTRY32W@@$1?Process32FirstW@@YAHPEAXPEAU1@@Z$1?Process32NextW@@YAH01@Z@@MEAA_NAEBUtagPROCESSENTRY32W@@@Z 000000018001a9bc f i common-kernel64:MProcess.obj
 0001:000199bc       __acrt_uninitialize_command_line 000000018001a9bc f i libucrt:argv_data.obj
 0001:000199c0       ?Find@?$MToolHelp@UtagPROCESSENTRY32W@@$1?Process32FirstW@@YAHPEAXPEAU1@@Z$1?Process32NextW@@YAH01@Z@@QEAA_NAEBV?$function@$$A6A_NAEBUtagPROCESSENTRY32W@@@Z@std@@AEAUtagPROCESSENTRY32W@@@Z 000000018001a9c0 f i common-kernel64:MProcess.obj
 0001:00019ad4       ?Find@MToolHelpProcess@@QEAA_NKAEAUtagPROCESSENTRY32W@@@Z 000000018001aad4 f i common-kernel64:MProcess.obj
 0001:00019b40       ?Next@?$MToolHelp@UtagPROCESSENTRY32W@@$1?Process32FirstW@@YAHPEAXPEAU1@@Z$1?Process32NextW@@YAH01@Z@@QEAA_NAEAUtagPROCESSENTRY32W@@@Z 000000018001ab40 f i common-kernel64:MProcess.obj
 0001:00019c28       ?Open@?$MToolHelp@UtagPROCESSENTRY32W@@$1?Process32FirstW@@YAHPEAXPEAU1@@Z$1?Process32NextW@@YAH01@Z@@QEAA_NXZ 000000018001ac28 f i common-kernel64:MProcess.obj
 0001:00019c98       ?_Copy@?$_Func_impl_no_alloc@V<lambda_217d18733db987cb8fc0adfd68028951>@@_NAEBUtagPROCESSENTRY32W@@@std@@EEBAPEAV?$_Func_base@_NAEBUtagPROCESSENTRY32W@@@2@PEAX@Z 000000018001ac98 f i common-kernel64:MProcess.obj
 0001:00019c98       ?_Move@?$_Func_impl_no_alloc@V<lambda_217d18733db987cb8fc0adfd68028951>@@_NAEBUtagPROCESSENTRY32W@@@std@@EEAAPEAV?$_Func_base@_NAEBUtagPROCESSENTRY32W@@@2@PEAX@Z 000000018001ac98 f i common-kernel64:MProcess.obj
 0001:00019cac       ?_Do_call@?$_Func_impl_no_alloc@V<lambda_217d18733db987cb8fc0adfd68028951>@@_NAEBUtagPROCESSENTRY32W@@@std@@EEAA_NAEBUtagPROCESSENTRY32W@@@Z 000000018001acac f i common-kernel64:MProcess.obj
 0001:00019cb8       ?_Target_type@?$_Func_impl_no_alloc@V<lambda_217d18733db987cb8fc0adfd68028951>@@_NAEBUtagPROCESSENTRY32W@@@std@@EEBAAEBVtype_info@@XZ 000000018001acb8 f i common-kernel64:MProcess.obj
 0001:00019cc0       ?getNext@?$MToolHelp@UtagPROCESSENTRY32W@@$1?Process32FirstW@@YAHPEAXPEAU1@@Z$1?Process32NextW@@YAH01@Z@@IEAA_NXZ 000000018001acc0 f i common-kernel64:MProcess.obj
 0001:00019d60       ?isTerminalMode@@YA_NXZ    000000018001ad60 f   common-kernel64:MProcess.obj
 0001:00019e9c       ??0MSection@@QEAA@XZ       000000018001ae9c f   common-kernel64:MSection.obj
 0001:00019f24       ??0MSectionLock@@QEAA@XZ   000000018001af24 f   common-kernel64:MSection.obj
 0001:00019f34       ??0MSectionThread@@QEAA@PEAVMSection@@@Z 000000018001af34 f   common-kernel64:MSection.obj
 0001:00019f54       ??1MSection@@QEAA@XZ       000000018001af54 f   common-kernel64:MSection.obj
 0001:00019fbc       ??1MSectionLock@@QEAA@XZ   000000018001afbc f   common-kernel64:MSection.obj
 0001:00019fe0       ??1MSectionThread@@QEAA@XZ 000000018001afe0 f   common-kernel64:MSection.obj
 0001:0001a01c       ?AddRef@MSection@@IEAAXK@Z 000000018001b01c f   common-kernel64:MSection.obj
 0001:0001a0b0       ?Lock@MSection@@IEAAHHK@Z  000000018001b0b0 f   common-kernel64:MSection.obj
 0001:0001a1ac       ?Lock@MSectionLock@@QEAAHPEAVMSection@@HK@Z 000000018001b1ac f   common-kernel64:MSection.obj
 0001:0001a200       ?MyEnterCriticalSection@MSection@@IEAA_NK@Z 000000018001b200 f   common-kernel64:MSection.obj
 0001:0001a32c       ?ReleaseRef@MSection@@IEAAHK@Z 000000018001b32c f   common-kernel64:MSection.obj
 0001:0001a3cc       ?Unlock@MSection@@IEAAXH@Z 000000018001b3cc f   common-kernel64:MSection.obj
 0001:0001a424       ?Unlock@MSectionLock@@QEAAXXZ 000000018001b424 f   common-kernel64:MSection.obj
 0001:0001a450       ?WaitUnlocked@MSection@@IEAAXKK@Z 000000018001b450 f   common-kernel64:MSection.obj
 0001:0001a4e4       ?CheckCallbackPtr@@YA_NPEAUHINSTANCE__@@_KPEAP6A_JXZHHH@Z 000000018001b4e4 f   common-kernel64:WModuleCheck.obj
 0001:0001a5ec       ?IsModuleValid@@YA_NPEAUHINSTANCE__@@H@Z 000000018001b5ec f   common-kernel64:WModuleCheck.obj
 0001:0001a6f4       ??0MModule@@QEAA@PEAUHINSTANCE__@@@Z 000000018001b6f4 f   common-kernel64:MModule.obj
 0001:0001a704       ??1MModule@@QEAA@XZ        000000018001b704 f   common-kernel64:MModule.obj
 0001:0001a70c       ?Free@MModule@@QEAAXXZ     000000018001b70c f   common-kernel64:MModule.obj
 0001:0001a744       ??0MSectionSimple@@QEAA@_N@Z 000000018001b744 f   common-kernel64:MSectionSimple.obj
 0001:0001a77c       ?Close@MSectionSimple@@QEAAXXZ 000000018001b77c f   common-kernel64:MSectionSimple.obj
 0001:0001a77c       ??1MSectionSimple@@QEAA@XZ 000000018001b77c f   common-kernel64:MSectionSimple.obj
 0001:0001a79c       ?Enter@MSectionSimple@@QEAAXXZ 000000018001b79c f   common-kernel64:MSectionSimple.obj
 0001:0001a7a4       ?Init@MSectionSimple@@QEAAXXZ 000000018001b7a4 f   common-kernel64:MSectionSimple.obj
 0001:0001a7c4       ?Leave@MSectionSimple@@QEAAXXZ 000000018001b7c4 f   common-kernel64:MSectionSimple.obj
 0001:0001a7cc       ?RecreateAndLock@MSectionSimple@@QEAA_NXZ 000000018001b7cc f   common-kernel64:MSectionSimple.obj
 0001:0001a83c       ?TryEnter@MSectionSimple@@QEAA_NXZ 000000018001b83c f   common-kernel64:MSectionSimple.obj
 0001:0001a864       ?SetConEmuEnvHWND@@YAXPEB_WPEAUHWND__@@@Z 000000018001b864 f   common-user64:SetEnvVar.obj
 0001:0001a8bc       ?SetConEmuEnvVar@@YAXPEAUHWND__@@@Z 000000018001b8bc f   common-user64:SetEnvVar.obj
 0001:0001a940       ?SetConEmuEnvVarChild@@YAXPEAUHWND__@@0@Z 000000018001b940 f   common-user64:SetEnvVar.obj
 0001:0001a96c       ??$wcscpy_c@$0BAF@@@YAHAEAY0BAF@_WPEB_W@Z 000000018001b96c f i common-user64:ConEmuCheckEx.obj
 0001:0001a9b8       ?FindConEmuBaseDir@@YAHAEAY0BAF@_W0PEAUHINSTANCE__@@@Z 000000018001b9b8 f   common-user64:ConEmuCheckEx.obj
 0001:0001b064       ?IsConEmuExeExist@@YAHPEB_WAEAY0BAF@_W@Z 000000018001c064 f   common-user64:ConEmuCheckEx.obj
 0001:0001b10c       ??$swprintf_c@$0FA@@@YAHAEAY0FA@_WPEB_WZZ 000000018001c10c f i common-user64:EmergencyShow.obj
 0001:0001b138       ?CorrectConsolePos@@YAXPEAUHWND__@@@Z 000000018001c138 f   common-user64:EmergencyShow.obj
 0001:0001b254       ?EmergencyShow@@YAXPEAUHWND__@@HH@Z 000000018001c254 f   common-user64:EmergencyShow.obj
 0001:0001b394       ?EvaluateDefaultFontWidth@@YAHHPEB_W@Z 000000018001c394 f   common-user64:EmergencyShow.obj
 0001:0001b4b4       ?SetUserFriendlyFont@@YAXPEAUHWND__@@HH@Z 000000018001c4b4 f   common-user64:EmergencyShow.obj
 0001:0001b814       ??0MSetter@@QEAA@PEAJ@Z    000000018001c814 f   common-user64:MSetter.obj
 0001:0001b82c       ??1MSetter@@QEAA@XZ        000000018001c82c f   common-user64:MSetter.obj
 0001:0001b834       ?Unlock@MSetter@@QEAAXXZ   000000018001c834 f   common-user64:MSetter.obj
 0001:0001b894       ?IsDotsName@@YA_NPEB_W@Z   000000018001c894 f   common-user64:WFiles.obj
 0001:0001b8b8       ?SearchAppPaths@@YA_NPEB_WAEAUCEStr@@_NPEAVCEnvRestorer@@@Z 000000018001c8b8 f   common-user64:WFiles.obj
 0001:0001bd44       ?GetConsoleSizeInfo@@YAXPEAUCONSOLE_INFO@@@Z 000000018001cd44 f   common-user64:WConsoleEx.obj
 0001:0001bdd0       ?SetConsoleFontSizeTo@@YAXPEAUHWND__@@HHPEB_WGG@Z 000000018001cdd0 f   common-user64:WConsoleEx.obj
 0001:0001c1b8       ?SetConsoleInfo@@YAHPEAUHWND__@@PEAUCONSOLE_INFO@@@Z 000000018001d1b8 f   common-user64:WConsoleEx.obj
 0001:0001c3c0       ?SetEnvVarExpanded@@YAXPEB_W0@Z 000000018001d3c0 f   common-user64:WUser.obj
 0001:0001c4a4       ?UpdateComspec@@YAXPEAUConEmuComspec@@_N@Z 000000018001d4a4 f   common-user64:WUser.obj
 0001:0001c7ec       ?apiShowWindow@@YA_NPEAUHWND__@@H@Z 000000018001d7ec f   common-user64:WUser.obj
 0001:0001c800       ?apiShowWindowAsync@@YA_NPEAUHWND__@@H@Z 000000018001d800 f   common-user64:WUser.obj
 0001:0001c814       ?RegGetStringValue@@YAHPEAUHKEY__@@PEB_W1AEAUCEStr@@K@Z 000000018001d814 f   common-user64:WRegistry.obj
 0001:0001c9d8       ?FindMonitorsWorkspace@@YAHPEAUHMONITOR__@@PEAUHDC__@@PEAUtagRECT@@_J@Z 000000018001d9d8 f   common-user64:Monitors.obj
 0001:0001ca14       ?GetAllMonitorsWorkspace@@YA?AUtagRECT@@XZ 000000018001da14 f   common-user64:Monitors.obj
 0001:0001ca74       ??0bad_function_call@std@@QEAA@AEBV01@@Z 000000018001da74 f i libcpmt:xthrow.obj
 0001:0001cab0       ??0bad_function_call@std@@QEAA@XZ 000000018001dab0 f i libcpmt:xthrow.obj
 0001:0001cac8       ??0length_error@std@@QEAA@AEBV01@@Z 000000018001dac8 f i libcpmt:xthrow.obj
 0001:0001cb04       ??0length_error@std@@QEAA@PEBD@Z 000000018001db04 f i libcpmt:xthrow.obj
 0001:0001cb4c       ??0logic_error@std@@QEAA@AEBV01@@Z 000000018001db4c f i libcpmt:xthrow.obj
 0001:0001cb88       ?_Xbad_function_call@std@@YAXXZ 000000018001db88 f   libcpmt:xthrow.obj
 0001:0001cba8       ?_Xlength_error@std@@YAXPEBD@Z 000000018001dba8 f   libcpmt:xthrow.obj
 0001:0001cbcc       ?what@bad_function_call@std@@UEBAPEBDXZ 000000018001dbcc f i libcpmt:xthrow.obj
 0001:0001cbd4       __GSHandlerCheck           000000018001dbd4 f   LIBCMT:gshandler.obj
 0001:0001cbf4       __GSHandlerCheckCommon     000000018001dbf4 f   LIBCMT:gshandler.obj
 0001:0001cc60       __security_check_cookie    000000018001dc60 f   LIBCMT:amdsecgs.obj
 0001:0001cc80       ??3@YAXPEAX_K@Z            000000018001dc80 f   LIBCMT:delete_scalar_size.obj
 0001:0001cca0       _alloca_probe              000000018001dca0 f   LIBCMT:chkstk.obj
 0001:0001cca0       __chkstk                   000000018001dca0 f   LIBCMT:chkstk.obj
 0001:0001ccf0       ??_Etype_info@@UEAAPEAXI@Z 000000018001dcf0 f i LIBCMT:std_type_info_static.obj
 0001:0001ccf0       ??_Gtype_info@@UEAAPEAXI@Z 000000018001dcf0 f i LIBCMT:std_type_info_static.obj
 0001:0001cd1c       __GSHandlerCheck_EH4       000000018001dd1c f   LIBCMT:gshandlereh4.obj
 0001:0001ce94       _Init_thread_footer        000000018001de94 f   LIBCMT:thread_safe_statics.obj
 0001:0001cef4       _Init_thread_header        000000018001def4 f   LIBCMT:thread_safe_statics.obj
 0001:0001cf5c       _Init_thread_notify        000000018001df5c f   LIBCMT:thread_safe_statics.obj
 0001:0001cfa0       _Init_thread_wait          000000018001dfa0 f   LIBCMT:thread_safe_statics.obj
 0001:0001d324       _DllMainCRTStartup         000000018001e324 f   LIBCMT:dll_dllmain.obj
 0001:0001d364       __scrt_acquire_startup_lock 000000018001e364 f   LIBCMT:utility.obj
 0001:0001d3a0       __scrt_dllmain_after_initialize_c 000000018001e3a0 f   LIBCMT:utility.obj
 0001:0001d3d4       __scrt_dllmain_before_initialize_c 000000018001e3d4 f   LIBCMT:utility.obj
 0001:0001d3ec       __scrt_dllmain_crt_thread_attach 000000018001e3ec f   LIBCMT:utility.obj
 0001:0001d414       __scrt_dllmain_crt_thread_detach 000000018001e414 f   LIBCMT:utility.obj
 0001:0001d42c       __scrt_dllmain_exception_filter 000000018001e42c f   LIBCMT:utility.obj
 0001:0001d48c       __scrt_dllmain_uninitialize_c 000000018001e48c f   LIBCMT:utility.obj
 0001:0001d4bc       __scrt_dllmain_uninitialize_critical 000000018001e4bc f   LIBCMT:utility.obj
 0001:0001d4d0       __scrt_initialize_crt      000000018001e4d0 f   LIBCMT:utility.obj
 0001:0001d51c       __scrt_initialize_onexit_tables 000000018001e51c f   LIBCMT:utility.obj
 0001:0001d5a8       __scrt_is_nonwritable_in_current_image 000000018001e5a8 f   LIBCMT:utility.obj
 0001:0001d640       __scrt_release_startup_lock 000000018001e640 f   LIBCMT:utility.obj
 0001:0001d664       __scrt_uninitialize_crt    000000018001e664 f   LIBCMT:utility.obj
 0001:0001d690       _onexit                    000000018001e690 f   LIBCMT:utility.obj
 0001:0001d6cc       atexit                     000000018001e6cc f   LIBCMT:utility.obj
 0001:0001d6e4       __raise_securityfailure    000000018001e6e4 f   LIBCMT:gs_report.obj
 0001:0001d718       __report_gsfailure         000000018001e718 f   LIBCMT:gs_report.obj
 0001:0001d7ec       __report_rangecheckfailure 000000018001e7ec f   LIBCMT:gs_report.obj
 0001:0001d800       __report_securityfailure   000000018001e800 f   LIBCMT:gs_report.obj
 0001:0001d980       __crt_debugger_hook        000000018001e980 f   LIBCMT:utility_desktop.obj
 0001:0001d988       __scrt_fastfail            000000018001e988 f   LIBCMT:utility_desktop.obj
 0001:0001dad4       __security_init_cookie     000000018001ead4 f   LIBCMT:gs_support.obj
 0001:0001db80       ?__scrt_initialize_type_info@@YAXXZ 000000018001eb80 f   LIBCMT:tncleanup.obj
 0001:0001db90       ?__scrt_uninitialize_type_info@@YAXXZ 000000018001eb90 f   LIBCMT:tncleanup.obj
 0001:0001db9c       __local_stdio_scanf_options 000000018001eb9c f i LIBCMT:default_local_stdio_options.obj
 0001:0001dba4       __scrt_initialize_default_local_stdio_options 000000018001eba4 f   LIBCMT:default_local_stdio_options.obj
 0001:0001dbc0       __scrt_get_dyn_tls_init_callback 000000018001ebc0 f   LIBCMT:dyn_tls_init.obj
 0001:0001dbc8       _RTC_Initialize            000000018001ebc8 f   LIBCMT:initsect.obj
 0001:0001dc04       _RTC_Terminate             000000018001ec04 f   LIBCMT:initsect.obj
 0001:0001dc40       __isa_available_init       000000018001ec40 f   LIBCMT:cpu_disp.obj
 0001:0001dde4       __scrt_is_ucrt_dll_in_use  000000018001ede4 f   LIBCMT:ucrt_detection.obj
 0001:0001ddf0       ??$_CallSETranslator@V__FrameHandler4@@@@YAHPEAUEHExceptionRecord@@PEA_KPEAU_CONTEXT@@PEAU_xDISPATCHER_CONTEXT@@PEAUFuncInfo4@FH4@@K1H@Z 000000018001edf0 f i libvcruntime:risctrnsctrl.obj
 0001:0001de44       ?DecompFuncInfo@FH4@@YA_JPEAEAEAUFuncInfo4@1@_KH_N@Z 000000018001ee44 f i libvcruntime:risctrnsctrl.obj
 0001:0001df68       ?ExecutionInCatch@__FrameHandler4@@SA_NPEAU_xDISPATCHER_CONTEXT@@PEAUFuncInfo4@FH4@@@Z 000000018001ef68 f   libvcruntime:risctrnsctrl.obj
 0001:0001df70       ?FrameUnwindToEmptyState@__FrameHandler4@@SAXPEA_KPEAU_xDISPATCHER_CONTEXT@@PEAUFuncInfo4@FH4@@@Z 000000018001ef70 f   libvcruntime:risctrnsctrl.obj
 0001:0001dfa4       ?GetEstablisherFrame@__FrameHandler4@@SAPEA_KPEA_KPEAU_xDISPATCHER_CONTEXT@@PEAUFuncInfo4@FH4@@0@Z 000000018001efa4 f   libvcruntime:risctrnsctrl.obj
 0001:0001dfc8       ?GetRangeOfTrysToCheck@__FrameHandler4@@SA?AU?$pair@Viterator@TryBlockMap4@FH4@@V123@@std@@AEAVTryBlockMap4@FH4@@HPEAU_xDISPATCHER_CONTEXT@@PEAUFuncInfo4@5@H@Z 000000018001efc8 f   libvcruntime:risctrnsctrl.obj
 0001:0001e130       ?UnwindNestedFrames@__FrameHandler4@@SAXPEA_KPEAUEHExceptionRecord@@PEAU_CONTEXT@@0PEAXPEAUFuncInfo4@FH4@@HHPEAUHandlerType4@5@PEAU_xDISPATCHER_CONTEXT@@E@Z 000000018001f130 f   libvcruntime:risctrnsctrl.obj
 0001:0001e250       ?setBuffer@TryBlockMap4@FH4@@QEAAXViterator@12@@Z 000000018001f250 f i libvcruntime:risctrnsctrl.obj
 0001:0001e410       _CreateFrameInfo           000000018001f410 f   libvcruntime:risctrnsctrl.obj
 0001:0001e44c       _FindAndUnlinkFrame        000000018001f44c f   libvcruntime:risctrnsctrl.obj
 0001:0001e4a0       _GetImageBase              000000018001f4a0 f   libvcruntime:risctrnsctrl.obj
 0001:0001e4b4       _GetThrowImageBase         000000018001f4b4 f   libvcruntime:risctrnsctrl.obj
 0001:0001e4c8       _SetImageBase              000000018001f4c8 f   libvcruntime:risctrnsctrl.obj
 0001:0001e4e0       _SetThrowImageBase         000000018001f4e0 f   libvcruntime:risctrnsctrl.obj
 0001:0001e4f8       __CxxFrameHandler4         000000018001f4f8 f   libvcruntime:risctrnsctrl.obj
 0001:0001e5d0       memcpy_repmovs             000000018001f5d0 f   libvcruntime:memcpy.obj
 0001:0001e5f0       memcpy                     000000018001f5f0 f   libvcruntime:memcpy.obj
 0001:0001e5f0       memmove                    000000018001f5f0 f   libvcruntime:memcpy.obj
 0001:0001ec68       wcschr                     000000018001fc68 f   libvcruntime:wcschr.obj
 0001:0001ece4       wcsstr                     000000018001fce4 f   libvcruntime:wcsstr.obj
 0001:0001ef10       memset_repmovs             000000018001ff10 f   libvcruntime:memset.obj
 0001:0001ef30       memset                     000000018001ff30 f   libvcruntime:memset.obj
 0001:0001f0c0       __DestructExceptionObject  00000001800200c0 f   libvcruntime:ehhelpers.obj
 0001:0001f130       ?_CallMemberFunction0@@YAXQEAX0@Z 0000000180020130 f i libvcruntime:ehhelpers.obj
 0001:0001f134       _IsExceptionObjectToBeDestroyed 0000000180020134 f   libvcruntime:ehhelpers.obj
 0001:0001f164       __AdjustPointer            0000000180020164 f   libvcruntime:ehhelpers.obj
 0001:0001f188       __FrameUnwindFilter        0000000180020188 f   libvcruntime:ehhelpers.obj
[...]
 0002:0001087c       $chain$0$?divide@__crt_strtox@@YA_KAEAUbig_integer@1@AEBU21@@Z 000000018004387c     libucrt:cfout.obj
 0002:00010890       $chain$1$?divide@__crt_strtox@@YA_KAEAUbig_integer@1@AEBU21@@Z 0000000180043890     libucrt:cfout.obj
 0002:000108a0       $unwind$_fcloseall         00000001800438a0     libucrt:closeall.obj
 0002:000108c4       $unwind$__acrt_locale_free_monetary 00000001800438c4     libucrt:initmon.obj
 0002:000108cc       $unwind$__acrt_locale_free_time 00000001800438cc     libucrt:inittime.obj
 0002:000108dc       $unwind$__acrt_GetStringTypeA 00000001800438dc     libucrt:getstringtypea.obj
 0002:00010904       $unwind$__acrt_lowio_destroy_handle_array 0000000180043904     libucrt:osfinfo.obj
 0002:00010914       $unwind$__acrt_lowio_ensure_fh_exists 0000000180043914     libucrt:osfinfo.obj
 0002:00010940       $unwind$qsort              0000000180043940     libucrt:qsort.obj
 0002:00010958       $chain$4$qsort             0000000180043958     libucrt:qsort.obj
 0002:0001097c       $chain$5$qsort             000000018004397c     libucrt:qsort.obj
 0002:0001098c       $unwind$strpbrk            000000018004398c     libucrt:strpbrk.obj
 0002:0001099c       $unwind$_mbsdec_l          000000018004399c     libucrt:mbsdec.obj
 0002:000109a8       $unwind$__acrt_LCMapStringA 00000001800439a8     libucrt:lcmapstringa.obj
 0002:000109b8       $unwind$?__acrt_LCMapStringA_stat@@YAHPEAU__crt_locale_pointers@@PEB_WKPEBDHPEADHHH@Z 00000001800439b8     libucrt:lcmapstringa.obj
 0002:000109e0       $unwind$_close             00000001800439e0     libucrt:close.obj
 0002:000109e0       $unwind$_commit            00000001800439e0     libucrt:commit.obj
 0002:000109e8       $unwind$??$?RV<lambda_a37b2b86f63e897a80ea819b0eb08c01>@@AEAV<lambda_38ce7e780aa69e748d6df282ebc68efe>@@V<lambda_99fb1378e971ab6e7edea83e3a7a83a2>@@@?$__crt_seh_guarded_call@H@@QEAAH$$QEAV<lambda_a37b2b86f63e897a80ea819b0eb08c01>@@AEAV<lambda_38ce7e780aa69e748d6df282ebc68efe>@@$$QEAV<lambda_99fb1378e971ab6e7edea83e3a7a83a2>@@@Z 00000001800439e8     libucrt:commit.obj
 0002:00010a0c       $unwind$_write             0000000180043a0c     libucrt:write.obj
 0002:00010a3c       $unwind$_write_nolock      0000000180043a3c     libucrt:write.obj
 0002:00010a54       $unwind$?write_double_translated_ansi_nolock@@YA?AUwrite_result@?A0x17268360@@HQEBDI@Z 0000000180043a54     libucrt:write.obj
 0002:00010a78       $unwind$?write_text_ansi_nolock@@YA?AUwrite_result@?A0x17268360@@HQEBDI@Z 0000000180043a78     libucrt:write.obj
 0002:00010a78       $unwind$?write_text_utf16le_nolock@@YA?AUwrite_result@?A0x17268360@@HQEBDI@Z 0000000180043a78     libucrt:write.obj
 0002:00010a98       $unwind$?write_text_utf8_nolock@@YA?AUwrite_result@?A0x17268360@@HQEBDI@Z 0000000180043a98     libucrt:write.obj
 0002:00010abc       $unwind$?__mbrtoc32_utf8@__crt_mbstring@@YA_KPEA_UPEBD_KPEAU_Mbstatet@@@Z 0000000180043abc     libucrt:mbrtoc32.obj
 0002:00010ad8       $xdatasym                  0000000180043ad8     libucrt:log10.obj
 0002:00010ae4       $unwind$__acrt_fenv_set_control 0000000180043ae4     libucrt:_fenvutils.obj
 0002:00010af4       $unwind$fclose             0000000180043af4     libucrt:fclose.obj
 0002:00010b18       $unwind$common_control87   0000000180043b18     libucrt:ieee.obj
 0002:00010b44       $unwind$_handle_error      0000000180043b44     libucrt:libm_error.obj
 0002:00010b64       $unwind$__acrt_initialize_fma3 0000000180043b64     libucrt:fma3_available.obj
 0002:00010b6c       $unwind$_log_special_common 0000000180043b6c     libucrt:log_special.obj
 0002:00010b78       $unwind$??$?RV<lambda_751a882b2c74d4b022dec766aa51a29a>@@AEAV<lambda_628dfdc04ba53c8bfc02c9951375f3f5>@@V<lambda_f6c7be5f7998530c34de24c7437d6b54>@@@?$__crt_seh_guarded_call@H@@QEAAH$$QEAV<lambda_751a882b2c74d4b022dec766aa51a29a>@@AEAV<lambda_628dfdc04ba53c8bfc02c9951375f3f5>@@$$QEAV<lambda_f6c7be5f7998530c34de24c7437d6b54>@@@Z 0000000180043b78     libucrt:close.obj
 0002:00010ba0       $xdatasym                  0000000180043ba0     libucrt:fpsr.obj
 0002:00010ba8       $unwind$_raise_exc_ex      0000000180043ba8     libucrt:fpexcept.obj
 0002:00010bbc       $unwind$_ctrlfp            0000000180043bbc     libucrt:fpctrl.obj
 0002:00010be4       $unwind$?apiGetConsoleFontSize@@YAHPEAXAEAH1AEAY0CA@_W@Z 0000000180043be4     common-kernel64:WConsole.obj
 0002:00010c00       $unwind$?apiSetConsoleFontSize@@YAHPEAXHHPEB_W@Z 0000000180043c00     common-kernel64:WConsole.obj
 0002:00010c1c       $unwind$_IsNonwritableInCurrentImage 0000000180043c1c     LIBCMT:pesect.obj
 0002:00010ea0       .edata                     0000000180043ea0     ConEmu.x64.exp
 0002:00010ec8       rgpv                       0000000180043ec8     ConEmu.x64.exp
 0002:00010f34       rgszName                   0000000180043f34     ConEmu.x64.exp
 0002:00010fa0       rgwOrd                     0000000180043fa0     ConEmu.x64.exp
 0002:00010fd6       szName                     0000000180043fd6     ConEmu.x64.exp
 0002:00010fe5       $N00001                    0000000180043fe5     ConEmu.x64.exp
 0002:00010ff5       $N00002                    0000000180043ff5     ConEmu.x64.exp
 0002:00010ffd       $N00003                    0000000180043ffd     ConEmu.x64.exp
 0002:00011009       $N00004                    0000000180044009     ConEmu.x64.exp
 0002:00011014       $N00005                    0000000180044014     ConEmu.x64.exp
 0002:00011022       $N00006                    0000000180044022     ConEmu.x64.exp
 0002:00011033       $N00007                    0000000180044033     ConEmu.x64.exp
 0002:00011041       $N00008                    0000000180044041     ConEmu.x64.exp
 0002:00011050       $N00009                    0000000180044050     ConEmu.x64.exp
 0002:00011060       $N00010                    0000000180044060     ConEmu.x64.exp
 0002:0001106b       $N00011                    000000018004406b     ConEmu.x64.exp
 0002:00011071       $N00012                    0000000180044071     ConEmu.x64.exp
 0002:00011084       $N00013                    0000000180044084     ConEmu.x64.exp
 0002:00011097       $N00014                    0000000180044097     ConEmu.x64.exp
 0002:000110aa       $N00015                    00000001800440aa     ConEmu.x64.exp
 0002:000110bd       $N00016                    00000001800440bd     ConEmu.x64.exp
 0002:000110cf       $N00017                    00000001800440cf     ConEmu.x64.exp
 0002:000110de       $N00018                    00000001800440de     ConEmu.x64.exp
 0002:000110ea       $N00019                    00000001800440ea     ConEmu.x64.exp
 0002:000110f3       $N00020                    00000001800440f3     ConEmu.x64.exp
 0002:00011102       $N00021                    0000000180044102     ConEmu.x64.exp
 0002:00011114       $N00022                    0000000180044114     ConEmu.x64.exp
 0002:00011120       $N00023                    0000000180044120     ConEmu.x64.exp
 0002:00011134       $N00024                    0000000180044134     ConEmu.x64.exp
 0002:00011148       $N00025                    0000000180044148     ConEmu.x64.exp
 0002:0001115d       $N00026                    000000018004415d     ConEmu.x64.exp
 0002:00011171       $N00027                    0000000180044171     ConEmu.x64.exp
 0002:000118a2       .idata$6                   00000001800448a2     version:VERSION.dll
 0002:00011ddc       .idata$6                   0000000180044ddc     kernel32:KERNEL32.dll
 0002:00011eea       .idata$6                   0000000180044eea     user32:USER32.dll
 0002:00011f8a       .idata$6                   0000000180044f8a     gdi32:GDI32.dll
 0002:00011fc6       .idata$6                   0000000180044fc6     advapi32:ADVAPI32.dll
 0003:00000140       ?val@?CE@??Open@CPluginW2800@@UEAAPEAXPEBX@Z@4UFarMacroValue@@A 0000000180046140     ConEmuPlugin2800.obj
 0003:000002a0       ?__vcrt_flsindex@@3KA      00000001800462a0     libvcruntime:per_thread_data.obj
 0003:000002b0       ?errno_no_memory@@3HA      00000001800462b0     libucrt:errno.obj
 0003:000002b4       ?doserrno_no_memory@@3KA   00000001800462b4     libucrt:errno.obj
 0003:000002c0       ?__acrt_flsindex@@3KA      00000001800462c0     libucrt:per_thread_data.obj
 0003:00000790       _mbctypes                  0000000180046790     libucrt:mbctype.obj
 0003:000008a0       _mbcasemaps                00000001800468a0     libucrt:mbctype.obj
 0003:000009a0       ?__rgctypeflag@@3PADA      00000001800469a0     libucrt:mbctype.obj
 0003:000009b0       ?__rgcode_page_info@@3PAUcode_page_info@@A 00000001800469b0     libucrt:mbctype.obj
 0003:00000c50       ?dazSupported@?1??common_control87@@9@9 0000000180046c50     libucrt:ieee.obj
 0003:00000c60       ?__dcrt_lowio_console_output_handle@@3PEAXEA 0000000180046c60     libucrt:initcon.obj
 0003:00000c70       ?dazSupported@?1??_ctrlfp@@9@9 0000000180046c70     libucrt:fpctrl.obj
 0003:00001170       ?store@?M@??GetPanelInfo@CPluginW1900@@UEAA_NKPEAUCEPanelInfo@@@Z@4UPanelInfo@@A 0000000180047170     ConEmuPlugin1900.obj
 0003:000011e0       ?szMenu@?1??GetPluginInfoPtr@CPluginW1900@@UEAAXPEAX@Z@4PAPEA_WA 00000001800471e0     ConEmuPlugin1900.obj
 0003:000011f0       ?szMenu1@?1??GetPluginInfoPtr@CPluginW1900@@UEAAXPEAX@Z@4PA_WA 00000001800471f0     ConEmuPlugin1900.obj
 0003:000013f0       ?WLastActive@?1??UpdateConEmuTabsApi@CPluginW1900@@UEAA_NH@Z@4UWindowInfo@@A 00000001800473f0     ConEmuPlugin1900.obj
 0003:00001438       ?pwList@@3PEAV?$MArray@UWindowInfo@@@@EA 0000000180047438     ConEmuPlugin2800.obj
 0003:00001440       ?store@?M@??GetPanelInfo@CPluginW2800@@UEAA_NKPEAUCEPanelInfo@@@Z@4UPanelInfo@@A 0000000180047440     ConEmuPlugin2800.obj
 0003:000014a8       ?szMenu@?1??GetPluginInfoPtr@CPluginW2800@@UEAAXPEAX@Z@4PAPEA_WA 00000001800474a8     ConEmuPlugin2800.obj
 0003:000014b0       ?szMenu1@?1??GetPluginInfoPtr@CPluginW2800@@UEAAXPEAX@Z@4PA_WA 00000001800474b0     ConEmuPlugin2800.obj
 0003:000016b0       ?WLastActive@?1??UpdateConEmuTabsApi@CPluginW2800@@UEAA_NH@Z@4UWindowInfo@@A 00000001800476b0     ConEmuPlugin2800.obj
 0003:000016f8       ?rc@?CE@??Open@CPluginW2800@@UEAAPEAXPEBX@Z@4UFarMacroCall@@A 00000001800476f8     ConEmuPlugin2800.obj
 0003:00001730       ?ghSyncDlg@@3PEAXEA        0000000180047730     ConEmuPlugin995.obj
 0003:00001740       ?store@?M@??GetPanelInfo@CPluginW995@@UEAA_NKPEAUCEPanelInfo@@@Z@4UPanelInfo@@A 0000000180047740     ConEmuPlugin995.obj
 0003:00001788       ?szMenu@?1??GetPluginInfoPtr@CPluginW995@@UEAAXPEAX@Z@4PAPEA_WA 0000000180047788     ConEmuPlugin995.obj
 0003:00001790       ?szMenu1@?1??GetPluginInfoPtr@CPluginW995@@UEAAXPEAX@Z@4PA_WA 0000000180047790     ConEmuPlugin995.obj
 0003:000019a0       ?store@?M@??GetPanelInfo@CPluginAnsi@@UEAA_NKPEAUCEPanelInfo@@@Z@4UPanelInfo@@A 00000001800479a0     ConEmuPluginA.obj
 0003:00001ba0       ?szMenu@?1??GetPluginInfoPtr@CPluginAnsi@@UEAAXPEAX@Z@4PAPEADA 0000000180047ba0     ConEmuPluginA.obj
 0003:00001bb0       ?szMenu1@?1??GetPluginInfoPtr@CPluginAnsi@@UEAAXPEAX@Z@4PADA 0000000180047bb0     ConEmuPluginA.obj
 0003:00002f2c       ?gbTryOpenMapHeader@@3HA   0000000180048f2c     ConEmuPluginBase.obj
 0003:00002f30       ?gbStartupHooksAfterMap@@3HA 0000000180048f30     ConEmuPluginBase.obj
 0003:00002f34       ?siEnabled@?1??CheckBufferEnabled@CPluginBase@@QEAA_NXZ@4HA 0000000180048f34     ConEmuPluginBase.obj
 0003:00002f38       ?dwLastTickCount@?7??CheckResources@CPluginBase@@QEAAX_N@Z@4KA 0000000180048f38     ConEmuPluginBase.obj
 0003:00002f3c       ?$TSS0@?7??CheckResources@CPluginBase@@QEAAX_N@Z@4HA 0000000180048f3c     ConEmuPluginBase.obj
 0003:00002f40       ?dwLastTickCount@?9??OnConsolePeekReadInput@CPluginBase@@SAX_N@Z@4KA 0000000180048f40     ConEmuPluginBase.obj
 0003:000031a8       ?gHeapInit@?A0x8f3601b8@@3U?$atomic@H@std@@A 00000001800491a8     common-kernel64:Memory.obj
 0003:000031ac       ?gHeapCounter@?A0x8f3601b8@@3U?$atomic@H@std@@A 00000001800491ac     common-kernel64:Memory.obj
 0003:000031b0       ?ghHeap@?A0x8f3601b8@@3PEAXEA 00000001800491b0     common-kernel64:Memory.obj
 0003:000031d0       ?szFile@?1??ModuleName@@YAPEB_WPEB_W@Z@4PA_WA 00000001800491d0     common-kernel64:ConEmuCheck.obj
 0003:00003220       ?g_Threads@@3PAUConEmuThreadInfo@@A 0000000180049220     common-kernel64:WThreads.obj
 0003:0000ba20       ?gh_UnknownTerminatedThread@@3PEAXEA 0000000180051a20     common-kernel64:WThreads.obj
 0003:0000ba2c       ?szNil@?1??GetCommand@CESERVER_REQ_NEWCMD@@QEAAPEA_WXZ@4PA_WA 0000000180051a2c     common-kernel64:Common.obj
 0003:0000ba40       ?rtlVerifyVersionInfo@?1??_VerifyVersionInfo@@YA_NPEAU_OSVERSIONINFOEXW@@K_K@Z@4P6AH0K1@ZEA 0000000180051a40     common-kernel64:WObjects.obj
 0003:0000ba48       ?hasRtl@?1??_VerifyVersionInfo@@YA_NPEAU_OSVERSIONINFOEXW@@K_K@Z@4HA 0000000180051a48     common-kernel64:WObjects.obj
 0003:0000ba4c       ?ibIsWin6@?1??IsWin6@@YA_NXZ@4HA 0000000180051a4c     common-kernel64:WObjects.obj
 0003:0000ba50       ?ibIsWin7@?1??IsWin7@@YA_NXZ@4HA 0000000180051a50     common-kernel64:WObjects.obj
 0003:0000ba54       ?is64bitOs@?1??IsWindows64@@YA_NXZ@4_NA 0000000180051a54     common-kernel64:WObjects.obj
 0003:0000ba55       ?isOsChecked@?1??IsWindows64@@YA_NXZ@4_NA 0000000180051a55     common-kernel64:WObjects.obj
 0003:0000ba5c       ?terminalMode@?1??isTerminalMode@@YA_NXZ@4_NA 0000000180051a5c     common-kernel64:MProcess.obj
 0003:0000ba5d       ?terminalChecked@?1??isTerminalMode@@YA_NXZ@4_NA 0000000180051a5d     common-kernel64:MProcess.obj
 0003:0000ba5e       ?bSysInfoRetrieved@?1??IsModuleValid@@YA_NPEAUHINSTANCE__@@H@Z@4_NA 0000000180051a5e     common-kernel64:WModuleCheck.obj
 0003:0000ba60       ?si@?1??IsModuleValid@@YA_NPEAUHINSTANCE__@@H@Z@4U_SYSTEM_INFO@@A 0000000180051a60     common-kernel64:WModuleCheck.obj
 0003:0000baa8       ?g_tss_cv@@3U_RTL_CONDITION_VARIABLE@@A 0000000180051aa8     LIBCMT:thread_safe_statics.obj
 0003:0000bab0       ?g_tss_event@@3PEAXEA      0000000180051ab0     LIBCMT:thread_safe_statics.obj
 0003:0000bab8       ?g_tss_mutex@@3U_RTL_CRITICAL_SECTION@@A 0000000180051ab8     LIBCMT:thread_safe_statics.obj
 0003:0000bae0       ?g_sleep_condition_variable_cs@@3P6AHPEAU_RTL_CONDITION_VARIABLE@@PEAU_RTL_CRITICAL_SECTION@@K@ZEA 0000000180051ae0     LIBCMT:thread_safe_statics.obj
 0003:0000bae8       ?g_wake_all_condition_variable@@3P6AXPEAU_RTL_CONDITION_VARIABLE@@@ZEA 0000000180051ae8     LIBCMT:thread_safe_statics.obj
 0003:0000baf0       ?__proc_attached@@3HA      0000000180051af0     LIBCMT:dll_dllmain.obj
 0003:0000bb08       ?is_initialized_as_dll@@3_NA 0000000180051b08     LIBCMT:utility.obj
 0003:0000bb09       ?module_local_atexit_table_initialized@@3_NA 0000000180051b09     LIBCMT:utility.obj
 0003:0000bb10       ?module_local_atexit_table@@3U_onexit_table_t@@A 0000000180051b10     LIBCMT:utility.obj
 0003:0000bb28       ?module_local_at_quick_exit_table@@3U_onexit_table_t@@A 0000000180051b28     LIBCMT:utility.obj
 0003:0000bb40       GS_ExceptionRecord         0000000180051b40     LIBCMT:gs_report.obj
 0003:0000bbe0       GS_ContextRecord           0000000180051be0     LIBCMT:gs_report.obj
 0003:0000c0f0       ?__vcrt_startup_thread_ptd@@3U__vcrt_ptd@@A 00000001800520f0     libvcruntime:per_thread_data.obj
 0003:0000c178       __vcrt_lock_table          0000000180052178     libvcruntime:locks.obj
 0003:0000c1a0       __vcrt_locks_initialized   00000001800521a0     libvcruntime:locks.obj
 0003:0000c1e8       ?heap@@3V_HeapManager@@A   00000001800521e8     libvcruntime:undname.obj
 0003:0000c210       ?module_handles@@3PAPEAUHINSTANCE__@@A 0000000180052210     libvcruntime:winapi_downlevel.obj
 0003:0000c228       ?function_pointers@@3PAPEAXA 0000000180052228     libvcruntime:winapi_downlevel.obj
 0003:0000c250       ?__acrt_invalid_parameter_handler@@3V?$dual_state_global@P6AXPEB_W00I_K@Z@__crt_state_management@@A 0000000180052250     libucrt:invalid_parameter.obj
 0003:0000c258       ?c_termination_complete@@3JA 0000000180052258     libucrt:exit.obj
 0003:0000c260       ?thread_local_exit_callback_func@@3P6AXPEAXK0@ZEA 0000000180052260     libucrt:exit.obj
 0003:0000c270       ?program_name@?1???$common_configure_argv@D@@YAHW4_crt_argv_mode@@@Z@4PADA 0000000180052270     libucrt:argv_parsing.obj
 0003:0000c3c8       ?internal_state@?1??_mbtowc_l@@9@4U_Mbstatet@@A 00000001800523c8     libucrt:mbtowc.obj
 0003:0000c3e0       ?enable_percent_n@@3_KA    00000001800523e0     libucrt:printf_count_output.obj
 0003:0000c820       ?__acrt_lock_table@@3PAU_RTL_CRITICAL_SECTION@@A 0000000180052820     libucrt:locks.obj
 0003:0000ca50       ?__acrt_locks_initialized@@3IA 0000000180052a50     libucrt:locks.obj
 0003:0000ca70       ?fSystemSet@@3HA           0000000180052a70     libucrt:mbctype.obj
 0003:0000ca74       ?initialized@?1??__acrt_initialize_multibyte@@9@4_NA 0000000180052a74     libucrt:mbctype.obj
 0003:0000cab0       ?module_handles@@3PAPEAUHINSTANCE__@@A 0000000180052ab0     libucrt:winapi_thunks.obj
 0003:0000cb50       ?encoded_function_pointers@@3PAPEAXA 0000000180052b50     libucrt:winapi_thunks.obj
 0003:0000cc68       ?__acrt_new_handler@@3V?$dual_state_global@P6AH_K@Z@__crt_state_management@@A 0000000180052c68     libucrt:new_handler.obj
 0003:0000cc70       ?ctrlc_action@@3V?$dual_state_global@P6AXH@Z@__crt_state_management@@A 0000000180052c70     libucrt:signal.obj
 0003:0000cc78       ?ctrlbreak_action@@3V?$dual_state_global@P6AXH@Z@__crt_state_management@@A 0000000180052c78     libucrt:signal.obj
 0003:0000cc80       ?abort_action@@3V?$dual_state_global@P6AXH@Z@__crt_state_management@@A 0000000180052c80     libucrt:signal.obj
 0003:0000cc88       ?term_action@@3V?$dual_state_global@P6AXH@Z@__crt_state_management@@A 0000000180052c88     libucrt:signal.obj
 0003:0000cc90       ?user_matherr@@3V?$dual_state_global@P6AHPEAU_exception@@@Z@__crt_state_management@@A 0000000180052c90     libucrt:matherr.obj
 0003:0000cc98       ?__acrt_global_new_mode@@3V?$dual_state_global@J@__crt_state_management@@A 0000000180052c98     libucrt:new_mode.obj
 0003:0000cca8       ?internal_pst@?1??__mbrtoc32_utf8@__crt_mbstring@@YA_KPEA_UPEBD_KPEAU_Mbstatet@@@Z@4U3@A 0000000180052ca8     libucrt:mbrtoc32.obj
 0003:0000ccb0       ?__acrt_app_type@@3W4_crt_app_type@@A 0000000180052cb0     libucrt:report_runtime_error.obj
 0003:0000cd14       ?gbPauseConsoleWasRequested@@3_NA 0000000180052d14     common-kernel64:WConsole.obj
 0003:0000cd18       ?GetCurrentConsoleFontEx@?1??apiGetCurrentConsoleFontEx@@YAHPEAXHPEAUMY_CONSOLE_FONT_INFOEX@@@Z@4P6AH0H1@ZEA 0000000180052d18     common-kernel64:WConsole.obj
 0003:0000cd20       ?bFuncChecked@?1??apiGetCurrentConsoleFontEx@@YAHPEAXHPEAUMY_CONSOLE_FONT_INFOEX@@@Z@4_NA 0000000180052d20     common-kernel64:WConsole.obj
 0003:0000cd28       ?SetCurrentConsoleFontEx@?1??apiSetCurrentConsoleFontEx@@YAHPEAXHPEAUMY_CONSOLE_FONT_INFOEX@@@Z@4P6AH0H1@ZEA 0000000180052d28     common-kernel64:WConsole.obj
 0003:0000cd30       ?bFuncChecked@?1??apiSetCurrentConsoleFontEx@@YAHPEAXHPEAUMY_CONSOLE_FONT_INFOEX@@@Z@4_NA 0000000180052d30     common-kernel64:WConsole.obj
 0005:00000000       MoveSmall                  0000000180056000     libvcruntime:memcpy.obj
 0005:00000040       MoveSmallYmm               0000000180056040     libvcruntime:memcpy.obj
 0005:00000064       MoveSmallYmmNT             0000000180056064     libvcruntime:memcpy.obj
 0005:00000088       MoveSmallXmm               0000000180056088     libvcruntime:memcpy.obj
 0005:000000b0       MsetTab                    00000001800560b0     libvcruntime:memset.obj
 0006:000000a0       $R000000                   00000001800570a0     ConEmu.res
 0006:000003b0       $R000310                   00000001800573b0     ConEmu.res
