 ConEmu

 Timestamp is 6081f30a (Fri Apr 23 00:04:58 2021)

 Preferred load address is 10000000

 Start         Length     Name                   Class
 0001:00000000 00000010H .text$di                CODE
 0001:00000010 00028625H .text$mn                CODE
 0001:00028635 0000055eH .text$x                 CODE
 0001:00028b93 0000000aH .text$yd                CODE
 0002:00000000 00000338H .idata$5                DATA
 0002:00000338 00000004H .00cfg                  DATA
 0002:0000033c 00000004H .CRT$XCA                DATA
 0002:00000340 00000004H .CRT$XCU                DATA
 0002:00000344 00000004H .CRT$XCZ                DATA
 0002:00000348 00000004H .CRT$XIA                DATA
 0002:0000034c 00000010H .CRT$XIC                DATA
 0002:0000035c 00000004H .CRT$XIZ                DATA
 0002:00000360 00000004H .CRT$XLA                DATA
 0002:00000364 00000004H .CRT$XLZ                DATA
 0002:00000368 00000004H .CRT$XPA                DATA
 0002:0000036c 00000008H .CRT$XPX                DATA
 0002:00000374 00000004H .CRT$XPXA               DATA
 0002:00000378 00000004H .CRT$XPZ                DATA
 0002:0000037c 00000004H .CRT$XTA                DATA
 0002:00000380 00000010H .CRT$XTZ                DATA
 0002:00000384 00000000H .gfids$x                DATA
 0002:00000384 00000000H .gfids$y                DATA
 0002:00000390 000096b8H .rdata                  DATA
 0002:00009a48 00000018H .rdata$T                DATA
 0002:00009a60 000005b0H .rdata$r                DATA
 0002:0000a010 00000088H .rdata$sxdata           DATA
 0002:0000a098 000003c4H .rdata$zzzdbg           DATA
 0002:0000a45c 00000004H .rtc$IAA                DATA
 0002:0000a460 00000004H .rtc$IZZ                DATA
 0002:0000a464 00000004H .rtc$TAA                DATA
 0002:0000a468 00000004H .rtc$TZZ                DATA
 0002:0000a46c 00000004H .tls                    DATA
 0002:0000a470 00000004H .tls$                   DATA
 0002:0000a474 00000004H .tls$ZZZ                DATA
 0002:0000a478 00000b88H .xdata$x                DATA
 0002:0000b000 000002e0H .edata                  DATA
 0002:0000b2e0 00000064H .idata$2                DATA
 0002:0000b344 00000014H .idata$3                DATA
 0002:0000b358 00000338H .idata$4                DATA
 0002:0000b690 00000e9eH .idata$6                DATA
 0003:00000000 00000988H .data                   DATA
 0003:00000988 00000388H .data$r                 DATA
 0003:00000d10 0000a248H .bss                    DATA
 0004:00000000 000000a0H .rsrc$01                DATA
 0004:000000a0 00000488H .rsrc$02                DATA

  Address         Publics by Value              Rva+Base       Lib:Object

 0000:00000000       ___guard_fids_count        00000000     <absolute>
 0000:00000000       ___hybrid_code_map_count   00000000     <absolute>
 0000:00000000       ___guard_iat_count         00000000     <absolute>
 0000:00000000       ___dynamic_value_reloc_table 00000000     <absolute>
 0000:00000000       ___guard_longjmp_count     00000000     <absolute>
 0000:00000000       __except_list              00000000     <absolute>
 0000:00000000       ___guard_fids_table        00000000     <absolute>
 0000:00000000       ___guard_longjmp_table     00000000     <absolute>
 0000:00000000       ___guard_iat_table         00000000     <absolute>
 0000:00000000       ___hybrid_auxiliary_iat    00000000     <absolute>
 0000:00000000       ___volatile_metadata       00000000     <absolute>
 0000:00000000       ___enclave_config          00000000     <absolute>
 0000:00000000       ___hybrid_code_map         00000000     <absolute>
 0000:00000022       ___safe_se_handler_count   00000022     <absolute>
 0000:0000002c       __tls_array                0000002c     <absolute>
 0000:00000100       ___guard_flags             00000100     <absolute>
 0000:00000000       ___ImageBase               10000000     <linker-defined>
 0001:00000010       ??$swprintf_c@$0EA@@@YAHAAY0EA@_WPB_WZZ 10001010 f i ConEmuInjects.obj
 0001:00000026       ??$swprintf_c@$0IA@@@YAHAAY0IA@_WPB_WZZ 10001026 f i ConEmuInjects.obj
 0001:0000003f       ??$swprintf_c@$0PP@@@YAHAAY0PP@_WPB_WZZ 1000103f f i ConEmuInjects.obj
 0001:00000058       ?ShutdownHooks@@YAXXZ      10001058 f   ConEmuInjects.obj
 0001:00000189       ?StartupConsoleHooks@@YAXXZ 10001189 f   ConEmuInjects.obj
 0001:000001f2       ?StartupHooks@@YA_NPAUHINSTANCE__@@@Z 100011f2 f   ConEmuInjects.obj
 0001:000004c3       ?StringCchVPrintfW@@YGJPA_WIPB_WPAD@Z 100014c3 f i ConEmuInjects.obj
 0001:0000051a       ___local_stdio_printf_options 1000151a f i ConEmuInjects.obj
 0001:00000520       __vsnwprintf_l             10001520 f i ConEmuInjects.obj
 0001:00000552       ?ProcessSynchroEventW3@@YGHPAX@Z 10001552 f   ConEmuPlugin.obj
 0001:00000562       ?ProcessEditorEventW3@@YGHPAX@Z 10001562 f   ConEmuPlugin.obj
 0001:00000572       ?ProcessViewerEventW3@@YGHPAX@Z 10001572 f   ConEmuPlugin.obj
 0001:00000582       ?ExitFARW3@@YGXPAX@Z       10001582 f   ConEmuPlugin.obj
 0001:000005c4       _ExitFARW@0                100015c4 f   ConEmuPlugin.obj
 0001:00000604       ?ProcessEditorEvent@@YGHHPAX@Z 10001604 f   ConEmuPlugin.obj
 0001:00000604       _ProcessEditorEventW@8     10001604 f   ConEmuPlugin.obj
 0001:0000061c       _ProcessSynchroEventW@8    1000161c f   ConEmuPlugin.obj
 0001:00000635       ?ProcessViewerEvent@@YGHHPAX@Z 10001635 f   ConEmuPlugin.obj
 0001:00000635       _ProcessViewerEventW@8     10001635 f   ConEmuPlugin.obj
 0001:0000064d       ?ActivateConsole@@YGHXZ    1000164d f   ConEmuPlugin.obj
 0001:000007f9       ?ExitFAR@@YGXXZ            100017f9 f   ConEmuPlugin.obj
 0001:00000839       ?GetFarHWND2@@YGPAUHWND__@@H@Z 10001839 f   ConEmuPlugin.obj
 0001:0000089a       ?GetFarHWND@@YGPAUHWND__@@XZ 1000189a f   ConEmuPlugin.obj
 0001:000008a2       ?GetFarVersion@@YGXPAUFarVersion@@@Z 100018a2 f   ConEmuPlugin.obj
 0001:000008bc       ?GetMinFarVersion@@YGHXZ   100018bc f   ConEmuPlugin.obj
 0001:000008da       ?GetPluginInfo@@YGXPAX@Z   100018da f   ConEmuPlugin.obj
 0001:0000090e       ?GetPluginInfoW@@YGXPAX@Z  1000190e f   ConEmuPlugin.obj
 0001:0000091e       ?IsConsoleActive@@YGHXZ    1000191e f   ConEmuPlugin.obj
 0001:0000095d       ?IsTerminalMode@@YGHXZ     1000195d f   ConEmuPlugin.obj
 0001:00000963       ?OpenPlugin@@YGPAXHH@Z     10001963 f   ConEmuPlugin.obj
 0001:0000097e       ?OpenW@@YGPAXPBX@Z         1000197e f   ConEmuPlugin.obj
 0001:0000098e       ?ProcessEditorInput@@YGHPBU_INPUT_RECORD@@@Z 1000198e f   ConEmuPlugin.obj
 0001:000009a6       ?RegisterBackground@@YGHPAURegisterBackgroundArg@@@Z 100019a6 f   ConEmuPlugin.obj
 0001:00000a15       ?RegisterPanelView@@YGHPAUPanelViewInit@@@Z 10001a15 f   ConEmuPlugin.obj
 0001:00000b45       ?SetStartupInfo@@YGXPAX@Z  10001b45 f   ConEmuPlugin.obj
 0001:00000b8b       ?SetupExportsFar3@@YAXXZ   10001b8b f   ConEmuPlugin.obj
 0001:00000b9e       ?SyncExecute@@YGHPAUHINSTANCE__@@P6GXJ@ZJ@Z 10001b9e f   ConEmuPlugin.obj
 0001:00000bdc       _DllMain@12                10001bdc f   ConEmuPlugin.obj
 0001:00000c03       _GetMinFarVersionW@0       10001c03 f   ConEmuPlugin.obj
 0001:00000c09       _OpenPluginW@8             10001c09 f   ConEmuPlugin.obj
 0001:00000c36       _ProcessEditorInputW@4     10001c36 f   ConEmuPlugin.obj
 0001:00000c46       _SetStartupInfoW@4         10001c46 f   ConEmuPlugin.obj
 0001:00000c68       ??0CPluginW1900@@QAE@XZ    10001c68 f   ConEmuPlugin1900.obj
 0001:00000df1       ??_GCPluginW1900@@UAEPAXI@Z 10001df1 f i ConEmuPlugin1900.obj
 0001:00000df1       ??_ECPluginW1900@@UAEPAXI@Z 10001df1 f i ConEmuPlugin1900.obj
 0001:0000116e       ?CheckPanelExist@CPluginW1900@@UAE_NXZ 1000216e f   ConEmuPlugin1900.obj
 0001:00001191       ?Color2BgIndex@Far3Color@@SAXKHAAGPBK@Z 10002191 f i ConEmuPlugin1900.obj
 0001:00001263       ?Color2FgIndex@Far3Color@@SAXKAAGPBK@Z 10002263 f i ConEmuPlugin1900.obj
 0001:0000131b       ?ExecuteSynchroApi@CPluginW1900@@UAE_NXZ 1000231b f   ConEmuPlugin1900.obj
 0001:0000133e       ?ExitFar@CPluginW1900@@UAEXXZ 1000233e f   ConEmuPlugin1900.obj
 0001:000013a5       ?FarColor_3_2@@YAEABUFarColor@@_N@Z 100023a5 f i ConEmuPlugin1900.obj
 0001:00001450       ?GetActiveWindowType@CPluginW1900@@UAEHXZ 10002450 f   ConEmuPlugin1900.obj
 0001:000014c9       ?GetEditorModifiedState@CPluginW1900@@UAEKXZ 100024c9 f   ConEmuPlugin1900.obj
 0001:00001505       ?GetFarRect@CPluginW1900@@UAE_NAAU_SMALL_RECT@@@Z 10002505 f   ConEmuPlugin1900.obj
 0001:00001592       ?GetMacroArea@CPluginW1900@@UAEHXZ 10002592 f   ConEmuPlugin1900.obj
 0001:000015a6       ?GetMsg@CPluginW1900@@UAEPB_WHPA_WI@Z 100025a6 f   ConEmuPlugin1900.obj
 0001:000015ec       ?GetPanelDir@CPluginW1900@@UAEPA_WKPA_WH@Z 100025ec f   ConEmuPlugin1900.obj
 0001:000016f1       ?GetPanelInfo@CPluginW1900@@UAE_NKPAUCEPanelInfo@@@Z 100026f1 f   ConEmuPlugin1900.obj
 0001:00001958       ?GetPanelItemInfo@CPluginW1900@@UAE_NABUCEPanelInfo@@_NHAAU_WIN32_FIND_DATAW@@PAPA_W@Z 10002958 f   ConEmuPlugin1900.obj
 0001:00001ab2       ?GetPluginInfoPtr@CPluginW1900@@UAEXPAX@Z 10002ab2 f   ConEmuPlugin1900.obj
 0001:00001afb       ?GetStdIndex@Far3Color@@SAHKPBK@Z 10002afb f i ConEmuPlugin1900.obj
 0001:00001b20       ?GetWindowCount@CPluginW1900@@UAEHXZ 10002b20 f   ConEmuPlugin1900.obj
 0001:00001b41       ?GetWindowTypeName@CPluginW1900@@UAEPB_WH@Z 10002b41 f   ConEmuPlugin1900.obj
 0001:00001b41       ?GetWindowTypeName@CPluginW2800@@UAEPB_WH@Z 10002b41 f   ConEmuPlugin2800.obj
 0001:00001b41       ?GetWindowTypeName@CPluginAnsi@@UAEPB_WH@Z 10002b41 f   ConEmuPluginA.obj
 0001:00001b41       ?GetWindowTypeName@CPluginW995@@UAEPB_WH@Z 10002b41 f   ConEmuPlugin995.obj
 0001:00001b98       ?GuiMacroDlg@CPluginW1900@@UAEXXZ 10002b98 f   ConEmuPlugin1900.obj
 0001:00001b9d       ?InputBox@CPluginW1900@@UAE_NPB_W000AAPA_W@Z 10002b9d f   ConEmuPlugin1900.obj
 0001:00001c27       ?IsMacroActive@CPluginW1900@@UAE_NXZ 10002c27 f   ConEmuPlugin1900.obj
 0001:00001c51       ?LoadFarColors@CPluginW1900@@UAEXAAY0BAA@E@Z 10002c51 f   ConEmuPlugin1900.obj
 0001:00001da8       ?LoadFarSettings@CPluginW1900@@UAEXPAUCEFarInterfaceSettings@@PAUCEFarPanelSettings@@@Z 10002da8 f   ConEmuPlugin1900.obj
 0001:00001eb6       ?Open@CPluginW1900@@UAEPAXPBX@Z 10002eb6 f   ConEmuPlugin1900.obj
 0001:00001f82       ?OpenEditor@CPluginW1900@@UAE_NPB_W_N11HH@Z 10002f82 f   ConEmuPlugin1900.obj
 0001:00002023       ?PanelControlApi@CPluginW1900@@UAEHPAXHH0@Z 10003023 f   ConEmuPlugin1900.obj
 0001:00002040       ?PostMacroApi@CPluginW1900@@UAEXPB_WPAU_INPUT_RECORD@@_N@Z 10003040 f   ConEmuPlugin1900.obj
 0001:00002529       ?ProcessEditorEventPtr@CPluginW1900@@UAEHPAX@Z 10003529 f   ConEmuPlugin1900.obj
 0001:00002529       ?ProcessEditorEventPtr@CPluginW2800@@UAEHPAX@Z 10003529 f   ConEmuPlugin2800.obj
 0001:0000253d       ?ProcessEditorInputPtr@CPluginW1900@@UAEHPBX@Z 1000353d f   ConEmuPlugin1900.obj
 0001:0000255b       ?ProcessSynchroEventPtr@CPluginW1900@@UAEHPAX@Z 1000355b f   ConEmuPlugin1900.obj
 0001:0000255b       ?ProcessSynchroEventPtr@CPluginW2800@@UAEHPAX@Z 1000355b f   ConEmuPlugin2800.obj
 0001:00002577       ?ProcessViewerEventPtr@CPluginW1900@@UAEHPAX@Z 10003577 f   ConEmuPlugin1900.obj
 0001:00002577       ?ProcessViewerEventPtr@CPluginW2800@@UAEHPAX@Z 10003577 f   ConEmuPlugin2800.obj
 0001:0000258b       ?RedrawAll@CPluginW1900@@UAEXXZ 1000358b f   ConEmuPlugin1900.obj
 0001:000025ac       ?SetStartupInfoPtr@CPluginW1900@@UAEXPAX@Z 100035ac f   ConEmuPlugin1900.obj
 0001:000026af       ?SetWindow@CPluginW1900@@UAEXH@Z 100036af f   ConEmuPlugin1900.obj
 0001:000026ea       ?ShowMessage@CPluginW1900@@UAEHPB_WH_N@Z 100036ea f   ConEmuPlugin1900.obj
 0001:0000274f       ?ShowPluginMenu@CPluginW1900@@UAEHPAUConEmuPluginMenuItem@@HH@Z 1000374f f   ConEmuPlugin1900.obj
 0001:0000288f       ?ShowUserScreen@CPluginW1900@@UAEX_N@Z 1000388f f   ConEmuPlugin1900.obj
 0001:000028b4       ?ShutdownPluginStep@CPluginBase@@SAXPB_WHHHH@Z 100038b4 f   ConEmuPluginBase.obj
 0001:000028b4       ?StopWaitEndSynchro@CPluginAnsi@@UAEXXZ 100038b4 f   ConEmuPluginA.obj
 0001:000028b4       ?WaitEndSynchro@CPluginW2800@@UAEXXZ 100038b4 f   ConEmuPlugin2800.obj
 0001:000028b4       ?StopWaitEndSynchro@CPluginW1900@@UAEXXZ 100038b4 f   ConEmuPlugin1900.obj
 0001:000028b4       @_guard_check_icall_nop@4  100038b4 f   LIBCMT:guard_support.obj
 0001:000028b4       ?PlugServerInit@@YAXXZ     100038b4 f   PluginSrv.obj
 0001:000028b4       ?WaitEndSynchro@CPluginAnsi@@UAEXXZ 100038b4 f   ConEmuPluginA.obj
 0001:000028b4       ?WaitEndSynchro@CPluginW1900@@UAEXXZ 100038b4 f   ConEmuPlugin1900.obj
 0001:000028b4       ?StopWaitEndSynchro@CPluginW2800@@UAEXXZ 100038b4 f   ConEmuPlugin2800.obj
 0001:000028b4       ?_Doraise@exception@stdext@@MBEXXZ 100038b4 f   common-kernel32:CEStr.obj
 0001:000028b5       ?UpdateConEmuTabsApi@CPluginW1900@@UAE_NH@Z 100038b5 f   ConEmuPlugin1900.obj
 0001:00002d0a       ??$_Emplace_reallocate@ABUWindowInfo@@@?$vector@UWindowInfo@@V?$MArrayAllocator@UWindowInfo@@@@@std@@QAEPAUWindowInfo@@QAU2@ABU2@@Z 10003d0a f i ConEmuPlugin2800.obj
 0001:00002dc7       ??$_Fill_unchecked1@PAUWindowInfo@@U1@@std@@YAXPAUWindowInfo@@0ABU1@U?$integral_constant@_N$0A@@0@@Z 10003dc7 f i ConEmuPlugin2800.obj
 0001:00002dea       ??$_Uninit_alloc_fill_n1@PAUWindowInfo@@IV?$MArrayAllocator@UWindowInfo@@@@@std@@YAPAUWindowInfo@@QAU1@IABU1@AAV?$MArrayAllocator@UWindowInfo@@@@U?$integral_constant@_N$0A@@0@@Z 10003dea f i ConEmuPlugin2800.obj
 0001:00002e0f       ??$_Uninitialized_fill_n@PAUWindowInfo@@IV?$MArrayAllocator@UWindowInfo@@@@@std@@YAPAUWindowInfo@@QAU1@IABU1@AAV?$MArrayAllocator@UWindowInfo@@@@@Z 10003e0f f i ConEmuPlugin2800.obj
 0001:00002e30       ??$emplace_back@ABUWindowInfo@@@?$vector@UWindowInfo@@V?$MArrayAllocator@UWindowInfo@@@@@std@@QAEXABUWindowInfo@@@Z 10003e30 f i ConEmuPlugin2800.obj
 0001:00002e5e       ??0CPluginW2800@@QAE@XZ    10003e5e f   ConEmuPlugin2800.obj
 0001:00002fe7       ??0bad_alloc@std@@QAE@ABV01@@Z 10003fe7 f i ConEmuPlugin2800.obj
 0001:00003002       ??0bad_alloc@std@@QAE@XZ   10004002 f i ConEmuPlugin2800.obj
 0001:0000301a       ??0exception@std@@QAE@ABV01@@Z 1000401a f i ConEmuPlugin2800.obj
 0001:00003046       ??1?$MArray@UWindowInfo@@@@QAE@XZ 10004046 f i ConEmuPlugin2800.obj
 0001:0000307e       ??1bad_alloc@std@@UAE@XZ   1000407e f i ConEmuPlugin2800.obj
 0001:0000307e       ??1length_error@std@@UAE@XZ 1000407e f i libcpmt:xthrow.obj
 0001:0000307e       ??1bad_function_call@std@@UAE@XZ 1000407e f i libcpmt:xthrow.obj
 0001:0000307e       ??1bad_exception@std@@UAE@XZ 1000407e f i libvcruntime:frame.obj
 0001:0000308f       ??_ECPluginW2800@@UAEPAXI@Z 1000408f f i ConEmuPlugin2800.obj
 0001:0000308f       ??_GCPluginW2800@@UAEPAXI@Z 1000408f f i ConEmuPlugin2800.obj
 0001:000030ba       ??_Ebad_alloc@std@@UAEPAXI@Z 100040ba f i ConEmuPlugin2800.obj
 0001:000030ba       ??_Ebad_exception@std@@UAEPAXI@Z 100040ba f i libvcruntime:frame.obj
 0001:000030ba       ??_Elength_error@std@@UAEPAXI@Z 100040ba f i libcpmt:xthrow.obj
 0001:000030ba       ??_Glength_error@std@@UAEPAXI@Z 100040ba f i libcpmt:xthrow.obj
 0001:000030ba       ??_Elogic_error@std@@UAEPAXI@Z 100040ba f i libcpmt:xthrow.obj
 0001:000030ba       ??_Gexception@std@@UAEPAXI@Z 100040ba f i ConEmuPlugin2800.obj
 0001:000030ba       ??_Eexception@std@@UAEPAXI@Z 100040ba f i ConEmuPlugin2800.obj
 0001:000030ba       ??_Gbad_exception@std@@UAEPAXI@Z 100040ba f i libvcruntime:frame.obj
 0001:000030ba       ??_Ebad_function_call@std@@UAEPAXI@Z 100040ba f i libcpmt:xthrow.obj
 0001:000030ba       ??_Gbad_alloc@std@@UAEPAXI@Z 100040ba f i ConEmuPlugin2800.obj
 0001:000030ba       ??_Glogic_error@std@@UAEPAXI@Z 100040ba f i libcpmt:xthrow.obj
 0001:000030ba       ??_Gbad_function_call@std@@UAEPAXI@Z 100040ba f i libcpmt:xthrow.obj
 0001:00003450       ?CheckPanelExist@CPluginW2800@@UAE_NXZ 10004450 f   ConEmuPlugin2800.obj
 0001:00003473       ?ExecuteSynchroApi@CPluginW2800@@UAE_NXZ 10004473 f   ConEmuPlugin2800.obj
 0001:00003496       ?ExitFar@CPluginW2800@@UAEXXZ 10004496 f   ConEmuPlugin2800.obj
 0001:00003510       ?GetActiveWindowType@CPluginW2800@@UAEHXZ 10004510 f   ConEmuPlugin2800.obj
 0001:0000358f       ?GetEditorModifiedState@CPluginW2800@@UAEKXZ 1000458f f   ConEmuPlugin2800.obj
 0001:000035cb       ?GetFarRect@CPluginW2800@@UAE_NAAU_SMALL_RECT@@@Z 100045cb f   ConEmuPlugin2800.obj
 0001:0000365b       ?GetMacroArea@CPluginW2800@@UAEHXZ 1000465b f   ConEmuPlugin2800.obj
 0001:0000366f       ?GetMsg@CPluginW2800@@UAEPB_WHPA_WI@Z 1000466f f   ConEmuPlugin2800.obj
 0001:000036b5       ?GetPanelDir@CPluginW2800@@UAEPA_WKPA_WH@Z 100046b5 f   ConEmuPlugin2800.obj
 0001:000037ba       ?GetPanelInfo@CPluginW2800@@UAE_NKPAUCEPanelInfo@@@Z 100047ba f   ConEmuPlugin2800.obj
 0001:00003a21       ?GetPanelItemInfo@CPluginW2800@@UAE_NABUCEPanelInfo@@_NHAAU_WIN32_FIND_DATAW@@PAPA_W@Z 10004a21 f   ConEmuPlugin2800.obj
 0001:00003b84       ?GetPluginInfoPtr@CPluginW2800@@UAEXPAX@Z 10004b84 f   ConEmuPlugin2800.obj
 0001:00003bcd       ?GetWindowCount@CPluginW2800@@UAEHXZ 10004bcd f   ConEmuPlugin2800.obj
 0001:00003bee       ?GuiMacroDlg@CPluginW2800@@UAEXXZ 10004bee f   ConEmuPlugin2800.obj
 0001:00003bf3       ?InputBox@CPluginW2800@@UAE_NPB_W000AAPA_W@Z 10004bf3 f   ConEmuPlugin2800.obj
 0001:00003c7d       ?IsMacroActive@CPluginW2800@@UAE_NXZ 10004c7d f   ConEmuPlugin2800.obj
 0001:00003ca7       ?LoadFarColors@CPluginW2800@@UAEXAAY0BAA@E@Z 10004ca7 f   ConEmuPlugin2800.obj
 0001:00003dfe       ?LoadFarSettings@CPluginW2800@@UAEXPAUCEFarInterfaceSettings@@PAUCEFarPanelSettings@@@Z 10004dfe f   ConEmuPlugin2800.obj
 0001:00003f06       ?Open@CPluginW2800@@UAEPAXPBX@Z 10004f06 f   ConEmuPlugin2800.obj
 0001:0000404d       ?OpenEditor@CPluginW2800@@UAE_NPB_W_N11HH@Z 1000504d f   ConEmuPlugin2800.obj
 0001:000040ee       ?PanelControlApi@CPluginW2800@@UAEHPAXHH0@Z 100050ee f   ConEmuPlugin2800.obj
 0001:0000410b       ?PostMacroApi@CPluginW2800@@UAEXPB_WPAU_INPUT_RECORD@@_N@Z 1000510b f   ConEmuPlugin2800.obj
 0001:0000439e       ?ProcessEditorInputPtr@CPluginW2800@@UAEHPBX@Z 1000539e f   ConEmuPlugin2800.obj
 0001:000043bc       ?RedrawAll@CPluginW2800@@UAEXXZ 100053bc f   ConEmuPlugin2800.obj
 0001:000043dd       ?SetStartupInfoPtr@CPluginW2800@@UAEXPAX@Z 100053dd f   ConEmuPlugin2800.obj
 0001:000044e0       ?SetWindow@CPluginW2800@@UAEXH@Z 100054e0 f   ConEmuPlugin2800.obj
 0001:000045c2       ?ShowMessage@CPluginW2800@@UAEHPB_WH_N@Z 100055c2 f   ConEmuPlugin2800.obj
 0001:00004627       ?ShowPluginMenu@CPluginW2800@@UAEHPAUConEmuPluginMenuItem@@HH@Z 10005627 f   ConEmuPlugin2800.obj
 0001:00004767       ?ShowUserScreen@CPluginW2800@@UAEX_N@Z 10005767 f   ConEmuPlugin2800.obj
 0001:0000478c       ?UpdateConEmuTabsApi@CPluginW2800@@UAE_NH@Z 1000578c f   ConEmuPlugin2800.obj
 0001:00004dda       ?_Calculate_growth@?$vector@UWindowInfo@@V?$MArrayAllocator@UWindowInfo@@@@@std@@ABEII@Z 10005dda f i ConEmuPlugin2800.obj
 0001:00004e05       ?_Change_array@?$vector@UWindowInfo@@V?$MArrayAllocator@UWindowInfo@@@@@std@@AAEXQAUWindowInfo@@II@Z 10005e05 f i ConEmuPlugin2800.obj
 0001:00004e34       ?_Tidy@?$vector@UWindowInfo@@V?$MArrayAllocator@UWindowInfo@@@@@std@@AAEXXZ 10005e34 f i ConEmuPlugin2800.obj
 0001:00004e50       ?_Xlength@?$vector@UWindowInfo@@V?$MArrayAllocator@UWindowInfo@@@@@std@@CAXXZ 10005e50 f i ConEmuPlugin2800.obj
 0001:00004e50       ?_Xlength@?$vector@UtagPROCESSENTRY32W@@V?$MArrayAllocator@UtagPROCESSENTRY32W@@@@@std@@CAXXZ 10005e50 f i common-kernel32:MProcess.obj
 0001:00004e5b       ?allocate@?$MArrayAllocator@UWindowInfo@@@@QAEPAUWindowInfo@@I@Z 10005e5b f i ConEmuPlugin2800.obj
 0001:00004e8b       ?erase@?$MArray@UWindowInfo@@@@QAEXHH@Z 10005e8b f i ConEmuPlugin2800.obj
 0001:00004ed6       ?erase@?$vector@UWindowInfo@@V?$MArrayAllocator@UWindowInfo@@@@@std@@QAE?AV?$_Vector_iterator@V?$_Vector_val@U?$_Simple_types@UWindowInfo@@@std@@@std@@@2@V?$_Vector_const_iterator@V?$_Vector_val@U?$_Simple_types@UWindowInfo@@@std@@@std@@@2@0@Z 10005ed6 f i ConEmuPlugin2800.obj
 0001:00004f0e       ?insert@?$MArray@UWindowInfo@@@@QAEHHABUWindowInfo@@H@Z 10005f0e f i ConEmuPlugin2800.obj
 0001:00004f66       ?insert@?$vector@UWindowInfo@@V?$MArrayAllocator@UWindowInfo@@@@@std@@QAE?AV?$_Vector_iterator@V?$_Vector_val@U?$_Simple_types@UWindowInfo@@@std@@@std@@@2@V?$_Vector_const_iterator@V?$_Vector_val@U?$_Simple_types@UWindowInfo@@@std@@@std@@@2@IABUWindowInfo@@@Z 10005f66 f i ConEmuPlugin2800.obj
 0001:00005131       ?what@exception@std@@UBEPBDXZ 10006131 f i ConEmuPlugin2800.obj
 0001:0000513f       _GetGlobalInfoW@4          1000613f f   ConEmuPlugin2800.obj
 0001:000051d2       ??0CPluginW995@@QAE@XZ     100061d2 f   ConEmuPlugin995.obj
 0001:00005356       ??_GCPluginW995@@UAEPAXI@Z 10006356 f i ConEmuPlugin995.obj
 0001:00005356       ??_ECPluginW995@@UAEPAXI@Z 10006356 f i ConEmuPlugin995.obj
 0001:000056ab       ?CheckPanelExist@CPluginW995@@UAE_NXZ 100066ab f   ConEmuPlugin995.obj
 0001:000056ce       ?ExecuteSynchroApi@CPluginW995@@UAE_NXZ 100066ce f   ConEmuPlugin995.obj
 0001:000056ed       ?ExitFar@CPluginW995@@UAEXXZ 100066ed f   ConEmuPlugin995.obj
 0001:00005754       ?GetActiveWindowType@CPluginW995@@UAEHXZ 10006754 f   ConEmuPlugin995.obj
 0001:000057f4       ?GetEditorModifiedState@CPluginW995@@UAEKXZ 100067f4 f   ConEmuPlugin995.obj
 0001:0000582c       ?GetFarRect@CPluginW995@@UAE_NAAU_SMALL_RECT@@@Z 1000682c f   ConEmuPlugin995.obj
 0001:0000586f       ?GetMacroArea@CPluginW995@@UAEHXZ 1000686f f   ConEmuPlugin995.obj
 0001:000058a7       ?GetMsg@CPluginW995@@UAEPB_WHPA_WI@Z 100068a7 f   ConEmuPlugin995.obj
 0001:000058eb       ?GetPanelDir@CPluginW995@@UAEPA_WKPA_WH@Z 100068eb f   ConEmuPlugin995.obj
 0001:000059b5       ?GetPanelInfo@CPluginW995@@UAE_NKPAUCEPanelInfo@@@Z 100069b5 f   ConEmuPlugin995.obj
 0001:00005b9f       ?GetPanelItemInfo@CPluginW995@@UAE_NABUCEPanelInfo@@_NHAAU_WIN32_FIND_DATAW@@PAPA_W@Z 10006b9f f   ConEmuPlugin995.obj
 0001:00005cea       ?GetPluginInfoPtr@CPluginW995@@UAEXPAX@Z 10006cea f   ConEmuPlugin995.obj
 0001:00005d43       ?GetWindowCount@CPluginW995@@UAEHXZ 10006d43 f   ConEmuPlugin995.obj
 0001:00005d60       ?GuiMacroDlg@CPluginW995@@UAEXXZ 10006d60 f   ConEmuPlugin995.obj
 0001:00005d65       ?InputBox@CPluginW995@@UAE_NPB_W000AAPA_W@Z 10006d65 f   ConEmuPlugin995.obj
 0001:00005de3       ?IsMacroActive@CPluginW995@@UAE_NXZ 10006de3 f   ConEmuPlugin995.obj
 0001:00005e32       ?LoadFarColors@CPluginW995@@UAEXAAY0BAA@E@Z 10006e32 f   ConEmuPlugin995.obj
 0001:00005ee9       ?LoadFarSettings@CPluginW995@@UAEXPAUCEFarInterfaceSettings@@PAUCEFarPanelSettings@@@Z 10006ee9 f   ConEmuPlugin995.obj
 0001:00005f20       ?Open@CPluginW995@@UAEPAXPBX@Z 10006f20 f i ConEmuPlugin995.obj
 0001:00005f20       ?Open@CPluginAnsi@@UAEPAXPBX@Z 10006f20 f i ConEmuPluginA.obj
 0001:00005f29       ?OpenEditor@CPluginW995@@UAE_NPB_W_N11HH@Z 10006f29 f   ConEmuPlugin995.obj
 0001:00005fc2       ?PanelControlApi@CPluginW995@@UAEHPAXHH0@Z 10006fc2 f   ConEmuPlugin995.obj
 0001:00005fdf       ?PostMacroApi@CPluginW995@@UAEXPB_WPAU_INPUT_RECORD@@_N@Z 10006fdf f   ConEmuPlugin995.obj
 0001:00006081       ?ProcessEditorEventPtr@CPluginAnsi@@UAEHPAX@Z 10007081 f i ConEmuPluginA.obj
 0001:00006081       ?ProcessViewerEventPtr@CPluginW995@@UAEHPAX@Z 10007081 f i ConEmuPlugin995.obj
 0001:00006081       ?ProcessSynchroEventPtr@CPluginW995@@UAEHPAX@Z 10007081 f i ConEmuPlugin995.obj
 0001:00006081       ?ProcessViewerEventPtr@CPluginAnsi@@UAEHPAX@Z 10007081 f i ConEmuPluginA.obj
 0001:00006081       ?ProcessEditorInputPtr@CPluginAnsi@@UAEHPBX@Z 10007081 f i ConEmuPluginA.obj
 0001:00006081       ?ProcessSynchroEventPtr@CPluginAnsi@@UAEHPAX@Z 10007081 f i ConEmuPluginA.obj
 0001:00006081       ?ProcessEditorEventPtr@CPluginW995@@UAEHPAX@Z 10007081 f i ConEmuPlugin995.obj
 0001:00006086       ?ProcessEditorInputPtr@CPluginW995@@UAEHPBX@Z 10007086 f   ConEmuPlugin995.obj
 0001:000060a0       ?RedrawAll@CPluginW995@@UAEXXZ 100070a0 f   ConEmuPlugin995.obj
 0001:000060bd       ?SetStartupInfoPtr@CPluginW995@@UAEXPAX@Z 100070bd f   ConEmuPlugin995.obj
 0001:000061af       ?SetWindow@CPluginW995@@UAEXH@Z 100071af f   ConEmuPlugin995.obj
 0001:000061e3       ?ShowMessage@CPluginW995@@UAEHPB_WH_N@Z 100071e3 f   ConEmuPlugin995.obj
 0001:0000622c       ?ShowPluginMenu@CPluginW995@@UAEHPAUConEmuPluginMenuItem@@HH@Z 1000722c f   ConEmuPlugin995.obj
 0001:00006311       ?ShowUserScreen@CPluginW995@@UAEX_N@Z 10007311 f   ConEmuPlugin995.obj
 0001:00006336       ?StopWaitEndSynchro@CPluginW995@@UAEXXZ 10007336 f   ConEmuPlugin995.obj
 0001:0000634f       ?UpdateConEmuTabsApi@CPluginW995@@UAE_NH@Z 1000734f f   ConEmuPlugin995.obj
 0001:00006596       ?WaitEndSynchro@CPluginW995@@UAEXXZ 10007596 f   ConEmuPlugin995.obj
 0001:000066a7       ??0CPluginAnsi@@QAE@XZ     100076a7 f   ConEmuPluginA.obj
 0001:000067fb       ??_GCPluginAnsi@@UAEPAXI@Z 100077fb f i ConEmuPluginA.obj
 0001:000067fb       ??_ECPluginAnsi@@UAEPAXI@Z 100077fb f i ConEmuPluginA.obj
 0001:00006c66       ?CheckPanelExist@CPluginAnsi@@UAE_NXZ 10007c66 f   ConEmuPluginA.obj
 0001:00006c8a       ?ExecuteSynchroApi@CPluginAnsi@@UAE_NXZ 10007c8a f i ConEmuPluginA.obj
 0001:00006c8d       ?ExitFar@CPluginAnsi@@UAEXXZ 10007c8d f   ConEmuPluginA.obj
 0001:00006cc2       ?GetActiveWindowType@CPluginAnsi@@UAEHXZ 10007cc2 f   ConEmuPluginA.obj
 0001:00006d33       ?GetEditorModifiedState@CPluginAnsi@@UAEKXZ 10007d33 f   ConEmuPluginA.obj
 0001:00006d6e       ?GetFarRect@CPluginAnsi@@UAE_NAAU_SMALL_RECT@@@Z 10007d6e f i ConEmuPluginA.obj
 0001:00006d73       ?GetMacroArea@CPluginAnsi@@UAEHXZ 10007d73 f   ConEmuPluginA.obj
 0001:00006d73       __get_startup_argv_mode    10007d73 f   LIBCMT:argv_mode.obj
 0001:00006d77       ?GetMsg@CPluginAnsi@@UAEPB_WHPA_WI@Z 10007d77 f   ConEmuPluginA.obj
 0001:00006de7       ?GetPanelDir@CPluginAnsi@@UAEPA_WKPA_WH@Z 10007de7 f   ConEmuPluginA.obj
 0001:00006ea9       ?GetPanelInfo@CPluginAnsi@@UAE_NKPAUCEPanelInfo@@@Z 10007ea9 f   ConEmuPluginA.obj
 0001:00007079       ?GetPanelItemInfo@CPluginAnsi@@UAE_NABUCEPanelInfo@@_NHAAU_WIN32_FIND_DATAW@@PAPA_W@Z 10008079 f   ConEmuPluginA.obj
 0001:00007175       ?GetPluginInfoPtr@CPluginAnsi@@UAEXPAX@Z 10008175 f   ConEmuPluginA.obj
 0001:000071e2       ?GetWindowCount@CPluginAnsi@@UAEHXZ 100081e2 f   ConEmuPluginA.obj
 0001:00007205       ?GuiMacroDlg@CPluginAnsi@@UAEXXZ 10008205 f   ConEmuPluginA.obj
 0001:0000720a       ?InputBox@CPluginAnsi@@UAE_NPB_W000AAPA_W@Z 1000820a f   ConEmuPluginA.obj
 0001:00007335       ?IsMacroActive@CPluginAnsi@@UAE_NXZ 10008335 f   ConEmuPluginA.obj
 0001:0000738a       ?LoadFarColors@CPluginAnsi@@UAEXAAY0BAA@E@Z 1000838a f   ConEmuPluginA.obj
 0001:00007447       ?LoadFarSettings@CPluginAnsi@@UAEXPAUCEFarInterfaceSettings@@PAUCEFarPanelSettings@@@Z 10008447 f   ConEmuPluginA.obj
 0001:0000748a       ?OpenEditor@CPluginAnsi@@UAE_NPB_W_N11HH@Z 1000848a f   ConEmuPluginA.obj
 0001:00007568       ?PanelControlApi@CPluginAnsi@@UAEHPAXHH0@Z 10008568 f   ConEmuPluginA.obj
 0001:00007592       ?PostMacroApi@CPluginAnsi@@UAEXPB_WPAU_INPUT_RECORD@@_N@Z 10008592 f   ConEmuPluginA.obj
 0001:00007632       ?RedrawAll@CPluginAnsi@@UAEXXZ 10008632 f   ConEmuPluginA.obj
 0001:00007655       ?SetStartupInfoPtr@CPluginAnsi@@UAEXPAX@Z 10008655 f   ConEmuPluginA.obj
 0001:00007756       ?SetWindow@CPluginAnsi@@UAEXH@Z 10008756 f   ConEmuPluginA.obj
 0001:00007796       ?ShowMessage@CPluginAnsi@@UAEHPB_WH_N@Z 10008796 f   ConEmuPluginA.obj
 0001:00007820       ?ShowPluginMenu@CPluginAnsi@@UAEHPAUConEmuPluginMenuItem@@HH@Z 10008820 f   ConEmuPluginA.obj
 0001:00007946       ?ShowUserScreen@CPluginAnsi@@UAEX_N@Z 10008946 f   ConEmuPluginA.obj
 0001:0000796c       ?UpdateConEmuTabsApi@CPluginAnsi@@UAE_NH@Z 1000896c f   ConEmuPluginA.obj
 0001:00007bd7       ??$swprintf_c@$0BAE@@@YAHAAY0BAE@_WPB_WZZ 10008bd7 f i ConEmuPluginBase.obj
 0001:00007bf0       ??$swprintf_c@$0DAM@@@YAHAAY0DAM@_WPB_WZZ 10008bf0 f i ConEmuPluginBase.obj
 0001:00007c09       ??$swprintf_c@$0EAA@@@YAHAAY0EAA@_WPB_WZZ 10008c09 f i ConEmuPluginBase.obj
 0001:00007c22       ??$swprintf_c@$0MI@@@YAHAAY0MI@_WPB_WZZ 10008c22 f i ConEmuPluginBase.obj
 0001:00007c3b       ??0?$MFileMapping@UCESERVER_CONSOLE_MAPPING_HDR@@@@QAE@XZ 10008c3b f i ConEmuPluginBase.obj
 0001:00007c98       ??0CPluginBase@@QAE@XZ     10008c98 f   ConEmuPluginBase.obj
 0001:00007da9       ??0MWow64Disable@@QAE@XZ   10008da9 f i ConEmuPluginBase.obj
 0001:00007dee       ??1?$MFileMapping@UPanelViewSetMapping@@@@QAE@XZ 10008dee f i PluginBackground.obj
 0001:00007dee       ??1?$MFileMapping@UCESERVER_CONSOLE_MAPPING_HDR@@@@QAE@XZ 10008dee f i ConEmuPluginBase.obj
 0001:00007dee       ??1?$MFileMapping@UConEmuGuiMapping@@@@QAE@XZ 10008dee f i common-user32:ConEmuCheckEx.obj
 0001:00007df8       ??1CPluginBase@@UAE@XZ     10008df8 f   ConEmuPluginBase.obj
 0001:00007dff       ??1MWow64Disable@@QAE@XZ   10008dff f i ConEmuPluginBase.obj
 0001:00007e33       ??_G?$MFileMapping@UCESERVER_CONSOLE_MAPPING_HDR@@@@QAEPAXI@Z 10008e33 f i ConEmuPluginBase.obj
 0001:00007e5d       ??_GCPluginBase@@UAEPAXI@Z 10008e5d f i ConEmuPluginBase.obj
 0001:00007e5d       ??_ECPluginBase@@UAEPAXI@Z 10008e5d f i ConEmuPluginBase.obj
 0001:00007e83       ?ActivatePlugin@CPluginBase@@QAE_NKPAXK@Z 10008e83 f   ConEmuPluginBase.obj
 0001:00008016       ?AddTab@CPluginBase@@QAE_NAAHH_N1HPB_W2HHHH@Z 10009016 f   ConEmuPluginBase.obj
 0001:000082f7       ?AddTabFinish@CPluginBase@@QAEXH@Z 100092f7 f   ConEmuPluginBase.obj
 0001:00008309       ?Attach2Gui@CPluginBase@@QAE_N_N@Z 10009309 f   ConEmuPluginBase.obj
 0001:00008697       ?BackgroundMacroError@CPluginBase@@SGKPAX@Z 10009697 f   ConEmuPluginBase.obj
 0001:000086be       ?CheckBufferEnabled@CPluginBase@@QAE_NXZ 100096be f   ConEmuPluginBase.obj
 0001:00008717       ?CheckConEmuDetached@CPluginBase@@SAXXZ 10009717 f   ConEmuPluginBase.obj
 0001:000087b2       ?CheckResources@CPluginBase@@QAEX_N@Z 100097b2 f   ConEmuPluginBase.obj
 0001:00008952       ?CloseMap@?$MFileMapping@UCESERVER_CONSOLE_MAPPING_HDR@@@@QAEXXZ 10009952 f i ConEmuPluginBase.obj
 0001:00008952       ?CloseMap@?$MFileMapping@UConEmuGuiMapping@@@@QAEXXZ 10009952 f i common-kernel32:ConEmuCheck.obj
 0001:00008952       ?CloseMap@?$MFileMapping@UPanelViewSetMapping@@@@QAEXXZ 10009952 f i PluginBackground.obj
 0001:000089a3       ?CloseMapHeader@CPluginBase@@SAXXZ 100099a3 f   ConEmuPluginBase.obj
 0001:000089ba       ?ClosePtr@?$MFileMapping@UConEmuGuiMapping@@@@QAEXXZ 100099ba f i common-kernel32:ConEmuCheck.obj
 0001:000089ba       ?ClosePtr@?$MFileMapping@UPanelViewSetMapping@@@@QAEXXZ 100099ba f i PluginBackground.obj
 0001:000089ba       ?ClosePtr@?$MFileMapping@UCESERVER_CONSOLE_MAPPING_HDR@@@@QAEXXZ 100099ba f i ConEmuPluginBase.obj
 0001:000089d2       ?CloseTabs@CPluginBase@@SAXXZ 100099d2 f   ConEmuPluginBase.obj
 0001:00008a5a       ?CommonPluginStartup@CPluginBase@@QAEXXZ 10009a5a f   ConEmuPluginBase.obj
 0001:00008b46       ?CreateTabs@CPluginBase@@SA_NH@Z 10009b46 f   ConEmuPluginBase.obj
 0001:00008bf0       ?Disable@MWow64Disable@@QAEXXZ 10009bf0 f i ConEmuPluginBase.obj
 0001:00008c0a       ?DllCheckUnique@CPluginBase@@KA_N_N@Z 10009c0a f   ConEmuPluginBase.obj
 0001:00008dcf       ?DllMain_ProcessAttach@CPluginBase@@KAXPAUHINSTANCE__@@@Z 10009dcf f   ConEmuPluginBase.obj
 0001:00008ec3       ?DllMain_ProcessDetach@CPluginBase@@KAXXZ 10009ec3 f   ConEmuPluginBase.obj
 0001:00008f95       ?EditViewConsoleOutput@CPluginBase@@QAEX_N@Z 10009f95 f   ConEmuPluginBase.obj
 0001:0000901e       ?EmergencyShow@CPluginBase@@KAXXZ 1000a01e f   ConEmuPluginBase.obj
 0001:00009069       ?ExecuteSynchro@CPluginBase@@QAEXXZ 1000a069 f   ConEmuPluginBase.obj
 0001:000090de       ?ExitFarCommon@CPluginBase@@QAEX_N@Z 1000a0de f   ConEmuPluginBase.obj
 0001:00009101       ?FarSetConsoleSize@CPluginBase@@SA_NFF@Z 1000a101 f   ConEmuPluginBase.obj
 0001:000091e5       ?FillLoadedParm@CPluginBase@@SAXPAUConEmuLoadedArg@@PAUHINSTANCE__@@H@Z 1000a1e5 f   ConEmuPluginBase.obj
 0001:00009273       ?FillUpdateBackground@CPluginBase@@QAEXPAUPaintBackgroundArg@@@Z 1000a273 f   ConEmuPluginBase.obj
 0001:000093b4       ?FindServerCmd@CPluginBase@@QAE_NKAAK_N@Z 1000a3b4 f   ConEmuPluginBase.obj
 0001:0000949a       ?GetMainThreadId@CPluginBase@@SAKXZ 1000a49a f   ConEmuPluginBase.obj
 0001:00009525       ?GetPanelInfo@CPluginBase@@QAE_NKPAUBkPanelInfo@@@Z 1000a525 f   ConEmuPluginBase.obj
 0001:000095a5       ?InitHWND@CPluginBase@@SAXXZ 1000a5a5 f   ConEmuPluginBase.obj
 0001:000097bb       ?InitName@?$MFileMapping@UCESERVER_CONSOLE_MAPPING_HDR@@@@QAEPB_WPB_WKK@Z 1000a7bb f i ConEmuPluginBase.obj
 0001:000097bb       ?InitName@?$MFileMapping@UPanelViewSetMapping@@@@QAEPB_WPB_WKK@Z 1000a7bb f i PluginBackground.obj
 0001:000097bb       ?InitName@?$MFileMapping@UConEmuGuiMapping@@@@QAEPB_WPB_WKK@Z 1000a7bb f i common-kernel32:ConEmuCheck.obj
 0001:000097ec       ?InitResources@CPluginBase@@QAEXXZ 1000a7ec f   ConEmuPluginBase.obj
 0001:000099a8       ?InitRootRegKey@CPluginBase@@IAEXXZ 1000a9a8 f   ConEmuPluginBase.obj
 0001:00009a64       ?InternalOpenCreate@?$MFileMapping@UPanelViewSetMapping@@@@IAEPAUPanelViewSetMapping@@_N0H@Z 1000aa64 f i PluginBackground.obj
 0001:00009a64       ?InternalOpenCreate@?$MFileMapping@UConEmuGuiMapping@@@@IAEPAUConEmuGuiMapping@@_N0H@Z 1000aa64 f i common-kernel32:ConEmuCheck.obj
 0001:00009a64       ?InternalOpenCreate@?$MFileMapping@UCESERVER_CONSOLE_MAPPING_HDR@@@@IAEPAUCESERVER_CONSOLE_MAPPING_HDR@@_N0H@Z 1000aa64 f i ConEmuPluginBase.obj
 0001:00009c46       ?IsCurrentTabModal@CPluginBase@@QAE_NXZ 1000ac46 f   ConEmuPluginBase.obj
 0001:00009ccf       ?IsFarLua@FarVersion@@QBE_NXZ 1000accf f i ConEmuPluginBase.obj
 0001:00009e00       ?LoadFarVersion@CPluginBase@@SA_NXZ 1000ae00 f   ConEmuPluginBase.obj
 0001:0000a047       ?LoadPanelTabsFromRegistry@CPluginBase@@IAEXXZ 1000b047 f   ConEmuPluginBase.obj
 0001:0000a11d       ?MonitorThreadProcW@CPluginBase@@SGKPAX@Z 1000b11d f   ConEmuPluginBase.obj
 0001:0000a4eb       ?NotifyConEmuUnloaded@CPluginBase@@SAXXZ 1000b4eb f   ConEmuPluginBase.obj
 0001:0000a5e6       ?OnConsoleDetaching@CPluginBase@@SGHPAUHookCallbackArg@@@Z 1000b5e6 f   ConEmuPluginBase.obj
 0001:0000a6fa       ?OnConsolePeekInput@CPluginBase@@SGHPAUHookCallbackArg@@@Z 1000b6fa f   ConEmuPluginBase.obj
 0001:0000a759       ?OnConsolePeekInputPost@CPluginBase@@SGHPAUHookCallbackArg@@@Z 1000b759 f   ConEmuPluginBase.obj
 0001:0000a789       ?OnConsolePeekReadInput@CPluginBase@@SAX_N@Z 1000b789 f   ConEmuPluginBase.obj
 0001:0000a940       ?OnConsoleReadInput@CPluginBase@@SGHPAUHookCallbackArg@@@Z 1000b940 f   ConEmuPluginBase.obj
 0001:0000a950       ?OnConsoleReadInputPost@CPluginBase@@SGHPAUHookCallbackArg@@@Z 1000b950 f   ConEmuPluginBase.obj
 0001:0000aad2       ?OnConsoleReadInputWork@CPluginBase@@SAHPAUHookCallbackArg@@@Z 1000bad2 f   ConEmuPluginBase.obj
 0001:0000ab3c       ?OnConsoleWasAttached@CPluginBase@@SGHPAUHookCallbackArg@@@Z 1000bb3c f   ConEmuPluginBase.obj
 0001:0000ab92       ?OnCurDirChanged@CPluginBase@@SGXXZ 1000bb92 f   ConEmuPluginBase.obj
 0001:0000abe7       ?OnGetNumberOfConsoleInputEventsPost@CPluginBase@@SGHPAUHookCallbackArg@@@Z 1000bbe7 f   ConEmuPluginBase.obj
 0001:0000ac1b       ?OnLibraryLoaded@CPluginBase@@SGXPAUHINSTANCE__@@@Z 1000bc1b f   ConEmuPluginBase.obj
 0001:0000ac89       ?OnMainThreadActivated@CPluginBase@@QAEXXZ 1000bc89 f   ConEmuPluginBase.obj
 0001:0000adf3       ?OnPanelViewCallbacks@CPluginBase@@SA_NPAUHookCallbackArg@@P6GHPAXPAU_INPUT_RECORD@@KPAKPAH@Z5@Z 1000bdf3 f   ConEmuPluginBase.obj
 0001:0000ae94       ?OnPostWriteConsoleOutput@CPluginBase@@SGHPAUHookCallbackArg@@@Z 1000be94 f   ConEmuPluginBase.obj
 0001:0000ae9f       ?OnShellExecuteExW_Except@CPluginBase@@SGHPAUHookCallbackArg@@@Z 1000be9f f   ConEmuPluginBase.obj
 0001:0000aed4       ?OnWriteConsoleOutput@CPluginBase@@SGHPAUHookCallbackArg@@@Z 1000bed4 f   ConEmuPluginBase.obj
 0001:0000af61       ?OpenMapHeader@CPluginBase@@SAHXZ 1000bf61 f   ConEmuPluginBase.obj
 0001:0000b01d       ?OpenPluginCommon@CPluginBase@@QAEPAXHH_N@Z 1000c01d f   ConEmuPluginBase.obj
 0001:0000b27a       ?OutDataAlloc@CPluginBase@@SA_NK@Z 1000c27a f   ConEmuPluginBase.obj
 0001:0000b2c9       ?OutDataRealloc@CPluginBase@@SA_NK@Z 1000c2c9 f   ConEmuPluginBase.obj
 0001:0000b360       ?OutDataWrite@CPluginBase@@SA_NPAXK@Z 1000c360 f   ConEmuPluginBase.obj
 0001:0000b3df       ?PanelControl@CPluginBase@@QAEHPAXHH0@Z 1000c3df f   ConEmuPluginBase.obj
 0001:0000b446       ?Plugin@@YAPAVCPluginBase@@XZ 1000c446 f   ConEmuPluginBase.obj
 0001:0000b515       ?PostMacro@CPluginBase@@QAEXPB_WPAU_INPUT_RECORD@@_N@Z 1000c515 f   ConEmuPluginBase.obj
 0001:0000b556       ?PrintText@CPluginBase@@QAE_NPB_W@Z 1000c556 f   ConEmuPluginBase.obj
 0001:0000b62e       ?ProcessCommand@CPluginBase@@QAE_NKHPAXPAPAUCESERVER_REQ@@_N@Z 1000c62e f   ConEmuPluginBase.obj
 0001:0000ba3e       ?ProcessCommandLine@CPluginBase@@QAE_NPA_W@Z 1000ca3e f   ConEmuPluginBase.obj
 0001:0000ba77       ?ProcessDragFrom@CPluginBase@@QAEXXZ 1000ca77 f   ConEmuPluginBase.obj
 0001:0000bfd3       ?ProcessDragTo@CPluginBase@@QAEXXZ 1000cfd3 f   ConEmuPluginBase.obj
 0001:0000c2f1       ?ProcessEditorInputInternal@CPluginBase@@QAEXABU_INPUT_RECORD@@@Z 1000d2f1 f   ConEmuPluginBase.obj
 0001:0000c323       ?ProcessEditorViewerEvent@CPluginBase@@QAEHHH@Z 1000d323 f   ConEmuPluginBase.obj
 0001:0000c3c0       ?ProcessSetWindowCommand@CPluginBase@@QAEXXZ 1000d3c0 f   ConEmuPluginBase.obj
 0001:0000c48c       ?ProcessSynchroEvent@CPluginBase@@QAEHHPAX@Z 1000d48c f   ConEmuPluginBase.obj
 0001:0000c4fe       ?ReloadFarInfo@CPluginBase@@QAE_N_N@Z 1000d4fe f   ConEmuPluginBase.obj
 0001:0000c719       ?ReloadFarInfoApi@CPluginBase@@IAE_NXZ 1000d719 f   ConEmuPluginBase.obj
 0001:0000c8a6       ?Restore@MWow64Disable@@QAEXXZ 1000d8a6 f i ConEmuPluginBase.obj
 0001:0000c8bd       ?RunExternalProgram@CPluginBase@@QAE_NPA_W@Z 1000d8bd f   ConEmuPluginBase.obj
 0001:0000c9ed       ?RunExternalProgramW@CPluginBase@@SA_NPA_W0_N@Z 1000d9ed f   ConEmuPluginBase.obj
 0001:0000cbc1       ?SendTabs@CPluginBase@@SAXH_N@Z 1000dbc1 f   ConEmuPluginBase.obj
 0001:0000cd4c       ?SetRootRegKey@CPluginBase@@IAEXPA_W@Z 1000dd4c f   ConEmuPluginBase.obj
 0001:0000cdcf       ?ShowConsoleInfo@CPluginBase@@QAEXXZ 1000ddcf f   ConEmuPluginBase.obj
 0001:0000cf40       ?ShowMessage@CPluginBase@@QAEHHH@Z 1000df40 f   ConEmuPluginBase.obj
 0001:0000cfa4       ?ShowMessageBox@CPluginBase@@KAHPB_WI@Z 1000dfa4 f   ConEmuPluginBase.obj
 0001:0000d038       ?ShowMessageGui@CPluginBase@@QAEHHH@Z 1000e038 f   ConEmuPluginBase.obj
 0001:0000d0a0       ?ShowPanelsList@CPluginBase@@QAEXXZ 1000e0a0 f   ConEmuPluginBase.obj
 0001:0000d1a0       ?ShowPluginMenu@CPluginBase@@QAEXW4PluginCallCommands@@@Z 1000e1a0 f   ConEmuPluginBase.obj
 0001:0000d355       ?ShowProtocolWarning@CPluginBase@@KAXXZ 1000e355 f   ConEmuPluginBase.obj
 0001:0000d495       ?ShowTabsList@CPluginBase@@QAEXXZ 1000e495 f   ConEmuPluginBase.obj
 0001:0000d6ba       ?StartDebugger@CPluginBase@@QAE_NXZ 1000e6ba f   ConEmuPluginBase.obj
 0001:0000d928       ?StopThread@CPluginBase@@QAEX_N@Z 1000e928 f   ConEmuPluginBase.obj
 0001:0000daeb       ?StorePanelDirs@CPluginBase@@QAE_NPB_W0@Z 1000eaeb f   ConEmuPluginBase.obj
 0001:0000dc07       ?StringCchCatW@@YGJPA_WIPB_W@Z 1000ec07 f i ConEmuPluginBase.obj
 0001:0000dc45       ?StringCchCopyW@@YGJPA_WIPB_W@Z 1000ec45 f i ConEmuPluginBase.obj
 0001:0000dd5b       ?SwitchTabCommand@CPluginBase@@QAEXW4PluginMenuCommands@@@Z 1000ed5b f   ConEmuPluginBase.obj
 0001:0000ddd3       ?ToOem@CPluginBase@@SAPADPB_W@Z 1000edd3 f   ConEmuPluginBase.obj
 0001:0000de11       ?ToOem@CPluginBase@@SAXPB_WPADH@Z 1000ee11 f   ConEmuPluginBase.obj
 0001:0000de38       ?ToUnicode@CPluginBase@@SAPA_WPBD@Z 1000ee38 f   ConEmuPluginBase.obj
 0001:0000de8f       ?TouchReadPeekConsoleInputs@CPluginBase@@SAXH@Z 1000ee8f f   ConEmuPluginBase.obj
 0001:0000dec7       ?UngetDummyMouseEvent@CPluginBase@@SA_N_NPAUHookCallbackArg@@@Z 1000eec7 f   ConEmuPluginBase.obj
 0001:0000e040       ?UpdateConEmuTabs@CPluginBase@@QAE_N_N@Z 1000f040 f   ConEmuPluginBase.obj
 0001:0000e238       ?UpdatePanelDirs@CPluginBase@@QAEXXZ 1000f238 f   ConEmuPluginBase.obj
 0001:0000e3a6       ?WaitPluginActivation@CPluginBase@@SAKKPAPAXHK@Z 1000f3a6 f   ConEmuPluginBase.obj
 0001:0000e48c       ?cmd_CloseQSearch@CPluginBase@@QAEXXZ 1000f48c f   ConEmuPluginBase.obj
 0001:0000e4b6       ?cmd_ConSetFont@CPluginBase@@QAEXPAX@Z 1000f4b6 f   ConEmuPluginBase.obj
 0001:0000e4e8       ?cmd_EMenu@CPluginBase@@QAEXPAX@Z 1000f4e8 f   ConEmuPluginBase.obj
 0001:0000e583       ?cmd_ExternalCallback@CPluginBase@@QAE_NPAX@Z 1000f583 f   ConEmuPluginBase.obj
 0001:0000e5c6       ?cmd_GuiChanged@CPluginBase@@QAEXPAX@Z 1000f5c6 f   ConEmuPluginBase.obj
 0001:0000e63d       ?cmd_LeftClickSync@CPluginBase@@QAEXPAX@Z 1000f63d f   ConEmuPluginBase.obj
 0001:0000e70a       ?cmd_OpenEditorLine@CPluginBase@@QAE_NPAUCESERVER_REQ_FAREDITOR@@@Z 1000f70a f   ConEmuPluginBase.obj
 0001:0000e79d       ?cmd_RedrawFarCall@CPluginBase@@QAE_NAAPAUCESERVER_REQ@@PAPAU2@@Z 1000f79d f   ConEmuPluginBase.obj
 0001:0000e831       ?cmd_SetWindow@CPluginBase@@QAE_NPAX_N@Z 1000f831 f   ConEmuPluginBase.obj
 0001:0000e8a1       ?isEditorViewer@CPluginBase@@QAE_NXZ 1000f8a1 f   ConEmuPluginBase.obj
 0001:0000e8bf       ?isMacroActive@CPluginBase@@QAE_NAAH@Z 1000f8bf f   ConEmuPluginBase.obj
 0001:0000e8f7       ?isModalEditorViewer@CPluginBase@@QAE_NXZ 1000f8f7 f   ConEmuPluginBase.obj
 0001:0000e91e       ?pcc_Disabled@CPluginBase@@SA_NW4PluginMenuCommands@@@Z 1000f91e f   ConEmuPluginBase.obj
 0001:0000e98b       ?pcc_Selected@CPluginBase@@SA_NW4PluginMenuCommands@@@Z 1000f98b f   ConEmuPluginBase.obj
 0001:0000e9de       _wmemcmp                   1000f9de f i ConEmuPluginBase.obj
 0001:0000ea14       ??0?$MFileMapping@UPanelViewSetMapping@@@@QAE@XZ 1000fa14 f i PluginBackground.obj
 0001:0000ea71       ??0CPluginBackground@@QAE@XZ 1000fa71 f   PluginBackground.obj
 0001:0000ebe2       ??1CPluginBackground@@QAE@XZ 1000fbe2 f   PluginBackground.obj
 0001:0000ed4d       ?CheckPanelFolders@CPluginBackground@@IAEXH@Z 1000fd4d f   PluginBackground.obj
 0001:0000edfa       ?GetTo@?$MFileMapping@UPanelViewSetMapping@@@@QAE_NPAUPanelViewSetMapping@@H@Z 1000fdfa f i PluginBackground.obj
 0001:0000eec9       ?IsParmChanged@CPluginBackground@@IAE_NPAUPaintBackgroundArg@@0@Z 1000fec9 f   PluginBackground.obj
 0001:0000f0ea       ?LoadThSet@CPluginBackground@@IAEHH@Z 100100ea f   PluginBackground.obj
 0001:0000f25f       ?MonitorBackground@CPluginBackground@@QAEXXZ 1001025f f   PluginBackground.obj
 0001:0000f2b7       ?OnMainThreadActivated@CPluginBackground@@QAEXHH@Z 100102b7 f   PluginBackground.obj
 0001:0000f371       ?ReallocItems@CPluginBackground@@IAEXH@Z 10010371 f   PluginBackground.obj
 0001:0000f3bb       ?RegisterSubplugin@CPluginBackground@@QAEHPAURegisterBackgroundArg@@@Z 100103bb f   PluginBackground.obj
 0001:0000f5ca       ?SetDcPanelRect@CPluginBackground@@IAEXPAUtagRECT@@PAUBkPanelInfo@@PAUPaintBackgroundArg@@@Z 100105ca f   PluginBackground.obj
 0001:0000f6a5       ?SetForceThLoad@CPluginBackground@@QAEXXZ 100106a5 f   PluginBackground.obj
 0001:0000f6b8       ?SetForceUpdate@CPluginBackground@@QAEX_N@Z 100106b8 f   PluginBackground.obj
 0001:0000f6da       ?UpdateBackground@CPluginBackground@@IAEXXZ 100106da f   PluginBackground.obj
 0001:0000fe35       ?UpdateBackground_Exec@CPluginBackground@@KAXPAURegisterBackgroundArg@@PAUPaintBackgroundArg@@@Z 10010e35 f   PluginBackground.obj
 0001:0000feab       ??$swprintf_c@$09@@YAHAAY09_WPB_WZZ 10010eab f i PluginSrv.obj
 0001:0000fec1       ??$wcscpy_c@$0BAE@@@YAHAAY0BAE@_WPB_W@Z 10010ec1 f i PluginSrv.obj
 0001:0000fed6       ?AllocRequestBuf@PipeInst@?$PipeServer@UCESERVER_REQ@@@@QAEPAUCESERVER_REQ@@K@Z 10010ed6 f i PluginSrv.obj
 0001:0000ff12       ?DumpError@?$PipeServer@UCESERVER_REQ@@@@IAEXPAUPipeInst@1@PB_WH@Z 10010f12 f i PluginSrv.obj
 0001:0000ffe5       ?PipeServerRead@?$PipeServer@UCESERVER_REQ@@@@IAEHPAUPipeInst@1@@Z 10010fe5 f i PluginSrv.obj
 0001:00010248       ?PipeServerThread@?$PipeServer@UCESERVER_REQ@@@@IAEKPAUPipeInst@1@@Z 10011248 f i PluginSrv.obj
 0001:00010475       ?PipeServerWrite@?$PipeServer@UCESERVER_REQ@@@@IAEHPAUPipeInst@1@PBXKPAKH@Z 10011475 f i PluginSrv.obj
 0001:00010551       ?PlugServerCommand@@YGHPAXPAUCESERVER_REQ@@AAPAU1@AAK3J@Z 10011551 f   PluginSrv.obj
 0001:000109c8       ?PlugServerFree@@YGXPAUCESERVER_REQ@@J@Z 100119c8 f   PluginSrv.obj
 0001:000109d9       ?PlugServerStart@@YA_NXZ   100119d9 f   PluginSrv.obj
 0001:00010a88       ?PlugServerStop@@YAX_N@Z   10011a88 f   PluginSrv.obj
 0001:00010ac1       ?SetMaxCount@?$PipeServer@UCESERVER_REQ@@@@QAEXH@Z 10011ac1 f i PluginSrv.obj
 0001:00010ae8       ?StartPipeInstance@?$PipeServer@UCESERVER_REQ@@@@IAE_NPAUPipeInst@1@@Z 10011ae8 f i PluginSrv.obj
 0001:00010c17       ?StartPipeServer@?$PipeServer@UCESERVER_REQ@@@@QAE_N_NPB_WJPAU_SECURITY_ATTRIBUTES@@P6GHPAXPAUCESERVER_REQ@@AAPAU3@AAK6J@ZP6GX4J@ZP6GH3J@Z99@Z 10011c17 f i PluginSrv.obj
 0001:00010d49       ?StopPipeServer@?$PipeServer@UCESERVER_REQ@@@@QAEX_NAA_N@Z 10011d49 f i PluginSrv.obj
 0001:00011022       ?TerminatePipeThread@?$PipeServer@UCESERVER_REQ@@@@KAXAAPAXABUPipeInst@1@AA_N@Z 10012022 f i PluginSrv.obj
 0001:00011078       ?WaitForClient@?$PipeServer@UCESERVER_REQ@@@@IAE_NPAUPipeInst@1@AAH1@Z 10012078 f i PluginSrv.obj
 0001:0001130a       ?WaitOverlapped@?$PipeServer@UCESERVER_REQ@@@@IAEHPAUPipeInst@1@PAK@Z 1001230a f i PluginSrv.obj
 0001:00011459       ?WriteDummyAnswer@?$PipeServer@UCESERVER_REQ@@@@IAEHPAUPipeInst@1@@Z 10012459 f i PluginSrv.obj
 0001:000114b1       ?_Disconnect@?$PipeServer@UCESERVER_REQ@@@@IAEXPAUPipeInst@1@_N11@Z 100124b1 f i PluginSrv.obj
 0001:00011505       ?_PipeServerThread@?$PipeServer@UCESERVER_REQ@@@@KGKPAX@Z 10012505 f i PluginSrv.obj
 0001:0001154c       ?cmd_FarSetChanged@@YAXPAUFAR_REQ_FARSETCHANGED@@@Z 1001254c f   PluginSrv.obj
 0001:0001159a       _GetFileVersionInfoSizeW@8 1001259a f   version:VERSION.dll
 0001:000115a0       _GetFileVersionInfoW@16    100125a0 f   version:VERSION.dll
 0001:000115a6       _VerQueryValueW@16         100125a6 f   version:VERSION.dll
 0001:000115ac       _CreateToolhelp32Snapshot@8 100125ac f   kernel32:KERNEL32.dll
 0001:000115b2       _Thread32First@8           100125b2 f   kernel32:KERNEL32.dll
 0001:000115b8       _Thread32Next@8            100125b8 f   kernel32:KERNEL32.dll
 0001:000115be       _Module32FirstW@8          100125be f   kernel32:KERNEL32.dll
 0001:000115c4       _Module32NextW@8           100125c4 f   kernel32:KERNEL32.dll
 0001:000115ca       ??2@YAPAXI@Z               100125ca f   common-kernel32:Memory.obj
 0001:000115eb       ??_V@YAXPAX@Z              100125eb f   common-kernel32:Memory.obj
 0001:000115eb       ??3@YAXPAX@Z               100125eb f   common-kernel32:Memory.obj
 0001:000115f0       ??_U@YAPAXI@Z              100125f0 f   common-kernel32:Memory.obj
 0001:000115f9       ?HeapDeinitialize@@YAXXZ   100125f9 f   common-kernel32:Memory.obj
 0001:0001164f       ?HeapInitialize@@YA_NXZ    1001264f f   common-kernel32:Memory.obj
 0001:0001167d       ?xf_calloc@@YAPAXII@Z      1001267d f   common-kernel32:Memory.obj
 0001:000116a8       ?xf_free@@YAXPAX@Z         100126a8 f   common-kernel32:Memory.obj
 0001:000116e8       ?xf_malloc@@YAPAXI@Z       100126e8 f   common-kernel32:Memory.obj
 0001:0001170e       ?xf_realloc@@YAPAXPAXI@Z   1001270e f   common-kernel32:Memory.obj
 0001:00011735       ??0?$MFileMapping@UConEmuGuiMapping@@@@QAE@XZ 10012735 f i common-kernel32:ConEmuCheck.obj
 0001:00011792       ?ExecuteCmd@@YAPAUCESERVER_REQ@@PB_WPAU1@KPAUHWND__@@HKH@Z 10012792 f   common-kernel32:ConEmuCheck.obj
 0001:00011967       ?ExecuteFreeResult@@YAXAAPAUCESERVER_REQ@@@Z 10012967 f   common-kernel32:ConEmuCheck.obj
 0001:0001197f       ?ExecuteGuiCmd@@YAPAUCESERVER_REQ@@PAUHWND__@@PAU1@0H@Z 1001297f f   common-kernel32:ConEmuCheck.obj
 0001:00011a00       ?ExecuteNewCmd@@YAPAUCESERVER_REQ@@KI@Z 10012a00 f   common-kernel32:ConEmuCheck.obj
 0001:00011a3e       ?ExecuteNewCmd@@YA_NAAPAUCESERVER_REQ@@AAKKI@Z 10012a3e f   common-kernel32:ConEmuCheck.obj
 0001:00011a9c       ?ExecuteOpenPipe@@YAPAXPB_WAAY0CAI@_W0KKHPAXH@Z 10012a9c f   common-kernel32:ConEmuCheck.obj
 0001:00011bd6       ?ExecutePrepareCmd@@YAXPAUCESERVER_REQ@@KI@Z 10012bd6 f   common-kernel32:ConEmuCheck.obj
 0001:00011c0d       ?ExecutePrepareCmd@@YAXPAUCESERVER_REQ_HDR@@KI@Z 10012c0d f   common-kernel32:ConEmuCheck.obj
 0001:00011c75       ?ExecuteSrvCmd@@YAPAUCESERVER_REQ@@KPAU1@PAUHWND__@@HKH@Z 10012c75 f   common-kernel32:ConEmuCheck.obj
 0001:00011d0c       ?GetConEmuHWND@@YAPAUHWND__@@H@Z 10012d0c f   common-kernel32:ConEmuCheck.obj
 0001:00011e15       ?GuiMessageBox@@YAHPAUHWND__@@PB_W1H@Z 10012e15 f   common-kernel32:ConEmuCheck.obj
 0001:00011f32       ?LoadSrvMapping@@YAHPAUHWND__@@AAUCESERVER_CONSOLE_MAPPING_HDR@@@Z 10012f32 f   common-kernel32:ConEmuCheck.obj
 0001:00011fe6       ?ModuleName@@YAPB_WPB_W@Z  10012fe6 f   common-kernel32:ConEmuCheck.obj
 0001:0001207c       ?StringCchCopyNW@@YGJPA_WIPB_WI@Z 1001307c f i common-kernel32:ConEmuCheck.obj
 0001:000120c8       ?isConsoleClass@@YA_NPB_W@Z 100130c8 f   common-kernel32:ConEmuCheck.obj
 0001:00012102       ?isConsoleWindow@@YA_NPAUHWND__@@@Z 10013102 f   common-kernel32:ConEmuCheck.obj
 0001:000121c9       ?myGetConsoleWindow@@YAPAUHWND__@@XZ 100131c9 f   common-kernel32:ConEmuCheck.obj
 0001:0001225e       ?StringCchVPrintfA@@YGJPADIPBD0@Z 1001325e f i common-kernel32:MStrSafe.obj
 0001:000122b3       ?lstrcmpni@@YAHPB_W0H@Z    100132b3 f   common-kernel32:MStrSafe.obj
 0001:0001239e       ?msprintf@@YAPB_WPA_WIPB_WZZ 1001339e f   common-kernel32:MStrSafe.obj
 0001:000123b8       ?mvsprintf@@YAPB_WPA_WIPB_WPAD@Z 100133b8 f   common-kernel32:MStrSafe.obj
 0001:0001281b       ?sprintf_c@@YAHPADHPBDZZ   1001381b f   common-kernel32:MStrSafe.obj
 0001:0001283e       ?swprintf_c@@YAHPA_WHPB_WZZ 1001383e f   common-kernel32:MStrSafe.obj
 0001:00012861       __vsnprintf_l              10013861 f i common-kernel32:MStrSafe.obj
 0001:00012893       ?IsFilePath@@YA_NPB_W_N@Z  10013893 f   common-kernel32:CmdLine.obj
 0001:00012a07       ?PointToExt@@YAPB_WPB_W@Z  10013a07 f   common-kernel32:CmdLine.obj
 0001:00012a25       ?PointToName@@YAPB_WPB_W@Z 10013a25 f   common-kernel32:CmdLine.obj
 0001:00012a67       ?Unquote@@YAPB_WPA_W_N@Z   10013a67 f   common-kernel32:CmdLine.obj
 0001:00012ab2       ??$sprintf_c@$0CI@@@YAHAAY0CI@DPBDZZ 10013ab2 f i common-kernel32:WThreads.obj
 0001:00012ac8       ?SetThreadName@@YAXKPAD@Z  10013ac8 f   common-kernel32:WThreads.obj
 0001:00012b21       ?apiCreateThread@@YAPAXP6GKPAX@Z0PAKPBDH@Z 10013b21 f   common-kernel32:WThreads.obj
 0001:00012c19       ?apiTerminateThreadEx@@YAHPAXKPBDH@Z 10013c19 f   common-kernel32:WThreads.obj
 0001:00012ced       ?apiThreadHelper@@YGKPAX@Z 10013ced f   common-kernel32:WThreads.obj
 0001:00012e79       ?lstrdup@@YAPA_WPB_WI@Z    10013e79 f   common-kernel32:MStrDup.obj
 0001:00012ec5       ?lstrmerge@@YAPA_WPB_W00000000@Z 10013ec5 f   common-kernel32:MStrDup.obj
 0001:00012fbf       ?lstrmerge@@YA_NPAPA_WPB_W1111111@Z 10013fbf f   common-kernel32:MStrDup.obj
 0001:00013008       ??0CEStr@@QAE@$$QAPA_W@Z   10014008 f   common-kernel32:CEStr.obj
 0001:00013024       ??0CEStr@@QAE@$$QAU0@@Z    10014024 f   common-kernel32:CEStr.obj
 0001:0001304d       ??0CEStr@@QAE@PB_W00000000@Z 1001404d f   common-kernel32:CEStr.obj
 0001:00013092       ??0CEStr@@QAE@XZ           10014092 f   common-kernel32:CEStr.obj
 0001:0001309c       ??0bad_alloc@stdext@@QAE@ABV01@@Z 1001409c f i common-kernel32:CEStr.obj
 0001:000130ba       ??0bad_alloc@stdext@@QAE@XZ 100140ba f i common-kernel32:CEStr.obj
 0001:000130ca       ??0exception@stdext@@QAE@ABV01@@Z 100140ca f i common-kernel32:CEStr.obj
 0001:000130e2       ??1CEStr@@QAE@XZ           100140e2 f   common-kernel32:CEStr.obj
 0001:000130e7       ??1bad_alloc@stdext@@UAE@XZ 100140e7 f i common-kernel32:CEStr.obj
 0001:000130ee       ??4CEStr@@QAEAAU0@$$QAU0@@Z 100140ee f   common-kernel32:CEStr.obj
 0001:00013123       ??4CEStr@@QAEAAU0@PB_W@Z   10014123 f   common-kernel32:CEStr.obj
 0001:0001313f       ??BCEStr@@QBEPB_WXZ        1001413f f   common-kernel32:CEStr.obj
 0001:0001313f       ?data@CEStr@@QBEPA_WXZ     1001413f f   common-kernel32:CEStr.obj
 0001:00013142       ??BCEStr@@QBE_NXZ          10014142 f   common-kernel32:CEStr.obj
 0001:0001314a       ??_Eexception@stdext@@UAEPAXI@Z 1001414a f i common-kernel32:CEStr.obj
 0001:0001314a       ??_Gbad_alloc@stdext@@UAEPAXI@Z 1001414a f i common-kernel32:CEStr.obj
 0001:0001314a       ??_Gexception@stdext@@UAEPAXI@Z 1001414a f i common-kernel32:CEStr.obj
 0001:0001314a       ??_Ebad_alloc@stdext@@UAEPAXI@Z 1001414a f i common-kernel32:CEStr.obj
 0001:0001316d       ?AttachInt@CEStr@@AAEPB_WAAPA_W@Z 1001416d f   common-kernel32:CEStr.obj
 0001:000131d0       ?Clear@CEStr@@QAEXXZ       100141d0 f   common-kernel32:CEStr.obj
 0001:000131de       ?Compare@CEStr@@QBEHPB_W_N@Z 100141de f   common-kernel32:CEStr.obj
 0001:00013219       ?Detach@CEStr@@QAEPA_WXZ   10014219 f   common-kernel32:CEStr.obj
 0001:00013223       ?GetBuffer@CEStr@@QAEPA_WH@Z 10014223 f   common-kernel32:CEStr.obj
 0001:000132b5       ?GetLen@CEStr@@QBEHXZ      100142b5 f   common-kernel32:CEStr.obj
 0001:000132df       ?GetMaxCount@CEStr@@QAEHXZ 100142df f   common-kernel32:CEStr.obj
 0001:000132fb       ?IsEmpty@CEStr@@QBE_NXZ    100142fb f   common-kernel32:CEStr.obj
 0001:0001330b       ?Release@CEStr@@QAEXXZ     1001430b f   common-kernel32:CEStr.obj
 0001:00013320       ?Set@CEStr@@QAEPB_WPB_WH@Z 10014320 f   common-kernel32:CEStr.obj
 0001:000133e5       ?SetAt@CEStr@@QAE_WH_W@Z   100143e5 f   common-kernel32:CEStr.obj
 0001:0001341b       ?_Doraise@bad_alloc@stdext@@MBEXXZ 1001441b f i common-kernel32:CEStr.obj
 0001:00013428       ?c_str@CEStr@@QBEPB_WPB_W@Z 10014428 f   common-kernel32:CEStr.obj
 0001:00013438       ?what@exception@stdext@@UBEPBDXZ 10014438 f i common-kernel32:CEStr.obj
 0001:00013653       ??0CEnvStrings@@QAE@PA_W@Z 10014653 f   common-kernel32:EnvVar.obj
 0001:000136b1       ??1CEnvStrings@@QAE@XZ     100146b1 f   common-kernel32:EnvVar.obj
 0001:000136c6       ?Clear@CEnvRestorer@@QAEXXZ 100146c6 f   common-kernel32:EnvVar.obj
 0001:000136dd       ?ExpandEnvStr@@YA?AUCEStr@@PB_W@Z 100146dd f   common-kernel32:EnvVar.obj
 0001:000136fe       ?GetEnvVar@@YA?AUCEStr@@PB_W@Z 100146fe f   common-kernel32:EnvVar.obj
 0001:0001371a       ?SavePathVar@CEnvRestorer@@QAEXPB_W@Z 1001471a f   common-kernel32:EnvVar.obj
 0001:00013746       ?CommonShutdown@@YAXXZ     10014746 f   common-kernel32:Common.obj
 0001:00013755       ?GetCommand@CESERVER_REQ_NEWCMD@@QAEPA_WXZ 10014755 f   common-kernel32:Common.obj
 0001:0001376e       ?GetEnvStrings@CESERVER_REQ_NEWCMD@@QAEPA_WXZ 1001476e f   common-kernel32:Common.obj
 0001:0001378b       ?IsEnvBlockVariableValid@@YA_NPB_W@Z 1001478b f   common-kernel32:Common.obj
 0001:000137b7       ?IsEnvBlockVariableValid@@YA_NPB_WAAPB_W@Z 100147b7 f   common-kernel32:Common.obj
 0001:000137ed       ?SetCommand@CESERVER_REQ_NEWCMD@@QAEXPB_W@Z 100147ed f   common-kernel32:Common.obj
 0001:00013839       ?SetEnvStrings@CESERVER_REQ_NEWCMD@@QAEXPB_WK@Z 10014839 f   common-kernel32:Common.obj
 0001:00013905       ??0MNullDesc@@QAE@XZ       10014905 f i common-kernel32:MSecurity.obj
 0001:00013927       ??1MNullDesc@@QAE@XZ       10014927 f i common-kernel32:MSecurity.obj
 0001:0001395f       ?LoadAdvApi@MNullDesc@@IAEHXZ 1001495f f i common-kernel32:MSecurity.obj
 0001:00013a37       ?LocalSecurity@@YAPAU_SECURITY_ATTRIBUTES@@XZ 10014a37 f   common-kernel32:MSecurity.obj
 0001:00013a63       ?LocalSecurity@MNullDesc@@QAEPAU_SECURITY_ATTRIBUTES@@XZ 10014a63 f i common-kernel32:MSecurity.obj
 0001:00013b80       ?ShutdownSecurity@@YAXXZ   10014b80 f   common-kernel32:MSecurity.obj
 0001:00013ba5       ?UnloadAdvApi@MNullDesc@@IAEXXZ 10014ba5 f i common-kernel32:MSecurity.obj
 0001:00013bbd       ??$?0P6GHPAX@ZX@?$function@$$A6AXPAX@Z@std@@QAE@P6GHPAX@Z@Z 10014bbd f i common-kernel32:WObjects.obj
 0001:00013bdd       ??$GetProcAddress@$$A6GHPAU_OSVERSIONINFOEXW@@K_K@Z@MModule@@QBE_NQBDAAP6GHPAU_OSVERSIONINFOEXW@@K_K@Z@Z 10014bdd f i common-kernel32:WObjects.obj
 0001:00013c1a       ??0MHandle@@QAE@PAXV?$function@$$A6AXPAX@Z@std@@@Z 10014c1a f i common-kernel32:WObjects.obj
 0001:00013c44       ??R?$_Func_class@XPAX@std@@QBEXPAX@Z 10014c44 f i common-kernel32:WObjects.obj
 0001:00013c61       ?Close@MHandle@@QAEXXZ     10014c61 f i common-kernel32:WObjects.obj
 0001:00013c8e       ?FileExists@@YA_NPB_WPA_K@Z 10014c8e f   common-kernel32:WObjects.obj
 0001:00013e76       ?IsWin6@@YA_NXZ            10014e76 f   common-kernel32:WObjects.obj
 0001:00013ea4       ?IsWin7@@YA_NXZ            10014ea4 f   common-kernel32:WObjects.obj
 0001:00013ed2       ?IsWinVerOrHigher@@YA_NG@Z 10014ed2 f   common-kernel32:WObjects.obj
 0001:00013f4f       ?IsWindows64@@YA_NXZ       10014f4f f   common-kernel32:WObjects.obj
 0001:00013fbf       ?MakeOsVersionEx@@YA?AU_OSVERSIONINFOEXW@@KK@Z 10014fbf f   common-kernel32:WObjects.obj
 0001:00013ff0       ?SetHandle@MHandle@@QAE_NPAXV?$function@$$A6AXPAX@Z@std@@@Z 10014ff0 f i common-kernel32:WObjects.obj
 0001:00014044       ?_Copy@?$_Func_impl_no_alloc@P6GHPAX@ZXPAX@std@@EBEPAV?$_Func_base@XPAX@2@PAX@Z 10015044 f i common-kernel32:WObjects.obj
 0001:00014044       ?_Move@?$_Func_impl_no_alloc@P6GHPAX@ZXPAX@std@@EAEPAV?$_Func_base@XPAX@2@PAX@Z 10015044 f i common-kernel32:WObjects.obj
 0001:0001405a       ?_Delete_this@?$_Func_impl_no_alloc@V<lambda_9e7323793ed24b1a5fadb4d27ba29021>@@_NABUtagPROCESSENTRY32W@@@std@@EAEX_N@Z 1001505a f i common-kernel32:MProcess.obj
 0001:0001405a       ?_Delete_this@?$_Func_impl_no_alloc@P6GHPAX@ZXPAX@std@@EAEX_N@Z 1001505a f i common-kernel32:WObjects.obj
 0001:00014071       ?_Do_call@?$_Func_impl_no_alloc@P6GHPAX@ZXPAX@std@@EAEX$$QAPAX@Z 10015071 f i common-kernel32:WObjects.obj
 0001:00014080       ?_Get@?$_Func_impl_no_alloc@P6GHPAX@ZXPAX@std@@EBEPBXXZ 10015080 f i common-kernel32:WObjects.obj
 0001:00014080       ?_Get@?$_Func_impl_no_alloc@V<lambda_9e7323793ed24b1a5fadb4d27ba29021>@@_NABUtagPROCESSENTRY32W@@@std@@EBEPBXXZ 10015080 f i common-kernel32:MProcess.obj
 0001:00014084       ?_Reset_move@?$_Func_class@XPAX@std@@IAEX$$QAV12@@Z 10015084 f i common-kernel32:WObjects.obj
 0001:000140b8       ?_Target_type@?$_Func_impl_no_alloc@P6GHPAX@ZXPAX@std@@EBEABVtype_info@@XZ 100150b8 f i common-kernel32:WObjects.obj
 0001:000140be       ?_Tidy@?$_Func_class@XPAX@std@@IAEXXZ 100150be f i common-kernel32:WObjects.obj
 0001:000140be       ?_Tidy@?$_Func_class@_NABUtagPROCESSENTRY32W@@@std@@IAEXXZ 100150be f i common-kernel32:MProcess.obj
 0001:000140dc       ?_VerifyVersionInfo@@YA_NPAU_OSVERSIONINFOEXW@@K_K@Z 100150dc f   common-kernel32:WObjects.obj
 0001:00014156       ?Init@HkFunc@@QAE_NPB_WPAUHINSTANCE__@@@Z 10015156 f   common-kernel32:HkFunc.obj
 0001:000141b4       ?isConEmuHk@HkFunc@@QAE_NXZ 100151b4 f   common-kernel32:HkFunc.obj
 0001:000141bb       ??$_Emplace_reallocate@ABUtagPROCESSENTRY32W@@@?$vector@UtagPROCESSENTRY32W@@V?$MArrayAllocator@UtagPROCESSENTRY32W@@@@@std@@QAEPAUtagPROCESSENTRY32W@@QAU2@ABU2@@Z 100151bb f i common-kernel32:MProcess.obj
 0001:0001427e       ??$emplace_back@ABUtagPROCESSENTRY32W@@@?$vector@UtagPROCESSENTRY32W@@V?$MArrayAllocator@UtagPROCESSENTRY32W@@@@@std@@QAEXABUtagPROCESSENTRY32W@@@Z 1001527e f i common-kernel32:MProcess.obj
 0001:000142b1       ??0?$MToolHelp@UtagPROCESSENTRY32W@@$1?Process32FirstW@@YGHPAXPAU1@@Z$1?Process32NextW@@YGH01@Z@@QAE@KK@Z 100152b1 f i common-kernel32:MProcess.obj
 0001:0001431f       ??1?$MToolHelp@UtagPROCESSENTRY32W@@$1?Process32FirstW@@YGHPAXPAU1@@Z$1?Process32NextW@@YGH01@Z@@UAE@XZ 1001531f f i common-kernel32:MProcess.obj
 0001:00014339       ??_GMToolHelpProcess@@UAEPAXI@Z 10015339 f i common-kernel32:MProcess.obj
 0001:00014339       ??_EMToolHelpProcess@@UAEPAXI@Z 10015339 f i common-kernel32:MProcess.obj
 0001:00014339       ??_E?$MToolHelp@UtagPROCESSENTRY32W@@$1?Process32FirstW@@YGHPAXPAU1@@Z$1?Process32NextW@@YGH01@Z@@UAEPAXI@Z 10015339 f i common-kernel32:MProcess.obj
 0001:00014339       ??_G?$MToolHelp@UtagPROCESSENTRY32W@@$1?Process32FirstW@@YGHPAXPAU1@@Z$1?Process32NextW@@YGH01@Z@@UAEPAXI@Z 10015339 f i common-kernel32:MProcess.obj
 0001:0001435e       ?Close@?$MToolHelp@UtagPROCESSENTRY32W@@$1?Process32FirstW@@YGHPAXPAU1@@Z$1?Process32NextW@@YGH01@Z@@QAEXXZ 1001535e f i common-kernel32:MProcess.obj
 0001:000143cb       ?Filter@?$MToolHelp@UtagPROCESSENTRY32W@@$1?Process32FirstW@@YGHPAXPAU1@@Z$1?Process32NextW@@YGH01@Z@@MAE_NABUtagPROCESSENTRY32W@@@Z 100153cb f i common-kernel32:MProcess.obj
 0001:000143d0       ?Find@?$MToolHelp@UtagPROCESSENTRY32W@@$1?Process32FirstW@@YGHPAXPAU1@@Z$1?Process32NextW@@YGH01@Z@@QAE_NABV?$function@$$A6A_NABUtagPROCESSENTRY32W@@@Z@std@@AAUtagPROCESSENTRY32W@@@Z 100153d0 f i common-kernel32:MProcess.obj
 0001:0001446a       ?Find@MToolHelpProcess@@QAE_NKAAUtagPROCESSENTRY32W@@@Z 1001546a f i common-kernel32:MProcess.obj
 0001:000144b3       ?Next@?$MToolHelp@UtagPROCESSENTRY32W@@$1?Process32FirstW@@YGHPAXPAU1@@Z$1?Process32NextW@@YGH01@Z@@QAE_NAAUtagPROCESSENTRY32W@@@Z 100154b3 f i common-kernel32:MProcess.obj
 0001:0001450b       ?Open@?$MToolHelp@UtagPROCESSENTRY32W@@$1?Process32FirstW@@YGHPAXPAU1@@Z$1?Process32NextW@@YGH01@Z@@QAE_NXZ 1001550b f i common-kernel32:MProcess.obj
 0001:0001456a       ?_Calculate_growth@?$vector@UtagPROCESSENTRY32W@@V?$MArrayAllocator@UtagPROCESSENTRY32W@@@@@std@@ABEII@Z 1001556a f i common-kernel32:MProcess.obj
 0001:00014597       ?_Change_array@?$vector@UtagPROCESSENTRY32W@@V?$MArrayAllocator@UtagPROCESSENTRY32W@@@@@std@@AAEXQAUtagPROCESSENTRY32W@@II@Z 10015597 f i common-kernel32:MProcess.obj
 0001:000145cc       ?_Move@?$_Func_impl_no_alloc@V<lambda_9e7323793ed24b1a5fadb4d27ba29021>@@_NABUtagPROCESSENTRY32W@@@std@@EAEPAV?$_Func_base@_NABUtagPROCESSENTRY32W@@@2@PAX@Z 100155cc f i common-kernel32:MProcess.obj
 0001:000145cc       ?_Copy@?$_Func_impl_no_alloc@V<lambda_9e7323793ed24b1a5fadb4d27ba29021>@@_NABUtagPROCESSENTRY32W@@@std@@EBEPAV?$_Func_base@_NABUtagPROCESSENTRY32W@@@2@PAX@Z 100155cc f i common-kernel32:MProcess.obj
 0001:000145e2       ?_Do_call@?$_Func_impl_no_alloc@V<lambda_9e7323793ed24b1a5fadb4d27ba29021>@@_NABUtagPROCESSENTRY32W@@@std@@EAE_NABUtagPROCESSENTRY32W@@@Z 100155e2 f i common-kernel32:MProcess.obj
 0001:000145f5       ?_Target_type@?$_Func_impl_no_alloc@V<lambda_9e7323793ed24b1a5fadb4d27ba29021>@@_NABUtagPROCESSENTRY32W@@@std@@EBEABVtype_info@@XZ 100155f5 f i common-kernel32:MProcess.obj
 0001:000145fb       ?_Tidy@?$vector@UtagPROCESSENTRY32W@@V?$MArrayAllocator@UtagPROCESSENTRY32W@@@@@std@@AAEXXZ 100155fb f i common-kernel32:MProcess.obj
 0001:00014617       ?allocate@?$MArrayAllocator@UtagPROCESSENTRY32W@@@@QAEPAUtagPROCESSENTRY32W@@I@Z 10015617 f i common-kernel32:MProcess.obj
 0001:00014649       ?getNext@?$MToolHelp@UtagPROCESSENTRY32W@@$1?Process32FirstW@@YGHPAXPAU1@@Z$1?Process32NextW@@YGH01@Z@@IAE_NXZ 10015649 f i common-kernel32:MProcess.obj
 0001:000146ca       ?isTerminalMode@@YA_NXZ    100156ca f   common-kernel32:MProcess.obj
 0001:000147bd       ?push_back@?$MArray@UtagPROCESSENTRY32W@@@@QAEHABUtagPROCESSENTRY32W@@@Z 100157bd f i common-kernel32:MProcess.obj
 0001:000147df       ?swap@?$vector@UtagPROCESSENTRY32W@@V?$MArrayAllocator@UtagPROCESSENTRY32W@@@@@std@@QAEXAAV12@@Z 100157df f i common-kernel32:MProcess.obj
 0001:00014813       ??0MSection@@QAE@XZ        10015813 f   common-kernel32:MSection.obj
 0001:00014872       ??0MSectionLock@@QAE@XZ    10015872 f   common-kernel32:MSection.obj
 0001:0001487f       ??0MSectionThread@@QAE@PAVMSection@@@Z 1001587f f   common-kernel32:MSection.obj
 0001:0001489a       ??1MSection@@QAE@XZ        1001589a f   common-kernel32:MSection.obj
 0001:000148f4       ??1MSectionLock@@QAE@XZ    100158f4 f   common-kernel32:MSection.obj
 0001:0001490d       ??1MSectionThread@@QAE@XZ  1001590d f   common-kernel32:MSection.obj
 0001:00014923       ?AddRef@MSection@@IAEXK@Z  10015923 f   common-kernel32:MSection.obj
 0001:0001498c       ?Lock@MSection@@IAEHHK@Z   1001598c f   common-kernel32:MSection.obj
 0001:00014a52       ?Lock@MSectionLock@@QAEHPAVMSection@@HK@Z 10015a52 f   common-kernel32:MSection.obj
 0001:00014a9d       ?MyEnterCriticalSection@MSection@@IAE_NK@Z 10015a9d f   common-kernel32:MSection.obj
 0001:00014b85       ?ReleaseRef@MSection@@IAEHK@Z 10015b85 f   common-kernel32:MSection.obj
 0001:00014bf2       ?ThreadTerminated@MSection@@QAEXK@Z 10015bf2 f   common-kernel32:MSection.obj
 0001:00014c18       ?Unlock@MSection@@IAEXH@Z  10015c18 f   common-kernel32:MSection.obj
 0001:00014c56       ?Unlock@MSectionLock@@QAEXXZ 10015c56 f   common-kernel32:MSection.obj
 0001:00014c73       ?WaitUnlocked@MSection@@IAEXKK@Z 10015c73 f   common-kernel32:MSection.obj
 0001:00014cce       ?CheckCallbackPtr@@YA_NPAUHINSTANCE__@@IPAP6GHXZHHH@Z 10015cce f   common-kernel32:WModuleCheck.obj
 0001:00014d9b       ?IsModuleValid@@YA_NPAUHINSTANCE__@@H@Z 10015d9b f   common-kernel32:WModuleCheck.obj
 0001:00014e73       ??0MModule@@QAE@PAUHINSTANCE__@@@Z 10015e73 f   common-kernel32:MModule.obj
 0001:00014e89       ??1MModule@@QAE@XZ         10015e89 f   common-kernel32:MModule.obj
 0001:00014e8e       ?Free@MModule@@QAEXXZ      10015e8e f   common-kernel32:MModule.obj
 0001:00014eb9       ??0MSectionSimple@@QAE@_N@Z 10015eb9 f   common-kernel32:MSectionSimple.obj
 0001:00014ee3       ??1MSectionSimple@@QAE@XZ  10015ee3 f   common-kernel32:MSectionSimple.obj
 0001:00014ee8       ?Close@MSectionSimple@@QAEXXZ 10015ee8 f   common-kernel32:MSectionSimple.obj
 0001:00014efe       ?Enter@MSectionSimple@@QAEXXZ 10015efe f   common-kernel32:MSectionSimple.obj
 0001:00014f06       ?Init@MSectionSimple@@QAEXXZ 10015f06 f   common-kernel32:MSectionSimple.obj
 0001:00014f1c       ?Leave@MSectionSimple@@QAEXXZ 10015f1c f   common-kernel32:MSectionSimple.obj
 0001:00014f24       ?RecreateAndLock@MSectionSimple@@QAE_NXZ 10015f24 f   common-kernel32:MSectionSimple.obj
 0001:00014f6b       ?TryEnter@MSectionSimple@@QAE_NXZ 10015f6b f   common-kernel32:MSectionSimple.obj
 0001:00014f8a       ?SetConEmuEnvHWND@@YAXPB_WPAUHWND__@@@Z 10015f8a f   common-user32:SetEnvVar.obj
 0001:00014fd5       ?SetConEmuEnvVar@@YAXPAUHWND__@@@Z 10015fd5 f   common-user32:SetEnvVar.obj
 0001:0001503f       ?SetConEmuEnvVarChild@@YAXPAUHWND__@@0@Z 1001603f f   common-user32:SetEnvVar.obj
 0001:00015061       ??$wcscpy_add@$0BAF@@@YAHPA_WAAY0BAF@_WPB_W@Z 10016061 f i common-user32:ConEmuCheckEx.obj
 0001:0001508e       ??$wcscpy_c@$0BAF@@@YAHAAY0BAF@_WPB_W@Z 1001608e f i common-user32:ConEmuCheckEx.obj
 0001:000150a3       ?FindConEmuBaseDir@@YAHAAY0BAF@_W0PAUHINSTANCE__@@@Z 100160a3 f   common-user32:ConEmuCheckEx.obj
 0001:00015549       ?IsConEmuExeExist@@YAHPB_WAAY0BAF@_W@Z 10016549 f   common-user32:ConEmuCheckEx.obj
 0001:000155c0       ??$swprintf_c@$0FA@@@YAHAAY0FA@_WPB_WZZ 100165c0 f i common-user32:EmergencyShow.obj
 0001:000155d6       ?CorrectConsolePos@@YAXPAUHWND__@@@Z 100165d6 f   common-user32:EmergencyShow.obj
 0001:000156ab       ?EmergencyShow@@YAXPAUHWND__@@HH@Z 100166ab f   common-user32:EmergencyShow.obj
 0001:0001579c       ?EvaluateDefaultFontWidth@@YAHHPB_W@Z 1001679c f   common-user32:EmergencyShow.obj
 0001:0001588c       ?SetUserFriendlyFont@@YAXPAUHWND__@@HH@Z 1001688c f   common-user32:EmergencyShow.obj
 0001:00015bbc       ??0MSetter@@QAE@PAJ@Z      10016bbc f   common-user32:MSetter.obj
 0001:00015be0       ??1MSetter@@QAE@XZ         10016be0 f   common-user32:MSetter.obj
 0001:00015be5       ?Unlock@MSetter@@QAEXXZ    10016be5 f   common-user32:MSetter.obj
 0001:00015c40       ?IsDotsName@@YA_NPB_W@Z    10016c40 f   common-user32:WFiles.obj
 0001:00015c70       ?SearchAppPaths@@YA_NPB_WAAUCEStr@@_NPAVCEnvRestorer@@@Z 10016c70 f   common-user32:WFiles.obj
 0001:0001606a       ??1ConsoleSectionHelper@@QAE@XZ 1001706a f i common-user32:WConsoleEx.obj
 0001:00016092       ?CreateConsoleData@ConsoleSectionHelper@@QAEPAUCONSOLE_INFO@@XZ 10017092 f i common-user32:WConsoleEx.obj
 0001:000160b7       ?CreateConsoleSection@ConsoleSectionHelper@@QAEPAXXZ 100170b7 f i common-user32:WConsoleEx.obj
 0001:000160d8       ?GetConsoleSizeInfo@@YAXPAUCONSOLE_INFO@@@Z 100170d8 f   common-user32:WConsoleEx.obj
 0001:0001614a       ?SetConsoleFontSizeTo@@YAXPAUHWND__@@HHPB_WGG@Z 1001714a f   common-user32:WConsoleEx.obj
 0001:00016467       ?SetConsoleInfo@@YAHPAUHWND__@@PAUCONSOLE_INFO@@@Z 10017467 f   common-user32:WConsoleEx.obj
 0001:0001663f       ?SetEnvVarExpanded@@YAXPB_W0@Z 1001763f f   common-user32:WUser.obj
 0001:000166eb       ?UpdateComspec@@YAXPAUConEmuComspec@@_N@Z 100176eb f   common-user32:WUser.obj
 0001:0001697e       ?apiShowWindow@@YA_NPAUHWND__@@H@Z 1001797e f   common-user32:WUser.obj
 0001:00016994       ?apiShowWindowAsync@@YA_NPAUHWND__@@H@Z 10017994 f   common-user32:WUser.obj
 0001:000169aa       ?RegGetStringValue@@YAHPAUHKEY__@@PB_W1AAUCEStr@@K@Z 100179aa f   common-user32:WRegistry.obj
 0001:00016b04       ?FindMonitorsWorkspace@@YGHPAUHMONITOR__@@PAUHDC__@@PAUtagRECT@@J@Z 10017b04 f   common-user32:Monitors.obj
 0001:00016b3d       ?GetAllMonitorsWorkspace@@YA?AUtagRECT@@XZ 10017b3d f   common-user32:Monitors.obj
 0001:00016b8d       ??0bad_function_call@std@@QAE@ABV01@@Z 10017b8d f i libcpmt:xthrow.obj
 0001:00016ba8       ??0bad_function_call@std@@QAE@XZ 10017ba8 f i libcpmt:xthrow.obj
 0001:00016bb9       ??0exception@std@@QAE@QBD@Z 10017bb9 f i libcpmt:xthrow.obj
 0001:00016bee       ??0length_error@std@@QAE@ABV01@@Z 10017bee f i libcpmt:xthrow.obj
 0001:00016c09       ??0length_error@std@@QAE@PBD@Z 10017c09 f i libcpmt:xthrow.obj
 0001:00016c28       ??0logic_error@std@@QAE@ABV01@@Z 10017c28 f i libcpmt:xthrow.obj
 0001:00016c43       ?_Xbad_function_call@std@@YAXXZ 10017c43 f   libcpmt:xthrow.obj
 0001:00016c60       ?_Xlength_error@std@@YAXPBD@Z 10017c60 f   libcpmt:xthrow.obj
 0001:00016c80       ?what@bad_function_call@std@@UBEPBDXZ 10017c80 f i libcpmt:xthrow.obj
 0001:00016c86       @__security_check_cookie@4 10017c86 f   LIBCMT:secchk.obj
 0001:00016c97       ??3@YAXPAXI@Z              10017c97 f   LIBCMT:delete_scalar_size.obj
 0001:00016ca5       __EH_epilog3               10017ca5 f   LIBCMT:ehprolg3.obj
 0001:00016cba       __EH_epilog3_GS            10017cba f   LIBCMT:ehprolg3.obj
 0001:00016ccb       __EH_prolog3               10017ccb f   LIBCMT:ehprolg3.obj
 0001:00016cff       __EH_prolog3_GS            10017cff f   LIBCMT:ehprolg3.obj
 0001:00016d36       __EH_prolog3_catch         10017d36 f   LIBCMT:ehprolg3.obj
 0001:00016d70       __alloca_probe             10017d70 f   LIBCMT:chkstk.obj
 0001:00016d70       __chkstk                   10017d70 f   LIBCMT:chkstk.obj
 0001:00016da0       __aullshr                  10017da0 f   LIBCMT:ullshr.obj
 0001:00016dbf       ??_Etype_info@@UAEPAXI@Z   10017dbf f i LIBCMT:std_type_info_static.obj
 0001:00016dbf       ??_Gtype_info@@UAEPAXI@Z   10017dbf f i LIBCMT:std_type_info_static.obj
 0001:00016e09       ??$__crt_fast_encode_pointer@PAX@@YAPAXQAX@Z 10017e09 f i libvcruntime:winapi_downlevel.obj
 0001:00016e09       ??$__crt_fast_encode_pointer@P6GXPAU_RTL_CONDITION_VARIABLE@@@Z@@YAP6GXPAU_RTL_CONDITION_VARIABLE@@@ZQ6GX0@Z@Z 10017e09 f i LIBCMT:thread_safe_statics.obj
 0001:00016e09       ??$__crt_fast_encode_pointer@P6GHPAU_RTL_CONDITION_VARIABLE@@PAU_RTL_CRITICAL_SECTION@@K@Z@@YAP6GHPAU_RTL_CONDITION_VARIABLE@@PAU_RTL_CRITICAL_SECTION@@K@ZQ6GH01K@Z@Z 10017e09 f i LIBCMT:thread_safe_statics.obj
 0001:00016e09       ??$__crt_fast_encode_pointer@PAP6AXXZ@@YAPAP6AXXZQAP6AXXZ@Z 10017e09 f i LIBCMT:utility.obj
 0001:00016f31       __Init_thread_footer       10017f31 f   LIBCMT:thread_safe_statics.obj
 0001:00016f7b       __Init_thread_header       10017f7b f   LIBCMT:thread_safe_statics.obj
 0001:00016fcf       __Init_thread_notify       10017fcf f   LIBCMT:thread_safe_statics.obj
 0001:00017011       __Init_thread_wait         10018011 f   LIBCMT:thread_safe_statics.obj
 0001:00017080       __SEH_prolog4              10018080 f   LIBCMT:sehprolg4.obj
 0001:000170c6       __SEH_epilog4              100180c6 f   LIBCMT:sehprolg4.obj
 0001:000173fb       __DllMainCRTStartup@12     100183fb f   LIBCMT:dll_dllmain.obj
 0001:00017462       ___scrt_acquire_startup_lock 10018462 f   LIBCMT:utility.obj
 0001:00017494       ___scrt_dllmain_after_initialize_c 10018494 f   LIBCMT:utility.obj
 0001:000174bf       ___scrt_dllmain_before_initialize_c 100184bf f   LIBCMT:utility.obj
 0001:000174cd       ___scrt_dllmain_crt_thread_attach 100184cd f   LIBCMT:utility.obj
 0001:000174ec       ___scrt_dllmain_crt_thread_detach 100184ec f   LIBCMT:utility.obj
 0001:000174f9       ___scrt_dllmain_exception_filter 100184f9 f   LIBCMT:utility.obj
 0001:0001752d       ___scrt_dllmain_uninitialize_c 1001852d f   LIBCMT:utility.obj
 0001:00017550       ___scrt_dllmain_uninitialize_critical 10018550 f   LIBCMT:utility.obj
 0001:0001755d       ___scrt_initialize_crt     1001855d f   LIBCMT:utility.obj
 0001:00017596       ___scrt_initialize_onexit_tables 10018596 f   LIBCMT:utility.obj
 0001:0001763b       ___scrt_is_nonwritable_in_current_image 1001863b f   LIBCMT:utility.obj
 0001:000176cf       ___scrt_release_startup_lock 100186cf f   LIBCMT:utility.obj
 0001:000176ec       ___scrt_uninitialize_crt   100186ec f   LIBCMT:utility.obj
 0001:00017714       __onexit                   10018714 f   LIBCMT:utility.obj
 0001:0001774f       _atexit                    1001874f f   LIBCMT:utility.obj
 0001:00017764       ___raise_securityfailure   10018764 f   LIBCMT:gs_report.obj
 0001:0001778c       ___report_gsfailure        1001878c f   LIBCMT:gs_report.obj
 0001:00017885       ___scrt_fastfail           10018885 f   LIBCMT:utility_desktop.obj
 0001:0001799f       __crt_debugger_hook        1001899f f   LIBCMT:utility_desktop.obj
 0001:000179f4       ___security_init_cookie    100189f4 f   LIBCMT:gs_support.obj
 0001:00017a3f       ?__scrt_initialize_type_info@@YAXXZ 10018a3f f   LIBCMT:tncleanup.obj
 0001:00017a4b       ?__scrt_uninitialize_type_info@@YAXXZ 10018a4b f   LIBCMT:tncleanup.obj
 0001:00017a57       ___local_stdio_scanf_options 10018a57 f i LIBCMT:default_local_stdio_options.obj
 0001:00017a5d       ___scrt_initialize_default_local_stdio_options 10018a5d f   LIBCMT:default_local_stdio_options.obj
 0001:00017a7a       ___scrt_get_dyn_tls_init_callback 10018a7a f   LIBCMT:dyn_tls_init.obj
 0001:00017a80       __RTC_Initialize           10018a80 f   LIBCMT:initsect.obj
 0001:00017aac       __RTC_Terminate            10018aac f   LIBCMT:initsect.obj
 0001:00017ad8       ___isa_available_init      10018ad8 f   LIBCMT:cpu_disp.obj
 0001:00017c6f       ___scrt_is_ucrt_dll_in_use 10018c6f f   LIBCMT:ucrt_detection.obj
 0001:00017c7b       ?GetRangeOfTrysToCheck@__FrameHandler3@@SA?AU?$pair@Viterator@TryBlockMap@__FrameHandler3@@V123@@std@@AAVTryBlockMap@1@HH@Z 10018c7b f   libvcruntime:trnsctrl.obj
 0001:00017cfd       ?_CallCatchBlock2@@YAPAXPAUEHRegistrationNode@@PBU_s_FuncInfo@@PAXHK@Z 10018cfd f   libvcruntime:trnsctrl.obj
 0001:00017d5b       ?_CallSETranslator@@YAHPAUEHExceptionRecord@@PAUEHRegistrationNode@@PAX2PBU_s_FuncInfo@@H1@Z 10018d5b f   libvcruntime:trnsctrl.obj
 0001:00017e36       ?_JumpToContinuation@@YGXPAXPAUEHRegistrationNode@@@Z 10018e36 f   libvcruntime:trnsctrl.obj
 0001:00017e66       ?_UnwindNestedFrames@@YGXPAUEHRegistrationNode@@PAUEHExceptionRecord@@@Z 10018e66 f   libvcruntime:trnsctrl.obj
 0001:00017eb9       __CatchGuardHandler        10018eb9 f   libvcruntime:trnsctrl.obj
 0001:00017eea       __CreateFrameInfo          10018eea f   libvcruntime:trnsctrl.obj
 0001:00017f0e       __FindAndUnlinkFrame       10018f0e f   libvcruntime:trnsctrl.obj
 0001:00017f53       __TranslatorGuardHandler   10018f53 f   libvcruntime:trnsctrl.obj
 0001:00017ff0       ___CxxFrameHandler3        10018ff0 f   libvcruntime:trnsctrl.obj
 0001:00018026       _wcschr                    10019026 f   libvcruntime:wcschr.obj
 0001:000180ed       _wcsstr                    100190ed f   libvcruntime:wcsstr.obj
 0001:00018370       _memmove                   10019370 f   libvcruntime:memmove.obj
 0001:000188f0       _memset                    100198f0 f   libvcruntime:memset.obj
 0001:00018a4a       ___DestructExceptionObject 10019a4a f   libvcruntime:ehhelpers.obj
 0001:00018aea       ?_CallMemberFunction0@@YGXQAX0@Z 10019aea f i libvcruntime:ehhelpers.obj
 0001:00018af7       __IsExceptionObjectToBeDestroyed 10019af7 f   libvcruntime:ehhelpers.obj
 0001:00018b1d       ___AdjustPointer           10019b1d f   libvcruntime:ehhelpers.obj
 0001:00018b42       ___FrameUnwindFilter       10019b42 f   libvcruntime:ehhelpers.obj
 0001:00018b87       ___std_terminate           10019b87 f   libvcruntime:ehhelpers.obj
 0001:00018b8c       ___std_exception_copy      10019b8c f   libvcruntime:std_exception.obj
 0001:00018bef       ___std_exception_destroy   10019bef f   libvcruntime:std_exception.obj
 0001:00018c0e       __CxxThrowException@8      10019c0e f   libvcruntime:throw.obj
 0001:00018c7b       __get_purecall_handler     10019c7b f   libvcruntime:purevirt.obj
 0001:00018c90       __purecall                 10019c90 f   libvcruntime:purevirt.obj
 0001:00018cac       _wcsrchr                   10019cac f   libvcruntime:wcsrchr.obj
 0001:00018d50       _memcpy                    10019d50 f   libvcruntime:memcpy.obj
 0001:00019310       __except_handler4          1001a310 f   libvcruntime:chandler4.obj
 0001:00019470       _strrchr                   1001a470 f   libvcruntime:strrchr.obj
 0001:000195b0       _strchr                    1001a5b0 f   libvcruntime:strchr.obj
 0001:0001961e       ___from_strstr_to_strchr   1001a61e     libvcruntime:strchr.obj
 0001:000196db       ___vcrt_initialize         1001a6db f   libvcruntime:initialization.obj
 0001:00019704       ___vcrt_thread_attach      1001a704 f   libvcruntime:initialization.obj
 0001:0001970f       ___vcrt_thread_detach      1001a70f f   libvcruntime:initialization.obj
 0001:0001971a       ___vcrt_uninitialize       1001a71a f   libvcruntime:initialization.obj
 0001:00019739       ___vcrt_uninitialize_critical 1001a739 f   libvcruntime:initialization.obj
 0001:00019741       ___std_type_info_compare   1001a741 f   libvcruntime:std_type_info.obj
 0001:0001977d       ___std_type_info_destroy_list 1001a77d f   libvcruntime:std_type_info.obj
 0001:000197a0       ___vcrt_freefls@4          1001a7a0 f   libvcruntime:per_thread_data.obj
 0001:000197bc       ___vcrt_freeptd            1001a7bc f   libvcruntime:per_thread_data.obj
 0001:000197f2       ___vcrt_getptd             1001a7f2 f   libvcruntime:per_thread_data.obj
 0001:00019800       ___vcrt_getptd_noexit      1001a800 f   libvcruntime:per_thread_data.obj
[...]
 0002:0000aa0c       __ehfuncinfo$?SearchAppPaths@@YA_NPB_WAAUCEStr@@_NPAVCEnvRestorer@@@Z 10034a0c     common-user32:WFiles.obj
 0002:0000aa30       __unwindtable$?SearchAppPaths@@YA_NPB_WAAUCEStr@@_NPAVCEnvRestorer@@@Z 10034a30     common-user32:WFiles.obj
 0002:0000aa58       __unwindtable$?UpdateComspec@@YAXPAUConEmuComspec@@_N@Z 10034a58     common-user32:WUser.obj
 0002:0000aa78       __ehfuncinfo$?UpdateComspec@@YAXPAUConEmuComspec@@_N@Z 10034a78     common-user32:WUser.obj
 0002:0000ab30       __sehtable$?dllmain_crt_process_attach@@YAHQAUHINSTANCE__@@QAX@Z 10034b30     LIBCMT:dll_dllmain.obj
 0002:0000ab50       __sehtable$?dllmain_crt_process_detach@@YAH_N@Z 10034b50     LIBCMT:dll_dllmain.obj
 0002:0000ab70       __sehtable$?dllmain_dispatch@@YAHQAUHINSTANCE__@@KQAX@Z 10034b70     LIBCMT:dll_dllmain.obj
 0002:0000ab90       __sehtable$___scrt_is_nonwritable_in_current_image 10034b90     LIBCMT:utility.obj
 0002:0000abb0       __sehtable$___DestructExceptionObject 10034bb0     libvcruntime:ehhelpers.obj
 0002:0000abd0       __sehtable$?FrameUnwindToState@__FrameHandler3@@SAXPAUEHRegistrationNode@@PAXPBU_s_FuncInfo@@H@Z 10034bd0     libvcruntime:frame.obj
 0002:0000abf8       __sehtable$?CallCatchBlock@@YAPAXPAUEHExceptionRecord@@PAUEHRegistrationNode@@PAU_CONTEXT@@PBU_s_FuncInfo@@PAXHK@Z 10034bf8     libvcruntime:frame.obj
 0002:0000ac20       __catchsym$?CallUnexpected@@YAXPBU_s_ESTypeList@@@Z$2 10034c20     libvcruntime:frame.obj
 0002:0000ac30       __unwindtable$?CallUnexpected@@YAXPBU_s_ESTypeList@@@Z 10034c30     libvcruntime:frame.obj
 0002:0000ac40       __tryblocktable$?CallUnexpected@@YAXPBU_s_ESTypeList@@@Z 10034c40     libvcruntime:frame.obj
 0002:0000ac54       __ehfuncinfo$?CallUnexpected@@YAXPBU_s_ESTypeList@@@Z 10034c54     libvcruntime:frame.obj
 0002:0000ac78       __sehtable$??$BuildCatchObjectHelperInternal@$$CBU_s_HandlerType@@@@YAHPAUEHExceptionRecord@@PAXPBU_s_HandlerType@@PBU_s_CatchableType@@@Z 10034c78     libvcruntime:frame.obj
 0002:0000ac98       __sehtable$??$BuildCatchObjectInternal@$$CBU_s_HandlerType@@@@YAXPAUEHExceptionRecord@@PAXPBU_s_HandlerType@@PBU_s_CatchableType@@@Z 10034c98     libvcruntime:frame.obj
 0002:0000acf0       __sehtable$?common_exit@@YAXHW4_crt_exit_cleanup_mode@@W4_crt_exit_return_mode@@@Z 10034cf0     libucrt:exit.obj
 0002:0000ad18       __sehtable$??$?RV<lambda_800076c951b434888f4765a74a194fcc>@@AAV<lambda_4e60a939b0d047cfe11ddc22648dfba9>@@V<lambda_6dbb1268764f43b569ce7b67e331d33a>@@@?$__crt_seh_guarded_call@H@@QAEH$$QAV<lambda_800076c951b434888f4765a74a194fcc>@@AAV<lambda_4e60a939b0d047cfe11ddc22648dfba9>@@$$QAV<lambda_6dbb1268764f43b569ce7b67e331d33a>@@@Z 10034d18     libucrt:onexit.obj
 0002:0000ad38       __sehtable$??$?RV<lambda_995298e7d72eb4c2aab26c0585b3abe5>@@AAV<lambda_275893d493268fdec8709772e3fcec0e>@@V<lambda_293819299cbf9a7022e18b56a874bb5c>@@@?$__crt_seh_guarded_call@H@@QAEH$$QAV<lambda_995298e7d72eb4c2aab26c0585b3abe5>@@AAV<lambda_275893d493268fdec8709772e3fcec0e>@@$$QAV<lambda_293819299cbf9a7022e18b56a874bb5c>@@@Z 10034d38     libucrt:onexit.obj
 0002:0000ad58       __sehtable$_terminate      10034d58     libucrt:terminate.obj
 0002:0000ad78       __sehtable$??$?RV<lambda_9df27f884b057bc3edfc946cb5b7cf47>@@AAV<lambda_e69574bed617af4e071282c136b37893>@@V<lambda_cc0d902bcbbeb830f749456577db4721>@@@?$__crt_seh_guarded_call@X@@QAEX$$QAV<lambda_9df27f884b057bc3edfc946cb5b7cf47>@@AAV<lambda_e69574bed617af4e071282c136b37893>@@$$QAV<lambda_cc0d902bcbbeb830f749456577db4721>@@@Z 10034d78     libucrt:per_thread_data.obj
 0002:0000ad98       __sehtable$??$?RV<lambda_3518db117f0e7cdb002338c5d3c47b6c>@@AAV<lambda_b2ea41f6bbb362cd97d94c6828d90b61>@@V<lambda_abdedf541bb04549bc734292b4a045d4>@@@?$__crt_seh_guarded_call@X@@QAEX$$QAV<lambda_3518db117f0e7cdb002338c5d3c47b6c>@@AAV<lambda_b2ea41f6bbb362cd97d94c6828d90b61>@@$$QAV<lambda_abdedf541bb04549bc734292b4a045d4>@@@Z 10034d98     libucrt:per_thread_data.obj
 0002:0000adb8       __sehtable$??$?RV<lambda_51b6e8b1eb166f2a3faf91f424b38130>@@AAV<lambda_6250bd4b2a391816dd638c3bf72b0bcb>@@V<lambda_0b5a4a3e68152e1d9b943535f5f47bed>@@@?$__crt_seh_guarded_call@X@@QAEX$$QAV<lambda_51b6e8b1eb166f2a3faf91f424b38130>@@AAV<lambda_6250bd4b2a391816dd638c3bf72b0bcb>@@$$QAV<lambda_0b5a4a3e68152e1d9b943535f5f47bed>@@@Z 10034db8     libucrt:per_thread_data.obj
 0002:0000add8       __sehtable$??$?RV<lambda_5b71d36f03204c0beab531769a5b5694>@@AAV<lambda_be2b3da3f62db62e9dad5dc70221a656>@@V<lambda_8f9ce462984622f9bf76b59e2aaaf805>@@@?$__crt_seh_guarded_call@X@@QAEX$$QAV<lambda_5b71d36f03204c0beab531769a5b5694>@@AAV<lambda_be2b3da3f62db62e9dad5dc70221a656>@@$$QAV<lambda_8f9ce462984622f9bf76b59e2aaaf805>@@@Z 10034dd8     libucrt:per_thread_data.obj
 0002:0000adf8       __sehtable$___acrt_uninitialize_locale 10034df8     libucrt:wsetlocale.obj
 0002:0000ae18       __sehtable$___acrt_initialize_lowio 10034e18     libucrt:ioinit.obj
 0002:0000ae38       __sehtable$___acrt_update_thread_multibyte_data 10034e38     libucrt:mbctype.obj
 0002:0000ae58       __sehtable$??$?RV<lambda_978dc153c237d78434369da87b74ff60>@@AAV<lambda_ad1ced32f4ac17aa236e5ef05d6b3b7c>@@V<lambda_4a8533e2866a575feecb8298ce776b0d>@@@?$__crt_seh_guarded_call@X@@QAEX$$QAV<lambda_978dc153c237d78434369da87b74ff60>@@AAV<lambda_ad1ced32f4ac17aa236e5ef05d6b3b7c>@@$$QAV<lambda_4a8533e2866a575feecb8298ce776b0d>@@@Z 10034e58     libucrt:mbctype.obj
 0002:0000ae78       __sehtable$__query_new_handler 10034e78     libucrt:new_handler.obj
 0002:0000ae98       __sehtable$_raise          10034e98     libucrt:signal.obj
 0002:0000aeb8       __sehtable$??$?RV<lambda_a048d3beccc847880fc8490e18b82769>@@AAV<lambda_ec61778202f4f5fc7e7711acc23c3bca>@@V<lambda_f7496a158712204296dd6628a163878e>@@@?$__crt_seh_guarded_call@P6AXH@Z@@QAEP6AXH@Z$$QAV<lambda_a048d3beccc847880fc8490e18b82769>@@AAV<lambda_ec61778202f4f5fc7e7711acc23c3bca>@@$$QAV<lambda_f7496a158712204296dd6628a163878e>@@@Z 10034eb8     libucrt:signal.obj
 0002:0000aed8       __sehtable$___acrt_update_thread_locale_data 10034ed8     libucrt:locale_refcounting.obj
 0002:0000aef8       __sehtable$__fcloseall     10034ef8     libucrt:closeall.obj
 0002:0000af18       __sehtable$_common_flush_all 10034f18     libucrt:fflush.obj
 0002:0000af40       __sehtable$___acrt_lowio_ensure_fh_exists 10034f40     libucrt:osfinfo.obj
 0002:0000af60       __sehtable$__write         10034f60     libucrt:write.obj
 0002:0000af80       __sehtable$_fclose         10034f80     libucrt:fclose.obj
 0002:0000afa0       __sehtable$??$?RV<lambda_61cee617f5178ae960314fd4d05640a0>@@AAV<lambda_6978c1fb23f02e42e1d9e99668cc68aa>@@V<lambda_9cd88cf8ad10232537feb2133f08c833>@@@?$__crt_seh_guarded_call@H@@QAEH$$QAV<lambda_61cee617f5178ae960314fd4d05640a0>@@AAV<lambda_6978c1fb23f02e42e1d9e99668cc68aa>@@$$QAV<lambda_9cd88cf8ad10232537feb2133f08c833>@@@Z 10034fa0     libucrt:commit.obj
 0002:0000afc0       __sehtable$??$?RV<lambda_123407a5e2ac06da108355a851863b7a>@@AAV<lambda_2fe9b910cf3cbf4a0ab98a02ba45b3ec>@@V<lambda_ae55bdf541ad94d75914d381c370e64d>@@@?$__crt_seh_guarded_call@H@@QAEH$$QAV<lambda_123407a5e2ac06da108355a851863b7a>@@AAV<lambda_2fe9b910cf3cbf4a0ab98a02ba45b3ec>@@$$QAV<lambda_ae55bdf541ad94d75914d381c370e64d>@@@Z 10034fc0     libucrt:close.obj
 0002:0000afe0       __sehtable$__IsNonwritableInCurrentImage 10034fe0     LIBCMT:pesect.obj
 0002:0000b000       .edata                     10035000     ConEmu.exp
 0002:0000b028       rgpv                       10035028     ConEmu.exp
 0002:0000b094       rgszName                   10035094     ConEmu.exp
 0002:0000b100       rgwOrd                     10035100     ConEmu.exp
 0002:0000b136       szName                     10035136     ConEmu.exp
 0002:0000b141       $N00001                    10035141     ConEmu.exp
 0002:0000b151       $N00002                    10035151     ConEmu.exp
 0002:0000b159       $N00003                    10035159     ConEmu.exp
 0002:0000b165       $N00004                    10035165     ConEmu.exp
 0002:0000b170       $N00005                    10035170     ConEmu.exp
 0002:0000b17e       $N00006                    1003517e     ConEmu.exp
 0002:0000b18f       $N00007                    1003518f     ConEmu.exp
 0002:0000b19d       $N00008                    1003519d     ConEmu.exp
 0002:0000b1ac       $N00009                    100351ac     ConEmu.exp
 0002:0000b1bc       $N00010                    100351bc     ConEmu.exp
 0002:0000b1c7       $N00011                    100351c7     ConEmu.exp
 0002:0000b1cd       $N00012                    100351cd     ConEmu.exp
 0002:0000b1e0       $N00013                    100351e0     ConEmu.exp
 0002:0000b1f3       $N00014                    100351f3     ConEmu.exp
 0002:0000b206       $N00015                    10035206     ConEmu.exp
 0002:0000b219       $N00016                    10035219     ConEmu.exp
 0002:0000b22b       $N00017                    1003522b     ConEmu.exp
 0002:0000b23a       $N00018                    1003523a     ConEmu.exp
 0002:0000b246       $N00019                    10035246     ConEmu.exp
 0002:0000b24f       $N00020                    1003524f     ConEmu.exp
 0002:0000b25e       $N00021                    1003525e     ConEmu.exp
 0002:0000b270       $N00022                    10035270     ConEmu.exp
 0002:0000b27c       $N00023                    1003527c     ConEmu.exp
 0002:0000b290       $N00024                    10035290     ConEmu.exp
 0002:0000b2a4       $N00025                    100352a4     ConEmu.exp
 0002:0000b2b9       $N00026                    100352b9     ConEmu.exp
 0002:0000b2cd       $N00027                    100352cd     ConEmu.exp
 0002:0000b6d2       .idata$6                   100356d2     version:VERSION.dll
 0002:0000bc3c       .idata$6                   10035c3c     kernel32:KERNEL32.dll
 0002:0000bd48       .idata$6                   10035d48     user32:USER32.dll
 0002:0000bde8       .idata$6                   10035de8     gdi32:GDI32.dll
 0002:0000be24       .idata$6                   10035e24     advapi32:ADVAPI32.dll
 0003:00000100       ?val@?CE@??Open@CPluginW2800@@UAEPAXPBX@Z@4UFarMacroValue@@A 10037100     ConEmuPlugin2800.obj
 0003:00000240       ?__vcrt_flsindex@@3KA      10037240     libvcruntime:per_thread_data.obj
 0003:00000260       _errno_no_memory           10037260     libucrt:errno.obj
 0003:00000264       _doserrno_no_memory        10037264     libucrt:errno.obj
 0003:00000270       ___acrt_flsindex           10037270     libucrt:per_thread_data.obj
 0003:000003e8       ___rgctypeflag             100373e8     libucrt:mbctype.obj
 0003:000003f0       ___rgcode_page_info        100373f0     libucrt:mbctype.obj
 0003:00000d50       ?store@?M@??GetPanelInfo@CPluginW1900@@UAE_NKPAUCEPanelInfo@@@Z@4UPanelInfo@@A 10037d50     ConEmuPlugin1900.obj
 0003:00000da0       ?szMenu@?1??GetPluginInfoPtr@CPluginW1900@@UAEXPAX@Z@4PAPA_WA 10037da0     ConEmuPlugin1900.obj
 0003:00000da8       ?szMenu1@?1??GetPluginInfoPtr@CPluginW1900@@UAEXPAX@Z@4PA_WA 10037da8     ConEmuPlugin1900.obj
 0003:00000fa8       ?WLastActive@?1??UpdateConEmuTabsApi@CPluginW1900@@UAE_NH@Z@4UWindowInfo@@A 10037fa8     ConEmuPlugin1900.obj
 0003:00000fd8       ?pwList@@3PAV?$MArray@UWindowInfo@@@@A 10037fd8     ConEmuPlugin2800.obj
 0003:00000fe0       ?store@?M@??GetPanelInfo@CPluginW2800@@UAE_NKPAUCEPanelInfo@@@Z@4UPanelInfo@@A 10037fe0     ConEmuPlugin2800.obj
 0003:00001030       ?szMenu@?1??GetPluginInfoPtr@CPluginW2800@@UAEXPAX@Z@4PAPA_WA 10038030     ConEmuPlugin2800.obj
 0003:00001038       ?szMenu1@?1??GetPluginInfoPtr@CPluginW2800@@UAEXPAX@Z@4PA_WA 10038038     ConEmuPlugin2800.obj
 0003:00001238       ?WLastActive@?1??UpdateConEmuTabsApi@CPluginW2800@@UAE_NH@Z@4UWindowInfo@@A 10038238     ConEmuPlugin2800.obj
 0003:00001260       ?rc@?CE@??Open@CPluginW2800@@UAEPAXPBX@Z@4UFarMacroCall@@A 10038260     ConEmuPlugin2800.obj
 0003:0000127c       ?ghSyncDlg@@3PAXA          1003827c     ConEmuPlugin995.obj
 0003:00001280       ?store@?M@??GetPanelInfo@CPluginW995@@UAE_NKPAUCEPanelInfo@@@Z@4UPanelInfo@@A 10038280     ConEmuPlugin995.obj
 0003:000012c4       ?szMenu@?1??GetPluginInfoPtr@CPluginW995@@UAEXPAX@Z@4PAPA_WA 100382c4     ConEmuPlugin995.obj
 0003:000012c8       ?szMenu1@?1??GetPluginInfoPtr@CPluginW995@@UAEXPAX@Z@4PA_WA 100382c8     ConEmuPlugin995.obj
 0003:000014d0       ?store@?M@??GetPanelInfo@CPluginAnsi@@UAE_NKPAUCEPanelInfo@@@Z@4UPanelInfo@@A 100384d0     ConEmuPluginA.obj
 0003:000016c0       ?szMenu@?1??GetPluginInfoPtr@CPluginAnsi@@UAEXPAX@Z@4PAPADA 100386c0     ConEmuPluginA.obj
 0003:000016c8       ?szMenu1@?1??GetPluginInfoPtr@CPluginAnsi@@UAEXPAX@Z@4PADA 100386c8     ConEmuPluginA.obj
 0003:000029a8       ?gbTryOpenMapHeader@@3HA   100399a8     ConEmuPluginBase.obj
 0003:000029ac       ?gbStartupHooksAfterMap@@3HA 100399ac     ConEmuPluginBase.obj
 0003:000029b0       ?siEnabled@?1??CheckBufferEnabled@CPluginBase@@QAE_NXZ@4HA 100399b0     ConEmuPluginBase.obj
 0003:000029b4       ?dwLastTickCount@?7??CheckResources@CPluginBase@@QAEX_N@Z@4KA 100399b4     ConEmuPluginBase.obj
 0003:000029b8       ?$TSS0@?7??CheckResources@CPluginBase@@QAEX_N@Z@4HA 100399b8     ConEmuPluginBase.obj
 0003:000029bc       ?dwLastTickCount@?9??OnConsolePeekReadInput@CPluginBase@@SAX_N@Z@4KA 100399bc     ConEmuPluginBase.obj
 0003:00002c04       ?gHeapInit@?A0x333b15f0@@3U?$atomic@H@std@@A 10039c04     common-kernel32:Memory.obj
 0003:00002c08       ?gHeapCounter@?A0x333b15f0@@3U?$atomic@H@std@@A 10039c08     common-kernel32:Memory.obj
 0003:00002c20       ?szFile@?1??ModuleName@@YAPB_WPB_W@Z@4PA_WA 10039c20     common-kernel32:ConEmuCheck.obj
 0003:00002c64       ?gh_UnknownTerminatedThread@@3PAXA 10039c64     common-kernel32:WThreads.obj
 0003:00002c68       ?g_Threads@@3PAUConEmuThreadInfo@@A 10039c68     common-kernel32:WThreads.obj
 0003:0000a46c       ?szNil@?1??GetCommand@CESERVER_REQ_NEWCMD@@QAEPA_WXZ@4PA_WA 1004146c     common-kernel32:Common.obj
 0003:0000a478       ?rtlVerifyVersionInfo@?1??_VerifyVersionInfo@@YA_NPAU_OSVERSIONINFOEXW@@K_K@Z@4P6GH0K1@ZA 10041478     common-kernel32:WObjects.obj
 0003:0000a47c       ?hasRtl@?1??_VerifyVersionInfo@@YA_NPAU_OSVERSIONINFOEXW@@K_K@Z@4HA 1004147c     common-kernel32:WObjects.obj
 0003:0000a480       ?ibIsWin6@?1??IsWin6@@YA_NXZ@4HA 10041480     common-kernel32:WObjects.obj
 0003:0000a484       ?ibIsWin7@?1??IsWin7@@YA_NXZ@4HA 10041484     common-kernel32:WObjects.obj
 0003:0000a488       ?is64bitOs@?1??IsWindows64@@YA_NXZ@4_NA 10041488     common-kernel32:WObjects.obj
 0003:0000a489       ?isOsChecked@?1??IsWindows64@@YA_NXZ@4_NA 10041489     common-kernel32:WObjects.obj
 0003:0000a490       ?terminalMode@?1??isTerminalMode@@YA_NXZ@4_NA 10041490     common-kernel32:MProcess.obj
 0003:0000a491       ?terminalChecked@?1??isTerminalMode@@YA_NXZ@4_NA 10041491     common-kernel32:MProcess.obj
 0003:0000a492       ?bSysInfoRetrieved@?1??IsModuleValid@@YA_NPAUHINSTANCE__@@H@Z@4_NA 10041492     common-kernel32:WModuleCheck.obj
 0003:0000a494       ?si@?1??IsModuleValid@@YA_NPAUHINSTANCE__@@H@Z@4U_SYSTEM_INFO@@A 10041494     common-kernel32:WModuleCheck.obj
 0003:0000a4c4       ?_Tss_mutex@@3U_RTL_CRITICAL_SECTION@@A 100414c4     LIBCMT:thread_safe_statics.obj
 0003:0000a4dc       ?_Tss_cv@@3U_RTL_CONDITION_VARIABLE@@A 100414dc     LIBCMT:thread_safe_statics.obj
 0003:0000a4e0       ?_Tss_event@@3PAXA         100414e0     LIBCMT:thread_safe_statics.obj
 0003:0000a4e4       ?encoded_sleep_condition_variable_cs@@3P6GHPAU_RTL_CONDITION_VARIABLE@@PAU_RTL_CRITICAL_SECTION@@K@ZA 100414e4     LIBCMT:thread_safe_statics.obj
 0003:0000a4e8       ?encoded_wake_all_condition_variable@@3P6GXPAU_RTL_CONDITION_VARIABLE@@@ZA 100414e8     LIBCMT:thread_safe_statics.obj
 0003:0000a4ec       ?__proc_attached@@3HA      100414ec     LIBCMT:dll_dllmain.obj
 0003:0000a4f8       ?is_initialized_as_dll@@3_NA 100414f8     LIBCMT:utility.obj
 0003:0000a4f9       ?module_local_atexit_table_initialized@@3_NA 100414f9     LIBCMT:utility.obj
 0003:0000a4fc       ?module_local_atexit_table@@3U_onexit_table_t@@A 100414fc     LIBCMT:utility.obj
 0003:0000a508       ?module_local_at_quick_exit_table@@3U_onexit_table_t@@A 10041508     LIBCMT:utility.obj
 0003:0000a518       _GS_ExceptionRecord        10041518     LIBCMT:gs_report.obj
 0003:0000a568       _GS_ContextRecord          10041568     LIBCMT:gs_report.obj
 0003:0000a854       ?__vcrt_startup_thread_ptd@@3U__vcrt_ptd@@A 10041854     libvcruntime:per_thread_data.obj
 0003:0000a880       ___vcrt_lock_table         10041880     libvcruntime:locks.obj
 0003:0000a898       ___vcrt_locks_initialized  10041898     libvcruntime:locks.obj
 0003:0000a89c       ?module_handles@@3PAPAUHINSTANCE__@@A 1004189c     libvcruntime:winapi_downlevel.obj
 0003:0000a8a8       ?encoded_function_pointers@@3PAPAXA 100418a8     libvcruntime:winapi_downlevel.obj
 0003:0000a8e4       ?heap@@3V_HeapManager@@A   100418e4     libvcruntime:undname.obj
 0003:0000a8f8       ___acrt_invalid_parameter_handler 100418f8     libucrt:invalid_parameter.obj
 0003:0000a8fc       _c_termination_complete    100418fc     libucrt:exit.obj
 0003:0000a900       _thread_local_exit_callback_func 10041900     libucrt:exit.obj
 0003:0000a904       ?c_exit_complete@?5??common_exit@@YAXHW4_crt_exit_cleanup_mode@@W4_crt_exit_return_mode@@@Z@4_NA 10041904     libucrt:exit.obj
 0003:0000a908       ?program_name@?5???$common_configure_argv@D@@YAHW4_crt_argv_mode@@@Z@4PADA 10041908     libucrt:argv_parsing.obj
 0003:0000aa40       _enable_percent_n          10041a40     libucrt:printf_count_output.obj
 0003:0000ac60       ___acrt_lock_table         10041c60     libucrt:locks.obj
 0003:0000ad98       ___acrt_locks_initialized  10041d98     libucrt:locks.obj
 0003:0000ada0       _module_handles            10041da0     libucrt:winapi_thunks.obj
 0003:0000adf0       _encoded_function_pointers 10041df0     libucrt:winapi_thunks.obj
 0003:0000ae70       ?state_cache@?1??__acrt_is_packaged_app@@9@4JA 10041e70     libucrt:winapi_thunks.obj
 0003:0000ae8c       _fSystemSet                10041e8c     libucrt:mbctype.obj
 0003:0000ae90       ?initialized@?1??__acrt_initialize_multibyte@@9@4_NA 10041e90     libucrt:mbctype.obj
 0003:0000aeb0       ___acrt_new_handler        10041eb0     libucrt:new_handler.obj
 0003:0000aeb4       _ctrlc_action              10041eb4     libucrt:signal.obj
 0003:0000aeb8       _ctrlbreak_action          10041eb8     libucrt:signal.obj
 0003:0000aebc       _abort_action              10041ebc     libucrt:signal.obj
 0003:0000aec0       _term_action               10041ec0     libucrt:signal.obj
 0003:0000aec4       _user_matherr              10041ec4     libucrt:matherr.obj
 0003:0000aec8       ___acrt_global_new_mode    10041ec8     libucrt:new_mode.obj
 0003:0000aed4       ___acrt_app_type           10041ed4     libucrt:report_runtime_error.obj
 0003:0000aedc       __pmatherr_set             10041edc     libucrt:libm_error.obj
 0003:0000af34       ?gbPauseConsoleWasRequested@@3_NA 10041f34     common-kernel32:WConsole.obj
 0003:0000af38       ?GetCurrentConsoleFontEx@?1??apiGetCurrentConsoleFontEx@@YAHPAXHPAUMY_CONSOLE_FONT_INFOEX@@@Z@4P6GH0H1@ZA 10041f38     common-kernel32:WConsole.obj
 0003:0000af3c       ?bFuncChecked@?1??apiGetCurrentConsoleFontEx@@YAHPAXHPAUMY_CONSOLE_FONT_INFOEX@@@Z@4_NA 10041f3c     common-kernel32:WConsole.obj
 0003:0000af40       ?SetCurrentConsoleFontEx@?1??apiSetCurrentConsoleFontEx@@YAHPAXHPAUMY_CONSOLE_FONT_INFOEX@@@Z@4P6GH0H1@ZA 10041f40     common-kernel32:WConsole.obj
 0003:0000af44       ?bFuncChecked@?1??apiSetCurrentConsoleFontEx@@YAHPAXHPAUMY_CONSOLE_FONT_INFOEX@@@Z@4_NA 10041f44     common-kernel32:WConsole.obj
 0004:000000a0       $R000000                   100420a0     ConEmu.res
 0004:000003a8       $R000308                   100423a8     ConEmu.res
