 ConEmu.x64

 Timestamp is 6081f30d (Fri Apr 23 00:05:01 2021)

 Preferred load address is 0000000180000000

 Start         Length     Name                   Class
 0001:00000000 00000010H .text$di                CODE
 0001:00000010 000310a0H .text$mn                CODE
 0001:000310b0 00000040H .text$mn$00             CODE
 0001:000310f0 000006f0H .text$x                 CODE
 0001:000317e0 0000003dH .text$yd                CODE
 0002:00000000 00000660H .idata$5                DATA
 0002:00000660 00000028H .00cfg                  DATA
 0002:00000688 00000008H .CRT$XCA                DATA
 0002:00000690 00000008H .CRT$XCU                DATA
 0002:00000698 00000008H .CRT$XCZ                DATA
 0002:000006a0 00000008H .CRT$XIA                DATA
 0002:000006a8 00000020H .CRT$XIC                DATA
 0002:000006c8 00000008H .CRT$XIZ                DATA
 0002:000006d0 00000008H .CRT$XLA                DATA
 0002:000006d8 00000008H .CRT$XLZ                DATA
 0002:000006e0 00000008H .CRT$XPA                DATA
 0002:000006e8 00000010H .CRT$XPX                DATA
 0002:000006f8 00000008H .CRT$XPXA               DATA
 0002:00000700 00000008H .CRT$XPZ                DATA
 0002:00000708 00000008H .CRT$XTA                DATA
 0002:00000710 00000010H .CRT$XTZ                DATA
 0002:00000718 00000000H .gehcont$y              DATA
 0002:00000718 00000000H .gfids$y                DATA
 0002:00000720 0000ce60H .rdata                  DATA
 0002:0000d580 00000000H .rdata$CastGuardVftablesA DATA
 0002:0000d580 00000000H .rdata$CastGuardVftablesC DATA
 0002:0000d580 00000028H .rdata$T                DATA
 0002:0000d5a8 0000097cH .rdata$r                DATA
 0002:0000df24 0000040cH .rdata$zzzdbg           DATA
 0002:0000e330 00000008H .rtc$IAA                DATA
 0002:0000e338 00000008H .rtc$IZZ                DATA
 0002:0000e340 00000008H .rtc$TAA                DATA
 0002:0000e348 00000008H .rtc$TZZ                DATA
 0002:0000e350 00000004H .tls                    DATA
 0002:0000e354 00000004H .tls$                   DATA
 0002:0000e358 00000008H .tls$ZZZ                DATA
 0002:0000e360 00002698H .xdata                  DATA
 0002:000109f8 00000268H .xdata$x                DATA
 0002:00010c60 000002e4H .edata                  DATA
 0002:00010f44 00000064H .idata$2                DATA
 0002:00010fa8 00000018H .idata$3                DATA
 0002:00010fc0 00000660H .idata$4                DATA
 0002:00011620 00000e82H .idata$6                DATA
 0003:00000000 00000c80H .data                   DATA
 0003:00000c80 000001d0H .data$r                 DATA
 0003:00000e50 000002c0H .data$rs                DATA
 0003:00001110 0000bc30H .bss                    DATA
 0004:00000000 000028a4H .pdata                  DATA
 0005:00000000 00000100H _RDATA                  DATA
 0006:00000000 000000a0H .rsrc$01                DATA
 0006:000000a0 00000490H .rsrc$02                DATA

  Address         Publics by Value              Rva+Base               Lib:Object

 0000:00000000       ___safe_se_handler_table   0000000000000000     <absolute>
 0000:00000000       __arm64x_redirection_metadata 0000000000000000     <absolute>
 0000:00000000       __guard_iat_table          0000000000000000     <absolute>
 0000:00000000       __guard_longjmp_table      0000000000000000     <absolute>
 0000:00000000       __x64_code_ranges_to_entry_points 0000000000000000     <absolute>
 0000:00000000       __guard_iat_count          0000000000000000     <absolute>
 0000:00000000       __guard_longjmp_count      0000000000000000     <absolute>
 0000:00000000       __guard_fids_count         0000000000000000     <absolute>
 0000:00000000       __dynamic_value_reloc_table 0000000000000000     <absolute>
 0000:00000000       __x64_code_ranges_to_entry_points_count 0000000000000000     <absolute>
 0000:00000000       __arm64x_extra_rfe_table   0000000000000000     <absolute>
 0000:00000000       __hybrid_auxiliary_iat     0000000000000000     <absolute>
 0000:00000000       __hybrid_code_map          0000000000000000     <absolute>
 0000:00000000       __volatile_metadata        0000000000000000     <absolute>
 0000:00000000       __arm64x_extra_rfe_table_size 0000000000000000     <absolute>
 0000:00000000       ___safe_se_handler_count   0000000000000000     <absolute>
 0000:00000000       __AbsoluteZero             0000000000000000     <absolute>
 0000:00000000       __guard_fids_table         0000000000000000     <absolute>
 0000:00000000       __guard_eh_cont_count      0000000000000000     <absolute>
 0000:00000000       __arm64x_redirection_metadata_count 0000000000000000     <absolute>
 0000:00000000       __enclave_config           0000000000000000     <absolute>
 0000:00000000       __guard_eh_cont_table      0000000000000000     <absolute>
 0000:00000000       __arm64x_native_entrypoint 0000000000000000     <absolute>
 0000:00000000       __hybrid_code_map_count    0000000000000000     <absolute>
 0000:00000100       __guard_flags              0000000000000100     <absolute>
 0000:00000000       __ImageBase                0000000180000000     <linker-defined>
 0001:00000010       ??$swprintf_c@$0EA@@@YAHAEAY0EA@_WPEB_WZZ 0000000180001010 f i ConEmuInjects.obj
 0001:0000003c       ??$swprintf_c@$0IA@@@YAHAEAY0IA@_WPEB_WZZ 000000018000103c f i ConEmuInjects.obj
 0001:00000068       ??$swprintf_c@$0PP@@@YAHAEAY0PP@_WPEB_WZZ 0000000180001068 f i ConEmuInjects.obj
 0001:00000094       ?ShutdownHooks@@YAXXZ      0000000180001094 f   ConEmuInjects.obj
 0001:00000284       ?StartupConsoleHooks@@YAXXZ 0000000180001284 f   ConEmuInjects.obj
 0001:00000310       ?StartupHooks@@YA_NPEAUHINSTANCE__@@@Z 0000000180001310 f   ConEmuInjects.obj
 0001:000006f8       ?StringCchVPrintfW@@YAJPEA_W_KPEB_WPEAD@Z 00000001800016f8 f i ConEmuInjects.obj
 0001:0000079c       __local_stdio_printf_options 000000018000179c f i ConEmuInjects.obj
 0001:000007a4       ?ProcessSynchroEventW3@@YA_JPEAX@Z 00000001800017a4 f   ConEmuPlugin.obj
 0001:000007cc       ?ProcessEditorEventW3@@YA_JPEAX@Z 00000001800017cc f   ConEmuPlugin.obj
 0001:000007f4       ?ProcessViewerEventW3@@YA_JPEAX@Z 00000001800017f4 f   ConEmuPlugin.obj
 0001:0000081c       ?ExitFARW3@@YAXPEAX@Z      000000018000181c f   ConEmuPlugin.obj
 0001:00000874       ExitFARW                   0000000180001874 f   ConEmuPlugin.obj
 0001:000008cc       ProcessEditorEventW        00000001800018cc f   ConEmuPlugin.obj
 0001:000008cc       ?ProcessEditorEvent@@YAHHPEAX@Z 00000001800018cc f   ConEmuPlugin.obj
 0001:000008ec       ProcessSynchroEventW       00000001800018ec f   ConEmuPlugin.obj
 0001:00000918       ProcessViewerEventW        0000000180001918 f   ConEmuPlugin.obj
 0001:00000918       ?ProcessViewerEvent@@YAHHPEAX@Z 0000000180001918 f   ConEmuPlugin.obj
 0001:00000938       ?ActivateConsole@@YAHXZ    0000000180001938 f   ConEmuPlugin.obj
 0001:000009c8       ?ExitFAR@@YAXXZ            00000001800019c8 f   ConEmuPlugin.obj
 0001:00000a20       ?GetFarHWND2@@YAPEAUHWND__@@H@Z 0000000180001a20 f   ConEmuPlugin.obj
 0001:00000a8c       ?GetFarHWND@@YAPEAUHWND__@@XZ 0000000180001a8c f   ConEmuPlugin.obj
 0001:00000a94       ?GetFarVersion@@YAXPEAUFarVersion@@@Z 0000000180001a94 f   ConEmuPlugin.obj
 0001:00000ab0       ?GetMinFarVersion@@YAHXZ   0000000180001ab0 f   ConEmuPlugin.obj
 0001:00000ad8       ?GetPluginInfo@@YAXPEAX@Z  0000000180001ad8 f   ConEmuPlugin.obj
 0001:00000b24       ?GetPluginInfoW@@YAXPEAX@Z 0000000180001b24 f   ConEmuPlugin.obj
 0001:00000b44       ?IsConsoleActive@@YAHXZ    0000000180001b44 f   ConEmuPlugin.obj
 0001:00000b9c       ?IsTerminalMode@@YAHXZ     0000000180001b9c f   ConEmuPlugin.obj
 0001:00000ba4       ?OpenPlugin@@YAPEAXH_J@Z   0000000180001ba4 f   ConEmuPlugin.obj
 0001:00000bd4       ?OpenW@@YAPEAXPEBX@Z       0000000180001bd4 f   ConEmuPlugin.obj
 0001:00000bf8       ?ProcessEditorInput@@YAHPEBU_INPUT_RECORD@@@Z 0000000180001bf8 f   ConEmuPlugin.obj
 0001:00000c1c       ?RegisterBackground@@YAHPEAURegisterBackgroundArg@@@Z 0000000180001c1c f   ConEmuPlugin.obj
 0001:00000c98       ?RegisterPanelView@@YAHPEAUPanelViewInit@@@Z 0000000180001c98 f   ConEmuPlugin.obj
 0001:00000e00       ?SetStartupInfo@@YAXPEAX@Z 0000000180001e00 f   ConEmuPlugin.obj
 0001:00000e5c       ?SetupExportsFar3@@YAXXZ   0000000180001e5c f   ConEmuPlugin.obj
 0001:00000fcc       ?SyncExecute@@YAHPEAUHINSTANCE__@@P6AX_J@Z1@Z 0000000180001fcc f   ConEmuPlugin.obj
 0001:00001018       DllMain                    0000000180002018 f   ConEmuPlugin.obj
 0001:0000103c       GetMinFarVersionW          000000018000203c f   ConEmuPlugin.obj
 0001:00001044       OpenPluginW                0000000180002044 f   ConEmuPlugin.obj
 0001:00001084       ProcessEditorInputW        0000000180002084 f   ConEmuPlugin.obj
 0001:000010a8       SetStartupInfoW            00000001800020a8 f   ConEmuPlugin.obj
 0001:000010d8       ??0CPluginW1900@@QEAA@XZ   00000001800020d8 f   ConEmuPlugin1900.obj
 0001:0000127c       ??_GCPluginW1900@@UEAAPEAXI@Z 000000018000227c f i ConEmuPlugin1900.obj
 0001:0000127c       ??_ECPluginW1900@@UEAAPEAXI@Z 000000018000227c f i ConEmuPlugin1900.obj
 0001:00001784       ?CheckPanelExist@CPluginW1900@@UEAA_NXZ 0000000180002784 f   ConEmuPlugin1900.obj
 0001:000017c0       ?Color2BgIndex@Far3Color@@SAXKHAEAGPEBK@Z 00000001800027c0 f i ConEmuPlugin1900.obj
 0001:000018d4       ?Color2FgIndex@Far3Color@@SAXKAEAGPEBK@Z 00000001800028d4 f i ConEmuPlugin1900.obj
 0001:000019c4       ?ExecuteSynchroApi@CPluginW1900@@UEAA_NXZ 00000001800029c4 f   ConEmuPlugin1900.obj
 0001:000019f8       ?ExitFar@CPluginW1900@@UEAAXXZ 00000001800029f8 f   ConEmuPlugin1900.obj
 0001:00001a80       ?FarColor_3_2@@YAEAEBUFarColor@@_N@Z 0000000180002a80 f i ConEmuPlugin1900.obj
 0001:00001b40       ?GetActiveWindowType@CPluginW1900@@UEAAHXZ 0000000180002b40 f   ConEmuPlugin1900.obj
 0001:00001bec       ?GetEditorModifiedState@CPluginW1900@@UEAAKXZ 0000000180002bec f   ConEmuPlugin1900.obj
 0001:00001c48       ?GetFarRect@CPluginW1900@@UEAA_NAEAU_SMALL_RECT@@@Z 0000000180002c48 f   ConEmuPlugin1900.obj
 0001:00001cf4       ?GetMacroArea@CPluginW1900@@UEAAHXZ 0000000180002cf4 f   ConEmuPlugin1900.obj
 0001:00001d14       ?GetMsg@CPluginW1900@@UEAAPEB_WHPEA_W_K@Z 0000000180002d14 f   ConEmuPlugin1900.obj
 0001:00001d88       ?GetPanelDir@CPluginW1900@@UEAAPEA_WKPEA_WH@Z 0000000180002d88 f   ConEmuPlugin1900.obj
 0001:00001ee8       ?GetPanelInfo@CPluginW1900@@UEAA_NKPEAUCEPanelInfo@@@Z 0000000180002ee8 f   ConEmuPlugin1900.obj
 0001:00002188       ?GetPanelItemInfo@CPluginW1900@@UEAA_NAEBUCEPanelInfo@@_N_JAEAU_WIN32_FIND_DATAW@@PEAPEA_W@Z 0000000180003188 f   ConEmuPlugin1900.obj
 0001:00002344       ?GetPluginInfoPtr@CPluginW1900@@UEAAXPEAX@Z 0000000180003344 f   ConEmuPlugin1900.obj
 0001:000023a0       ?GetWindowCount@CPluginW1900@@UEAAHXZ 00000001800033a0 f   ConEmuPlugin1900.obj
 0001:000023d0       ?GetWindowTypeName@CPluginW2800@@UEAAPEB_WH@Z 00000001800033d0 f   ConEmuPlugin2800.obj
 0001:000023d0       ?GetWindowTypeName@CPluginAnsi@@UEAAPEB_WH@Z 00000001800033d0 f   ConEmuPluginA.obj
 0001:000023d0       ?GetWindowTypeName@CPluginW1900@@UEAAPEB_WH@Z 00000001800033d0 f   ConEmuPlugin1900.obj
 0001:000023d0       ?GetWindowTypeName@CPluginW995@@UEAAPEB_WH@Z 00000001800033d0 f   ConEmuPlugin995.obj
 0001:00002428       ?GuiMacroDlg@CPluginW1900@@UEAAXXZ 0000000180003428 f   ConEmuPlugin1900.obj
 0001:00002430       ?InputBox@CPluginW1900@@UEAA_NPEB_W000AEAPEA_W@Z 0000000180003430 f   ConEmuPlugin1900.obj
 0001:000024e0       ?IsMacroActive@CPluginW1900@@UEAA_NXZ 00000001800034e0 f   ConEmuPlugin1900.obj
 0001:00002524       ?LoadFarColors@CPluginW1900@@UEAAXAEAY0BAA@E@Z 0000000180003524 f   ConEmuPlugin1900.obj
 0001:000026b8       ?LoadFarSettings@CPluginW1900@@UEAAXPEAUCEFarInterfaceSettings@@PEAUCEFarPanelSettings@@@Z 00000001800036b8 f   ConEmuPlugin1900.obj
 0001:000027f8       ?Open@CPluginW1900@@UEAAPEAXPEBX@Z 00000001800037f8 f   ConEmuPlugin1900.obj
 0001:000028d4       ?OpenEditor@CPluginW1900@@UEAA_NPEB_W_N11HH@Z 00000001800038d4 f   ConEmuPlugin1900.obj
 0001:000029e8       ?PanelControlApi@CPluginW1900@@UEAA_JPEAXH_J0@Z 00000001800039e8 f   ConEmuPlugin1900.obj
 0001:00002a20       ?PostMacroApi@CPluginW1900@@UEAAXPEB_WPEAU_INPUT_RECORD@@_N@Z 0000000180003a20 f   ConEmuPlugin1900.obj
 0001:00002fe0       ?ProcessEditorEventPtr@CPluginW2800@@UEAAHPEAX@Z 0000000180003fe0 f   ConEmuPlugin2800.obj
 0001:00002fe0       ?ProcessEditorEventPtr@CPluginW1900@@UEAAHPEAX@Z 0000000180003fe0 f   ConEmuPlugin1900.obj
 0001:00002fec       ?ProcessEditorInputPtr@CPluginW1900@@UEAAHPEBX@Z 0000000180003fec f   ConEmuPlugin1900.obj
 0001:0000300c       ?ProcessSynchroEventPtr@CPluginW1900@@UEAAHPEAX@Z 000000018000400c f   ConEmuPlugin1900.obj
 0001:0000300c       ?ProcessSynchroEventPtr@CPluginW2800@@UEAAHPEAX@Z 000000018000400c f   ConEmuPlugin2800.obj
 0001:00003030       ?ProcessViewerEventPtr@CPluginW2800@@UEAAHPEAX@Z 0000000180004030 f   ConEmuPlugin2800.obj
 0001:00003030       ?ProcessViewerEventPtr@CPluginW1900@@UEAAHPEAX@Z 0000000180004030 f   ConEmuPlugin1900.obj
 0001:0000303c       ?RedrawAll@CPluginW1900@@UEAAXXZ 000000018000403c f   ConEmuPlugin1900.obj
 0001:00003074       ?SetStartupInfoPtr@CPluginW1900@@UEAAXPEAX@Z 0000000180004074 f   ConEmuPlugin1900.obj
 0001:000031c8       ?SetWindow@CPluginW1900@@UEAAXH@Z 00000001800041c8 f   ConEmuPlugin1900.obj
 0001:00003220       ?ShowMessage@CPluginW1900@@UEAAHPEB_WH_N@Z 0000000180004220 f   ConEmuPlugin1900.obj
 0001:00003288       ?ShowPluginMenu@CPluginW1900@@UEAAHPEAUConEmuPluginMenuItem@@HH@Z 0000000180004288 f   ConEmuPlugin1900.obj
 0001:000033d8       ?ShowUserScreen@CPluginW1900@@UEAAX_N@Z 00000001800043d8 f   ConEmuPlugin1900.obj
 0001:00003404       ?PlugServerInit@@YAXXZ     0000000180004404 f   PluginSrv.obj
 0001:00003404       ?WaitEndSynchro@CPluginW2800@@UEAAXXZ 0000000180004404 f   ConEmuPlugin2800.obj
 0001:00003404       _guard_check_icall_nop     0000000180004404 f   LIBCMT:guard_support.obj
 0001:00003404       ?WaitEndSynchro@CPluginAnsi@@UEAAXXZ 0000000180004404 f   ConEmuPluginA.obj
 0001:00003404       ?_Doraise@exception@stdext@@MEBAXXZ 0000000180004404 f   common-kernel64:CEStr.obj
 0001:00003404       ?StopWaitEndSynchro@CPluginW1900@@UEAAXXZ 0000000180004404 f   ConEmuPlugin1900.obj
 0001:00003404       ?ShutdownPluginStep@CPluginBase@@SAXPEB_WHHHH@Z 0000000180004404 f   ConEmuPluginBase.obj
 0001:00003404       ?WaitEndSynchro@CPluginW1900@@UEAAXXZ 0000000180004404 f   ConEmuPlugin1900.obj
 0001:00003404       ?StopWaitEndSynchro@CPluginAnsi@@UEAAXXZ 0000000180004404 f   ConEmuPluginA.obj
 0001:00003404       ?StopWaitEndSynchro@CPluginW2800@@UEAAXXZ 0000000180004404 f   ConEmuPlugin2800.obj
 0001:00003408       ?UpdateConEmuTabsApi@CPluginW1900@@UEAA_NH@Z 0000000180004408 f   ConEmuPlugin1900.obj
 0001:000038d8       ??$_Emplace_reallocate@AEBUWindowInfo@@@?$vector@UWindowInfo@@V?$MArrayAllocator@UWindowInfo@@@@@std@@QEAAPEAUWindowInfo@@QEAU2@AEBU2@@Z 00000001800048d8 f i ConEmuPlugin2800.obj
 0001:00003a7c       ??$_Uninitialized_fill_n@V?$MArrayAllocator@UWindowInfo@@@@@std@@YAPEAUWindowInfo@@PEAU1@_KAEBU1@AEAV?$MArrayAllocator@UWindowInfo@@@@@Z 0000000180004a7c f i ConEmuPlugin2800.obj
 0001:00003abc       ??0CPluginW2800@@QEAA@XZ   0000000180004abc f   ConEmuPlugin2800.obj
 0001:00003c60       ??0bad_alloc@std@@QEAA@AEBV01@@Z 0000000180004c60 f i ConEmuPlugin2800.obj
 0001:00003c9c       ??0bad_alloc@std@@QEAA@XZ  0000000180004c9c f i ConEmuPlugin2800.obj
 0001:00003cbc       ??0exception@std@@QEAA@AEBV01@@Z 0000000180004cbc f i ConEmuPlugin2800.obj
 0001:00003cf0       ??1?$MArray@UWindowInfo@@@@QEAA@XZ 0000000180004cf0 f i ConEmuPlugin2800.obj
 0001:00003d1c       ??1length_error@std@@UEAA@XZ 0000000180004d1c f i libcpmt:xthrow.obj
 0001:00003d1c       ??1bad_function_call@std@@UEAA@XZ 0000000180004d1c f i libcpmt:xthrow.obj
 0001:00003d1c       ??1bad_exception@std@@UEAA@XZ 0000000180004d1c f i libvcruntime:frame.obj
 0001:00003d1c       ??1bad_alloc@std@@UEAA@XZ  0000000180004d1c f i ConEmuPlugin2800.obj
 0001:00003d30       ??_ECPluginW2800@@UEAAPEAXI@Z 0000000180004d30 f i ConEmuPlugin2800.obj
 0001:00003d30       ??_GCPluginW2800@@UEAAPEAXI@Z 0000000180004d30 f i ConEmuPlugin2800.obj
 0001:00003d70       ??_Gbad_alloc@std@@UEAAPEAXI@Z 0000000180004d70 f i ConEmuPlugin2800.obj
 0001:00003d70       ??_Ebad_alloc@std@@UEAAPEAXI@Z 0000000180004d70 f i ConEmuPlugin2800.obj
 0001:00003d70       ??_Gbad_exception@std@@UEAAPEAXI@Z 0000000180004d70 f i libvcruntime:frame.obj
 0001:00003d70       ??_Ebad_exception@std@@UEAAPEAXI@Z 0000000180004d70 f i libvcruntime:frame.obj
 0001:00003d70       ??_Gexception@std@@UEAAPEAXI@Z 0000000180004d70 f i ConEmuPlugin2800.obj
 0001:00003d70       ??_Ebad_function_call@std@@UEAAPEAXI@Z 0000000180004d70 f i libcpmt:xthrow.obj
 0001:00003d70       ??_Elength_error@std@@UEAAPEAXI@Z 0000000180004d70 f i libcpmt:xthrow.obj
 0001:00003d70       ??_Elogic_error@std@@UEAAPEAXI@Z 0000000180004d70 f i libcpmt:xthrow.obj
 0001:00003d70       ??_Glogic_error@std@@UEAAPEAXI@Z 0000000180004d70 f i libcpmt:xthrow.obj
 0001:00003d70       ??_Eexception@std@@UEAAPEAXI@Z 0000000180004d70 f i ConEmuPlugin2800.obj
 0001:00003d70       ??_Glength_error@std@@UEAAPEAXI@Z 0000000180004d70 f i libcpmt:xthrow.obj
 0001:00003d70       ??_Gbad_function_call@std@@UEAAPEAXI@Z 0000000180004d70 f i libcpmt:xthrow.obj
 0001:00004300       ?CheckPanelExist@CPluginW2800@@UEAA_NXZ 0000000180005300 f   ConEmuPlugin2800.obj
 0001:0000433c       ?ExecuteSynchroApi@CPluginW2800@@UEAA_NXZ 000000018000533c f   ConEmuPlugin2800.obj
 0001:00004370       ?ExitFar@CPluginW2800@@UEAAXXZ 0000000180005370 f   ConEmuPlugin2800.obj
 0001:00004404       ?GetActiveWindowType@CPluginW2800@@UEAAHXZ 0000000180005404 f   ConEmuPlugin2800.obj
 0001:000044bc       ?GetEditorModifiedState@CPluginW2800@@UEAAKXZ 00000001800054bc f   ConEmuPlugin2800.obj
 0001:0000451c       ?GetFarRect@CPluginW2800@@UEAA_NAEAU_SMALL_RECT@@@Z 000000018000551c f   ConEmuPlugin2800.obj
 0001:000045d0       ?GetMacroArea@CPluginW2800@@UEAAHXZ 00000001800055d0 f   ConEmuPlugin2800.obj
 0001:000045f0       ?GetMsg@CPluginW2800@@UEAAPEB_WHPEA_W_K@Z 00000001800055f0 f   ConEmuPlugin2800.obj
 0001:00004668       ?GetPanelDir@CPluginW2800@@UEAAPEA_WKPEA_WH@Z 0000000180005668 f   ConEmuPlugin2800.obj
 0001:000047c8       ?GetPanelInfo@CPluginW2800@@UEAA_NKPEAUCEPanelInfo@@@Z 00000001800057c8 f   ConEmuPlugin2800.obj
 0001:00004a68       ?GetPanelItemInfo@CPluginW2800@@UEAA_NAEBUCEPanelInfo@@_N_JAEAU_WIN32_FIND_DATAW@@PEAPEA_W@Z 0000000180005a68 f   ConEmuPlugin2800.obj
 0001:00004c44       ?GetPluginInfoPtr@CPluginW2800@@UEAAXPEAX@Z 0000000180005c44 f   ConEmuPlugin2800.obj
 0001:00004ca0       ?GetWindowCount@CPluginW2800@@UEAAHXZ 0000000180005ca0 f   ConEmuPlugin2800.obj
 0001:00004cd0       ?GuiMacroDlg@CPluginW2800@@UEAAXXZ 0000000180005cd0 f   ConEmuPlugin2800.obj
 0001:00004cd8       ?InputBox@CPluginW2800@@UEAA_NPEB_W000AEAPEA_W@Z 0000000180005cd8 f   ConEmuPlugin2800.obj
 0001:00004d88       ?IsMacroActive@CPluginW2800@@UEAA_NXZ 0000000180005d88 f   ConEmuPlugin2800.obj
 0001:00004dcc       ?LoadFarColors@CPluginW2800@@UEAAXAEAY0BAA@E@Z 0000000180005dcc f   ConEmuPlugin2800.obj
 0001:00004f60       ?LoadFarSettings@CPluginW2800@@UEAAXPEAUCEFarInterfaceSettings@@PEAUCEFarPanelSettings@@@Z 0000000180005f60 f   ConEmuPlugin2800.obj
 0001:000050a0       ?Open@CPluginW2800@@UEAAPEAXPEBX@Z 00000001800060a0 f   ConEmuPlugin2800.obj
 0001:00005218       ?OpenEditor@CPluginW2800@@UEAA_NPEB_W_N11HH@Z 0000000180006218 f   ConEmuPlugin2800.obj
 0001:0000533c       ?PanelControlApi@CPluginW2800@@UEAA_JPEAXH_J0@Z 000000018000633c f   ConEmuPlugin2800.obj
 0001:00005374       ?PostMacroApi@CPluginW2800@@UEAAXPEB_WPEAU_INPUT_RECORD@@_N@Z 0000000180006374 f   ConEmuPlugin2800.obj
 0001:000056e8       ?ProcessEditorInputPtr@CPluginW2800@@UEAAHPEBX@Z 00000001800066e8 f   ConEmuPlugin2800.obj
 0001:00005708       ?RedrawAll@CPluginW2800@@UEAAXXZ 0000000180006708 f   ConEmuPlugin2800.obj
 0001:00005740       ?SetStartupInfoPtr@CPluginW2800@@UEAAXPEAX@Z 0000000180006740 f   ConEmuPlugin2800.obj
 0001:00005894       ?SetWindow@CPluginW2800@@UEAAXH@Z 0000000180006894 f   ConEmuPlugin2800.obj
 0001:000059d0       ?ShowMessage@CPluginW2800@@UEAAHPEB_WH_N@Z 00000001800069d0 f   ConEmuPlugin2800.obj
 0001:00005a38       ?ShowPluginMenu@CPluginW2800@@UEAAHPEAUConEmuPluginMenuItem@@HH@Z 0000000180006a38 f   ConEmuPlugin2800.obj
 0001:00005b8c       ?ShowUserScreen@CPluginW2800@@UEAAX_N@Z 0000000180006b8c f   ConEmuPlugin2800.obj
 0001:00005bb8       ?UpdateConEmuTabsApi@CPluginW2800@@UEAA_NH@Z 0000000180006bb8 f   ConEmuPlugin2800.obj
 0001:00006534       ?_Getal@?$vector@UWindowInfo@@V?$MArrayAllocator@UWindowInfo@@@@@std@@AEAAAEAV?$MArrayAllocator@UWindowInfo@@@@XZ 0000000180007534 f i ConEmuPlugin2800.obj
 0001:00006538       ?_Xlength@?$vector@UWindowInfo@@V?$MArrayAllocator@UWindowInfo@@@@@std@@CAXXZ 0000000180007538 f i ConEmuPlugin2800.obj
 0001:00006538       ?_Xlength@?$vector@UtagPROCESSENTRY32W@@V?$MArrayAllocator@UtagPROCESSENTRY32W@@@@@std@@CAXXZ 0000000180007538 f i common-kernel64:MProcess.obj
 0001:0000654c       ?deallocate@?$MArrayAllocator@UWindowInfo@@@@QEAAXPEAUWindowInfo@@_K@Z 000000018000754c f i ConEmuPlugin2800.obj
 0001:00006564       ?erase@?$MArray@UWindowInfo@@@@QEAAX_J0@Z 0000000180007564 f i ConEmuPlugin2800.obj
 0001:000065f8       ?insert@?$MArray@UWindowInfo@@@@QEAA_J_JAEBUWindowInfo@@0@Z 00000001800075f8 f i ConEmuPlugin2800.obj
 0001:000066a0       ?insert@?$vector@UWindowInfo@@V?$MArrayAllocator@UWindowInfo@@@@@std@@QEAA?AV?$_Vector_iterator@V?$_Vector_val@U?$_Simple_types@UWindowInfo@@@std@@@std@@@2@V?$_Vector_const_iterator@V?$_Vector_val@U?$_Simple_types@UWindowInfo@@@std@@@std@@@2@_KAEBUWindowInfo@@@Z 00000001800076a0 f i ConEmuPlugin2800.obj
 0001:00006aa8       ?push_back@?$MArray@UWindowInfo@@@@QEAA_JAEBUWindowInfo@@@Z 0000000180007aa8 f i ConEmuPlugin2800.obj
 0001:00006b2c       ?what@exception@std@@UEBAPEBDXZ 0000000180007b2c f i ConEmuPlugin2800.obj
 0001:00006b40       GetGlobalInfoW             0000000180007b40 f   ConEmuPlugin2800.obj
 0001:00006bd8       ??0CPluginW995@@QEAA@XZ    0000000180007bd8 f   ConEmuPlugin995.obj
 0001:00006d70       ??_ECPluginW995@@UEAAPEAXI@Z 0000000180007d70 f i ConEmuPlugin995.obj
 0001:00006d70       ??_GCPluginW995@@UEAAPEAXI@Z 0000000180007d70 f i ConEmuPlugin995.obj
 0001:000071f0       ?CheckPanelExist@CPluginW995@@UEAA_NXZ 00000001800081f0 f   ConEmuPlugin995.obj
 0001:00007228       ?ExecuteSynchroApi@CPluginW995@@UEAA_NXZ 0000000180008228 f   ConEmuPlugin995.obj
 0001:00007258       ?ExitFar@CPluginW995@@UEAAXXZ 0000000180008258 f   ConEmuPlugin995.obj
 0001:000072e0       ?GetActiveWindowType@CPluginW995@@UEAAHXZ 00000001800082e0 f   ConEmuPlugin995.obj
 0001:000073c0       ?GetEditorModifiedState@CPluginW995@@UEAAKXZ 00000001800083c0 f   ConEmuPlugin995.obj
 0001:00007418       ?GetFarRect@CPluginW995@@UEAA_NAEAU_SMALL_RECT@@@Z 0000000180008418 f   ConEmuPlugin995.obj
 0001:00007470       ?GetMacroArea@CPluginW995@@UEAAHXZ 0000000180008470 f   ConEmuPlugin995.obj
 0001:000074c8       ?GetMsg@CPluginW995@@UEAAPEB_WHPEA_W_K@Z 00000001800084c8 f   ConEmuPlugin995.obj
 0001:00007538       ?GetPanelDir@CPluginW995@@UEAAPEA_WKPEA_WH@Z 0000000180008538 f   ConEmuPlugin995.obj
 0001:0000765c       ?GetPanelInfo@CPluginW995@@UEAA_NKPEAUCEPanelInfo@@@Z 000000018000865c f   ConEmuPlugin995.obj
 0001:0000789c       ?GetPanelItemInfo@CPluginW995@@UEAA_NAEBUCEPanelInfo@@_N_JAEAU_WIN32_FIND_DATAW@@PEAPEA_W@Z 000000018000889c f   ConEmuPlugin995.obj
 0001:00007a44       ?GetPluginInfoPtr@CPluginW995@@UEAAXPEAX@Z 0000000180008a44 f   ConEmuPlugin995.obj
 0001:00007ab0       ?GetWindowCount@CPluginW995@@UEAAHXZ 0000000180008ab0 f   ConEmuPlugin995.obj
 0001:00007adc       ?GuiMacroDlg@CPluginW995@@UEAAXXZ 0000000180008adc f   ConEmuPlugin995.obj
 0001:00007ae4       ?InputBox@CPluginW995@@UEAA_NPEB_W000AEAPEA_W@Z 0000000180008ae4 f   ConEmuPlugin995.obj
 0001:00007b94       ?IsMacroActive@CPluginW995@@UEAA_NXZ 0000000180008b94 f   ConEmuPlugin995.obj
 0001:00007c04       ?LoadFarColors@CPluginW995@@UEAAXAEAY0BAA@E@Z 0000000180008c04 f   ConEmuPlugin995.obj
 0001:00007cc0       ?LoadFarSettings@CPluginW995@@UEAAXPEAUCEFarInterfaceSettings@@PEAUCEFarPanelSettings@@@Z 0000000180008cc0 f   ConEmuPlugin995.obj
 0001:00007d1c       ?Open@CPluginAnsi@@UEAAPEAXPEBX@Z 0000000180008d1c f i ConEmuPluginA.obj
 0001:00007d1c       ?Open@CPluginW995@@UEAAPEAXPEBX@Z 0000000180008d1c f i ConEmuPlugin995.obj
 0001:00007d24       ?OpenEditor@CPluginW995@@UEAA_NPEB_W_N11HH@Z 0000000180008d24 f   ConEmuPlugin995.obj
 0001:00007e2c       ?PanelControlApi@CPluginW995@@UEAA_JPEAXH_J0@Z 0000000180008e2c f   ConEmuPlugin995.obj
 0001:00007e70       ?PostMacroApi@CPluginW995@@UEAAXPEB_WPEAU_INPUT_RECORD@@_N@Z 0000000180008e70 f   ConEmuPlugin995.obj
 0001:00007f18       ?ProcessViewerEventPtr@CPluginAnsi@@UEAAHPEAX@Z 0000000180008f18 f i ConEmuPluginA.obj
 0001:00007f18       ?ProcessEditorEventPtr@CPluginW995@@UEAAHPEAX@Z 0000000180008f18 f i ConEmuPlugin995.obj
 0001:00007f18       ?ProcessEditorInputPtr@CPluginAnsi@@UEAAHPEBX@Z 0000000180008f18 f i ConEmuPluginA.obj
 0001:00007f18       ?ProcessViewerEventPtr@CPluginW995@@UEAAHPEAX@Z 0000000180008f18 f i ConEmuPlugin995.obj
 0001:00007f18       ?ProcessSynchroEventPtr@CPluginAnsi@@UEAAHPEAX@Z 0000000180008f18 f i ConEmuPluginA.obj
 0001:00007f18       ?ProcessEditorEventPtr@CPluginAnsi@@UEAAHPEAX@Z 0000000180008f18 f i ConEmuPluginA.obj
 0001:00007f18       ?ProcessSynchroEventPtr@CPluginW995@@UEAAHPEAX@Z 0000000180008f18 f i ConEmuPlugin995.obj
 0001:00007f1c       ?ProcessEditorInputPtr@CPluginW995@@UEAAHPEBX@Z 0000000180008f1c f   ConEmuPlugin995.obj
 0001:00007f38       ?RedrawAll@CPluginW995@@UEAAXXZ 0000000180008f38 f   ConEmuPlugin995.obj
 0001:00007f68       ?SetStartupInfoPtr@CPluginW995@@UEAAXPEAX@Z 0000000180008f68 f   ConEmuPlugin995.obj
 0001:000080a8       ?SetWindow@CPluginW995@@UEAAXH@Z 00000001800090a8 f   ConEmuPlugin995.obj
 0001:000080f4       ?ShowMessage@CPluginW995@@UEAAHPEB_WH_N@Z 00000001800090f4 f   ConEmuPlugin995.obj
 0001:00008154       ?ShowPluginMenu@CPluginW995@@UEAAHPEAUConEmuPluginMenuItem@@HH@Z 0000000180009154 f   ConEmuPlugin995.obj
 0001:00008290       ?ShowUserScreen@CPluginW995@@UEAAX_N@Z 0000000180009290 f   ConEmuPlugin995.obj
 0001:000082bc       ?StopWaitEndSynchro@CPluginW995@@UEAAXXZ 00000001800092bc f   ConEmuPlugin995.obj
 0001:000082ec       ?UpdateConEmuTabsApi@CPluginW995@@UEAA_NH@Z 00000001800092ec f   ConEmuPlugin995.obj
 0001:00008564       ?WaitEndSynchro@CPluginW995@@UEAAXXZ 0000000180009564 f   ConEmuPlugin995.obj
 0001:000086fc       ??0CPluginAnsi@@QEAA@XZ    00000001800096fc f   ConEmuPluginA.obj
 0001:00008860       ??_ECPluginAnsi@@UEAAPEAXI@Z 0000000180009860 f i ConEmuPluginA.obj
 0001:00008860       ??_GCPluginAnsi@@UEAAPEAXI@Z 0000000180009860 f i ConEmuPluginA.obj
 0001:00008e18       ?CheckPanelExist@CPluginAnsi@@UEAA_NXZ 0000000180009e18 f   ConEmuPluginA.obj
 0001:00008e50       ?ExecuteSynchroApi@CPluginAnsi@@UEAA_NXZ 0000000180009e50 f i ConEmuPluginA.obj
 0001:00008e50       ?GetFarRect@CPluginAnsi@@UEAA_NAEAU_SMALL_RECT@@@Z 0000000180009e50 f i ConEmuPluginA.obj
 0001:00008e54       ?ExitFar@CPluginAnsi@@UEAAXXZ 0000000180009e54 f   ConEmuPluginA.obj
 0001:00008e98       ?GetActiveWindowType@CPluginAnsi@@UEAAHXZ 0000000180009e98 f   ConEmuPluginA.obj
 0001:00008f1c       ?GetEditorModifiedState@CPluginAnsi@@UEAAKXZ 0000000180009f1c f   ConEmuPluginA.obj
 0001:00008f74       ?GetMacroArea@CPluginAnsi@@UEAAHXZ 0000000180009f74 f   ConEmuPluginA.obj
 0001:00008f74       _get_startup_argv_mode     0000000180009f74 f   LIBCMT:argv_mode.obj
 0001:00008f7c       ?GetMsg@CPluginAnsi@@UEAAPEB_WHPEA_W_K@Z 0000000180009f7c f   ConEmuPluginA.obj
 0001:0000901c       ?GetPanelDir@CPluginAnsi@@UEAAPEA_WKPEA_WH@Z 000000018000a01c f   ConEmuPluginA.obj
 0001:00009114       ?GetPanelInfo@CPluginAnsi@@UEAA_NKPEAUCEPanelInfo@@@Z 000000018000a114 f   ConEmuPluginA.obj
 0001:0000936c       ?GetPanelItemInfo@CPluginAnsi@@UEAA_NAEBUCEPanelInfo@@_N_JAEAU_WIN32_FIND_DATAW@@PEAPEA_W@Z 000000018000a36c f   ConEmuPluginA.obj
 0001:00009490       ?GetPluginInfoPtr@CPluginAnsi@@UEAAXPEAX@Z 000000018000a490 f   ConEmuPluginA.obj
 0001:0000951c       ?GetWindowCount@CPluginAnsi@@UEAAHXZ 000000018000a51c f   ConEmuPluginA.obj
 0001:00009548       ?GuiMacroDlg@CPluginAnsi@@UEAAXXZ 000000018000a548 f   ConEmuPluginA.obj
 0001:00009550       ?InputBox@CPluginAnsi@@UEAA_NPEB_W000AEAPEA_W@Z 000000018000a550 f   ConEmuPluginA.obj
 0001:000096b0       ?IsMacroActive@CPluginAnsi@@UEAA_NXZ 000000018000a6b0 f   ConEmuPluginA.obj
 0001:00009724       ?LoadFarColors@CPluginAnsi@@UEAAXAEAY0BAA@E@Z 000000018000a724 f   ConEmuPluginA.obj
 0001:000097e4       ?LoadFarSettings@CPluginAnsi@@UEAAXPEAUCEFarInterfaceSettings@@PEAUCEFarPanelSettings@@@Z 000000018000a7e4 f   ConEmuPluginA.obj
 0001:00009844       ?OpenEditor@CPluginAnsi@@UEAA_NPEB_W_N11HH@Z 000000018000a844 f   ConEmuPluginA.obj
 0001:00009980       ?PanelControlApi@CPluginAnsi@@UEAA_JPEAXH_J0@Z 000000018000a980 f   ConEmuPluginA.obj
 0001:000099bc       ?PostMacroApi@CPluginAnsi@@UEAAXPEB_WPEAU_INPUT_RECORD@@_N@Z 000000018000a9bc f   ConEmuPluginA.obj
 0001:00009a80       ?RedrawAll@CPluginAnsi@@UEAAXXZ 000000018000aa80 f   ConEmuPluginA.obj
 0001:00009ab4       ?SetStartupInfoPtr@CPluginAnsi@@UEAAXPEAX@Z 000000018000aab4 f   ConEmuPluginA.obj
 0001:00009bf8       ?SetWindow@CPluginAnsi@@UEAAXH@Z 000000018000abf8 f   ConEmuPluginA.obj
 0001:00009c4c       ?ShowMessage@CPluginAnsi@@UEAAHPEB_WH_N@Z 000000018000ac4c f   ConEmuPluginA.obj
 0001:00009d28       ?ShowPluginMenu@CPluginAnsi@@UEAAHPEAUConEmuPluginMenuItem@@HH@Z 000000018000ad28 f   ConEmuPluginA.obj
 0001:00009ec8       ?ShowUserScreen@CPluginAnsi@@UEAAX_N@Z 000000018000aec8 f   ConEmuPluginA.obj
 0001:00009ef4       ?UpdateConEmuTabsApi@CPluginAnsi@@UEAA_NH@Z 000000018000aef4 f   ConEmuPluginA.obj
 0001:0000a1b0       ??$swprintf_c@$0BAE@@@YAHAEAY0BAE@_WPEB_WZZ 000000018000b1b0 f i ConEmuPluginBase.obj
 0001:0000a1dc       ??$swprintf_c@$0DAM@@@YAHAEAY0DAM@_WPEB_WZZ 000000018000b1dc f i ConEmuPluginBase.obj
 0001:0000a208       ??$swprintf_c@$0EAA@@@YAHAEAY0EAA@_WPEB_WZZ 000000018000b208 f i ConEmuPluginBase.obj
 0001:0000a234       ??$swprintf_c@$0MI@@@YAHAEAY0MI@_WPEB_WZZ 000000018000b234 f i ConEmuPluginBase.obj
 0001:0000a260       ??$wcscpy_c@$0BBE@@@YAHAEAY0BBE@_WPEB_W@Z 000000018000b260 f i ConEmuPluginBase.obj
 0001:0000a2ac       ??$wcscpy_c@$0CAI@@@YAHAEAY0CAI@_WPEB_W@Z 000000018000b2ac f i ConEmuPluginBase.obj
 0001:0000a2f8       ??0CPluginBase@@QEAA@XZ    000000018000b2f8 f   ConEmuPluginBase.obj
 0001:0000a414       ??0MWow64Disable@@QEAA@XZ  000000018000b414 f i ConEmuPluginBase.obj
 0001:0000a488       ??1?$MFileMapping@UConEmuGuiMapping@@@@QEAA@XZ 000000018000b488 f i common-user64:ConEmuCheckEx.obj
 0001:0000a488       ??1?$MFileMapping@UPanelViewSetMapping@@@@QEAA@XZ 000000018000b488 f i PluginBackground.obj
 0001:0000a488       ??1?$MFileMapping@UCESERVER_CONSOLE_MAPPING_HDR@@@@QEAA@XZ 000000018000b488 f i ConEmuPluginBase.obj
 0001:0000a49c       ??1CPluginBase@@UEAA@XZ    000000018000b49c f   ConEmuPluginBase.obj
 0001:0000a4a8       ??1MWow64Disable@@QEAA@XZ  000000018000b4a8 f i ConEmuPluginBase.obj
 0001:0000a4cc       ??_ECPluginBase@@UEAAPEAXI@Z 000000018000b4cc f i ConEmuPluginBase.obj
 0001:0000a4cc       ??_GCPluginBase@@UEAAPEAXI@Z 000000018000b4cc f i ConEmuPluginBase.obj
 0001:0000a4f8       ?ActivatePlugin@CPluginBase@@QEAA_NKPEAXK@Z 000000018000b4f8 f   ConEmuPluginBase.obj
 0001:0000a6b4       ?AddTab@CPluginBase@@QEAA_NAEAHH_N1HPEB_W2HHHH@Z 000000018000b6b4 f   ConEmuPluginBase.obj
 0001:0000aa18       ?AddTabFinish@CPluginBase@@QEAAXH@Z 000000018000ba18 f   ConEmuPluginBase.obj
 0001:0000aa24       ?Attach2Gui@CPluginBase@@QEAA_N_N@Z 000000018000ba24 f   ConEmuPluginBase.obj
 0001:0000ae4c       ?BackgroundMacroError@CPluginBase@@SAKPEAX@Z 000000018000be4c f   ConEmuPluginBase.obj
 0001:0000ae74       ?CheckBufferEnabled@CPluginBase@@QEAA_NXZ 000000018000be74 f   ConEmuPluginBase.obj
 0001:0000aed8       ?CheckConEmuDetached@CPluginBase@@SAXXZ 000000018000bed8 f   ConEmuPluginBase.obj
 0001:0000b0c8       ?CheckResources@CPluginBase@@QEAAX_N@Z 000000018000c0c8 f   ConEmuPluginBase.obj
 0001:0000b2a8       ?CloseMap@?$MFileMapping@UCESERVER_CONSOLE_MAPPING_HDR@@@@QEAAXXZ 000000018000c2a8 f i ConEmuPluginBase.obj
 0001:0000b2a8       ?CloseMap@?$MFileMapping@UConEmuGuiMapping@@@@QEAAXXZ 000000018000c2a8 f i common-kernel64:ConEmuCheck.obj
 0001:0000b2a8       ?CloseMap@?$MFileMapping@UPanelViewSetMapping@@@@QEAAXXZ 000000018000c2a8 f i PluginBackground.obj
 0001:0000b30c       ?CloseMapHeader@CPluginBase@@SAXXZ 000000018000c30c f   ConEmuPluginBase.obj
 0001:0000b330       ?CloseTabs@CPluginBase@@SAXXZ 000000018000c330 f   ConEmuPluginBase.obj
 0001:0000b3d0       ?CommonPluginStartup@CPluginBase@@QEAAXXZ 000000018000c3d0 f   ConEmuPluginBase.obj
 0001:0000b4dc       ?CreateTabs@CPluginBase@@SA_NH@Z 000000018000c4dc f   ConEmuPluginBase.obj
 0001:0000b59c       ?DllCheckUnique@CPluginBase@@KA_N_N@Z 000000018000c59c f   ConEmuPluginBase.obj
 0001:0000b7d8       ?DllMain_ProcessAttach@CPluginBase@@KAXPEAUHINSTANCE__@@@Z 000000018000c7d8 f   ConEmuPluginBase.obj
 0001:0000b8c0       ?DllMain_ProcessDetach@CPluginBase@@KAXXZ 000000018000c8c0 f   ConEmuPluginBase.obj
 0001:0000b9a8       ?EditViewConsoleOutput@CPluginBase@@QEAAX_N@Z 000000018000c9a8 f   ConEmuPluginBase.obj
 0001:0000ba74       ?EmergencyShow@CPluginBase@@KAXXZ 000000018000ca74 f   ConEmuPluginBase.obj
 0001:0000bad0       ?ExecuteSynchro@CPluginBase@@QEAAXXZ 000000018000cad0 f   ConEmuPluginBase.obj
 0001:0000bb50       ?ExitFarCommon@CPluginBase@@QEAAX_N@Z 000000018000cb50 f   ConEmuPluginBase.obj
 0001:0000bb7c       ?FarSetConsoleSize@CPluginBase@@SA_NFF@Z 000000018000cb7c f   ConEmuPluginBase.obj
 0001:0000bc88       ?FillLoadedParm@CPluginBase@@SAXPEAUConEmuLoadedArg@@PEAUHINSTANCE__@@H@Z 000000018000cc88 f   ConEmuPluginBase.obj
 0001:0000bd60       ?FillUpdateBackground@CPluginBase@@QEAAXPEAUPaintBackgroundArg@@@Z 000000018000cd60 f   ConEmuPluginBase.obj
 0001:0000bedc       ?FindServerCmd@CPluginBase@@QEAA_NKAEAK_N@Z 000000018000cedc f   ConEmuPluginBase.obj
 0001:0000bfd8       ?GetMainThreadId@CPluginBase@@SAKXZ 000000018000cfd8 f   ConEmuPluginBase.obj
 0001:0000c088       ?GetPanelInfo@CPluginBase@@QEAA_NKPEAUBkPanelInfo@@@Z 000000018000d088 f   ConEmuPluginBase.obj
 0001:0000c12c       ?InitHWND@CPluginBase@@SAXXZ 000000018000d12c f   ConEmuPluginBase.obj
 0001:0000c3bc       ?InitResources@CPluginBase@@QEAAXXZ 000000018000d3bc f   ConEmuPluginBase.obj
 0001:0000c5e0       ?InitRootRegKey@CPluginBase@@IEAAXXZ 000000018000d5e0 f   ConEmuPluginBase.obj
 0001:0000c6e0       ?InternalOpenCreate@?$MFileMapping@UPanelViewSetMapping@@@@IEAAPEAUPanelViewSetMapping@@_N0H@Z 000000018000d6e0 f i PluginBackground.obj
 0001:0000c6e0       ?InternalOpenCreate@?$MFileMapping@UConEmuGuiMapping@@@@IEAAPEAUConEmuGuiMapping@@_N0H@Z 000000018000d6e0 f i common-kernel64:ConEmuCheck.obj
 0001:0000c6e0       ?InternalOpenCreate@?$MFileMapping@UCESERVER_CONSOLE_MAPPING_HDR@@@@IEAAPEAUCESERVER_CONSOLE_MAPPING_HDR@@_N0H@Z 000000018000d6e0 f i ConEmuPluginBase.obj
 0001:0000c994       ?IsCurrentTabModal@CPluginBase@@QEAA_NXZ 000000018000d994 f   ConEmuPluginBase.obj
 0001:0000cb50       ?LoadFarVersion@CPluginBase@@SA_NXZ 000000018000db50 f   ConEmuPluginBase.obj
 0001:0000ce04       ?LoadPanelTabsFromRegistry@CPluginBase@@IEAAXXZ 000000018000de04 f   ConEmuPluginBase.obj
 0001:0000cf30       ?MonitorThreadProcW@CPluginBase@@SAKPEAX@Z 000000018000df30 f   ConEmuPluginBase.obj
 0001:0000d334       ?NotifyConEmuUnloaded@CPluginBase@@SAXXZ 000000018000e334 f   ConEmuPluginBase.obj
 0001:0000d458       ?OnConsoleDetaching@CPluginBase@@SAHPEAUHookCallbackArg@@@Z 000000018000e458 f   ConEmuPluginBase.obj
 0001:0000d59c       ?OnConsolePeekInput@CPluginBase@@SAHPEAUHookCallbackArg@@@Z 000000018000e59c f   ConEmuPluginBase.obj
 0001:0000d604       ?OnConsolePeekInputPost@CPluginBase@@SAHPEAUHookCallbackArg@@@Z 000000018000e604 f   ConEmuPluginBase.obj
 0001:0000d634       ?OnConsolePeekReadInput@CPluginBase@@SAX_N@Z 000000018000e634 f   ConEmuPluginBase.obj
 0001:0000d828       ?OnConsoleReadInput@CPluginBase@@SAHPEAUHookCallbackArg@@@Z 000000018000e828 f   ConEmuPluginBase.obj
 0001:0000d830       ?OnConsoleReadInputPost@CPluginBase@@SAHPEAUHookCallbackArg@@@Z 000000018000e830 f   ConEmuPluginBase.obj
 0001:0000d9e0       ?OnConsoleReadInputWork@CPluginBase@@SAHPEAUHookCallbackArg@@@Z 000000018000e9e0 f   ConEmuPluginBase.obj
 0001:0000da54       ?OnConsoleWasAttached@CPluginBase@@SAHPEAUHookCallbackArg@@@Z 000000018000ea54 f   ConEmuPluginBase.obj
 0001:0000dabc       ?OnCurDirChanged@CPluginBase@@SAXXZ 000000018000eabc f   ConEmuPluginBase.obj
 0001:0000db18       ?OnGetNumberOfConsoleInputEventsPost@CPluginBase@@SAHPEAUHookCallbackArg@@@Z 000000018000eb18 f   ConEmuPluginBase.obj
 0001:0000db4c       ?OnLibraryLoaded@CPluginBase@@SAXPEAUHINSTANCE__@@@Z 000000018000eb4c f   ConEmuPluginBase.obj
 0001:0000dbec       ?OnMainThreadActivated@CPluginBase@@QEAAXXZ 000000018000ebec f   ConEmuPluginBase.obj
 0001:0000dd90       ?OnPanelViewCallbacks@CPluginBase@@SA_NPEAUHookCallbackArg@@P6AHPEAXPEAU_INPUT_RECORD@@KPEAKPEAH@Z5@Z 000000018000ed90 f   ConEmuPluginBase.obj
 0001:0000de68       ?OnPostWriteConsoleOutput@CPluginBase@@SAHPEAUHookCallbackArg@@@Z 000000018000ee68 f   ConEmuPluginBase.obj
 0001:0000de74       ?OnShellExecuteExW_Except@CPluginBase@@SAHPEAUHookCallbackArg@@@Z 000000018000ee74 f   ConEmuPluginBase.obj
 0001:0000deb4       ?OnWriteConsoleOutput@CPluginBase@@SAHPEAUHookCallbackArg@@@Z 000000018000eeb4 f   ConEmuPluginBase.obj
 0001:0000df88       ?OpenMapHeader@CPluginBase@@SAHXZ 000000018000ef88 f   ConEmuPluginBase.obj
 0001:0000e144       ?OpenPluginCommon@CPluginBase@@QEAAPEAXH_J_N@Z 000000018000f144 f   ConEmuPluginBase.obj
 0001:0000e42c       ?OutDataAlloc@CPluginBase@@SA_NK@Z 000000018000f42c f   ConEmuPluginBase.obj
 0001:0000e48c       ?OutDataRealloc@CPluginBase@@SA_NK@Z 000000018000f48c f   ConEmuPluginBase.obj
 0001:0000e558       ?OutDataWrite@CPluginBase@@SA_NPEAXK@Z 000000018000f558 f   ConEmuPluginBase.obj
 0001:0000e5f8       ?PanelControl@CPluginBase@@QEAA_JPEAXH_J0@Z 000000018000f5f8 f   ConEmuPluginBase.obj
 0001:0000e690       ?Plugin@@YAPEAVCPluginBase@@XZ 000000018000f690 f   ConEmuPluginBase.obj
 0001:0000e768       ?PrintText@CPluginBase@@QEAA_NPEB_W@Z 000000018000f768 f   ConEmuPluginBase.obj
 0001:0000e884       ?ProcessCommand@CPluginBase@@QEAA_NKHPEAXPEAPEAUCESERVER_REQ@@_N@Z 000000018000f884 f   ConEmuPluginBase.obj
 0001:0000ed24       ?ProcessCommandLine@CPluginBase@@QEAA_NPEA_W@Z 000000018000fd24 f   ConEmuPluginBase.obj
 0001:0000ed70       ?ProcessDragFrom@CPluginBase@@QEAAXXZ 000000018000fd70 f   ConEmuPluginBase.obj
 0001:0000f1f4       ?ProcessDragTo@CPluginBase@@QEAAXXZ 00000001800101f4 f   ConEmuPluginBase.obj
 0001:0000f504       ?ProcessEditorInputInternal@CPluginBase@@QEAAXAEBU_INPUT_RECORD@@@Z 0000000180010504 f   ConEmuPluginBase.obj
 0001:0000f530       ?ProcessEditorViewerEvent@CPluginBase@@QEAAHHH@Z 0000000180010530 f   ConEmuPluginBase.obj
 0001:0000f5e4       ?ProcessSetWindowCommand@CPluginBase@@QEAAXXZ 00000001800105e4 f   ConEmuPluginBase.obj
 0001:0000f70c       ?ProcessSynchroEvent@CPluginBase@@QEAAHHPEAX@Z 000000018001070c f   ConEmuPluginBase.obj
 0001:0000f790       ?ReloadFarInfo@CPluginBase@@QEAA_N_N@Z 0000000180010790 f   ConEmuPluginBase.obj
 0001:0000fa0c       ?ReloadFarInfoApi@CPluginBase@@IEAA_NXZ 0000000180010a0c f   ConEmuPluginBase.obj
 0001:0000fbe0       ?RunExternalProgram@CPluginBase@@QEAA_NPEA_W@Z 0000000180010be0 f   ConEmuPluginBase.obj
 0001:0000fd70       ?RunExternalProgramW@CPluginBase@@SA_NPEA_W0_N@Z 0000000180010d70 f   ConEmuPluginBase.obj
 0001:0000ffd4       ?SendTabs@CPluginBase@@SAXH_N@Z 0000000180010fd4 f   ConEmuPluginBase.obj
 0001:00010190       ?SetRootRegKey@CPluginBase@@IEAAXPEA_W@Z 0000000180011190 f   ConEmuPluginBase.obj
 0001:0001022c       ?ShowConsoleInfo@CPluginBase@@QEAAXXZ 000000018001122c f   ConEmuPluginBase.obj
 0001:00010430       ?ShowMessage@CPluginBase@@QEAAHHH@Z 0000000180011430 f   ConEmuPluginBase.obj
 0001:000104ac       ?ShowMessageBox@CPluginBase@@KAHPEB_WI@Z 00000001800114ac f   ConEmuPluginBase.obj
 0001:00010590       ?ShowMessageGui@CPluginBase@@QEAAHHH@Z 0000000180011590 f   ConEmuPluginBase.obj
 0001:00010618       ?ShowPanelsList@CPluginBase@@QEAAXXZ 0000000180011618 f   ConEmuPluginBase.obj
 0001:0001076c       ?ShowPluginMenu@CPluginBase@@QEAAXW4PluginCallCommands@@@Z 000000018001176c f   ConEmuPluginBase.obj
 0001:00010980       ?ShowProtocolWarning@CPluginBase@@KAXXZ 0000000180011980 f   ConEmuPluginBase.obj
 0001:00010af8       ?ShowTabsList@CPluginBase@@QEAAXXZ 0000000180011af8 f   ConEmuPluginBase.obj
 0001:00010d84       ?StartDebugger@CPluginBase@@QEAA_NXZ 0000000180011d84 f   ConEmuPluginBase.obj
 0001:00011038       ?StopThread@CPluginBase@@QEAAX_N@Z 0000000180012038 f   ConEmuPluginBase.obj
 0001:0001129c       ?StorePanelDirs@CPluginBase@@QEAA_NPEB_W0@Z 000000018001229c f   ConEmuPluginBase.obj
 0001:0001140c       ?StringCchCatW@@YAJPEA_W_KPEB_W@Z 000000018001240c f i ConEmuPluginBase.obj
 0001:000114c8       ?StringCchCopyW@@YAJPEA_W_KPEB_W@Z 00000001800124c8 f i ConEmuPluginBase.obj
 0001:00011534       ?SwitchTabCommand@CPluginBase@@QEAAXW4PluginMenuCommands@@@Z 0000000180012534 f   ConEmuPluginBase.obj
 0001:000115b8       ?ToOem@CPluginBase@@SAPEADPEB_W@Z 00000001800125b8 f   ConEmuPluginBase.obj
 0001:00011614       ?ToOem@CPluginBase@@SAXPEB_WPEAD_J@Z 0000000180012614 f   ConEmuPluginBase.obj
 0001:00011654       ?ToUnicode@CPluginBase@@SAPEA_WPEBD@Z 0000000180012654 f   ConEmuPluginBase.obj
 0001:000116d4       ?TouchReadPeekConsoleInputs@CPluginBase@@SAXH@Z 00000001800126d4 f   ConEmuPluginBase.obj
 0001:00011720       ?UngetDummyMouseEvent@CPluginBase@@SA_N_NPEAUHookCallbackArg@@@Z 0000000180012720 f   ConEmuPluginBase.obj
 0001:000118cc       ?UpdateConEmuTabs@CPluginBase@@QEAA_N_N@Z 00000001800128cc f   ConEmuPluginBase.obj
 0001:00011b4c       ?UpdatePanelDirs@CPluginBase@@QEAAXXZ 0000000180012b4c f   ConEmuPluginBase.obj
 0001:00011d1c       ?WaitPluginActivation@CPluginBase@@SAKKPEAPEAXHK@Z 0000000180012d1c f   ConEmuPluginBase.obj
 0001:00011e24       ?cmd_CloseQSearch@CPluginBase@@QEAAXXZ 0000000180012e24 f   ConEmuPluginBase.obj
 0001:00011e5c       ?cmd_ConSetFont@CPluginBase@@QEAAXPEAX@Z 0000000180012e5c f   ConEmuPluginBase.obj
 0001:00011eb0       ?cmd_EMenu@CPluginBase@@QEAAXPEAX@Z 0000000180012eb0 f   ConEmuPluginBase.obj
 0001:00011fcc       ?cmd_ExternalCallback@CPluginBase@@QEAA_NPEAX@Z 0000000180012fcc f   ConEmuPluginBase.obj
 0001:00012030       ?cmd_GuiChanged@CPluginBase@@QEAAXPEAX@Z 0000000180013030 f   ConEmuPluginBase.obj
 0001:000120bc       ?cmd_LeftClickSync@CPluginBase@@QEAAXPEAX@Z 00000001800130bc f   ConEmuPluginBase.obj
 0001:000121a8       ?cmd_OpenEditorLine@CPluginBase@@QEAA_NPEAUCESERVER_REQ_FAREDITOR@@@Z 00000001800131a8 f   ConEmuPluginBase.obj
 0001:00012274       ?cmd_RedrawFarCall@CPluginBase@@QEAA_NAEAPEAUCESERVER_REQ@@PEAPEAU2@@Z 0000000180013274 f   ConEmuPluginBase.obj
 0001:00012348       ?cmd_SetWindow@CPluginBase@@QEAA_NPEAX_N@Z 0000000180013348 f   ConEmuPluginBase.obj
 0001:000123d4       ?isMacroActive@CPluginBase@@QEAA_NAEAH@Z 00000001800133d4 f   ConEmuPluginBase.obj
 0001:00012410       ?isModalEditorViewer@CPluginBase@@QEAA_NXZ 0000000180013410 f   ConEmuPluginBase.obj
 0001:0001243c       ?pcc_Disabled@CPluginBase@@SA_NW4PluginMenuCommands@@@Z 000000018001343c f   ConEmuPluginBase.obj
 0001:000124b0       ?pcc_Selected@CPluginBase@@SA_NW4PluginMenuCommands@@@Z 00000001800134b0 f   ConEmuPluginBase.obj
 0001:0001250c       ??0CPluginBackground@@QEAA@XZ 000000018001350c f   PluginBackground.obj
 0001:000126c4       ??1CPluginBackground@@QEAA@XZ 00000001800136c4 f   PluginBackground.obj
 0001:0001282c       ?CheckPanelFolders@CPluginBackground@@IEAAXH@Z 000000018001382c f   PluginBackground.obj
 0001:000128fc       ?GetTo@?$MFileMapping@UPanelViewSetMapping@@@@QEAA_NPEAUPanelViewSetMapping@@H@Z 00000001800138fc f i PluginBackground.obj
 0001:000129cc       ?IsParmChanged@CPluginBackground@@IEAA_NPEAUPaintBackgroundArg@@0@Z 00000001800139cc f   PluginBackground.obj
 0001:00012c44       ?LoadThSet@CPluginBackground@@IEAAHH@Z 0000000180013c44 f   PluginBackground.obj
 0001:00012fb8       ?MonitorBackground@CPluginBackground@@QEAAXXZ 0000000180013fb8 f   PluginBackground.obj
 0001:00013020       ?OnMainThreadActivated@CPluginBackground@@QEAAXHH@Z 0000000180014020 f   PluginBackground.obj
 0001:000130e4       ?ReallocItems@CPluginBackground@@IEAAXH@Z 00000001800140e4 f   PluginBackground.obj
 0001:0001314c       ?RegisterSubplugin@CPluginBackground@@QEAAHPEAURegisterBackgroundArg@@@Z 000000018001414c f   PluginBackground.obj
 0001:000133d8       ?SetDcPanelRect@CPluginBackground@@IEAAXPEAUtagRECT@@PEAUBkPanelInfo@@PEAUPaintBackgroundArg@@@Z 00000001800143d8 f   PluginBackground.obj
 0001:000134ac       ?SetForceThLoad@CPluginBackground@@QEAAXXZ 00000001800144ac f   PluginBackground.obj
 0001:000134c4       ?SetForceUpdate@CPluginBackground@@QEAAX_N@Z 00000001800144c4 f   PluginBackground.obj
 0001:000134e4       ?UpdateBackground@CPluginBackground@@IEAAXXZ 00000001800144e4 f   PluginBackground.obj
 0001:00013d58       ?UpdateBackground_Exec@CPluginBackground@@KAXPEAURegisterBackgroundArg@@PEAUPaintBackgroundArg@@@Z 0000000180014d58 f   PluginBackground.obj
 0001:00013d9c       ??$swprintf_c@$09@@YAHAEAY09_WPEB_WZZ 0000000180014d9c f i PluginSrv.obj
 0001:00013dc8       ??$wcscpy_c@$0BAE@@@YAHAEAY0BAE@_WPEB_W@Z 0000000180014dc8 f i PluginSrv.obj
 0001:00013e14       ?DumpError@?$PipeServer@UCESERVER_REQ@@@@IEAAXPEAUPipeInst@1@PEB_WH@Z 0000000180014e14 f i PluginSrv.obj
 0001:00013f28       ?PipeServerRead@?$PipeServer@UCESERVER_REQ@@@@IEAAHPEAUPipeInst@1@@Z 0000000180014f28 f i PluginSrv.obj
 0001:000141c4       ?PipeServerThread@?$PipeServer@UCESERVER_REQ@@@@IEAAKPEAUPipeInst@1@@Z 00000001800151c4 f i PluginSrv.obj
 0001:00014494       ?PipeServerWrite@?$PipeServer@UCESERVER_REQ@@@@IEAAHPEAUPipeInst@1@PEBXKPEAKH@Z 0000000180015494 f i PluginSrv.obj
 0001:000145c0       ?PlugServerCommand@@YAHPEAXPEAUCESERVER_REQ@@AEAPEAU1@AEAK3_J@Z 00000001800155c0 f   PluginSrv.obj
 0001:00014ae4       ?PlugServerFree@@YAXPEAUCESERVER_REQ@@_J@Z 0000000180015ae4 f   PluginSrv.obj
 0001:00014afc       ?PlugServerStart@@YA_NXZ   0000000180015afc f   PluginSrv.obj
 0001:00014c10       ?PlugServerStop@@YAX_N@Z   0000000180015c10 f   PluginSrv.obj
 0001:00014c58       ?StartPipeInstance@?$PipeServer@UCESERVER_REQ@@@@IEAA_NPEAUPipeInst@1@@Z 0000000180015c58 f i PluginSrv.obj
 0001:00014de8       ?StartPipeServer@?$PipeServer@UCESERVER_REQ@@@@QEAA_N_NPEB_W_JPEAU_SECURITY_ATTRIBUTES@@P6AHPEAXPEAUCESERVER_REQ@@AEAPEAU3@AEAK72@ZP6AX52@ZP6AH42@ZP6AH42@ZP6AH42@Z@Z 0000000180015de8 f i PluginSrv.obj
 0001:00014f6c       ?StopPipeServer@?$PipeServer@UCESERVER_REQ@@@@QEAAX_NAEA_N@Z 0000000180015f6c f i PluginSrv.obj
 0001:000152f4       ?WaitForClient@?$PipeServer@UCESERVER_REQ@@@@IEAA_NPEAUPipeInst@1@AEAH1@Z 00000001800162f4 f i PluginSrv.obj
 0001:0001560c       ?WaitOverlapped@?$PipeServer@UCESERVER_REQ@@@@IEAAHPEAUPipeInst@1@PEAK@Z 000000018001660c f i PluginSrv.obj
 0001:000157e0       ?WriteDummyAnswer@?$PipeServer@UCESERVER_REQ@@@@IEAAHPEAUPipeInst@1@@Z 00000001800167e0 f i PluginSrv.obj
 0001:00015860       ?_PipeServerThread@?$PipeServer@UCESERVER_REQ@@@@KAKPEAX@Z 0000000180016860 f i PluginSrv.obj
 0001:000158bc       ?cmd_FarSetChanged@@YAXPEAUFAR_REQ_FARSETCHANGED@@@Z 00000001800168bc f   PluginSrv.obj
 0001:00015916       GetFileVersionInfoSizeW    0000000180016916 f   version:VERSION.dll
 0001:0001591c       GetFileVersionInfoW        000000018001691c f   version:VERSION.dll
 0001:00015922       VerQueryValueW             0000000180016922 f   version:VERSION.dll
 0001:00015928       CreateToolhelp32Snapshot   0000000180016928 f   kernel32:KERNEL32.dll
 0001:0001592e       Thread32First              000000018001692e f   kernel32:KERNEL32.dll
 0001:00015934       Thread32Next               0000000180016934 f   kernel32:KERNEL32.dll
 0001:0001593a       Module32FirstW             000000018001693a f   kernel32:KERNEL32.dll
 0001:00015940       Module32NextW              0000000180016940 f   kernel32:KERNEL32.dll
 0001:00015948       ??2@YAPEAX_K@Z             0000000180016948 f   common-kernel64:Memory.obj
 0001:00015970       ??_V@YAXPEAX@Z             0000000180016970 f   common-kernel64:Memory.obj
 0001:00015970       ??3@YAXPEAX@Z              0000000180016970 f   common-kernel64:Memory.obj
 0001:00015978       ??_U@YAPEAX_K@Z            0000000180016978 f   common-kernel64:Memory.obj
 0001:00015980       ?HeapDeinitialize@@YAXXZ   0000000180016980 f   common-kernel64:Memory.obj
 0001:000159e0       ?HeapInitialize@@YA_NXZ    00000001800169e0 f   common-kernel64:Memory.obj
 0001:00015a1c       ?xf_calloc@@YAPEAX_K0@Z    0000000180016a1c f   common-kernel64:Memory.obj
 0001:00015a4c       ?xf_free@@YAXPEAX@Z        0000000180016a4c f   common-kernel64:Memory.obj
 0001:00015ac0       ?xf_malloc@@YAPEAX_K@Z     0000000180016ac0 f   common-kernel64:Memory.obj
 0001:00015ae8       ?xf_realloc@@YAPEAXPEAX_K@Z 0000000180016ae8 f   common-kernel64:Memory.obj
 0001:00015b10       ??$wcscpy_c@$0CA@@@YAHAEAY0CA@_WPEB_W@Z 0000000180016b10 f i common-kernel64:ConEmuCheck.obj
 0001:00015b5c       ?ExecuteCmd@@YAPEAUCESERVER_REQ@@PEB_WPEAU1@KPEAUHWND__@@HKH@Z 0000000180016b5c f   common-kernel64:ConEmuCheck.obj
 0001:00015d44       ?ExecuteFreeResult@@YAXAEAPEAUCESERVER_REQ@@@Z 0000000180016d44 f   common-kernel64:ConEmuCheck.obj
 0001:00015d64       ?ExecuteGuiCmd@@YAPEAUCESERVER_REQ@@PEAUHWND__@@PEAU1@0H@Z 0000000180016d64 f   common-kernel64:ConEmuCheck.obj
 0001:00015e24       ?ExecuteNewCmd@@YAPEAUCESERVER_REQ@@K_K@Z 0000000180016e24 f   common-kernel64:ConEmuCheck.obj
 0001:00015e88       ?ExecuteNewCmd@@YA_NAEAPEAUCESERVER_REQ@@AEAKK_K@Z 0000000180016e88 f   common-kernel64:ConEmuCheck.obj
 0001:00015f7c       ?ExecuteOpenPipe@@YAPEAXPEB_WAEAY0CAI@_W0KKHPEAXH@Z 0000000180016f7c f   common-kernel64:ConEmuCheck.obj
 0001:0001612c       ?ExecutePrepareCmd@@YAXPEAUCESERVER_REQ@@K_K@Z 000000018001712c f   common-kernel64:ConEmuCheck.obj
 0001:00016168       ?ExecutePrepareCmd@@YAXPEAUCESERVER_REQ_HDR@@K_K@Z 0000000180017168 f   common-kernel64:ConEmuCheck.obj
 0001:000161d8       ?ExecuteSrvCmd@@YAPEAUCESERVER_REQ@@KPEAU1@PEAUHWND__@@HKH@Z 00000001800171d8 f   common-kernel64:ConEmuCheck.obj
 0001:000162ac       ?GetConEmuHWND@@YAPEAUHWND__@@H@Z 00000001800172ac f   common-kernel64:ConEmuCheck.obj
 0001:000163f0       ?GuiMessageBox@@YAHPEAUHWND__@@PEB_W1H@Z 00000001800173f0 f   common-kernel64:ConEmuCheck.obj
 0001:00016558       ?LoadSrvMapping@@YAHPEAUHWND__@@AEAUCESERVER_CONSOLE_MAPPING_HDR@@@Z 0000000180017558 f   common-kernel64:ConEmuCheck.obj
 0001:0001675c       ?ModuleName@@YAPEB_WPEB_W@Z 000000018001775c f   common-kernel64:ConEmuCheck.obj
 0001:0001681c       ?isConsoleClass@@YA_NPEB_W@Z 000000018001781c f   common-kernel64:ConEmuCheck.obj
 0001:0001686c       ?isConsoleWindow@@YA_NPEAUHWND__@@@Z 000000018001786c f   common-kernel64:ConEmuCheck.obj
 0001:0001695c       ?myGetConsoleWindow@@YAPEAUHWND__@@XZ 000000018001795c f   common-kernel64:ConEmuCheck.obj
 0001:000169f8       ?StringCchVPrintfA@@YAJPEAD_KPEBD0@Z 00000001800179f8 f i common-kernel64:MStrSafe.obj
 0001:00016aa0       ?lstrcmpni@@YAHPEB_W0H@Z   0000000180017aa0 f   common-kernel64:MStrSafe.obj
 0001:00016bc8       ?msprintf@@YAPEB_WPEA_W_KPEB_WZZ 0000000180017bc8 f   common-kernel64:MStrSafe.obj
 0001:00016be8       ?mvsprintf@@YAPEB_WPEA_W_KPEB_WPEAD@Z 0000000180017be8 f   common-kernel64:MStrSafe.obj
 0001:00017088       ?sprintf_c@@YAHPEAD_JPEBDZZ 0000000180018088 f   common-kernel64:MStrSafe.obj
 0001:000170c8       ?swprintf_c@@YAHPEA_W_JPEB_WZZ 00000001800180c8 f   common-kernel64:MStrSafe.obj
 0001:00017108       ?IsFilePath@@YA_NPEB_W_N@Z 0000000180018108 f   common-kernel64:CmdLine.obj
 0001:000172a8       ?PointToExt@@YAPEB_WPEB_W@Z 00000001800182a8 f   common-kernel64:CmdLine.obj
 0001:000172cc       ?PointToName@@YAPEB_WPEB_W@Z 00000001800182cc f   common-kernel64:CmdLine.obj
 0001:00017328       ?Unquote@@YAPEB_WPEA_W_N@Z 0000000180018328 f   common-kernel64:CmdLine.obj
 0001:00017390       ??$sprintf_c@$0CI@@@YAHAEAY0CI@DPEBDZZ 0000000180018390 f i common-kernel64:WThreads.obj
 0001:000173bc       ?SetThreadName@@YAXKPEAD@Z 00000001800183bc f   common-kernel64:WThreads.obj
 0001:000173f4       ?apiCreateThread@@YAPEAXP6AKPEAX@Z0PEAKPEBDH@Z 00000001800183f4 f   common-kernel64:WThreads.obj
 0001:0001753c       ?apiTerminateThreadEx@@YAHPEAXKPEBDH@Z 000000018001853c f   common-kernel64:WThreads.obj
 0001:00017644       ?apiThreadHelper@@YAKPEAX@Z 0000000180018644 f   common-kernel64:WThreads.obj
 0001:00017850       ?lstrdup@@YAPEA_WPEB_W_K@Z 0000000180018850 f   common-kernel64:MStrDup.obj
 0001:000178c4       ?lstrmerge@@YAPEA_WPEB_W00000000@Z 00000001800188c4 f   common-kernel64:MStrDup.obj
 0001:00017a08       ?lstrmerge@@YA_NPEAPEA_WPEB_W1111111@Z 0000000180018a08 f   common-kernel64:MStrDup.obj
 0001:00017a80       ??0CEStr@@QEAA@$$QEAPEA_W@Z 0000000180018a80 f   common-kernel64:CEStr.obj
 0001:00017aa0       ??0CEStr@@QEAA@$$QEAU0@@Z  0000000180018aa0 f   common-kernel64:CEStr.obj
 0001:00017ac8       ??0CEStr@@QEAA@PEB_W00000000@Z 0000000180018ac8 f   common-kernel64:CEStr.obj
 0001:00017b60       ??0CEStr@@QEAA@XZ          0000000180018b60 f   common-kernel64:CEStr.obj
 0001:00017b70       ??0bad_alloc@stdext@@QEAA@AEBV01@@Z 0000000180018b70 f i common-kernel64:CEStr.obj
 0001:00017b90       ??0bad_alloc@stdext@@QEAA@XZ 0000000180018b90 f i common-kernel64:CEStr.obj
 0001:00017bac       ??0exception@stdext@@QEAA@AEBV01@@Z 0000000180018bac f i common-kernel64:CEStr.obj
 0001:00017bc4       ??1CEStr@@QEAA@XZ          0000000180018bc4 f   common-kernel64:CEStr.obj
 0001:00017bcc       ??1bad_alloc@stdext@@UEAA@XZ 0000000180018bcc f i common-kernel64:CEStr.obj
 0001:00017bd8       ??4CEStr@@QEAAAEAU0@$$QEAU0@@Z 0000000180018bd8 f   common-kernel64:CEStr.obj
 0001:00017c24       ??4CEStr@@QEAAAEAU0@PEB_W@Z 0000000180018c24 f   common-kernel64:CEStr.obj
 0001:00017c44       ??BCEStr@@QEBAPEB_WXZ      0000000180018c44 f   common-kernel64:CEStr.obj
 0001:00017c44       ?data@CEStr@@QEBAPEA_WXZ   0000000180018c44 f   common-kernel64:CEStr.obj
 0001:00017c48       ??BCEStr@@QEBA_NXZ         0000000180018c48 f   common-kernel64:CEStr.obj
 0001:00017c5c       ??_Gexception@stdext@@UEAAPEAXI@Z 0000000180018c5c f i common-kernel64:CEStr.obj
 0001:00017c5c       ??_Eexception@stdext@@UEAAPEAXI@Z 0000000180018c5c f i common-kernel64:CEStr.obj
 0001:00017c5c       ??_Gbad_alloc@stdext@@UEAAPEAXI@Z 0000000180018c5c f i common-kernel64:CEStr.obj
 0001:00017c5c       ??_Ebad_alloc@stdext@@UEAAPEAXI@Z 0000000180018c5c f i common-kernel64:CEStr.obj
 0001:00017c88       ?AttachInt@CEStr@@AEAAPEB_WAEAPEA_W@Z 0000000180018c88 f   common-kernel64:CEStr.obj
 0001:00017d08       ?Clear@CEStr@@QEAAXXZ      0000000180018d08 f   common-kernel64:CEStr.obj
 0001:00017d24       ?Compare@CEStr@@QEBAHPEB_W_N@Z 0000000180018d24 f   common-kernel64:CEStr.obj
 0001:00017d54       ?Detach@CEStr@@QEAAPEA_WXZ 0000000180018d54 f   common-kernel64:CEStr.obj
 0001:00017d64       ?GetBuffer@CEStr@@QEAAPEA_W_J@Z 0000000180018d64 f   common-kernel64:CEStr.obj
 0001:00017e30       ?GetLen@CEStr@@QEBA_JXZ    0000000180018e30 f   common-kernel64:CEStr.obj
 0001:00017e58       ?GetMaxCount@CEStr@@QEAA_JXZ 0000000180018e58 f   common-kernel64:CEStr.obj
 0001:00017e84       ?Release@CEStr@@QEAAXXZ    0000000180018e84 f   common-kernel64:CEStr.obj
 0001:00017ea8       ?Set@CEStr@@QEAAPEB_WPEB_W_J@Z 0000000180018ea8 f   common-kernel64:CEStr.obj
 0001:00017f94       ?SetAt@CEStr@@QEAA_W_J_W@Z 0000000180018f94 f   common-kernel64:CEStr.obj
 0001:00017ff0       ?StringCchCopyNW@@YAJPEA_W_KPEB_W1@Z 0000000180018ff0 f i common-kernel64:CEStr.obj
 0001:00018064       ?_Doraise@bad_alloc@stdext@@MEBAXXZ 0000000180019064 f i common-kernel64:CEStr.obj
 0001:00018080       ?c_str@CEStr@@QEBAPEB_WPEB_W@Z 0000000180019080 f   common-kernel64:CEStr.obj
 0001:0001808c       ?what@exception@stdext@@UEBAPEBDXZ 000000018001908c f i common-kernel64:CEStr.obj
 0001:0001825c       ??0CEnvStrings@@QEAA@PEA_W@Z 000000018001925c f   common-kernel64:EnvVar.obj
 0001:000182b0       ??1CEnvStrings@@QEAA@XZ    00000001800192b0 f   common-kernel64:EnvVar.obj
 0001:000182d4       ?Clear@CEnvRestorer@@QEAAXXZ 00000001800192d4 f   common-kernel64:EnvVar.obj
 0001:000182f8       ?ExpandEnvStr@@YA?AUCEStr@@PEB_W@Z 00000001800192f8 f   common-kernel64:EnvVar.obj
 0001:0001831c       ?GetEnvVar@@YA?AUCEStr@@PEB_W@Z 000000018001931c f   common-kernel64:EnvVar.obj
 0001:00018440       ?SavePathVar@CEnvRestorer@@QEAAXPEB_W@Z 0000000180019440 f   common-kernel64:EnvVar.obj
 0001:00018474       ?CommonShutdown@@YAXXZ     0000000180019474 f   common-kernel64:Common.obj
 0001:00018484       ?IsEnvBlockVariableValid@@YA_NPEB_W@Z 0000000180019484 f   common-kernel64:Common.obj
 0001:000184b8       ?IsEnvBlockVariableValid@@YA_NPEB_WAEAPEB_W@Z 00000001800194b8 f   common-kernel64:Common.obj
 0001:0001850c       ?SetCommand@CESERVER_REQ_NEWCMD@@QEAAXPEB_W@Z 000000018001950c f   common-kernel64:Common.obj
 0001:00018574       ?SetEnvStrings@CESERVER_REQ_NEWCMD@@QEAAXPEB_WK@Z 0000000180019574 f   common-kernel64:Common.obj
 0001:0001868c       ??_GMNullDesc@@QEAAPEAXI@Z 000000018001968c f i common-kernel64:MSecurity.obj
 0001:00018700       ?LoadAdvApi@MNullDesc@@IEAAHXZ 0000000180019700 f i common-kernel64:MSecurity.obj
 0001:00018828       ?LocalSecurity@@YAPEAU_SECURITY_ATTRIBUTES@@XZ 0000000180019828 f   common-kernel64:MSecurity.obj
 0001:00018880       ?LocalSecurity@MNullDesc@@QEAAPEAU_SECURITY_ATTRIBUTES@@XZ 0000000180019880 f i common-kernel64:MSecurity.obj
 0001:000189fc       ?ShutdownSecurity@@YAXXZ   00000001800199fc f   common-kernel64:MSecurity.obj
 0001:00018a24       ??0MHandle@@QEAA@PEAXV?$function@$$A6AXPEAX@Z@std@@@Z 0000000180019a24 f i common-kernel64:WObjects.obj
 0001:00018a98       ??4?$function@$$A6AXPEAX@Z@std@@QEAAAEAV01@$$QEAV01@@Z 0000000180019a98 f i common-kernel64:WObjects.obj
 0001:00018b10       ?Close@MHandle@@QEAAXXZ    0000000180019b10 f i common-kernel64:WObjects.obj
 0001:00018b74       ?FileExists@@YA_NPEB_WPEA_K@Z 0000000180019b74 f   common-kernel64:WObjects.obj
 0001:00018e10       ?IsWin6@@YA_NXZ            0000000180019e10 f   common-kernel64:WObjects.obj
 0001:00018e44       ?IsWin7@@YA_NXZ            0000000180019e44 f   common-kernel64:WObjects.obj
 0001:00018e78       ?IsWinVerOrHigher@@YA_NG@Z 0000000180019e78 f   common-kernel64:WObjects.obj
 0001:00018f90       ?IsWindows64@@YA_NXZ       0000000180019f90 f   common-kernel64:WObjects.obj
 0001:00018fb4       ?SetHandle@MHandle@@QEAA_NPEAXV?$function@$$A6AXPEAX@Z@std@@@Z 0000000180019fb4 f i common-kernel64:WObjects.obj
 0001:00019020       ?_Copy@?$_Func_impl_no_alloc@P6AHPEAX@ZXPEAX@std@@EEBAPEAV?$_Func_base@XPEAX@2@PEAX@Z 000000018001a020 f i common-kernel64:WObjects.obj
 0001:00019020       ?_Move@?$_Func_impl_no_alloc@P6AHPEAX@ZXPEAX@std@@EEAAPEAV?$_Func_base@XPEAX@2@PEAX@Z 000000018001a020 f i common-kernel64:WObjects.obj
 0001:00019038       ?_Delete_this@?$_Func_impl_no_alloc@P6AHPEAX@ZXPEAX@std@@EEAAX_N@Z 000000018001a038 f i common-kernel64:WObjects.obj
 0001:00019038       ?_Delete_this@?$_Func_impl_no_alloc@V<lambda_217d18733db987cb8fc0adfd68028951>@@_NAEBUtagPROCESSENTRY32W@@@std@@EEAAX_N@Z 000000018001a038 f i common-kernel64:MProcess.obj
 0001:00019050       ?_Do_call@?$_Func_impl_no_alloc@P6AHPEAX@ZXPEAX@std@@EEAAX$$QEAPEAX@Z 000000018001a050 f i common-kernel64:WObjects.obj
 0001:0001905c       ?_Get@?$_Func_impl_no_alloc@V<lambda_217d18733db987cb8fc0adfd68028951>@@_NAEBUtagPROCESSENTRY32W@@@std@@EEBAPEBXXZ 000000018001a05c f i common-kernel64:MProcess.obj
 0001:0001905c       ?_Get@?$_Func_impl_no_alloc@P6AHPEAX@ZXPEAX@std@@EEBAPEBXXZ 000000018001a05c f i common-kernel64:WObjects.obj
 0001:00019064       ?_Target_type@?$_Func_impl_no_alloc@P6AHPEAX@ZXPEAX@std@@EEBAAEBVtype_info@@XZ 000000018001a064 f i common-kernel64:WObjects.obj
 0001:0001906c       ?_VerifyVersionInfo@@YA_NPEAU_OSVERSIONINFOEXW@@K_K@Z 000000018001a06c f   common-kernel64:WObjects.obj
 0001:0001913c       ?Init@HkFunc@@QEAA_NPEB_WPEAUHINSTANCE__@@@Z 000000018001a13c f   common-kernel64:HkFunc.obj
 0001:000191cc       ?isConEmuHk@HkFunc@@QEAA_NXZ 000000018001a1cc f   common-kernel64:HkFunc.obj
 0001:000191d4       ??$_Emplace_reallocate@AEBUtagPROCESSENTRY32W@@@?$vector@UtagPROCESSENTRY32W@@V?$MArrayAllocator@UtagPROCESSENTRY32W@@@@@std@@QEAAPEAUtagPROCESSENTRY32W@@QEAU2@AEBU2@@Z 000000018001a1d4 f i common-kernel64:MProcess.obj
 0001:000193c4       ??$emplace_back@AEBUtagPROCESSENTRY32W@@@?$vector@UtagPROCESSENTRY32W@@V?$MArrayAllocator@UtagPROCESSENTRY32W@@@@@std@@QEAAXAEBUtagPROCESSENTRY32W@@@Z 000000018001a3c4 f i common-kernel64:MProcess.obj
 0001:00019460       ??0?$MToolHelp@UtagPROCESSENTRY32W@@$1?Process32FirstW@@YAHPEAXPEAU1@@Z$1?Process32NextW@@YAH01@Z@@QEAA@KK@Z 000000018001a460 f i common-kernel64:MProcess.obj
 0001:000194e8       ??_E?$MToolHelp@UtagPROCESSENTRY32W@@$1?Process32FirstW@@YAHPEAXPEAU1@@Z$1?Process32NextW@@YAH01@Z@@UEAAPEAXI@Z 000000018001a4e8 f i common-kernel64:MProcess.obj
 0001:000194e8       ??_EMToolHelpProcess@@UEAAPEAXI@Z 000000018001a4e8 f i common-kernel64:MProcess.obj
 0001:000194e8       ??_G?$MToolHelp@UtagPROCESSENTRY32W@@$1?Process32FirstW@@YAHPEAXPEAU1@@Z$1?Process32NextW@@YAH01@Z@@UEAAPEAXI@Z 000000018001a4e8 f i common-kernel64:MProcess.obj
 0001:000194e8       ??_GMToolHelpProcess@@UEAAPEAXI@Z 000000018001a4e8 f i common-kernel64:MProcess.obj
 0001:00019550       ?Close@?$MToolHelp@UtagPROCESSENTRY32W@@$1?Process32FirstW@@YAHPEAXPEAU1@@Z$1?Process32NextW@@YAH01@Z@@QEAAXXZ 000000018001a550 f i common-kernel64:MProcess.obj
 0001:000195d0       ?Filter@?$MToolHelp@UtagPROCESSENTRY32W@@$1?Process32FirstW@@YAHPEAXPEAU1@@Z$1?Process32NextW@@YAH01@Z@@MEAA_NAEBUtagPROCESSENTRY32W@@@Z 000000018001a5d0 f i common-kernel64:MProcess.obj
 0001:000195d0       __acrt_uninitialize_command_line 000000018001a5d0 f i libucrt:argv_data.obj
 0001:000195d4       ?Find@?$MToolHelp@UtagPROCESSENTRY32W@@$1?Process32FirstW@@YAHPEAXPEAU1@@Z$1?Process32NextW@@YAH01@Z@@QEAA_NAEBV?$function@$$A6A_NAEBUtagPROCESSENTRY32W@@@Z@std@@AEAUtagPROCESSENTRY32W@@@Z 000000018001a5d4 f i common-kernel64:MProcess.obj
 0001:000196e8       ?Find@MToolHelpProcess@@QEAA_NKAEAUtagPROCESSENTRY32W@@@Z 000000018001a6e8 f i common-kernel64:MProcess.obj
 0001:00019754       ?Next@?$MToolHelp@UtagPROCESSENTRY32W@@$1?Process32FirstW@@YAHPEAXPEAU1@@Z$1?Process32NextW@@YAH01@Z@@QEAA_NAEAUtagPROCESSENTRY32W@@@Z 000000018001a754 f i common-kernel64:MProcess.obj
 0001:0001983c       ?Open@?$MToolHelp@UtagPROCESSENTRY32W@@$1?Process32FirstW@@YAHPEAXPEAU1@@Z$1?Process32NextW@@YAH01@Z@@QEAA_NXZ 000000018001a83c f i common-kernel64:MProcess.obj
 0001:000198ac       ?_Copy@?$_Func_impl_no_alloc@V<lambda_217d18733db987cb8fc0adfd68028951>@@_NAEBUtagPROCESSENTRY32W@@@std@@EEBAPEAV?$_Func_base@_NAEBUtagPROCESSENTRY32W@@@2@PEAX@Z 000000018001a8ac f i common-kernel64:MProcess.obj
 0001:000198ac       ?_Move@?$_Func_impl_no_alloc@V<lambda_217d18733db987cb8fc0adfd68028951>@@_NAEBUtagPROCESSENTRY32W@@@std@@EEAAPEAV?$_Func_base@_NAEBUtagPROCESSENTRY32W@@@2@PEAX@Z 000000018001a8ac f i common-kernel64:MProcess.obj
 0001:000198c0       ?_Do_call@?$_Func_impl_no_alloc@V<lambda_217d18733db987cb8fc0adfd68028951>@@_NAEBUtagPROCESSENTRY32W@@@std@@EEAA_NAEBUtagPROCESSENTRY32W@@@Z 000000018001a8c0 f i common-kernel64:MProcess.obj
 0001:000198cc       ?_Target_type@?$_Func_impl_no_alloc@V<lambda_217d18733db987cb8fc0adfd68028951>@@_NAEBUtagPROCESSENTRY32W@@@std@@EEBAAEBVtype_info@@XZ 000000018001a8cc f i common-kernel64:MProcess.obj
 0001:000198d4       ?getNext@?$MToolHelp@UtagPROCESSENTRY32W@@$1?Process32FirstW@@YAHPEAXPEAU1@@Z$1?Process32NextW@@YAH01@Z@@IEAA_NXZ 000000018001a8d4 f i common-kernel64:MProcess.obj
 0001:00019974       ?isTerminalMode@@YA_NXZ    000000018001a974 f   common-kernel64:MProcess.obj
 0001:00019ab0       ??0MSection@@QEAA@XZ       000000018001aab0 f   common-kernel64:MSection.obj
 0001:00019b38       ??0MSectionLock@@QEAA@XZ   000000018001ab38 f   common-kernel64:MSection.obj
 0001:00019b48       ??0MSectionThread@@QEAA@PEAVMSection@@@Z 000000018001ab48 f   common-kernel64:MSection.obj
 0001:00019b68       ??1MSection@@QEAA@XZ       000000018001ab68 f   common-kernel64:MSection.obj
 0001:00019bd0       ??1MSectionLock@@QEAA@XZ   000000018001abd0 f   common-kernel64:MSection.obj
 0001:00019bf4       ??1MSectionThread@@QEAA@XZ 000000018001abf4 f   common-kernel64:MSection.obj
 0001:00019c30       ?AddRef@MSection@@IEAAXK@Z 000000018001ac30 f   common-kernel64:MSection.obj
 0001:00019cc4       ?Lock@MSection@@IEAAHHK@Z  000000018001acc4 f   common-kernel64:MSection.obj
 0001:00019dc0       ?Lock@MSectionLock@@QEAAHPEAVMSection@@HK@Z 000000018001adc0 f   common-kernel64:MSection.obj
 0001:00019e14       ?MyEnterCriticalSection@MSection@@IEAA_NK@Z 000000018001ae14 f   common-kernel64:MSection.obj
 0001:00019f40       ?ReleaseRef@MSection@@IEAAHK@Z 000000018001af40 f   common-kernel64:MSection.obj
 0001:00019fe0       ?Unlock@MSection@@IEAAXH@Z 000000018001afe0 f   common-kernel64:MSection.obj
 0001:0001a038       ?Unlock@MSectionLock@@QEAAXXZ 000000018001b038 f   common-kernel64:MSection.obj
 0001:0001a064       ?WaitUnlocked@MSection@@IEAAXKK@Z 000000018001b064 f   common-kernel64:MSection.obj
 0001:0001a0f8       ?CheckCallbackPtr@@YA_NPEAUHINSTANCE__@@_KPEAP6A_JXZHHH@Z 000000018001b0f8 f   common-kernel64:WModuleCheck.obj
 0001:0001a200       ?IsModuleValid@@YA_NPEAUHINSTANCE__@@H@Z 000000018001b200 f   common-kernel64:WModuleCheck.obj
 0001:0001a308       ??0MModule@@QEAA@PEAUHINSTANCE__@@@Z 000000018001b308 f   common-kernel64:MModule.obj
 0001:0001a318       ??1MModule@@QEAA@XZ        000000018001b318 f   common-kernel64:MModule.obj
 0001:0001a320       ?Free@MModule@@QEAAXXZ     000000018001b320 f   common-kernel64:MModule.obj
 0001:0001a358       ??0MSectionSimple@@QEAA@_N@Z 000000018001b358 f   common-kernel64:MSectionSimple.obj
 0001:0001a390       ?Close@MSectionSimple@@QEAAXXZ 000000018001b390 f   common-kernel64:MSectionSimple.obj
 0001:0001a390       ??1MSectionSimple@@QEAA@XZ 000000018001b390 f   common-kernel64:MSectionSimple.obj
 0001:0001a3b0       ?Enter@MSectionSimple@@QEAAXXZ 000000018001b3b0 f   common-kernel64:MSectionSimple.obj
 0001:0001a3b8       ?Init@MSectionSimple@@QEAAXXZ 000000018001b3b8 f   common-kernel64:MSectionSimple.obj
 0001:0001a3d8       ?Leave@MSectionSimple@@QEAAXXZ 000000018001b3d8 f   common-kernel64:MSectionSimple.obj
 0001:0001a3e0       ?RecreateAndLock@MSectionSimple@@QEAA_NXZ 000000018001b3e0 f   common-kernel64:MSectionSimple.obj
 0001:0001a450       ?TryEnter@MSectionSimple@@QEAA_NXZ 000000018001b450 f   common-kernel64:MSectionSimple.obj
 0001:0001a478       ?SetConEmuEnvHWND@@YAXPEB_WPEAUHWND__@@@Z 000000018001b478 f   common-user64:SetEnvVar.obj
 0001:0001a4d0       ?SetConEmuEnvVar@@YAXPEAUHWND__@@@Z 000000018001b4d0 f   common-user64:SetEnvVar.obj
 0001:0001a554       ?SetConEmuEnvVarChild@@YAXPEAUHWND__@@0@Z 000000018001b554 f   common-user64:SetEnvVar.obj
 0001:0001a580       ??$wcscpy_c@$0BAF@@@YAHAEAY0BAF@_WPEB_W@Z 000000018001b580 f i common-user64:ConEmuCheckEx.obj
 0001:0001a5cc       ?FindConEmuBaseDir@@YAHAEAY0BAF@_W0PEAUHINSTANCE__@@@Z 000000018001b5cc f   common-user64:ConEmuCheckEx.obj
 0001:0001ace0       ?IsConEmuExeExist@@YAHPEB_WAEAY0BAF@_W@Z 000000018001bce0 f   common-user64:ConEmuCheckEx.obj
 0001:0001ad8c       ??$swprintf_c@$0FA@@@YAHAEAY0FA@_WPEB_WZZ 000000018001bd8c f i common-user64:EmergencyShow.obj
 0001:0001adb8       ?CorrectConsolePos@@YAXPEAUHWND__@@@Z 000000018001bdb8 f   common-user64:EmergencyShow.obj
 0001:0001aed4       ?EmergencyShow@@YAXPEAUHWND__@@HH@Z 000000018001bed4 f   common-user64:EmergencyShow.obj
 0001:0001b014       ?EvaluateDefaultFontWidth@@YAHHPEB_W@Z 000000018001c014 f   common-user64:EmergencyShow.obj
 0001:0001b138       ?SetUserFriendlyFont@@YAXPEAUHWND__@@HH@Z 000000018001c138 f   common-user64:EmergencyShow.obj
 0001:0001b49c       ??0MSetter@@QEAA@PEAJ@Z    000000018001c49c f   common-user64:MSetter.obj
 0001:0001b4b4       ??1MSetter@@QEAA@XZ        000000018001c4b4 f   common-user64:MSetter.obj
 0001:0001b4bc       ?Unlock@MSetter@@QEAAXXZ   000000018001c4bc f   common-user64:MSetter.obj
 0001:0001b51c       ?IsDotsName@@YA_NPEB_W@Z   000000018001c51c f   common-user64:WFiles.obj
 0001:0001b540       ?SearchAppPaths@@YA_NPEB_WAEAUCEStr@@_NPEAVCEnvRestorer@@@Z 000000018001c540 f   common-user64:WFiles.obj
 0001:0001b9d0       ?GetConsoleSizeInfo@@YAXPEAUCONSOLE_INFO@@@Z 000000018001c9d0 f   common-user64:WConsoleEx.obj
 0001:0001ba5c       ?SetConsoleFontSizeTo@@YAXPEAUHWND__@@HHPEB_WGG@Z 000000018001ca5c f   common-user64:WConsoleEx.obj
 0001:0001be44       ?SetConsoleInfo@@YAHPEAUHWND__@@PEAUCONSOLE_INFO@@@Z 000000018001ce44 f   common-user64:WConsoleEx.obj
 0001:0001c04c       ?SetEnvVarExpanded@@YAXPEB_W0@Z 000000018001d04c f   common-user64:WUser.obj
 0001:0001c134       ?UpdateComspec@@YAXPEAUConEmuComspec@@_N@Z 000000018001d134 f   common-user64:WUser.obj
 0001:0001c47c       ?apiShowWindow@@YA_NPEAUHWND__@@H@Z 000000018001d47c f   common-user64:WUser.obj
 0001:0001c490       ?apiShowWindowAsync@@YA_NPEAUHWND__@@H@Z 000000018001d490 f   common-user64:WUser.obj
 0001:0001c4a4       ?RegGetStringValue@@YAHPEAUHKEY__@@PEB_W1AEAUCEStr@@K@Z 000000018001d4a4 f   common-user64:WRegistry.obj
 0001:0001c67c       ?FindMonitorsWorkspace@@YAHPEAUHMONITOR__@@PEAUHDC__@@PEAUtagRECT@@_J@Z 000000018001d67c f   common-user64:Monitors.obj
 0001:0001c6b8       ?GetAllMonitorsWorkspace@@YA?AUtagRECT@@XZ 000000018001d6b8 f   common-user64:Monitors.obj
 0001:0001c718       ??0bad_function_call@std@@QEAA@AEBV01@@Z 000000018001d718 f i libcpmt:xthrow.obj
 0001:0001c754       ??0bad_function_call@std@@QEAA@XZ 000000018001d754 f i libcpmt:xthrow.obj
 0001:0001c76c       ??0length_error@std@@QEAA@AEBV01@@Z 000000018001d76c f i libcpmt:xthrow.obj
 0001:0001c7a8       ??0length_error@std@@QEAA@PEBD@Z 000000018001d7a8 f i libcpmt:xthrow.obj
 0001:0001c7f0       ??0logic_error@std@@QEAA@AEBV01@@Z 000000018001d7f0 f i libcpmt:xthrow.obj
 0001:0001c82c       ?_Xbad_function_call@std@@YAXXZ 000000018001d82c f   libcpmt:xthrow.obj
 0001:0001c84c       ?_Xlength_error@std@@YAXPEBD@Z 000000018001d84c f   libcpmt:xthrow.obj
 0001:0001c870       ?what@bad_function_call@std@@UEBAPEBDXZ 000000018001d870 f i libcpmt:xthrow.obj
 0001:0001c878       __GSHandlerCheck           000000018001d878 f   LIBCMT:gshandler.obj
 0001:0001c898       __GSHandlerCheckCommon     000000018001d898 f   LIBCMT:gshandler.obj
 0001:0001c910       __security_check_cookie    000000018001d910 f   LIBCMT:amdsecgs.obj
 0001:0001c934       ??3@YAXPEAX_K@Z            000000018001d934 f   LIBCMT:delete_scalar_size.obj
 0001:0001c950       _alloca_probe              000000018001d950 f   LIBCMT:chkstk.obj
 0001:0001c950       __chkstk                   000000018001d950 f   LIBCMT:chkstk.obj
 0001:0001c9a4       ??_Etype_info@@UEAAPEAXI@Z 000000018001d9a4 f i LIBCMT:std_type_info_static.obj
 0001:0001c9a4       ??_Gtype_info@@UEAAPEAXI@Z 000000018001d9a4 f i LIBCMT:std_type_info_static.obj
 0001:0001c9d0       __GSHandlerCheck_EH4       000000018001d9d0 f   LIBCMT:gshandlereh4.obj
 0001:0001cb48       _Init_thread_footer        000000018001db48 f   LIBCMT:thread_safe_statics.obj
 0001:0001cba8       _Init_thread_header        000000018001dba8 f   LIBCMT:thread_safe_statics.obj
 0001:0001cc10       _Init_thread_notify        000000018001dc10 f   LIBCMT:thread_safe_statics.obj
 0001:0001cc54       _Init_thread_wait          000000018001dc54 f   LIBCMT:thread_safe_statics.obj
 0001:0001cfd8       _DllMainCRTStartup         000000018001dfd8 f   LIBCMT:dll_dllmain.obj
 0001:0001d018       __scrt_acquire_startup_lock 000000018001e018 f   LIBCMT:utility.obj
 0001:0001d054       __scrt_dllmain_after_initialize_c 000000018001e054 f   LIBCMT:utility.obj
 0001:0001d088       __scrt_dllmain_before_initialize_c 000000018001e088 f   LIBCMT:utility.obj
 0001:0001d0a0       __scrt_dllmain_crt_thread_attach 000000018001e0a0 f   LIBCMT:utility.obj
 0001:0001d0c8       __scrt_dllmain_crt_thread_detach 000000018001e0c8 f   LIBCMT:utility.obj
 0001:0001d0e0       __scrt_dllmain_exception_filter 000000018001e0e0 f   LIBCMT:utility.obj
 0001:0001d140       __scrt_dllmain_uninitialize_c 000000018001e140 f   LIBCMT:utility.obj
 0001:0001d170       __scrt_dllmain_uninitialize_critical 000000018001e170 f   LIBCMT:utility.obj
 0001:0001d184       __scrt_initialize_crt      000000018001e184 f   LIBCMT:utility.obj
 0001:0001d1d0       __scrt_initialize_onexit_tables 000000018001e1d0 f   LIBCMT:utility.obj
 0001:0001d25c       __scrt_is_nonwritable_in_current_image 000000018001e25c f   LIBCMT:utility.obj
 0001:0001d2f4       __scrt_release_startup_lock 000000018001e2f4 f   LIBCMT:utility.obj
 0001:0001d318       __scrt_uninitialize_crt    000000018001e318 f   LIBCMT:utility.obj
 0001:0001d344       _onexit                    000000018001e344 f   LIBCMT:utility.obj
 0001:0001d380       atexit                     000000018001e380 f   LIBCMT:utility.obj
 0001:0001d398       __raise_securityfailure    000000018001e398 f   LIBCMT:gs_report.obj
 0001:0001d3cc       __report_gsfailure         000000018001e3cc f   LIBCMT:gs_report.obj
 0001:0001d4a0       __report_rangecheckfailure 000000018001e4a0 f   LIBCMT:gs_report.obj
 0001:0001d4b4       __report_securityfailure   000000018001e4b4 f   LIBCMT:gs_report.obj
 0001:0001d634       __crt_debugger_hook        000000018001e634 f   LIBCMT:utility_desktop.obj
 0001:0001d63c       __scrt_fastfail            000000018001e63c f   LIBCMT:utility_desktop.obj
 0001:0001d788       __security_init_cookie     000000018001e788 f   LIBCMT:gs_support.obj
 0001:0001d834       ?__scrt_initialize_type_info@@YAXXZ 000000018001e834 f   LIBCMT:tncleanup.obj
 0001:0001d844       ?__scrt_uninitialize_type_info@@YAXXZ 000000018001e844 f   LIBCMT:tncleanup.obj
 0001:0001d850       __local_stdio_scanf_options 000000018001e850 f i LIBCMT:default_local_stdio_options.obj
 0001:0001d858       __scrt_initialize_default_local_stdio_options 000000018001e858 f   LIBCMT:default_local_stdio_options.obj
 0001:0001d874       __scrt_get_dyn_tls_init_callback 000000018001e874 f   LIBCMT:dyn_tls_init.obj
 0001:0001d87c       _RTC_Initialize            000000018001e87c f   LIBCMT:initsect.obj
 0001:0001d8b8       _RTC_Terminate             000000018001e8b8 f   LIBCMT:initsect.obj
 0001:0001d8f4       __isa_available_init       000000018001e8f4 f   LIBCMT:cpu_disp.obj
 0001:0001da98       __scrt_is_ucrt_dll_in_use  000000018001ea98 f   LIBCMT:ucrt_detection.obj
 0001:0001dab0       ??$_CallSETranslator@V__FrameHandler4@@@@YAHPEAUEHExceptionRecord@@PEA_KPEAU_CONTEXT@@PEAU_xDISPATCHER_CONTEXT@@PEAUFuncInfo4@FH4@@K1H@Z 000000018001eab0 f i libvcruntime:risctrnsctrl.obj
 0001:0001db04       ?DecompFuncInfo@FH4@@YA_JPEAEAEAUFuncInfo4@1@_KH_N@Z 000000018001eb04 f i libvcruntime:risctrnsctrl.obj
 0001:0001dc28       ?ExecutionInCatch@__FrameHandler4@@SA_NPEAU_xDISPATCHER_CONTEXT@@PEAUFuncInfo4@FH4@@@Z 000000018001ec28 f   libvcruntime:risctrnsctrl.obj
 0001:0001dc30       ?FrameUnwindToEmptyState@__FrameHandler4@@SAXPEA_KPEAU_xDISPATCHER_CONTEXT@@PEAUFuncInfo4@FH4@@@Z 000000018001ec30 f   libvcruntime:risctrnsctrl.obj
 0001:0001dc64       ?GetEstablisherFrame@__FrameHandler4@@SAPEA_KPEA_KPEAU_xDISPATCHER_CONTEXT@@PEAUFuncInfo4@FH4@@0@Z 000000018001ec64 f   libvcruntime:risctrnsctrl.obj
 0001:0001dc88       ?GetRangeOfTrysToCheck@__FrameHandler4@@SA?AU?$pair@Viterator@TryBlockMap4@FH4@@V123@@std@@AEAVTryBlockMap4@FH4@@HPEAU_xDISPATCHER_CONTEXT@@PEAUFuncInfo4@5@H@Z 000000018001ec88 f   libvcruntime:risctrnsctrl.obj
 0001:0001ddf0       ?UnwindNestedFrames@__FrameHandler4@@SAXPEA_KPEAUEHExceptionRecord@@PEAU_CONTEXT@@0PEAXPEAUFuncInfo4@FH4@@HHPEAUHandlerType4@5@PEAU_xDISPATCHER_CONTEXT@@E@Z 000000018001edf0 f   libvcruntime:risctrnsctrl.obj
 0001:0001df10       ?setBuffer@TryBlockMap4@FH4@@QEAAXViterator@12@@Z 000000018001ef10 f i libvcruntime:risctrnsctrl.obj
 0001:0001e0d0       _CreateFrameInfo           000000018001f0d0 f   libvcruntime:risctrnsctrl.obj
 0001:0001e10c       _FindAndUnlinkFrame        000000018001f10c f   libvcruntime:risctrnsctrl.obj
 0001:0001e160       _GetImageBase              000000018001f160 f   libvcruntime:risctrnsctrl.obj
 0001:0001e174       _GetThrowImageBase         000000018001f174 f   libvcruntime:risctrnsctrl.obj
 0001:0001e188       _SetImageBase              000000018001f188 f   libvcruntime:risctrnsctrl.obj
 0001:0001e1a0       _SetThrowImageBase         000000018001f1a0 f   libvcruntime:risctrnsctrl.obj
 0001:0001e1b8       __CxxFrameHandler4         000000018001f1b8 f   libvcruntime:risctrnsctrl.obj
 0001:0001e290       memcpy_repmovs             000000018001f290 f   libvcruntime:memcpy.obj
 0001:0001e2b0       memmove                    000000018001f2b0 f   libvcruntime:memcpy.obj
 0001:0001e2b0       memcpy                     000000018001f2b0 f   libvcruntime:memcpy.obj
 0001:0001e688       wcschr                     000000018001f688 f   libvcruntime:wcschr.obj
 0001:0001e704       wcsstr                     000000018001f704 f   libvcruntime:wcsstr.obj
 0001:0001e930       memset_repmovs             000000018001f930 f   libvcruntime:memset.obj
 0001:0001e950       memset                     000000018001f950 f   libvcruntime:memset.obj
 0001:0001eaf0       __DestructExceptionObject  000000018001faf0 f   libvcruntime:ehhelpers.obj
 0001:0001eb60       ?_CallMemberFunction0@@YAXQEAX0@Z 000000018001fb60 f i libvcruntime:ehhelpers.obj
 0001:0001eb64       _IsExceptionObjectToBeDestroyed 000000018001fb64 f   libvcruntime:ehhelpers.obj
 0001:0001eb94       __AdjustPointer            000000018001fb94 f   libvcruntime:ehhelpers.obj
 0001:0001ebb8       __FrameUnwindFilter        000000018001fbb8 f   libvcruntime:ehhelpers.obj
 0001:0001ec20       __std_terminate            000000018001fc20 f   libvcruntime:ehhelpers.obj
 0001:0001ec2c       __std_exception_copy       000000018001fc2c f   libvcruntime:std_exception.obj
 0001:0001ecbc       __std_exception_destroy    000000018001fcbc f   libvcruntime:std_exception.obj
 0001:0001ece4       _CxxThrowException         000000018001fce4 f   libvcruntime:throw.obj
[...]
 0002:000105c8       $unwind$?__mbsrtowcs_utf8@__crt_mbstring@@YA_KPEA_WPEAPEBD_KPEAU_Mbstatet@@@Z 00000001800435c8     libucrt:mbrtowc.obj
 0002:000105e0       $unwind$__acrt_update_thread_locale_data 00000001800435e0     libucrt:locale_refcounting.obj
 0002:00010604       $unwind$__acrt_fltout      0000000180043604     libucrt:cfout.obj
 0002:00010624       $unwind$?divide@__crt_strtox@@YA_KAEAUbig_integer@1@AEBU21@@Z 0000000180043624     libucrt:cfout.obj
 0002:0001063c       $chain$0$?divide@__crt_strtox@@YA_KAEAUbig_integer@1@AEBU21@@Z 000000018004363c     libucrt:cfout.obj
 0002:00010650       $chain$1$?divide@__crt_strtox@@YA_KAEAUbig_integer@1@AEBU21@@Z 0000000180043650     libucrt:cfout.obj
 0002:00010660       $unwind$_fcloseall         0000000180043660     libucrt:closeall.obj
 0002:00010684       $unwind$__acrt_locale_free_monetary 0000000180043684     libucrt:initmon.obj
 0002:0001068c       $unwind$__acrt_locale_free_time 000000018004368c     libucrt:inittime.obj
 0002:0001069c       $unwind$__acrt_GetStringTypeA 000000018004369c     libucrt:getstringtypea.obj
 0002:000106c4       $unwind$__acrt_lowio_destroy_handle_array 00000001800436c4     libucrt:osfinfo.obj
 0002:000106d4       $unwind$__acrt_lowio_ensure_fh_exists 00000001800436d4     libucrt:osfinfo.obj
 0002:00010700       $unwind$qsort              0000000180043700     libucrt:qsort.obj
 0002:00010718       $chain$4$qsort             0000000180043718     libucrt:qsort.obj
 0002:0001073c       $chain$5$qsort             000000018004373c     libucrt:qsort.obj
 0002:0001074c       $unwind$strpbrk            000000018004374c     libucrt:strpbrk.obj
 0002:0001075c       $unwind$__acrt_LCMapStringA 000000018004375c     libucrt:lcmapstringa.obj
 0002:0001076c       $unwind$?__acrt_LCMapStringA_stat@@YAHPEAU__crt_locale_pointers@@PEB_WKPEBDHPEADHHH@Z 000000018004376c     libucrt:lcmapstringa.obj
 0002:00010794       $unwind$_close             0000000180043794     libucrt:close.obj
 0002:00010794       $unwind$_commit            0000000180043794     libucrt:commit.obj
 0002:0001079c       $unwind$??$?RV<lambda_a37b2b86f63e897a80ea819b0eb08c01>@@AEAV<lambda_38ce7e780aa69e748d6df282ebc68efe>@@V<lambda_99fb1378e971ab6e7edea83e3a7a83a2>@@@?$__crt_seh_guarded_call@H@@QEAAH$$QEAV<lambda_a37b2b86f63e897a80ea819b0eb08c01>@@AEAV<lambda_38ce7e780aa69e748d6df282ebc68efe>@@$$QEAV<lambda_99fb1378e971ab6e7edea83e3a7a83a2>@@@Z 000000018004379c     libucrt:commit.obj
 0002:000107c0       $unwind$_write             00000001800437c0     libucrt:write.obj
 0002:000107f0       $unwind$_write_nolock      00000001800437f0     libucrt:write.obj
 0002:00010808       $unwind$?write_double_translated_ansi_nolock@@YA?AUwrite_result@?A0x17268360@@HQEBDI@Z 0000000180043808     libucrt:write.obj
 0002:0001082c       $unwind$?write_text_ansi_nolock@@YA?AUwrite_result@?A0x17268360@@HQEBDI@Z 000000018004382c     libucrt:write.obj
 0002:0001082c       $unwind$?write_text_utf16le_nolock@@YA?AUwrite_result@?A0x17268360@@HQEBDI@Z 000000018004382c     libucrt:write.obj
 0002:0001084c       $unwind$?write_text_utf8_nolock@@YA?AUwrite_result@?A0x17268360@@HQEBDI@Z 000000018004384c     libucrt:write.obj
 0002:00010870       $unwind$?__mbrtoc32_utf8@__crt_mbstring@@YA_KPEA_UPEBD_KPEAU_Mbstatet@@@Z 0000000180043870     libucrt:mbrtoc32.obj
 0002:00010890       $xdatasym                  0000000180043890     libucrt:log10.obj
 0002:0001089c       $unwind$__acrt_fenv_set_control 000000018004389c     libucrt:_fenvutils.obj
 0002:000108ac       $unwind$fclose             00000001800438ac     libucrt:fclose.obj
 0002:000108d0       $unwind$common_control87   00000001800438d0     libucrt:ieee.obj
 0002:000108fc       $unwind$_handle_error      00000001800438fc     libucrt:libm_error.obj
 0002:0001091c       $unwind$__acrt_initialize_fma3 000000018004391c     libucrt:fma3_available.obj
 0002:00010924       $unwind$_log_special_common 0000000180043924     libucrt:log_special.obj
 0002:00010930       $unwind$??$?RV<lambda_751a882b2c74d4b022dec766aa51a29a>@@AEAV<lambda_628dfdc04ba53c8bfc02c9951375f3f5>@@V<lambda_f6c7be5f7998530c34de24c7437d6b54>@@@?$__crt_seh_guarded_call@H@@QEAAH$$QEAV<lambda_751a882b2c74d4b022dec766aa51a29a>@@AEAV<lambda_628dfdc04ba53c8bfc02c9951375f3f5>@@$$QEAV<lambda_f6c7be5f7998530c34de24c7437d6b54>@@@Z 0000000180043930     libucrt:close.obj
 0002:00010958       $xdatasym                  0000000180043958     libucrt:fpsr.obj
 0002:00010960       $unwind$_raise_exc_ex      0000000180043960     libucrt:fpexcept.obj
 0002:00010974       $unwind$_ctrlfp            0000000180043974     libucrt:fpctrl.obj
 0002:0001099c       $unwind$?apiGetConsoleFontSize@@YAHPEAXAEAH1AEAY0CA@_W@Z 000000018004399c     common-kernel64:WConsole.obj
 0002:000109b8       $unwind$?apiSetConsoleFontSize@@YAHPEAXHHPEB_W@Z 00000001800439b8     common-kernel64:WConsole.obj
 0002:000109d4       $unwind$_IsNonwritableInCurrentImage 00000001800439d4     LIBCMT:pesect.obj
 0002:00010c60       .edata                     0000000180043c60     ConEmu.x64.exp
 0002:00010c88       rgpv                       0000000180043c88     ConEmu.x64.exp
 0002:00010cf4       rgszName                   0000000180043cf4     ConEmu.x64.exp
 0002:00010d60       rgwOrd                     0000000180043d60     ConEmu.x64.exp
 0002:00010d96       szName                     0000000180043d96     ConEmu.x64.exp
 0002:00010da5       $N00001                    0000000180043da5     ConEmu.x64.exp
 0002:00010db5       $N00002                    0000000180043db5     ConEmu.x64.exp
 0002:00010dbd       $N00003                    0000000180043dbd     ConEmu.x64.exp
 0002:00010dc9       $N00004                    0000000180043dc9     ConEmu.x64.exp
 0002:00010dd4       $N00005                    0000000180043dd4     ConEmu.x64.exp
 0002:00010de2       $N00006                    0000000180043de2     ConEmu.x64.exp
 0002:00010df3       $N00007                    0000000180043df3     ConEmu.x64.exp
 0002:00010e01       $N00008                    0000000180043e01     ConEmu.x64.exp
 0002:00010e10       $N00009                    0000000180043e10     ConEmu.x64.exp
 0002:00010e20       $N00010                    0000000180043e20     ConEmu.x64.exp
 0002:00010e2b       $N00011                    0000000180043e2b     ConEmu.x64.exp
 0002:00010e31       $N00012                    0000000180043e31     ConEmu.x64.exp
 0002:00010e44       $N00013                    0000000180043e44     ConEmu.x64.exp
 0002:00010e57       $N00014                    0000000180043e57     ConEmu.x64.exp
 0002:00010e6a       $N00015                    0000000180043e6a     ConEmu.x64.exp
 0002:00010e7d       $N00016                    0000000180043e7d     ConEmu.x64.exp
 0002:00010e8f       $N00017                    0000000180043e8f     ConEmu.x64.exp
 0002:00010e9e       $N00018                    0000000180043e9e     ConEmu.x64.exp
 0002:00010eaa       $N00019                    0000000180043eaa     ConEmu.x64.exp
 0002:00010eb3       $N00020                    0000000180043eb3     ConEmu.x64.exp
 0002:00010ec2       $N00021                    0000000180043ec2     ConEmu.x64.exp
 0002:00010ed4       $N00022                    0000000180043ed4     ConEmu.x64.exp
 0002:00010ee0       $N00023                    0000000180043ee0     ConEmu.x64.exp
 0002:00010ef4       $N00024                    0000000180043ef4     ConEmu.x64.exp
 0002:00010f08       $N00025                    0000000180043f08     ConEmu.x64.exp
 0002:00010f1d       $N00026                    0000000180043f1d     ConEmu.x64.exp
 0002:00010f31       $N00027                    0000000180043f31     ConEmu.x64.exp
 0002:00011662       .idata$6                   0000000180044662     version:VERSION.dll
 0002:00011b9c       .idata$6                   0000000180044b9c     kernel32:KERNEL32.dll
 0002:00011caa       .idata$6                   0000000180044caa     user32:USER32.dll
 0002:00011d4a       .idata$6                   0000000180044d4a     gdi32:GDI32.dll
 0002:00011d86       .idata$6                   0000000180044d86     advapi32:ADVAPI32.dll
 0003:00000140       ?val@?CE@??Open@CPluginW2800@@UEAAPEAXPEBX@Z@4UFarMacroValue@@A 0000000180046140     ConEmuPlugin2800.obj
 0003:000002a0       ?__vcrt_flsindex@@3KA      00000001800462a0     libvcruntime:per_thread_data.obj
 0003:000002b0       ?errno_no_memory@@3HA      00000001800462b0     libucrt:errno.obj
 0003:000002b4       ?doserrno_no_memory@@3KA   00000001800462b4     libucrt:errno.obj
 0003:000002c0       ?__acrt_flsindex@@3KA      00000001800462c0     libucrt:per_thread_data.obj
 0003:00000790       _mbctypes                  0000000180046790     libucrt:mbctype.obj
 0003:000008a0       _mbcasemaps                00000001800468a0     libucrt:mbctype.obj
 0003:000009a0       ?__rgctypeflag@@3PADA      00000001800469a0     libucrt:mbctype.obj
 0003:000009b0       ?__rgcode_page_info@@3PAUcode_page_info@@A 00000001800469b0     libucrt:mbctype.obj
 0003:00000c50       ?dazSupported@?1??common_control87@@9@9 0000000180046c50     libucrt:ieee.obj
 0003:00000c60       ?__dcrt_lowio_console_output_handle@@3PEAXEA 0000000180046c60     libucrt:initcon.obj
 0003:00000c70       ?dazSupported@?1??_ctrlfp@@9@9 0000000180046c70     libucrt:fpctrl.obj
 0003:00001170       ?store@?M@??GetPanelInfo@CPluginW1900@@UEAA_NKPEAUCEPanelInfo@@@Z@4UPanelInfo@@A 0000000180047170     ConEmuPlugin1900.obj
 0003:000011e0       ?szMenu@?1??GetPluginInfoPtr@CPluginW1900@@UEAAXPEAX@Z@4PAPEA_WA 00000001800471e0     ConEmuPlugin1900.obj
 0003:000011f0       ?szMenu1@?1??GetPluginInfoPtr@CPluginW1900@@UEAAXPEAX@Z@4PA_WA 00000001800471f0     ConEmuPlugin1900.obj
 0003:000013f0       ?WLastActive@?1??UpdateConEmuTabsApi@CPluginW1900@@UEAA_NH@Z@4UWindowInfo@@A 00000001800473f0     ConEmuPlugin1900.obj
 0003:00001438       ?pwList@@3PEAV?$MArray@UWindowInfo@@@@EA 0000000180047438     ConEmuPlugin2800.obj
 0003:00001440       ?store@?M@??GetPanelInfo@CPluginW2800@@UEAA_NKPEAUCEPanelInfo@@@Z@4UPanelInfo@@A 0000000180047440     ConEmuPlugin2800.obj
 0003:000014a8       ?szMenu@?1??GetPluginInfoPtr@CPluginW2800@@UEAAXPEAX@Z@4PAPEA_WA 00000001800474a8     ConEmuPlugin2800.obj
 0003:000014b0       ?szMenu1@?1??GetPluginInfoPtr@CPluginW2800@@UEAAXPEAX@Z@4PA_WA 00000001800474b0     ConEmuPlugin2800.obj
 0003:000016b0       ?WLastActive@?1??UpdateConEmuTabsApi@CPluginW2800@@UEAA_NH@Z@4UWindowInfo@@A 00000001800476b0     ConEmuPlugin2800.obj
 0003:000016f8       ?rc@?CE@??Open@CPluginW2800@@UEAAPEAXPEBX@Z@4UFarMacroCall@@A 00000001800476f8     ConEmuPlugin2800.obj
 0003:00001730       ?ghSyncDlg@@3PEAXEA        0000000180047730     ConEmuPlugin995.obj
 0003:00001740       ?store@?M@??GetPanelInfo@CPluginW995@@UEAA_NKPEAUCEPanelInfo@@@Z@4UPanelInfo@@A 0000000180047740     ConEmuPlugin995.obj
 0003:00001788       ?szMenu@?1??GetPluginInfoPtr@CPluginW995@@UEAAXPEAX@Z@4PAPEA_WA 0000000180047788     ConEmuPlugin995.obj
 0003:00001790       ?szMenu1@?1??GetPluginInfoPtr@CPluginW995@@UEAAXPEAX@Z@4PA_WA 0000000180047790     ConEmuPlugin995.obj
 0003:000019a0       ?store@?M@??GetPanelInfo@CPluginAnsi@@UEAA_NKPEAUCEPanelInfo@@@Z@4UPanelInfo@@A 00000001800479a0     ConEmuPluginA.obj
 0003:00001ba0       ?szMenu@?1??GetPluginInfoPtr@CPluginAnsi@@UEAAXPEAX@Z@4PAPEADA 0000000180047ba0     ConEmuPluginA.obj
 0003:00001bb0       ?szMenu1@?1??GetPluginInfoPtr@CPluginAnsi@@UEAAXPEAX@Z@4PADA 0000000180047bb0     ConEmuPluginA.obj
 0003:00002f2c       ?gbTryOpenMapHeader@@3HA   0000000180048f2c     ConEmuPluginBase.obj
 0003:00002f30       ?gbStartupHooksAfterMap@@3HA 0000000180048f30     ConEmuPluginBase.obj
 0003:00002f34       ?siEnabled@?1??CheckBufferEnabled@CPluginBase@@QEAA_NXZ@4HA 0000000180048f34     ConEmuPluginBase.obj
 0003:00002f38       ?dwLastTickCount@?7??CheckResources@CPluginBase@@QEAAX_N@Z@4KA 0000000180048f38     ConEmuPluginBase.obj
 0003:00002f3c       ?$TSS0@?7??CheckResources@CPluginBase@@QEAAX_N@Z@4HA 0000000180048f3c     ConEmuPluginBase.obj
 0003:00002f40       ?dwLastTickCount@?9??OnConsolePeekReadInput@CPluginBase@@SAX_N@Z@4KA 0000000180048f40     ConEmuPluginBase.obj
 0003:000031a8       ?gHeapInit@?A0x333b15f0@@3U?$atomic@H@std@@A 00000001800491a8     common-kernel64:Memory.obj
 0003:000031ac       ?gHeapCounter@?A0x333b15f0@@3U?$atomic@H@std@@A 00000001800491ac     common-kernel64:Memory.obj
 0003:000031b0       ?ghHeap@?A0x333b15f0@@3PEAXEA 00000001800491b0     common-kernel64:Memory.obj
 0003:000031d0       ?szFile@?1??ModuleName@@YAPEB_WPEB_W@Z@4PA_WA 00000001800491d0     common-kernel64:ConEmuCheck.obj
 0003:00003220       ?g_Threads@@3PAUConEmuThreadInfo@@A 0000000180049220     common-kernel64:WThreads.obj
 0003:0000ba20       ?gh_UnknownTerminatedThread@@3PEAXEA 0000000180051a20     common-kernel64:WThreads.obj
 0003:0000ba2c       ?szNil@?1??GetCommand@CESERVER_REQ_NEWCMD@@QEAAPEA_WXZ@4PA_WA 0000000180051a2c     common-kernel64:Common.obj
 0003:0000ba40       ?rtlVerifyVersionInfo@?1??_VerifyVersionInfo@@YA_NPEAU_OSVERSIONINFOEXW@@K_K@Z@4P6AH0K1@ZEA 0000000180051a40     common-kernel64:WObjects.obj
 0003:0000ba48       ?hasRtl@?1??_VerifyVersionInfo@@YA_NPEAU_OSVERSIONINFOEXW@@K_K@Z@4HA 0000000180051a48     common-kernel64:WObjects.obj
 0003:0000ba4c       ?ibIsWin6@?1??IsWin6@@YA_NXZ@4HA 0000000180051a4c     common-kernel64:WObjects.obj
 0003:0000ba50       ?ibIsWin7@?1??IsWin7@@YA_NXZ@4HA 0000000180051a50     common-kernel64:WObjects.obj
 0003:0000ba54       ?is64bitOs@?1??IsWindows64@@YA_NXZ@4_NA 0000000180051a54     common-kernel64:WObjects.obj
 0003:0000ba55       ?isOsChecked@?1??IsWindows64@@YA_NXZ@4_NA 0000000180051a55     common-kernel64:WObjects.obj
 0003:0000ba5c       ?terminalMode@?1??isTerminalMode@@YA_NXZ@4_NA 0000000180051a5c     common-kernel64:MProcess.obj
 0003:0000ba5d       ?terminalChecked@?1??isTerminalMode@@YA_NXZ@4_NA 0000000180051a5d     common-kernel64:MProcess.obj
 0003:0000ba5e       ?bSysInfoRetrieved@?1??IsModuleValid@@YA_NPEAUHINSTANCE__@@H@Z@4_NA 0000000180051a5e     common-kernel64:WModuleCheck.obj
 0003:0000ba60       ?si@?1??IsModuleValid@@YA_NPEAUHINSTANCE__@@H@Z@4U_SYSTEM_INFO@@A 0000000180051a60     common-kernel64:WModuleCheck.obj
 0003:0000baa8       ?g_tss_cv@@3U_RTL_CONDITION_VARIABLE@@A 0000000180051aa8     LIBCMT:thread_safe_statics.obj
 0003:0000bab0       ?g_tss_event@@3PEAXEA      0000000180051ab0     LIBCMT:thread_safe_statics.obj
 0003:0000bab8       ?g_tss_mutex@@3U_RTL_CRITICAL_SECTION@@A 0000000180051ab8     LIBCMT:thread_safe_statics.obj
 0003:0000bae0       ?g_sleep_condition_variable_cs@@3P6AHPEAU_RTL_CONDITION_VARIABLE@@PEAU_RTL_CRITICAL_SECTION@@K@ZEA 0000000180051ae0     LIBCMT:thread_safe_statics.obj
 0003:0000bae8       ?g_wake_all_condition_variable@@3P6AXPEAU_RTL_CONDITION_VARIABLE@@@ZEA 0000000180051ae8     LIBCMT:thread_safe_statics.obj
 0003:0000baf0       ?__proc_attached@@3HA      0000000180051af0     LIBCMT:dll_dllmain.obj
 0003:0000bb08       ?is_initialized_as_dll@@3_NA 0000000180051b08     LIBCMT:utility.obj
 0003:0000bb09       ?module_local_atexit_table_initialized@@3_NA 0000000180051b09     LIBCMT:utility.obj
 0003:0000bb10       ?module_local_atexit_table@@3U_onexit_table_t@@A 0000000180051b10     LIBCMT:utility.obj
 0003:0000bb28       ?module_local_at_quick_exit_table@@3U_onexit_table_t@@A 0000000180051b28     LIBCMT:utility.obj
 0003:0000bb40       GS_ExceptionRecord         0000000180051b40     LIBCMT:gs_report.obj
 0003:0000bbe0       GS_ContextRecord           0000000180051be0     LIBCMT:gs_report.obj
 0003:0000c0f0       ?__vcrt_startup_thread_ptd@@3U__vcrt_ptd@@A 00000001800520f0     libvcruntime:per_thread_data.obj
 0003:0000c178       __vcrt_lock_table          0000000180052178     libvcruntime:locks.obj
 0003:0000c1a0       __vcrt_locks_initialized   00000001800521a0     libvcruntime:locks.obj
 0003:0000c1e8       ?heap@@3V_HeapManager@@A   00000001800521e8     libvcruntime:undname.obj
 0003:0000c210       ?module_handles@@3PAPEAUHINSTANCE__@@A 0000000180052210     libvcruntime:winapi_downlevel.obj
 0003:0000c228       ?function_pointers@@3PAPEAXA 0000000180052228     libvcruntime:winapi_downlevel.obj
 0003:0000c250       ?__acrt_invalid_parameter_handler@@3V?$dual_state_global@P6AXPEB_W00I_K@Z@__crt_state_management@@A 0000000180052250     libucrt:invalid_parameter.obj
 0003:0000c258       ?c_termination_complete@@3JA 0000000180052258     libucrt:exit.obj
 0003:0000c260       ?thread_local_exit_callback_func@@3P6AXPEAXK0@ZEA 0000000180052260     libucrt:exit.obj
 0003:0000c270       ?program_name@?1???$common_configure_argv@D@@YAHW4_crt_argv_mode@@@Z@4PADA 0000000180052270     libucrt:argv_parsing.obj
 0003:0000c3c8       ?internal_state@?1??_mbtowc_l@@9@4U_Mbstatet@@A 00000001800523c8     libucrt:mbtowc.obj
 0003:0000c3e0       ?enable_percent_n@@3_KA    00000001800523e0     libucrt:printf_count_output.obj
 0003:0000c820       ?__acrt_lock_table@@3PAU_RTL_CRITICAL_SECTION@@A 0000000180052820     libucrt:locks.obj
 0003:0000ca50       ?__acrt_locks_initialized@@3IA 0000000180052a50     libucrt:locks.obj
 0003:0000ca70       ?fSystemSet@@3HA           0000000180052a70     libucrt:mbctype.obj
 0003:0000ca74       ?initialized@?1??__acrt_initialize_multibyte@@9@4_NA 0000000180052a74     libucrt:mbctype.obj
 0003:0000cab0       ?module_handles@@3PAPEAUHINSTANCE__@@A 0000000180052ab0     libucrt:winapi_thunks.obj
 0003:0000cb50       ?encoded_function_pointers@@3PAPEAXA 0000000180052b50     libucrt:winapi_thunks.obj
 0003:0000cc68       ?__acrt_new_handler@@3V?$dual_state_global@P6AH_K@Z@__crt_state_management@@A 0000000180052c68     libucrt:new_handler.obj
 0003:0000cc70       ?ctrlc_action@@3V?$dual_state_global@P6AXH@Z@__crt_state_management@@A 0000000180052c70     libucrt:signal.obj
 0003:0000cc78       ?ctrlbreak_action@@3V?$dual_state_global@P6AXH@Z@__crt_state_management@@A 0000000180052c78     libucrt:signal.obj
 0003:0000cc80       ?abort_action@@3V?$dual_state_global@P6AXH@Z@__crt_state_management@@A 0000000180052c80     libucrt:signal.obj
 0003:0000cc88       ?term_action@@3V?$dual_state_global@P6AXH@Z@__crt_state_management@@A 0000000180052c88     libucrt:signal.obj
 0003:0000cc90       ?user_matherr@@3V?$dual_state_global@P6AHPEAU_exception@@@Z@__crt_state_management@@A 0000000180052c90     libucrt:matherr.obj
 0003:0000cc98       ?__acrt_global_new_mode@@3V?$dual_state_global@J@__crt_state_management@@A 0000000180052c98     libucrt:new_mode.obj
 0003:0000cca8       ?internal_pst@?1??__mbrtoc32_utf8@__crt_mbstring@@YA_KPEA_UPEBD_KPEAU_Mbstatet@@@Z@4U3@A 0000000180052ca8     libucrt:mbrtoc32.obj
 0003:0000ccb0       ?__acrt_app_type@@3W4_crt_app_type@@A 0000000180052cb0     libucrt:report_runtime_error.obj
 0003:0000cd14       ?gbPauseConsoleWasRequested@@3_NA 0000000180052d14     common-kernel64:WConsole.obj
 0003:0000cd18       ?GetCurrentConsoleFontEx@?1??apiGetCurrentConsoleFontEx@@YAHPEAXHPEAUMY_CONSOLE_FONT_INFOEX@@@Z@4P6AH0H1@ZEA 0000000180052d18     common-kernel64:WConsole.obj
 0003:0000cd20       ?bFuncChecked@?1??apiGetCurrentConsoleFontEx@@YAHPEAXHPEAUMY_CONSOLE_FONT_INFOEX@@@Z@4_NA 0000000180052d20     common-kernel64:WConsole.obj
 0003:0000cd28       ?SetCurrentConsoleFontEx@?1??apiSetCurrentConsoleFontEx@@YAHPEAXHPEAUMY_CONSOLE_FONT_INFOEX@@@Z@4P6AH0H1@ZEA 0000000180052d28     common-kernel64:WConsole.obj
 0003:0000cd30       ?bFuncChecked@?1??apiSetCurrentConsoleFontEx@@YAHPEAXHPEAUMY_CONSOLE_FONT_INFOEX@@@Z@4_NA 0000000180052d30     common-kernel64:WConsole.obj
 0005:00000000       MoveSmall                  0000000180056000     libvcruntime:memcpy.obj
 0005:00000080       MsetTab                    0000000180056080     libvcruntime:memset.obj
 0006:000000a0       $R000000                   00000001800570a0     ConEmu.res
 0006:000003b0       $R000310                   00000001800573b0     ConEmu.res
