 gdi+

 Timestamp is 6081f301 (Fri Apr 23 00:04:49 2021)

 Preferred load address is 0000000180000000

 Start         Length     Name                   Class
 0001:00000000 00011500H .text$mn                CODE
 0001:00011500 00000040H .text$mn$00             CODE
 0001:00011540 000002e0H .text$x                 CODE
 0002:00000000 00000310H .idata$5                DATA
 0002:00000310 00000028H .00cfg                  DATA
 0002:00000338 00000008H .CRT$XCA                DATA
 0002:00000340 00000008H .CRT$XCZ                DATA
 0002:00000348 00000008H .CRT$XIA                DATA
 0002:00000350 00000018H .CRT$XIC                DATA
 0002:00000368 00000008H .CRT$XIZ                DATA
 0002:00000370 00000008H .CRT$XPA                DATA
 0002:00000378 00000010H .CRT$XPX                DATA
 0002:00000388 00000008H .CRT$XPXA               DATA
 0002:00000390 00000008H .CRT$XPZ                DATA
 0002:00000398 00000008H .CRT$XTA                DATA
 0002:000003a0 00000010H .CRT$XTZ                DATA
 0002:000003a8 00000000H .gehcont$y              DATA
 0002:000003a8 00000000H .gfids$y                DATA
 0002:000003b0 00008650H .rdata                  DATA
 0002:00008a00 00000000H .rdata$CastGuardVftablesA DATA
 0002:00008a00 00000000H .rdata$CastGuardVftablesC DATA
 0002:00008a00 00000000H .rdata$r                DATA
 0002:00008a00 00000320H .rdata$zzzdbg           DATA
 0002:00008d20 00000008H .rtc$IAA                DATA
 0002:00008d28 00000008H .rtc$IZZ                DATA
 0002:00008d30 00000008H .rtc$TAA                DATA
 0002:00008d38 00000008H .rtc$TZZ                DATA
 0002:00008d40 00000de0H .xdata                  DATA
 0002:00009b20 00000000H .xdata$x                DATA
 0002:00009b20 00000094H .edata                  DATA
 0002:00009bb4 00000050H .idata$2                DATA
 0002:00009c04 00000014H .idata$3                DATA
 0002:00009c18 00000310H .idata$4                DATA
 0002:00009f28 000006c0H .idata$6                DATA
 0003:00000000 00000a10H .data                   DATA
 0003:00000a10 00000000H .data$r                 DATA
 0003:00000a10 00000000H .data$rs                DATA
 0003:00000a10 00009a38H .bss                    DATA
 0004:00000000 00001074H .pdata                  DATA
 0005:00000000 00000100H _RDATA                  DATA
 0006:00000000 000000a0H .rsrc$01                DATA
 0006:000000a0 00000490H .rsrc$02                DATA

  Address         Publics by Value              Rva+Base               Lib:Object

 0000:00000000       __guard_longjmp_table      0000000000000000     <absolute>
 0000:00000000       ___safe_se_handler_table   0000000000000000     <absolute>
 0000:00000000       __guard_fids_count         0000000000000000     <absolute>
 0000:00000000       __x64_code_ranges_to_entry_points_count 0000000000000000     <absolute>
 0000:00000000       __arm64x_extra_rfe_table   0000000000000000     <absolute>
 0000:00000000       __arm64x_redirection_metadata 0000000000000000     <absolute>
 0000:00000000       __guard_iat_table          0000000000000000     <absolute>
 0000:00000000       __hybrid_code_map          0000000000000000     <absolute>
 0000:00000000       __volatile_metadata        0000000000000000     <absolute>
 0000:00000000       __arm64x_extra_rfe_table_size 0000000000000000     <absolute>
 0000:00000000       __x64_code_ranges_to_entry_points 0000000000000000     <absolute>
 0000:00000000       ___safe_se_handler_count   0000000000000000     <absolute>
 0000:00000000       __guard_iat_count          0000000000000000     <absolute>
 0000:00000000       __guard_longjmp_count      0000000000000000     <absolute>
 0000:00000000       __dynamic_value_reloc_table 0000000000000000     <absolute>
 0000:00000000       __hybrid_auxiliary_iat     0000000000000000     <absolute>
 0000:00000000       __guard_eh_cont_count      0000000000000000     <absolute>
 0000:00000000       __AbsoluteZero             0000000000000000     <absolute>
 0000:00000000       __guard_fids_table         0000000000000000     <absolute>
 0000:00000000       __arm64x_redirection_metadata_count 0000000000000000     <absolute>
 0000:00000000       __enclave_config           0000000000000000     <absolute>
 0000:00000000       __guard_eh_cont_table      0000000000000000     <absolute>
 0000:00000000       __arm64x_native_entrypoint 0000000000000000     <absolute>
 0000:00000000       __hybrid_code_map_count    0000000000000000     <absolute>
 0000:00000100       __guard_flags              0000000000000100     <absolute>
 0000:00000000       __ImageBase                0000000180000000     <linker-defined>
 0001:00000000       ?CET_Cancel@@YAXPEAX@Z     0000000180001000 f   gdip.obj
 0001:00000018       ?CET_Done@@YAXPEAUCET_Init@@@Z 0000000180001018 f   gdip.obj
 0001:00000040       ?CET_Free@@YAXPEAUCET_LoadInfo@@@Z 0000000180001040 f   gdip.obj
 0001:000000e4       ?CET_Init@@YAHPEAU0@@Z     00000001800010e4 f   gdip.obj
 0001:00000174       ?CET_Load@@YAHPEAUCET_LoadInfo@@@Z 0000000180001174 f   gdip.obj
 0001:00000430       ?CalculateShowSize@GDIPlusImage@@QEAAXAEAH0000@Z 0000000180001430 f i gdip.obj
 0001:000005b0       ?Close@GDIPlusDecoder@@QEAAXXZ 00000001800015b0 f i gdip.obj
 0001:00000680       ?Close@GDIPlusImage@@QEAAXXZ 0000000180001680 f i gdip.obj
 0001:00000700       ?DrawImageAbortCallback@GDIPlusImage@@SAHPEAUGDIPlusDecoder@@@Z 0000000180001700 f i gdip.obj
 0001:0000070c       ?FreeThreadProc@GDIPlusDecoder@@SAKPEAX@Z 000000018000170c f i gdip.obj
 0001:0000072c       ?GetExifTagValueAsInt@GDIPlusImage@@QEAA_NKAEAH@Z 000000018000172c f i gdip.obj
 0001:0000080c       ?GetPageBits@GDIPlusImage@@QEAA_NPEAUCET_LoadInfo@@@Z 000000018000180c f i gdip.obj
 0001:00000d28       ?Init@GDIPlusDecoder@@QEAA_NPEAUCET_Init@@@Z 0000000180001d28 f i gdip.obj
 0001:0000103c       ?Open@GDIPlusImage@@QEAA_N_NPEB_WPEBE_JU_COORD@@@Z 000000018000203c f i gdip.obj
 0001:00001404       ?SelectPage@GDIPlusImage@@QEAA_NI@Z 0000000180002404 f i gdip.obj
 0001:000014cc       ??2@YAPEAX_K@Z             00000001800024cc f   common-kernel64:Memory.obj
 0001:000014f4       ??_V@YAXPEAX@Z             00000001800024f4 f   common-kernel64:Memory.obj
 0001:000014f4       ??3@YAXPEAX@Z              00000001800024f4 f   common-kernel64:Memory.obj
 0001:000014fc       ??_U@YAPEAX_K@Z            00000001800024fc f   common-kernel64:Memory.obj
 0001:00001504       ?HeapDeinitialize@@YAXXZ   0000000180002504 f   common-kernel64:Memory.obj
 0001:00001564       ?HeapInitialize@@YA_NXZ    0000000180002564 f   common-kernel64:Memory.obj
 0001:000015a0       ?xf_free@@YAXPEAX@Z        00000001800025a0 f   common-kernel64:Memory.obj
 0001:00001614       ?xf_malloc@@YAPEAX_K@Z     0000000180002614 f   common-kernel64:Memory.obj
 0001:0000163c       ??$sprintf_c@$0CI@@@YAHAEAY0CI@DPEBDZZ 000000018000263c f i common-kernel64:WThreads.obj
 0001:00001668       ?SetThreadName@@YAXKPEAD@Z 0000000180002668 f   common-kernel64:WThreads.obj
 0001:000016a0       ?StringCchVPrintfA@@YAJPEAD_KPEBD0@Z 00000001800026a0 f i common-kernel64:WThreads.obj
 0001:00001748       ?apiCreateThread@@YAPEAXP6AKPEAX@Z0PEAKPEBDH@Z 0000000180002748 f   common-kernel64:WThreads.obj
 0001:00001890       ?apiTerminateThreadEx@@YAHPEAXKPEBDH@Z 0000000180002890 f   common-kernel64:WThreads.obj
 0001:00001998       ?apiThreadHelper@@YAKPEAX@Z 0000000180002998 f   common-kernel64:WThreads.obj
 0001:00001ba4       __local_stdio_printf_options 0000000180002ba4 f i common-kernel64:WThreads.obj
 0001:00001bac       ?sprintf_c@@YAHPEAD_JPEBDZZ 0000000180002bac f   common-kernel64:MStrSafe.obj
 0001:00001bec       __raise_securityfailure    0000000180002bec f   LIBCMT:gs_report.obj
 0001:00001c20       __report_gsfailure         0000000180002c20 f   LIBCMT:gs_report.obj
 0001:00001cf4       __report_rangecheckfailure 0000000180002cf4 f   LIBCMT:gs_report.obj
 0001:00001d08       __report_securityfailure   0000000180002d08 f   LIBCMT:gs_report.obj
 0001:00001e88       __GSHandlerCheck           0000000180002e88 f   LIBCMT:gshandler.obj
 0001:00001ea8       __GSHandlerCheckCommon     0000000180002ea8 f   LIBCMT:gshandler.obj
 0001:00001f20       __security_check_cookie    0000000180002f20 f   LIBCMT:amdsecgs.obj
 0001:00002264       _DllMainCRTStartup         0000000180003264 f   LIBCMT:dll_dllmain.obj
 0001:000022a4       ??3@YAXPEAX_K@Z            00000001800032a4 f   LIBCMT:delete_scalar_size.obj
 0001:000022ac       __security_init_cookie     00000001800032ac f   LIBCMT:gs_support.obj
 0001:00002358       _get_startup_argv_mode     0000000180003358 f   LIBCMT:argv_mode.obj
 0001:00002358       DllMain                    0000000180003358 f   LIBCMT:dll_dllmain_stub.obj
 0001:00002360       ?__scrt_initialize_type_info@@YAXXZ 0000000180003360 f   LIBCMT:tncleanup.obj
 0001:00002370       ?__scrt_uninitialize_type_info@@YAXXZ 0000000180003370 f   LIBCMT:tncleanup.obj
 0001:0000237c       __local_stdio_scanf_options 000000018000337c f i LIBCMT:default_local_stdio_options.obj
 0001:00002384       __scrt_initialize_default_local_stdio_options 0000000180003384 f   LIBCMT:default_local_stdio_options.obj
 0001:000023a0       __scrt_acquire_startup_lock 00000001800033a0 f   LIBCMT:utility.obj
 0001:000023dc       __scrt_dllmain_after_initialize_c 00000001800033dc f   LIBCMT:utility.obj
 0001:00002410       __scrt_dllmain_before_initialize_c 0000000180003410 f   LIBCMT:utility.obj
 0001:00002428       __scrt_dllmain_crt_thread_attach 0000000180003428 f   LIBCMT:utility.obj
 0001:00002450       __scrt_dllmain_crt_thread_detach 0000000180003450 f   LIBCMT:utility.obj
 0001:00002468       __scrt_dllmain_exception_filter 0000000180003468 f   LIBCMT:utility.obj
 0001:000024c8       __scrt_dllmain_uninitialize_c 00000001800034c8 f   LIBCMT:utility.obj
 0001:000024f8       __scrt_dllmain_uninitialize_critical 00000001800034f8 f   LIBCMT:utility.obj
 0001:0000250c       __scrt_initialize_crt      000000018000350c f   LIBCMT:utility.obj
 0001:00002558       __scrt_initialize_onexit_tables 0000000180003558 f   LIBCMT:utility.obj
 0001:000025e4       __scrt_is_nonwritable_in_current_image 00000001800035e4 f   LIBCMT:utility.obj
 0001:0000267c       __scrt_release_startup_lock 000000018000367c f   LIBCMT:utility.obj
 0001:000026a0       __scrt_uninitialize_crt    00000001800036a0 f   LIBCMT:utility.obj
 0001:000026cc       __scrt_get_dyn_tls_init_callback 00000001800036cc f   LIBCMT:dyn_tls_init.obj
 0001:000026d4       __crt_debugger_hook        00000001800036d4 f   LIBCMT:utility_desktop.obj
 0001:000026dc       __scrt_fastfail            00000001800036dc f   LIBCMT:utility_desktop.obj
 0001:00002828       _RTC_Initialize            0000000180003828 f   LIBCMT:initsect.obj
 0001:00002864       _RTC_Terminate             0000000180003864 f   LIBCMT:initsect.obj
 0001:000028a0       _guard_check_icall_nop     00000001800038a0 f i LIBCMT:guard_support.obj
 0001:000028a4       __isa_available_init       00000001800038a4 f   LIBCMT:cpu_disp.obj
 0001:00002a48       __scrt_is_ucrt_dll_in_use  0000000180003a48 f   LIBCMT:ucrt_detection.obj
 0001:00002a60       wcsrchr                    0000000180003a60 f   libvcruntime:wcsrchr.obj
 0001:00002b10       strchr                     0000000180003b10 f   libvcruntime:strchr.obj
 0001:00002b90       strrchr                    0000000180003b90 f   libvcruntime:strrchr.obj
 0001:00002cc0       __C_specific_handler       0000000180003cc0 f   libvcruntime:riscchandler.obj
 0001:00002ef0       memcpy_repmovs             0000000180003ef0 f   libvcruntime:memcpy.obj
 0001:00002f10       memmove                    0000000180003f10 f   libvcruntime:memcpy.obj
 0001:00002f10       memcpy                     0000000180003f10 f   libvcruntime:memcpy.obj
 0001:00003300       memset_repmovs             0000000180004300 f   libvcruntime:memset.obj
 0001:00003320       memset                     0000000180004320 f   libvcruntime:memset.obj
 0001:000034c0       __std_type_info_destroy_list 00000001800044c0 f   libvcruntime:std_type_info.obj
 0001:000034ec       __vcrt_initialize          00000001800044ec f   libvcruntime:initialization.obj
 0001:00003514       __vcrt_thread_attach       0000000180004514 f   libvcruntime:initialization.obj
 0001:00003528       __vcrt_thread_detach       0000000180004528 f   libvcruntime:initialization.obj
 0001:0000353c       __vcrt_uninitialize        000000018000453c f   libvcruntime:initialization.obj
 0001:00003558       __vcrt_uninitialize_critical 0000000180004558 f   libvcruntime:initialization.obj
 0001:00003568       __DestructExceptionObject  0000000180004568 f   libvcruntime:ehhelpers.obj
 0001:000035d8       ?_CallMemberFunction0@@YAXQEAX0@Z 00000001800045d8 f i libvcruntime:ehhelpers.obj
 0001:000035f0       _NLG_Notify                00000001800045f0 f   libvcruntime:notify.obj
 0001:00003610       __NLG_Dispatch2            0000000180004610 f   libvcruntime:notify.obj
 0001:00003620       __NLG_Return2              0000000180004620 f   libvcruntime:notify.obj
 0001:00003624       __except_validate_context_record 0000000180004624 f   libvcruntime:jbcxrval.obj
 0001:0000365c       __vcrt_freefls             000000018000465c f   libvcruntime:per_thread_data.obj
 0001:0000367c       __vcrt_freeptd             000000018000467c f   libvcruntime:per_thread_data.obj
 0001:000036cc       __vcrt_getptd              00000001800046cc f   libvcruntime:per_thread_data.obj
 0001:000036e8       __vcrt_getptd_noexit       00000001800046e8 f   libvcruntime:per_thread_data.obj
 0001:000037a8       __vcrt_initialize_ptd      00000001800047a8 f   libvcruntime:per_thread_data.obj
 0001:000037f0       __vcrt_uninitialize_ptd    00000001800047f0 f   libvcruntime:per_thread_data.obj
 0001:00003814       __vcrt_initialize_locks    0000000180004814 f   libvcruntime:locks.obj
 0001:00003848       __vcrt_uninitialize_locks  0000000180004848 f   libvcruntime:locks.obj
 0001:000039cc       __vcrt_FlsAlloc            00000001800049cc f   libvcruntime:winapi_downlevel.obj
 0001:00003a14       __vcrt_FlsFree             0000000180004a14 f   libvcruntime:winapi_downlevel.obj
 0001:00003a5c       __vcrt_FlsGetValue         0000000180004a5c f   libvcruntime:winapi_downlevel.obj
 0001:00003aa4       __vcrt_FlsSetValue         0000000180004aa4 f   libvcruntime:winapi_downlevel.obj
 0001:00003af8       __vcrt_InitializeCriticalSectionEx 0000000180004af8 f   libvcruntime:winapi_downlevel.obj
 0001:00003b70       _CallSettingFrame          0000000180004b70 f   libvcruntime:handlers.obj
 0001:00003bc0       _CallSettingFrame_LookupContinuationIndex 0000000180004bc0 f   libvcruntime:handlers.obj
 0001:00003bf0       _CallSettingFrame_NotifyContinuationAddr 0000000180004bf0 f   libvcruntime:handlers.obj
 0001:00003c20       _CallSettingFrameEncoded   0000000180004c20 f   libvcruntime:handlers.obj
 0001:00003e34       ??$ensure_buffer_is_big_enough@D@formatting_buffer@__crt_stdio_output@@QEAA_N_K@Z 0000000180004e34 f i libucrt:output.obj
 0001:00003edc       ??$type_case_integer_parse_into_buffer@I@?$output_processor@DV?$string_output_adapter@D@__crt_stdio_output@@V?$standard_base@DV?$string_output_adapter@D@__crt_stdio_output@@@2@@__crt_stdio_output@@AEAAXII_N@Z 0000000180004edc f i libucrt:output.obj
 0001:00003f64       ??$type_case_integer_parse_into_buffer@_K@?$output_processor@DV?$string_output_adapter@D@__crt_stdio_output@@V?$standard_base@DV?$string_output_adapter@D@__crt_stdio_output@@@2@@__crt_stdio_output@@AEAAX_KI_N@Z 0000000180004f64 f i libucrt:output.obj
 0001:00003ff4       ??$write_multiple_characters@V?$string_output_adapter@D@__crt_stdio_output@@D@__crt_stdio_output@@YAXAEBV?$string_output_adapter@D@0@DHQEAH@Z 0000000180004ff4 f i libucrt:output.obj
 0001:0000406c       ??0_LocaleUpdate@@QEAA@QEAU__crt_locale_pointers@@@Z 000000018000506c f i libucrt:output.obj
 0001:00004110       ?crop_zeroes@__crt_stdio_output@@YAXPEADQEAU__crt_locale_pointers@@@Z 0000000180005110 f i libucrt:output.obj
 0001:000041b0       ?force_decimal_point@__crt_stdio_output@@YAXPEADQEAU__crt_locale_pointers@@@Z 00000001800051b0 f i libucrt:output.obj
 0001:00004228       ?parse_int_from_format_string@?$output_processor@DV?$string_output_adapter@D@__crt_stdio_output@@V?$standard_base@DV?$string_output_adapter@D@__crt_stdio_output@@@2@@__crt_stdio_output@@AEAA_NQEAH@Z 0000000180005228 f i libucrt:output.obj
 0001:000042cc       ?process@?$output_processor@DV?$string_output_adapter@D@__crt_stdio_output@@V?$standard_base@DV?$string_output_adapter@D@__crt_stdio_output@@@2@@__crt_stdio_output@@QEAAHXZ 00000001800052cc f i libucrt:output.obj
 0001:000044d4       ?state_case_normal@?$output_processor@DV?$string_output_adapter@D@__crt_stdio_output@@V?$standard_base@DV?$string_output_adapter@D@__crt_stdio_output@@@2@@__crt_stdio_output@@AEAA_NXZ 00000001800054d4 f i libucrt:output.obj
 0001:00004548       ?state_case_normal_tchar@?$output_processor@DV?$string_output_adapter@D@__crt_stdio_output@@V?$standard_base@DV?$string_output_adapter@D@__crt_stdio_output@@@2@@__crt_stdio_output@@AEAA_ND@Z 0000000180005548 f i libucrt:output.obj
 0001:000045f0       ?state_case_size@?$output_processor@DV?$string_output_adapter@D@__crt_stdio_output@@V?$standard_base@DV?$string_output_adapter@D@__crt_stdio_output@@@2@@__crt_stdio_output@@AEAA_NXZ 00000001800055f0 f i libucrt:output.obj
 0001:00004760       ?state_case_type@?$output_processor@DV?$string_output_adapter@D@__crt_stdio_output@@V?$standard_base@DV?$string_output_adapter@D@__crt_stdio_output@@@2@@__crt_stdio_output@@AEAA_NXZ 0000000180005760 f i libucrt:output.obj
 0001:000049d0       ?to_integer_size@__crt_stdio_output@@YA_KW4length_modifier@1@@Z 00000001800059d0 f i libucrt:output.obj
 0001:00004a38       ?type_case_Z@?$output_processor@DV?$string_output_adapter@D@__crt_stdio_output@@V?$standard_base@DV?$string_output_adapter@D@__crt_stdio_output@@@2@@__crt_stdio_output@@AEAA_NXZ 0000000180005a38 f i libucrt:output.obj
 0001:00004aac       ?type_case_a@?$output_processor@DV?$string_output_adapter@D@__crt_stdio_output@@V?$standard_base@DV?$string_output_adapter@D@__crt_stdio_output@@@2@@__crt_stdio_output@@AEAA_NXZ 0000000180005aac f i libucrt:output.obj
 0001:00004c68       ?type_case_c_tchar@?$output_processor@DV?$string_output_adapter@D@__crt_stdio_output@@V?$standard_base@DV?$string_output_adapter@D@__crt_stdio_output@@@2@@__crt_stdio_output@@AEAA_ND@Z 0000000180005c68 f i libucrt:output.obj
 0001:00004d30       ?type_case_integer@?$output_processor@DV?$string_output_adapter@D@__crt_stdio_output@@V?$standard_base@DV?$string_output_adapter@D@__crt_stdio_output@@@2@@__crt_stdio_output@@AEAA_NI_N@Z 0000000180005d30 f i libucrt:output.obj
 0001:00004eb0       ?type_case_n@?$output_processor@DV?$string_output_adapter@D@__crt_stdio_output@@V?$standard_base@DV?$string_output_adapter@D@__crt_stdio_output@@@2@@__crt_stdio_output@@AEAA_NXZ 0000000180005eb0 f i libucrt:output.obj
 0001:00004f38       ?type_case_s@?$output_processor@DV?$string_output_adapter@D@__crt_stdio_output@@V?$standard_base@DV?$string_output_adapter@D@__crt_stdio_output@@@2@@__crt_stdio_output@@AEAA_NXZ 0000000180005f38 f i libucrt:output.obj
 0001:00004fd0       ?write_stored_string_tchar@?$output_processor@DV?$string_output_adapter@D@__crt_stdio_output@@V?$standard_base@DV?$string_output_adapter@D@__crt_stdio_output@@@2@@__crt_stdio_output@@AEAA_ND@Z 0000000180005fd0 f i libucrt:output.obj
 0001:000050ac       ?write_string@?$string_output_adapter@D@__crt_stdio_output@@QEBAXQEBDHQEAHAEAV__crt_deferred_errno_cache@@@Z 00000001800060ac f i libucrt:output.obj
 0001:00005150       __stdio_common_vsprintf    0000000180006150 f   libucrt:output.obj
 0001:00005158       wcsncmp                    0000000180006158 f   libucrt:wcsncmp.obj
 0001:00005184       __acrt_call_reportfault    0000000180006184 f   libucrt:invalid_parameter.obj
 0001:000052e0       __acrt_initialize_invalid_parameter_handler 00000001800062e0 f   libucrt:invalid_parameter.obj
 0001:000052e8       _invalid_parameter         00000001800062e8 f   libucrt:invalid_parameter.obj
 0001:00005398       _invalid_parameter_noinfo  0000000180006398 f   libucrt:invalid_parameter.obj
 0001:000053b8       _invoke_watson             00000001800063b8 f   libucrt:invalid_parameter.obj
 0001:00005400       _initterm                  0000000180006400 f   libucrt:initterm.obj
 0001:00005464       _initterm_e                0000000180006464 f   libucrt:initterm.obj
 0001:000054a4       _seh_filter_dll            00000001800064a4 f   libucrt:exception_filter.obj
 0001:000054b8       _seh_filter_exe            00000001800064b8 f   libucrt:exception_filter.obj
 0001:000058a8       __acrt_initialize_thread_local_exit_callback 00000001800068a8 f   libucrt:exit.obj
 0001:000058b0       _cexit                     00000001800068b0 f   libucrt:exit.obj
 0001:000058c0       _exit                      00000001800068c0 f   libucrt:exit.obj
 0001:000058cc       _is_c_termination_complete 00000001800068cc f   libucrt:exit.obj
 0001:00005a94       __acrt_allocate_buffer_for_argv 0000000180006a94 f   libucrt:argv_parsing.obj
 0001:00005af4       _configure_narrow_argv     0000000180006af4 f   libucrt:argv_parsing.obj
 0001:00005e6c       __dcrt_uninitialize_environments_nolock 0000000180006e6c f   libucrt:environment_initialization.obj
 0001:00005ea4       _initialize_narrow_environment 0000000180006ea4 f   libucrt:environment_initialization.obj
 0001:00006000       _execute_onexit_table      0000000180007000 f   libucrt:onexit.obj
 0001:0000603c       _initialize_onexit_table   000000018000703c f   libucrt:onexit.obj
 0001:0000609c       __acrt_uninitialize_command_line 000000018000709c f   libucrt:argv_data.obj
 0001:00006194       __acrt_initialize          0000000180007194 f   libucrt:initialization.obj
 0001:000061a8       __acrt_thread_attach       00000001800071a8 f   libucrt:initialization.obj
 0001:000061bc       __acrt_thread_detach       00000001800071bc f   libucrt:initialization.obj
 0001:000061cc       __acrt_uninitialize        00000001800071cc f   libucrt:initialization.obj
 0001:00006204       __acrt_uninitialize_critical 0000000180007204 f   libucrt:initialization.obj
 0001:00006214       terminate                  0000000180007214 f   libucrt:terminate.obj
 0001:00006234       free                       0000000180007234 f   libucrt:free.obj
 0001:00006248       strcpy_s                   0000000180007248 f   libucrt:strcpy_s.obj
 0001:000062a8       abort                      00000001800072a8 f   libucrt:abort.obj
 0001:00006300       ??$parse_integer@KV?$c_string_character_source@D@__crt_strtox@@@__crt_strtox@@YAKQEAU__crt_locale_pointers@@V?$c_string_character_source@D@0@H_N@Z 0000000180007300 f i libucrt:atox.obj
 0001:00006604       _ischartype_l              0000000180007604 f i libucrt:atox.obj
 0001:00006690       strncmp                    0000000180007690 f   libucrt:strncmp.obj
 0001:00006710       calloc                     0000000180007710 f   libucrt:calloc.obj
 0001:00006718       __acrt_errno_from_os_error 0000000180007718 f   libucrt:errno.obj
 0001:00006760       __acrt_errno_map_os_error  0000000180007760 f   libucrt:errno.obj
 0001:000067b0       __doserrno                 00000001800077b0 f   libucrt:errno.obj
 0001:000067d0       _errno                     00000001800077d0 f   libucrt:errno.obj
 0001:000067f0       _free_base                 00000001800077f0 f   libucrt:free_base.obj
 0001:00006830       _malloc_base               0000000180007830 f   libucrt:malloc_base.obj
 0001:00006890       strtol                     0000000180007890 f   libucrt:strtox.obj
 0001:000068bc       _mbtowc_l                  00000001800078bc f   libucrt:mbtowc.obj
 0001:00006a3c       mbtowc                     0000000180007a3c f   libucrt:mbtowc.obj
 0001:00006a44       _wctomb_s_l                0000000180007a44 f   libucrt:wctomb.obj
 0001:00006be0       strnlen                    0000000180007be0 f   libucrt:strnlen.obj
 0001:00006d30       wcsnlen                    0000000180007d30 f   libucrt:strnlen.obj
 0001:00007280       __acrt_freeptd             0000000180008280 f   libucrt:per_thread_data.obj
 0001:000072c4       __acrt_getptd              00000001800082c4 f   libucrt:per_thread_data.obj
 0001:00007398       __acrt_getptd_head         0000000180008398 f   libucrt:per_thread_data.obj
 0001:00007440       __acrt_getptd_noexit       0000000180008440 f   libucrt:per_thread_data.obj
 0001:0000750c       __acrt_initialize_ptd      000000018000850c f   libucrt:per_thread_data.obj
 0001:00007548       __acrt_uninitialize_ptd    0000000180008548 f   libucrt:per_thread_data.obj
 0001:0000756c       __acrt_update_locale_info  000000018000856c f   libucrt:locale_update.obj
 0001:000075a0       __acrt_update_multibyte_info 00000001800085a0 f   libucrt:locale_update.obj
 0001:00007fe0       __acrt_fp_format           0000000180008fe0 f   libucrt:cvt.obj
 0001:00008318       _fileno                    0000000180009318 f   libucrt:fileno.obj
 0001:00008340       __acrt_initialize_stdio    0000000180009340 f   libucrt:_file.obj
 0001:00008460       __acrt_uninitialize_stdio  0000000180009460 f   libucrt:_file.obj
 0001:000084bc       _lock_file                 00000001800094bc f   libucrt:_file.obj
 0001:000084c8       _unlock_file               00000001800094c8 f   libucrt:_file.obj
 0001:000084d4       _get_printf_count_output   00000001800094d4 f   libucrt:printf_count_output.obj
 0001:0000855c       __acrt_set_locale_changed  000000018000955c f   libucrt:wsetlocale.obj
 0001:00008568       __acrt_uninitialize_locale 0000000180009568 f   libucrt:wsetlocale.obj
 0001:00008794       __acrt_initialize_lowio    0000000180009794 f   libucrt:ioinit.obj
 0001:000087d0       __acrt_uninitialize_lowio  00000001800097d0 f   libucrt:ioinit.obj
 0001:00008810       __acrt_initialize_locks    0000000180009810 f   libucrt:locks.obj
 0001:00008858       __acrt_lock                0000000180009858 f   libucrt:locks.obj
 0001:00008874       __acrt_uninitialize_locks  0000000180009874 f   libucrt:locks.obj
 0001:000088ac       __acrt_unlock              00000001800098ac f   libucrt:locks.obj
 0001:000088c8       __acrt_get_process_end_policy 00000001800098c8 f   libucrt:win_policies.obj
 0001:00008904       _calloc_base               0000000180009904 f   libucrt:calloc_base.obj
 0001:00008990       ??$__acrt_mbs_to_wcs_cp@U__crt_win32_buffer_internal_dynamic_resizing@@@@YAHQEBDAEAV?$__crt_win32_buffer@_WU__crt_win32_buffer_internal_dynamic_resizing@@@@I@Z 0000000180009990 f i libucrt:argv_wildcards.obj
 0001:00008b08       ??$__acrt_wcs_to_mbs_cp@U__crt_win32_buffer_internal_dynamic_resizing@@@@YAHQEB_WAEAV?$__crt_win32_buffer@DU__crt_win32_buffer_internal_dynamic_resizing@@@@I@Z 0000000180009b08 f i libucrt:argv_wildcards.obj
 0001:00009338       __acrt_expand_narrow_argv_wildcards 000000018000a338 f   libucrt:argv_wildcards.obj
 0001:00009340       ??$__acrt_wcs_to_mbs_cp@U__crt_win32_buffer_no_resizing@@@@YAHQEB_WAEAV?$__crt_win32_buffer@DU__crt_win32_buffer_no_resizing@@@@I@Z 000000018000a340 f i libucrt:getmodulefilenamea.obj
 0001:00009454       __acrt_GetModuleFileNameA  000000018000a454 f   libucrt:getmodulefilenamea.obj
 0001:00009c9c       __acrt_initialize_multibyte 000000018000ac9c f   libucrt:mbctype.obj
 0001:00009cfc       __acrt_update_thread_multibyte_data 000000018000acfc f   libucrt:mbctype.obj
 0001:00009d18       _setmbcp_nolock            000000018000ad18 f   libucrt:mbctype.obj
 0001:0000a04c       _ismbblead                 000000018000b04c f   libucrt:ismbbyte.obj
 0001:0000a060       __acrt_initialize_command_line 000000018000b060 f   libucrt:argv_data.obj
 0001:0000a088       __acrt_MultiByteToWideChar 000000018000b088 f   libucrt:multibytetowidechar.obj
 0001:0000a0e4       __acrt_WideCharToMultiByte 000000018000b0e4 f   libucrt:widechartomultibyte.obj
 0001:0000a194       __dcrt_get_narrow_environment_from_os 000000018000b194 f   libucrt:get_environment_from_os.obj
 0001:0000a298       _recalloc_base             000000018000b298 f   libucrt:recalloc.obj
 0001:0000a508       __acrt_AppPolicyGetProcessTerminationMethodInternal 000000018000b508 f   libucrt:winapi_thunks.obj
 0001:0000a558       __acrt_AreFileApisANSI     000000018000b558 f   libucrt:winapi_thunks.obj
 0001:0000a594       __acrt_FlsAlloc            000000018000b594 f   libucrt:winapi_thunks.obj
 0001:0000a5dc       __acrt_FlsFree             000000018000b5dc f   libucrt:winapi_thunks.obj
 0001:0000a624       __acrt_FlsGetValue         000000018000b624 f   libucrt:winapi_thunks.obj
 0001:0000a66c       __acrt_FlsSetValue         000000018000b66c f   libucrt:winapi_thunks.obj
 0001:0000a6c0       __acrt_InitializeCriticalSectionEx 000000018000b6c0 f   libucrt:winapi_thunks.obj
 0001:0000a724       __acrt_LCMapStringEx       000000018000b724 f   libucrt:winapi_thunks.obj
 0001:0000a800       __acrt_LocaleNameToLCID    000000018000b800 f   libucrt:winapi_thunks.obj
 0001:0000a850       __acrt_initialize_winapi_thunks 000000018000b850 f   libucrt:winapi_thunks.obj
 0001:0000a884       __acrt_uninitialize_winapi_thunks 000000018000b884 f   libucrt:winapi_thunks.obj
 0001:0000a8c8       __acrt_initialize_heap     000000018000b8c8 f   libucrt:heap_handle.obj
 0001:0000a8e4       __acrt_uninitialize_heap   000000018000b8e4 f   libucrt:heap_handle.obj
 0001:0000a8f0       __acrt_execute_initializers 000000018000b8f0 f   libucrt:shared_initialization.obj
 0001:0000a970       __acrt_execute_uninitializers 000000018000b970 f   libucrt:shared_initialization.obj
 0001:0000a9ac       __acrt_initialize_new_handler 000000018000b9ac f   libucrt:new_handler.obj
 0001:0000a9b4       _callnewh                  000000018000b9b4 f   libucrt:new_handler.obj
 0001:0000a9e4       _query_new_handler         000000018000b9e4 f   libucrt:new_handler.obj
 0001:0000aa60       __acrt_get_sigabrt_handler 000000018000ba60 f   libucrt:signal.obj
 0001:0000aa90       __acrt_initialize_signal_handlers 000000018000ba90 f   libucrt:signal.obj
 0001:0000aab0       raise                      000000018000bab0 f   libucrt:signal.obj
 0001:0000ad1c       __acrt_has_user_matherr    000000018000bd1c f   libucrt:matherr.obj
 0001:0000ad3c       __acrt_initialize_user_matherr 000000018000bd3c f   libucrt:matherr.obj
 0001:0000ad44       __acrt_invoke_user_matherr 000000018000bd44 f   libucrt:matherr.obj
 0001:0000af50       __acrt_stdio_flush_nolock  000000018000bf50 f   libucrt:fflush.obj
 0001:0000afcc       _fflush_nolock             000000018000bfcc f   libucrt:fflush.obj
 0001:0000b018       _flushall                  000000018000c018 f   libucrt:fflush.obj
 0001:0000b020       __pctype_func              000000018000c020 f   libucrt:ctype.obj
 0001:0000b050       _isctype_l                 000000018000c050 f   libucrt:isctype.obj
 0001:0000b158       _query_new_mode            000000018000c158 f   libucrt:new_mode.obj
 0001:0000b160       _isleadbyte_l              000000018000c160 f i libucrt:_wctype.obj
 0001:0000b1ac       ?__mbrtowc_utf8@__crt_mbstring@@YA_KPEA_WPEBD_KPEAU_Mbstatet@@@Z 000000018000c1ac f   libucrt:mbrtowc.obj
 0001:0000b1e8       ?__mbsrtowcs_utf8@__crt_mbstring@@YA_KPEA_WPEAPEBD_KPEAU_Mbstatet@@@Z 000000018000c1e8 f   libucrt:mbrtowc.obj
 0001:0000b360       ?__c32rtomb_utf8@__crt_mbstring@@YA_KPEAD_UPEAU_Mbstatet@@@Z 000000018000c360 f   libucrt:c32rtomb.obj
 0001:0000b414       __acrt_add_locale_ref      000000018000c414 f   libucrt:locale_refcounting.obj
 0001:0000b4a0       __acrt_free_locale         000000018000c4a0 f   libucrt:locale_refcounting.obj
 0001:0000b618       __acrt_locale_add_lc_time_reference 000000018000c618 f   libucrt:locale_refcounting.obj
 0001:0000b640       __acrt_locale_free_lc_time_if_unreferenced 000000018000c640 f   libucrt:locale_refcounting.obj
 0001:0000b678       __acrt_locale_release_lc_time_reference 000000018000c678 f   libucrt:locale_refcounting.obj
 0001:0000b6a0       __acrt_release_locale_ref  000000018000c6a0 f   libucrt:locale_refcounting.obj
 0001:0000b748       __acrt_update_thread_locale_data 000000018000c748 f   libucrt:locale_refcounting.obj
 0001:0000b7b8       _updatetlocinfoEx_nolock   000000018000c7b8 f   libucrt:locale_refcounting.obj
 0001:0000b820       __acrt_fp_strflt_to_string 000000018000c820 f   libucrt:_fptostr.obj
 0001:0000b980       ?divide@__crt_strtox@@YA_KAEAUbig_integer@1@AEBU21@@Z 000000018000c980 f i libucrt:cfout.obj
 0001:0000bdac       __acrt_fltout              000000018000cdac f   libucrt:cfout.obj
 0001:0000d078       fegetround                 000000018000e078 f   libucrt:fegetround.obj
 0001:0000d08c       _fcloseall                 000000018000e08c f   libucrt:closeall.obj
 0001:0000d140       __acrt_stdio_free_buffer_nolock 000000018000e140 f   libucrt:_freebuf.obj
 0001:0000d180       _isatty                    000000018000e180 f   libucrt:isatty.obj
 0001:0000d1e0       __acrt_locale_free_monetary 000000018000e1e0 f   libucrt:initmon.obj
 0001:0000d2ec       __acrt_locale_free_numeric 000000018000e2ec f   libucrt:initnum.obj
 0001:0000d3b0       __acrt_locale_free_time    000000018000e3b0 f   libucrt:inittime.obj
 0001:0000d4b8       __acrt_GetStringTypeA      000000018000e4b8 f   libucrt:getstringtypea.obj
 0001:0000d648       __acrt_lowio_create_handle_array 000000018000e648 f   libucrt:osfinfo.obj
 0001:0000d6f0       __acrt_lowio_destroy_handle_array 000000018000e6f0 f   libucrt:osfinfo.obj
 0001:0000d740       __acrt_lowio_ensure_fh_exists 000000018000e740 f   libucrt:osfinfo.obj
 0001:0000d7e8       __acrt_lowio_lock_fh       000000018000e7e8 f   libucrt:osfinfo.obj
 0001:0000d810       __acrt_lowio_unlock_fh     000000018000e810 f   libucrt:osfinfo.obj
 0001:0000d838       _free_osfhnd               000000018000e838 f   libucrt:osfinfo.obj
 0001:0000d8f4       _get_osfhandle             000000018000e8f4 f   libucrt:osfinfo.obj
 0001:0000d970       qsort                      000000018000e970 f   libucrt:qsort.obj
 0001:0000dd10       strncpy_s                  000000018000ed10 f   libucrt:strncpy_s.obj
 0001:0000de90       strpbrk                    000000018000ee90 f   libucrt:strpbrk.obj
 0001:0000e258       _mbsdec                    000000018000f258 f   libucrt:mbsdec.obj
 0001:0000e260       _mbsdec_l                  000000018000f260 f   libucrt:mbsdec.obj
 0001:0000e60c       __acrt_LCMapStringA        000000018000f60c f   libucrt:lcmapstringa.obj
 0001:0000e6bc       _msize_base                000000018000f6bc f   libucrt:msize.obj
 0001:0000e6f8       _realloc_base              000000018000f6f8 f   libucrt:realloc_base.obj
 0001:0000e774       __acrt_DownlevelLocaleNameToLCID 000000018000f774 f   libucrt:lcidtoname_downlevel.obj
 0001:0000e8b0       _commit                    000000018000f8b0 f   libucrt:commit.obj
 0001:0000f1c0       _write                     00000001800101c0 f   libucrt:write.obj
 0001:0000f2ac       _write_nolock              00000001800102ac f   libucrt:write.obj
 0001:0000f590       ?__mbrtoc32_utf8@__crt_mbstring@@YA_KPEA_UPEBD_KPEAU_Mbstatet@@@Z 0000000180010590 f   libucrt:mbrtoc32.obj
 0001:0000f768       _controlfp_s               0000000180010768 f   libucrt:contrlfp.obj
 0001:0000f7cc       fegetenv                   00000001800107cc f   libucrt:fegetenv.obj
 0001:0000f7ec       fesetenv                   00000001800107ec f   libucrt:fesetenv.obj
 0001:0000f838       feholdexcept               0000000180010838 f   libucrt:feholdexcept.obj
 0001:0000f888       ceil                       0000000180010888 f   libucrt:ceil.obj
 0001:0000f950       log10                      0000000180010950 f   libucrt:log10.obj
 0001:0000fefc       __acrt_fenv_get_common_round_control 0000000180010efc f   libucrt:_fenvutils.obj
 0001:0000ff08       __acrt_fenv_get_control    0000000180010f08 f   libucrt:_fenvutils.obj
 0001:0000fffc       __acrt_fenv_get_status     0000000180010ffc f   libucrt:_fenvutils.obj
 0001:00010050       __acrt_fenv_set_control    0000000180011050 f   libucrt:_fenvutils.obj
 0001:00010198       __acrt_fenv_set_status     0000000180011198 f   libucrt:_fenvutils.obj
 0001:000102b8       _lseeki64_nolock           00000001800112b8 f   libucrt:lseek.obj
 0001:000102c0       _fclose_nolock             00000001800112c0 f   libucrt:fclose.obj
 0001:00010344       fclose                     0000000180011344 f   libucrt:fclose.obj
 0001:000103a8       __ascii_wcsnicmp           00000001800113a8 f   libucrt:wcsnicmp.obj
 0001:000103f4       _query_app_type            00000001800113f4 f   libucrt:report_runtime_error.obj
 0001:000103fc       __strncnt                  00000001800113fc f   libucrt:strncnt.obj
 0001:00010414       _putwch_nolock             0000000180011414 f   libucrt:putwch.obj
 0001:00010450       _clearfp                   0000000180011450 f   libucrt:ieee.obj
 0001:000104c0       _control87                 00000001800114c0 f   libucrt:ieee.obj
 0001:000108ac       _handle_error              00000001800118ac f   libucrt:libm_error.obj
 0001:000109d4       _handle_nan                00000001800119d4 f   libucrt:libm_error.obj
 0001:000109f0       __acrt_initialize_fma3     00000001800119f0 f   libucrt:fma3_available.obj
 0001:00010a60       _log10_special             0000000180011a60 f   libucrt:log_special.obj
 0001:00010b8c       _close                     0000000180011b8c f   libucrt:close.obj
 0001:00010c30       _close_nolock              0000000180011c30 f   libucrt:close.obj
 0001:00010cf0       ?__acrt_stdio_free_stream@@YAXV__crt_stdio_stream@@@Z 0000000180011cf0 f   libucrt:stream.obj
 0001:00010d0c       __dcrt_lowio_ensure_console_output_initialized 0000000180011d0c f   libucrt:initcon.obj
 0001:00010d60       __dcrt_terminate_console_output 0000000180011d60 f   libucrt:initcon.obj
 0001:00010d7c       __dcrt_write_console       0000000180011d7c f   libucrt:initcon.obj
 0001:00010e50       _get_fpsr                  0000000180011e50 f   libucrt:fpsr.obj
 0001:00010e60       _set_fpsr                  0000000180011e60 f   libucrt:fpsr.obj
 0001:00010e6a       _fclrf                     0000000180011e6a f   libucrt:fpsr.obj
 0001:00010e7e       _frnd                      0000000180011e7e f   libucrt:fpsr.obj
 0001:00010ea0       _raise_exc                 0000000180011ea0 f   libucrt:fpexcept.obj
 0001:00010ec8       _raise_exc_ex              0000000180011ec8 f   libucrt:fpexcept.obj
 0001:000111d8       _set_errno_from_matherr    00000001800121d8 f   libucrt:fpexcept.obj
 0001:00011208       _clrfp                     0000000180012208 f   libucrt:fpctrl.obj
 0001:00011228       _ctrlfp                    0000000180012228 f   libucrt:fpctrl.obj
 0001:000112a4       _set_statfp                00000001800122a4 f   libucrt:fpctrl.obj
 0001:000112c4       _statfp                    00000001800122c4 f   libucrt:fpctrl.obj
 0001:000112d5       IsProcessorFeaturePresent  00000001800122d5 f   kernel32:KERNEL32.dll
 0001:000112e0       _FindPESection             00000001800122e0 f   LIBCMT:pesect.obj
 0001:00011330       _IsNonwritableInCurrentImage 0000000180012330 f   LIBCMT:pesect.obj
 0001:00011380       _ValidateImageBase         0000000180012380 f   LIBCMT:pesect.obj
 0001:000113c0       _alloca_probe              00000001800123c0 f   LIBCMT:chkstk.obj
 0001:000113c0       __chkstk                   00000001800123c0 f   LIBCMT:chkstk.obj
 0001:00011430       memcmp                     0000000180012430 f   libvcruntime:memcmp.obj
 0001:00011510       _guard_dispatch_icall_nop  0000000180012510 f   LIBCMT:guard_dispatch.obj
 0001:00011530       _guard_xfg_dispatch_icall_nop 0000000180012530 f   LIBCMT:guard_xfg_dispatch.obj
 0002:00000000       __imp_SelectObject         0000000180013000     gdi32:GDI32.dll
 0002:00000008       __imp_DeleteObject         0000000180013008     gdi32:GDI32.dll
 0002:00000010       __imp_DeleteDC             0000000180013010     gdi32:GDI32.dll
 0002:00000018       __imp_CreateSolidBrush     0000000180013018     gdi32:GDI32.dll
 0002:00000020       __imp_CreateCompatibleDC   0000000180013020     gdi32:GDI32.dll
 0002:00000028       __imp_CreateDIBSection     0000000180013028     gdi32:GDI32.dll
 0002:00000030       \177GDI32_NULL_THUNK_DATA  0000000180013030     gdi32:GDI32.dll
 0002:00000038       __imp_HeapAlloc            0000000180013038     kernel32:KERNEL32.dll
 0002:00000040       __imp_HeapFree             0000000180013040     kernel32:KERNEL32.dll
 0002:00000048       __imp_GetProcessHeap       0000000180013048     kernel32:KERNEL32.dll
 0002:00000050       __imp_WaitForSingleObject  0000000180013050     kernel32:KERNEL32.dll
 0002:00000058       __imp_FreeLibrary          0000000180013058     kernel32:KERNEL32.dll
 0002:00000060       __imp_GetProcAddress       0000000180013060     kernel32:KERNEL32.dll
 0002:00000068       __imp_LoadLibraryW         0000000180013068     kernel32:KERNEL32.dll
 0002:00000070       __imp_GetLastError         0000000180013070     kernel32:KERNEL32.dll
 0002:00000078       __imp_lstrcpyW             0000000180013078     kernel32:KERNEL32.dll
 0002:00000080       __imp_lstrcatW             0000000180013080     kernel32:KERNEL32.dll
 0002:00000088       __imp_lstrlenW             0000000180013088     kernel32:KERNEL32.dll
 0002:00000090       __imp_WriteConsoleW        0000000180013090     kernel32:KERNEL32.dll
 0002:00000098       __imp_GetConsoleMode       0000000180013098     kernel32:KERNEL32.dll
 0002:000000a0       __imp_CloseHandle          00000001800130a0     kernel32:KERNEL32.dll
 0002:000000a8       __imp_GetTempPathW         00000001800130a8     kernel32:KERNEL32.dll
 0002:000000b0       __imp_WriteFile            00000001800130b0     kernel32:KERNEL32.dll
 0002:000000b8       __imp_GetTempFileNameW     00000001800130b8     kernel32:KERNEL32.dll
 0002:000000c0       __imp_DeleteFileW          00000001800130c0     kernel32:KERNEL32.dll
 0002:000000c8       __imp_lstrcpynW            00000001800130c8     kernel32:KERNEL32.dll
 0002:000000d0       __imp_CreateFileW          00000001800130d0     kernel32:KERNEL32.dll
 0002:000000d8       __imp_GetConsoleOutputCP   00000001800130d8     kernel32:KERNEL32.dll
 0002:000000e0       __imp_FlushFileBuffers     00000001800130e0     kernel32:KERNEL32.dll
 0002:000000e8       __imp_HeapSize             00000001800130e8     kernel32:KERNEL32.dll
 0002:000000f0       __imp_HeapCreate           00000001800130f0     kernel32:KERNEL32.dll
 0002:000000f8       __imp_HeapDestroy          00000001800130f8     kernel32:KERNEL32.dll
 0002:00000100       __imp_HeapReAlloc          0000000180013100     kernel32:KERNEL32.dll
 0002:00000108       __imp_IsDebuggerPresent    0000000180013108     kernel32:KERNEL32.dll
 0002:00000110       __imp_RaiseException       0000000180013110     kernel32:KERNEL32.dll
 0002:00000118       __imp_SetLastError         0000000180013118     kernel32:KERNEL32.dll
 0002:00000120       __imp_CreateThread         0000000180013120     kernel32:KERNEL32.dll
 0002:00000128       __imp_GetCurrentThreadId   0000000180013128     kernel32:KERNEL32.dll
 0002:00000130       __imp_TerminateThread      0000000180013130     kernel32:KERNEL32.dll
 0002:00000138       __imp_ResumeThread         0000000180013138     kernel32:KERNEL32.dll
 0002:00000140       __imp_GetTickCount         0000000180013140     kernel32:KERNEL32.dll
 0002:00000148       __imp_lstrcpynA            0000000180013148     kernel32:KERNEL32.dll
 0002:00000150       __imp_DebugBreak           0000000180013150     kernel32:KERNEL32.dll
 0002:00000158       __imp_MultiByteToWideChar  0000000180013158     kernel32:KERNEL32.dll
 0002:00000160       __imp_WideCharToMultiByte  0000000180013160     kernel32:KERNEL32.dll
 0002:00000168       __imp_RtlCaptureContext    0000000180013168     kernel32:KERNEL32.dll
 0002:00000170       __imp_RtlLookupFunctionEntry 0000000180013170     kernel32:KERNEL32.dll
 0002:00000178       __imp_RtlVirtualUnwind     0000000180013178     kernel32:KERNEL32.dll
 0002:00000180       __imp_UnhandledExceptionFilter 0000000180013180     kernel32:KERNEL32.dll
 0002:00000188       __imp_SetUnhandledExceptionFilter 0000000180013188     kernel32:KERNEL32.dll
 0002:00000190       __imp_GetCurrentProcess    0000000180013190     kernel32:KERNEL32.dll
 0002:00000198       __imp_TerminateProcess     0000000180013198     kernel32:KERNEL32.dll
 0002:000001a0       __imp_IsProcessorFeaturePresent 00000001800131a0     kernel32:KERNEL32.dll
 0002:000001a8       __imp_QueryPerformanceCounter 00000001800131a8     kernel32:KERNEL32.dll
 0002:000001b0       __imp_GetCurrentProcessId  00000001800131b0     kernel32:KERNEL32.dll
 0002:000001b8       __imp_GetSystemTimeAsFileTime 00000001800131b8     kernel32:KERNEL32.dll
 0002:000001c0       __imp_InitializeSListHead  00000001800131c0     kernel32:KERNEL32.dll
 0002:000001c8       __imp_GetStartupInfoW      00000001800131c8     kernel32:KERNEL32.dll
 0002:000001d0       __imp_GetModuleHandleW     00000001800131d0     kernel32:KERNEL32.dll
 0002:000001d8       __imp_RtlUnwindEx          00000001800131d8     kernel32:KERNEL32.dll
 0002:000001e0       __imp_InterlockedFlushSList 00000001800131e0     kernel32:KERNEL32.dll
 0002:000001e8       __imp_EnterCriticalSection 00000001800131e8     kernel32:KERNEL32.dll
 0002:000001f0       __imp_LeaveCriticalSection 00000001800131f0     kernel32:KERNEL32.dll
 0002:000001f8       __imp_DeleteCriticalSection 00000001800131f8     kernel32:KERNEL32.dll
 0002:00000200       __imp_InitializeCriticalSectionAndSpinCount 0000000180013200     kernel32:KERNEL32.dll
 0002:00000208       __imp_TlsAlloc             0000000180013208     kernel32:KERNEL32.dll
 0002:00000210       __imp_TlsGetValue          0000000180013210     kernel32:KERNEL32.dll
 0002:00000218       __imp_TlsSetValue          0000000180013218     kernel32:KERNEL32.dll
 0002:00000220       __imp_TlsFree              0000000180013220     kernel32:KERNEL32.dll
 0002:00000228       __imp_LoadLibraryExW       0000000180013228     kernel32:KERNEL32.dll
 0002:00000230       __imp_ExitProcess          0000000180013230     kernel32:KERNEL32.dll
 0002:00000238       __imp_GetModuleHandleExW   0000000180013238     kernel32:KERNEL32.dll
 0002:00000240       __imp_GetModuleFileNameW   0000000180013240     kernel32:KERNEL32.dll
 0002:00000248       __imp_GetStdHandle         0000000180013248     kernel32:KERNEL32.dll
 0002:00000250       __imp_GetFileType          0000000180013250     kernel32:KERNEL32.dll
 0002:00000258       __imp_FindClose            0000000180013258     kernel32:KERNEL32.dll
 0002:00000260       __imp_FindFirstFileExW     0000000180013260     kernel32:KERNEL32.dll
 0002:00000268       __imp_FindNextFileW        0000000180013268     kernel32:KERNEL32.dll
 0002:00000270       __imp_IsValidCodePage      0000000180013270     kernel32:KERNEL32.dll
 0002:00000278       __imp_GetACP               0000000180013278     kernel32:KERNEL32.dll
 0002:00000280       __imp_GetOEMCP             0000000180013280     kernel32:KERNEL32.dll
 0002:00000288       __imp_GetCPInfo            0000000180013288     kernel32:KERNEL32.dll
 0002:00000290       __imp_GetCommandLineA      0000000180013290     kernel32:KERNEL32.dll
 0002:00000298       __imp_GetCommandLineW      0000000180013298     kernel32:KERNEL32.dll
 0002:000002a0       __imp_GetEnvironmentStringsW 00000001800132a0     kernel32:KERNEL32.dll
 0002:000002a8       __imp_FreeEnvironmentStringsW 00000001800132a8     kernel32:KERNEL32.dll
 0002:000002b0       __imp_LCMapStringW         00000001800132b0     kernel32:KERNEL32.dll
 0002:000002b8       __imp_SetFilePointerEx     00000001800132b8     kernel32:KERNEL32.dll
 0002:000002c0       __imp_GetStringTypeW       00000001800132c0     kernel32:KERNEL32.dll
 0002:000002c8       __imp_SetStdHandle         00000001800132c8     kernel32:KERNEL32.dll
 0002:000002d0       \177KERNEL32_NULL_THUNK_DATA 00000001800132d0     kernel32:KERNEL32.dll
 0002:000002d8       __imp_wsprintfW            00000001800132d8     user32:USER32.dll
 0002:000002e0       __imp_CharLowerBuffW       00000001800132e0     user32:USER32.dll
 0002:000002e8       __imp_FillRect             00000001800132e8     user32:USER32.dll
 0002:000002f0       \177USER32_NULL_THUNK_DATA 00000001800132f0     user32:USER32.dll
 0002:000002f8       __imp_CoInitializeEx       00000001800132f8     ole32:ole32.dll
 0002:00000300       __imp_CoUninitialize       0000000180013300     ole32:ole32.dll
 0002:00000308       \177ole32_NULL_THUNK_DATA  0000000180013308     ole32:ole32.dll
 0002:00000310       __guard_check_icall_fptr   0000000180013310     LIBCMT:guard_support.obj
 0002:00000318       __guard_xfg_check_icall_fptr 0000000180013318     LIBCMT:guard_support.obj
 0002:00000320       __guard_dispatch_icall_fptr 0000000180013320     LIBCMT:guard_support.obj
 0002:00000328       __guard_xfg_dispatch_icall_fptr 0000000180013328     LIBCMT:guard_support.obj
 0002:00000330       __guard_xfg_table_dispatch_icall_fptr 0000000180013330     LIBCMT:guard_support.obj
 0002:00000338       __xc_a                     0000000180013338     LIBCMT:initializers.obj
 0002:00000340       __xc_z                     0000000180013340     LIBCMT:initializers.obj
 0002:00000348       __xi_a                     0000000180013348     LIBCMT:initializers.obj
 0002:00000350       __acrt_stdio_initializer   0000000180013350     libucrt:stdio_initializer.obj
 0002:00000358       __acrt_multibyte_initializer 0000000180013358     libucrt:multibyte_initializer.obj
 0002:00000360       __acrt_tran_fma3_initializer 0000000180013360     libucrt:fma3_initializer.obj
 0002:00000368       __xi_z                     0000000180013368     LIBCMT:initializers.obj
 0002:00000370       __xp_a                     0000000180013370     LIBCMT:initializers.obj
 0002:00000378       __acrt_locale_terminator   0000000180013378     libucrt:locale_initializer.obj
 0002:00000380       __dcrt_console_output_terminator 0000000180013380     libucrt:console_output_initializer.obj
 0002:00000388       __acrt_stdio_terminator    0000000180013388     libucrt:stdio_initializer.obj
 0002:00000390       __xp_z                     0000000180013390     LIBCMT:initializers.obj
 0002:00000398       __xt_a                     0000000180013398     LIBCMT:initializers.obj
 0002:000003a0       __xt_z                     00000001800133a0     LIBCMT:initializers.obj
 0002:000003b0       FrameDimensionTime         00000001800133b0     gdip.obj
 0002:000003c0       FrameDimensionPage         00000001800133c0     gdip.obj
 0002:000003d0       ??_C@_1BI@LOJECBFD@?$AAG?$AAd?$AAi?$AAP?$AAl?$AAu?$AAs?$AA?4?$AAd?$AAl?$AAl@ 00000001800133d0     gdip.obj
 0002:000003e8       ??_C@_0P@NIGHOHPH@GdiplusStartup@ 00000001800133e8     gdip.obj
 0002:000003f8       ??_C@_0BA@OMKIAPCJ@GdiplusShutdown@ 00000001800133f8     gdip.obj
 0002:00000408       ??_C@_0BJ@IPKMAACN@GdipCreateBitmapFromFile@ 0000000180013408     gdip.obj
 0002:00000428       ??_C@_0BG@OPKFAGML@GdipGetImageThumbnail@ 0000000180013428     gdip.obj
 0002:00000440       ??_C@_0BC@DPLNHGNM@GdipGetImageWidth@ 0000000180013440     gdip.obj
 0002:00000458       ??_C@_0BD@JIGBIPOH@GdipGetImageHeight@ 0000000180013458     gdip.obj
 0002:00000470       ??_C@_0BI@DDNLFBKI@GdipGetImagePixelFormat@ 0000000180013470     gdip.obj
 0002:00000488       ??_C@_0BB@MGCHKKMH@GdipDisposeImage@ 0000000180013488     gdip.obj
 0002:000004a0       ??_C@_0BH@PCHOHMFI@GdipImageGetFrameCount@ 00000001800134a0     gdip.obj
 0002:000004b8       ??_C@_0BL@FLMDGKNM@GdipImageSelectActiveFrame@ 00000001800134b8     gdip.obj
 0002:000004d8       ??_C@_0BI@PFDIBLKB@GdipGetPropertyItemSize@ 00000001800134d8     gdip.obj
 0002:000004f0       ??_C@_0BE@JLBHAGMH@GdipGetPropertyItem@ 00000001800134f0     gdip.obj
 0002:00000508       ??_C@_0BE@HNMMICFD@GdipImageRotateFlip@ 0000000180013508     gdip.obj
 0002:00000520       ??_C@_0BG@BONHLFMI@GdipGetImageRawFormat@ 0000000180013520     gdip.obj
 0002:00000538       ??_C@_0BC@PACDIGJN@GdipCreateFromHDC@ 0000000180013538     gdip.obj
 0002:00000550       ??_C@_0BD@MFGJCODH@GdipDeleteGraphics@ 0000000180013550     gdip.obj
 0002:00000568       ??_C@_0BH@MHAPNLKM@GdipDrawImageRectRectI@ 0000000180013568     gdip.obj
 0002:00000580       ??_C@_0BF@OBPAMLNN@gdip?3?3FreeThreadProc@ 0000000180013580     gdip.obj
 0002:000005a0       ??_C@_0FF@NDPAEFLO@C?3?2Users?2Maksim?4Moisiuk?2Documen@ 00000001800135a0     gdip.obj
 0002:000005f8       ??_C@_17CGDFOGLC@?$AAC?$AAE?$AAT@ 00000001800135f8     gdip.obj
 0002:00000600       ??_C@_19JJJNAIHN@?$AAJ?$AAP?$AAE?$AAG@ 0000000180013600     gdip.obj
 0002:00000610       ??_C@_19PNCGIGON@?$AAT?$AAI?$AAF?$AAF@ 0000000180013610     gdip.obj
 0002:00000620       ??_C@_19HEANOPFL@?$AAE?$AAX?$AAI?$AAF@ 0000000180013620     gdip.obj
 0002:00000630       ??_C@_1CA@KKEPPKFF@?$AA?$CF?$AAi?$AA?5?$AAx?$AA?5?$AA?$CF?$AAi?$AA?5?$AAx?$AA?5?$AA?$CF?$AAi?$AAb?$AAp?$AAp@ 0000000180013630     gdip.obj
 0002:00000650       ??_C@_1M@HKOFHKAI@?$AA?5?$AA?$FL?$AA?$CF?$AAi?$AA?$FN@ 0000000180013650     gdip.obj
 0002:0000065c       ??_C@_13HOIJIPNN@?$AA?5@   000000018001365c     gdip.obj
 0002:00000660       ??_C@_05LCABBMOG@?$CFs?3?$CFi@ 0000000180013660     common-kernel64:WThreads.obj
 0002:00000668       ??_C@_11LOCGONAA@@         0000000180013668     common-kernel64:CEStr.obj
 0002:0000066a       ??_C@_00CNPNBAHC@@         000000018001366a     common-kernel64:MStrDup.obj
 0002:00000680       _pDefaultRawDllMain        0000000180013680     LIBCMT:dll_dllmain.obj
 0002:00000680       _pRawDllMain               0000000180013680     LIBCMT:dll_dllmain.obj
 0002:00000690       __xmm@ffffffffffffffffffffffffffffffff 0000000180013690     LIBCMT:utility.obj
 0002:000006a0       _pDestructExceptionObject  00000001800136a0     libvcruntime:ehhelpers.obj
 0002:00000db0       ??_C@_08EHJDFFNH@__based?$CI@ 0000000180013db0     libvcruntime:undname.obj
 0002:00000dc0       ??_C@_07KOLFKCDI@__cdecl@  0000000180013dc0     libvcruntime:undname.obj
 0002:00000dc8       ??_C@_08GHMPAG@__pascal@   0000000180013dc8     libvcruntime:undname.obj
 0002:00000dd8       ??_C@_09IFJBGAPI@__stdcall@ 0000000180013dd8     libvcruntime:undname.obj
 0002:00000de8       ??_C@_0L@NPHFGOKO@__thiscall@ 0000000180013de8     libvcruntime:undname.obj
 0002:00000df8       ??_C@_0L@JMKHOMEK@__fastcall@ 0000000180013df8     libvcruntime:undname.obj
 0002:00000e08       ??_C@_0N@BCKKPABJ@__vectorcall@ 0000000180013e08     libvcruntime:undname.obj
 0002:00000e18       ??_C@_09HIJEGCPM@__clrcall@ 0000000180013e18     libvcruntime:undname.obj
 0002:00000e24       ??_C@_06GHPCKEAG@__eabi@   0000000180013e24     libvcruntime:undname.obj
 0002:00000e30       ??_C@_09IOPIDJLG@__swift_1@ 0000000180013e30     libvcruntime:undname.obj
 0002:00000e40       ??_C@_09KFNFGKHF@__swift_2@ 0000000180013e40     libvcruntime:undname.obj
 0002:00000e50       ??_C@_07JOMMBBKO@__ptr64@  0000000180013e50     libvcruntime:undname.obj
 0002:00000e58       ??_C@_0L@PILCLIHE@__restrict@ 0000000180013e58     libvcruntime:undname.obj
 0002:00000e68       ??_C@_0M@GFIIJFMG@__unaligned@ 0000000180013e68     libvcruntime:undname.obj
 0002:00000e78       ??_C@_09DHDLOLLB@restrict?$CI@ 0000000180013e78     libvcruntime:undname.obj
 0002:00000e84       ??_C@_04NIHEBCM@?5new@     0000000180013e84     libvcruntime:undname.obj
 0002:00000e90       ??_C@_07FPCDHGMM@?5delete@ 0000000180013e90     libvcruntime:undname.obj
 0002:00000e98       ??_C@_01NEMOKFLO@?$DN@     0000000180013e98     libvcruntime:undname.obj
 0002:00000e9c       ??_C@_02GPIOPFAK@?$DO?$DO@ 0000000180013e9c     libvcruntime:undname.obj
 0002:00000ea0       ??_C@_02FODMEDOG@?$DM?$DM@ 0000000180013ea0     libvcruntime:undname.obj
 0002:00000ea4       ??_C@_01DCLJPIOD@?$CB@     0000000180013ea4     libvcruntime:undname.obj
 0002:00000ea8       ??_C@_02EGOFBIJA@?$DN?$DN@ 0000000180013ea8     libvcruntime:undname.obj
 0002:00000eac       ??_C@_02FDNJECIE@?$CB?$DN@ 0000000180013eac     libvcruntime:undname.obj
 0002:00000eb0       ??_C@_02GPECMEKF@?$FL?$FN@ 0000000180013eb0     libvcruntime:undname.obj
 0002:00000eb8       ??_C@_08LHJFAFGD@operator@ 0000000180013eb8     libvcruntime:undname.obj
 0002:00000ec4       ??_C@_02HBOOOICD@?9?$DO@   0000000180013ec4     libvcruntime:undname.obj
 0002:00000ec8       ??_C@_01NBENCBCI@?$CK@     0000000180013ec8     libvcruntime:undname.obj
 0002:00000ecc       ??_C@_02ECNGHCIF@?$CL?$CL@ 0000000180013ecc     libvcruntime:undname.obj
 0002:00000ed0       ??_C@_02BAABKJLB@?9?9@     0000000180013ed0     libvcruntime:undname.obj
 0002:00000ed4       ??_C@_01JOAMLHOP@?9@       0000000180013ed4     libvcruntime:undname.obj
 0002:00000ed8       ??_C@_01MIFGBAGJ@?$CL@     0000000180013ed8     libvcruntime:undname.obj
 0002:00000edc       ??_C@_01HNPIGOCE@?$CG@     0000000180013edc     libvcruntime:undname.obj
 0002:00000ee0       ??_C@_03MNHNFDLC@?9?$DO?$CK@ 0000000180013ee0     libvcruntime:undname.obj
 0002:00000ee4       ??_C@_01KMDKNFGN@?1@       0000000180013ee4     libvcruntime:undname.obj
 0002:00000ee8       ??_C@_01FGNFDNOH@?$CF@     0000000180013ee8     libvcruntime:undname.obj
 0002:00000eec       ??_C@_01MNNFJEPP@?$DM@     0000000180013eec     libvcruntime:undname.obj
 0002:00000ef0       ??_C@_02EHCHHCKH@?$DM?$DN@ 0000000180013ef0     libvcruntime:undname.obj
 0002:00000ef4       ??_C@_01PPODPGHN@?$DO@     0000000180013ef4     libvcruntime:undname.obj
 0002:00000ef8       ??_C@_02EEKDKGMJ@?$DO?$DN@ 0000000180013ef8     libvcruntime:undname.obj
 0002:00000efc       ??_C@_01IHBHIGKO@?0@       0000000180013efc     libvcruntime:undname.obj
 0002:00000f00       ??_C@_02HCKGKOFO@?$CI?$CJ@ 0000000180013f00     libvcruntime:undname.obj
 0002:00000f04       ??_C@_01PJKLJHI@?$HO@      0000000180013f04     libvcruntime:undname.obj
 0002:00000f08       ??_C@_01JKBOJNNK@?$FO@     0000000180013f08     libvcruntime:undname.obj
 0002:00000f0c       ??_C@_01DNKMNLPK@?$HM@     0000000180013f0c     libvcruntime:undname.obj
 0002:00000f10       ??_C@_02PPKAJPJL@?$CG?$CG@ 0000000180013f10     libvcruntime:undname.obj
 0002:00000f14       ??_C@_02NONPIBCD@?$HM?$HM@ 0000000180013f14     libvcruntime:undname.obj
 0002:00000f18       ??_C@_02FPIMKNGF@?$CK?$DN@ 0000000180013f18     libvcruntime:undname.obj
 0002:00000f1c       ??_C@_02FOEOMHFC@?$CL?$DN@ 0000000180013f1c     libvcruntime:undname.obj
 0002:00000f20       ??_C@_02FKMDLLOA@?9?$DN@   0000000180013f20     libvcruntime:undname.obj
 0002:00000f24       ??_C@_02FJEHGPIO@?1?$DN@   0000000180013f24     libvcruntime:undname.obj
 0002:00000f28       ??_C@_02FENAOKFI@?$CF?$DN@ 0000000180013f28     libvcruntime:undname.obj
 0002:00000f2c       ??_C@_03IKFCCPFF@?$DO?$DO?$DN@ 0000000180013f2c     libvcruntime:undname.obj
 0002:00000f30       ??_C@_03CDNPDDLA@?$DM?$DM?$DN@ 0000000180013f30     libvcruntime:undname.obj
 0002:00000f34       ??_C@_02FGJGFEAB@?$CG?$DN@ 0000000180013f34     libvcruntime:undname.obj
 0002:00000f38       ??_C@_02DHLNPPGH@?$HM?$DN@ 0000000180013f38     libvcruntime:undname.obj
 0002:00000f3c       ??_C@_02MHEGNOJ@?$FO?$DN@  0000000180013f3c     libvcruntime:undname.obj
 0002:00000f40       ??_C@_09IFPLHPGF@?$GAvftable?8@ 0000000180013f40     libvcruntime:undname.obj
 0002:00000f50       ??_C@_09BLBHBJP@?$GAvbtable?8@ 0000000180013f50     libvcruntime:undname.obj
 0002:00000f60       ??_C@_07FEEIOKP@?$GAvcall?8@ 0000000180013f60     libvcruntime:undname.obj
 0002:00000f68       ??_C@_08LLFFHHDJ@?$GAtypeof?8@ 0000000180013f68     libvcruntime:undname.obj
 0002:00000f78       ??_C@_0BF@KDPPACIK@?$GAlocal?5static?5guard?8@ 0000000180013f78     libvcruntime:undname.obj
 0002:00000f90       ??_C@_08OBABFOLI@?$GAstring?8@ 0000000180013f90     libvcruntime:undname.obj
 0002:00000fa0       ??_C@_0BD@JDLKDPAB@?$GAvbase?5destructor?8@ 0000000180013fa0     libvcruntime:undname.obj
 0002:00000fb8       ??_C@_0BN@DEGPLNFK@?$GAvector?5deleting?5destructor?8@ 0000000180013fb8     libvcruntime:undname.obj
 0002:00000fd8       ??_C@_0BO@OBMKPJIG@?$GAdefault?5constructor?5closure?8@ 0000000180013fd8     libvcruntime:undname.obj
 0002:00000ff8       ??_C@_0BN@IMDCHIKM@?$GAscalar?5deleting?5destructor?8@ 0000000180013ff8     libvcruntime:undname.obj
 0002:00001018       ??_C@_0BO@PFGOCPJJ@?$GAvector?5constructor?5iterator?8@ 0000000180014018     libvcruntime:undname.obj
 0002:00001038       ??_C@_0BN@LFPFMEDL@?$GAvector?5destructor?5iterator?8@ 0000000180014038     libvcruntime:undname.obj
 0002:00001058       ??_C@_0CE@IKBNEHA@?$GAvector?5vbase?5constructor?5itera@ 0000000180014058     libvcruntime:undname.obj
 0002:00001080       ??_C@_0BL@NILFHHPC@?$GAvirtual?5displacement?5map?8@ 0000000180014080     libvcruntime:undname.obj
 0002:000010a0       ??_C@_0CB@JONCMFFK@?$GAeh?5vector?5constructor?5iterator@ 00000001800140a0     libvcruntime:undname.obj
 0002:000010c8       ??_C@_0CA@GCEOPDGL@?$GAeh?5vector?5destructor?5iterator?8@ 00000001800140c8     libvcruntime:undname.obj
 0002:000010e8       ??_C@_0CH@OOJPLCPH@?$GAeh?5vector?5vbase?5constructor?5it@ 00000001800140e8     libvcruntime:undname.obj
 0002:00001110       ??_C@_0BL@LLKPOHJI@?$GAcopy?5constructor?5closure?8@ 0000000180014110     libvcruntime:undname.obj
 0002:00001130       ??_C@_0BA@KBCDOMBN@?$GAudt?5returning?8@ 0000000180014130     libvcruntime:undname.obj
 0002:00001140       ??_C@_03KLGMFNMG@?$GAEH@   0000000180014140     libvcruntime:undname.obj
 0002:00001144       ??_C@_05KHLCHHI@?$GARTTI@  0000000180014144     libvcruntime:undname.obj
 0002:00001150       ??_C@_0BA@KKLDJDLB@?$GAlocal?5vftable?8@ 0000000180014150     libvcruntime:undname.obj
 0002:00001160       ??_C@_0CE@IIHCMGGL@?$GAlocal?5vftable?5constructor?5clos@ 0000000180014160     libvcruntime:undname.obj
 0002:00001184       ??_C@_06FHBGPFGH@?5new?$FL?$FN@ 0000000180014184     libvcruntime:undname.obj
 0002:00001190       ??_C@_09LBNFPBCA@?5delete?$FL?$FN@ 0000000180014190     libvcruntime:undname.obj
 0002:000011a0       ??_C@_0P@HJKNJFNN@?$GAomni?5callsig?8@ 00000001800141a0     libvcruntime:undname.obj
 0002:000011b0       ??_C@_0BL@CNOONJFP@?$GAplacement?5delete?5closure?8@ 00000001800141b0     libvcruntime:undname.obj
 0002:000011d0       ??_C@_0BN@CKNJLHMB@?$GAplacement?5delete?$FL?$FN?5closure?8@ 00000001800141d0     libvcruntime:undname.obj
 0002:000011f0       ??_C@_0CG@CFDHKGGD@?$GAmanaged?5vector?5constructor?5ite@ 00000001800141f0     libvcruntime:undname.obj
 0002:00001218       ??_C@_0CF@IMGKMJNO@?$GAmanaged?5vector?5destructor?5iter@ 0000000180014218     libvcruntime:undname.obj
 0002:00001240       ??_C@_0CG@HLDDJMAG@?$GAeh?5vector?5copy?5constructor?5ite@ 0000000180014240     libvcruntime:undname.obj
 0002:00001268       ??_C@_0CM@FCBBDIGB@?$GAeh?5vector?5vbase?5copy?5construct@ 0000000180014268     libvcruntime:undname.obj
 0002:00001298       ??_C@_0BL@CLIPGLGB@?$GAdynamic?5initializer?5for?5?8@ 0000000180014298     libvcruntime:undname.obj
 0002:000012b8       ??_C@_0CB@PDBIFEP@?$GAdynamic?5atexit?5destructor?5for?5@ 00000001800142b8     libvcruntime:undname.obj
 0002:000012e0       ??_C@_0CD@CGAJBKEJ@?$GAvector?5copy?5constructor?5iterat@ 00000001800142e0     libvcruntime:undname.obj
 0002:00001308       ??_C@_0CJ@GJELGAMM@?$GAvector?5vbase?5copy?5constructor?5@ 0000000180014308     libvcruntime:undname.obj
 0002:00001338       ??_C@_0CL@FGIJHLCE@?$GAmanaged?5vector?5copy?5constructo@ 0000000180014338     libvcruntime:undname.obj
 0002:00001368       ??_C@_0BM@PMGGMLDN@?$GAlocal?5static?5thread?5guard?8@ 0000000180014368     libvcruntime:undname.obj
 0002:00001388       ??_C@_0N@BDNMDMOL@operator?5?$CC?$CC?5@ 0000000180014388     libvcruntime:undname.obj
 0002:00001398       ??_C@_0BC@GGEBGALA@operator?5co_await@ 0000000180014398     libvcruntime:undname.obj
 0002:000013b0       ??_C@_0M@GAAIMMOH@operator?$DM?$DN?$DO@ 00000001800143b0     libvcruntime:undname.obj
 0002:000013c0       ??_C@_0BC@DAFEJGAK@?5Type?5Descriptor?8@ 00000001800143c0     libvcruntime:undname.obj
 0002:000013d8       ??_C@_0BM@LDKODKLH@?5Base?5Class?5Descriptor?5at?5?$CI@ 00000001800143d8     libvcruntime:undname.obj
 0002:000013f8       ??_C@_0BD@LGICGFMM@?5Base?5Class?5Array?8@ 00000001800143f8     libvcruntime:undname.obj
 0002:00001410       ??_C@_0BN@MECKDCOJ@?5Class?5Hierarchy?5Descriptor?8@ 0000000180014410     libvcruntime:undname.obj
 0002:00001430       ??_C@_0BK@CFCOFLF@?5Complete?5Object?5Locator?8@ 0000000180014430     libvcruntime:undname.obj
 0002:00001450       ??_C@_0BG@JNJLAMPM@?$GAanonymous?5namespace?8@ 0000000180014450     libvcruntime:undname.obj
 0002:00001480       ??_C@_1DM@KHCHBNEB@?$AAa?$AAp?$AAi?$AA?9?$AAm?$AAs?$AA?9?$AAw?$AAi?$AAn?$AA?9?$AAc?$AAo?$AAr?$AAe@ 0000000180014480     libvcruntime:winapi_downlevel.obj
 0002:000014c0       ??_C@_1DK@LPPGFMPP@?$AAa?$AAp?$AAi?$AA?9?$AAm?$AAs?$AA?9?$AAw?$AAi?$AAn?$AA?9?$AAc?$AAo?$AAr?$AAe@ 00000001800144c0     libvcruntime:winapi_downlevel.obj
 0002:00001500       ??_C@_1BC@GDMECMAK@?$AAk?$AAe?$AAr?$AAn?$AAe?$AAl?$AA3?$AA2@ 0000000180014500     libvcruntime:winapi_downlevel.obj
 0002:00001518       ??_C@_1BA@PFFKHIOG@?$AAa?$AAp?$AAi?$AA?9?$AAm?$AAs?$AA?9@ 0000000180014518     libvcruntime:winapi_downlevel.obj
 0002:00001530       ??_C@_08KNHFBNJ@FlsAlloc@  0000000180014530     libvcruntime:winapi_downlevel.obj
 0002:00001548       ??_C@_07PEJMOBNF@FlsFree@  0000000180014548     libvcruntime:winapi_downlevel.obj
 0002:00001558       ??_C@_0M@GDNOONDI@FlsGetValue@ 0000000180014558     libvcruntime:winapi_downlevel.obj
 0002:00001570       ??_C@_0M@JCPCPOEF@FlsSetValue@ 0000000180014570     libvcruntime:winapi_downlevel.obj
 0002:00001588       ??_C@_0BM@HCFOFFN@InitializeCriticalSectionEx@ 0000000180014588     libvcruntime:winapi_downlevel.obj
 0002:000015b0       ?standard_lookup_table_spectre@__crt_stdio_output@@3V?$spectre_mitigated_lookup_table@Ustate_transition_pair@__crt_stdio_output@@$0IA@@1@B 00000001800145b0     libucrt:output.obj
 0002:000019b0       ??_C@_1O@CEDCILHN@?$AA?$CI?$AAn?$AAu?$AAl?$AAl?$AA?$CJ@ 00000001800149b0     libucrt:output.obj
 0002:000019c0       ??_C@_06OJHGLDPL@?$CInull?$CJ@ 00000001800149c0     libucrt:output.obj
 0002:000019d0       __acrt_exception_action_table 00000001800149d0     libucrt:exception_filter.obj
 0002:00001a90       __acrt_signal_action_table_count 0000000180014a90     libucrt:exception_filter.obj
 0002:00001a98       __acrt_signal_action_first_fpe_index 0000000180014a98     libucrt:exception_filter.obj
 0002:00001aa0       __acrt_signal_action_fpe_count 0000000180014aa0     libucrt:exception_filter.obj
 0002:00001aa8       ??_C@_1BI@BGOHAHKC@?$AAm?$AAs?$AAc?$AAo?$AAr?$AAe?$AAe?$AA?4?$AAd?$AAl?$AAl@ 0000000180014aa8     libucrt:exit.obj
 0002:00001ac0       ??_C@_0P@MIGLKIOC@CorExitProcess@ 0000000180014ac0     libucrt:exit.obj
 0002:00001dc0       ??_C@_03OEIAHPBN@INF@      0000000180014dc0     libucrt:cvt.obj
 0002:00001dc4       ??_C@_03OJHLLCGB@inf@      0000000180014dc4     libucrt:cvt.obj
 0002:00001dc8       ??_C@_03LKNCIKJB@NAN@      0000000180014dc8     libucrt:cvt.obj
 0002:00001dcc       ??_C@_03LHCJEHON@nan@      0000000180014dcc     libucrt:cvt.obj
 0002:00001dd0       ??_C@_09OFJJIMPC@NAN?$CISNAN?$CJ@ 0000000180014dd0     libucrt:cvt.obj
 0002:00001de0       ??_C@_09IPFBKMDL@nan?$CIsnan?$CJ@ 0000000180014de0     libucrt:cvt.obj
 0002:00001df0       ??_C@_08IKHNHAJ@NAN?$CIIND?$CJ@ 0000000180014df0     libucrt:cvt.obj
 0002:00001e00       ??_C@_08OFCDMILK@nan?$CIind?$CJ@ 0000000180014e00     libucrt:cvt.obj
 0002:00001e0c       ??_C@_05KLBDPFGC@e?$CL000@ 0000000180014e0c     libucrt:cvt.obj
 0002:00001e20       __lc_time_c                0000000180014e20     libucrt:nlsdata.obj
 0002:000020e0       ??_C@_03KOEHGMDN@Sun@      00000001800150e0     libucrt:nlsdata.obj
 0002:000020e4       ??_C@_03PDAGKDH@Mon@       00000001800150e4     libucrt:nlsdata.obj
 0002:000020e8       ??_C@_03NAGEINEP@Tue@      00000001800150e8     libucrt:nlsdata.obj
 0002:000020ec       ??_C@_03MHOMLAJA@Wed@      00000001800150ec     libucrt:nlsdata.obj
 0002:000020f0       ??_C@_03IOFIKPDN@Thu@      00000001800150f0     libucrt:nlsdata.obj
 0002:000020f4       ??_C@_03IDIOELNC@Fri@      00000001800150f4     libucrt:nlsdata.obj
 0002:000020f8       ??_C@_03FEFJNEK@Sat@       00000001800150f8     libucrt:nlsdata.obj
 0002:000020fc       ??_C@_06OOPIFAJ@Sunday@    00000001800150fc     libucrt:nlsdata.obj
 0002:00002104       ??_C@_06JLEDEDGH@Monday@   0000000180015104     libucrt:nlsdata.obj
 0002:00002110       ??_C@_07BAAGCFCM@Tuesday@  0000000180015110     libucrt:nlsdata.obj
 0002:00002118       ??_C@_09DLIGFAKA@Wednesday@ 0000000180015118     libucrt:nlsdata.obj
 0002:00002128       ??_C@_08HACCIKIA@Thursday@ 0000000180015128     libucrt:nlsdata.obj
 0002:00002134       ??_C@_06JECMNKMI@Friday@   0000000180015134     libucrt:nlsdata.obj
 0002:00002140       ??_C@_08INBOOONO@Saturday@ 0000000180015140     libucrt:nlsdata.obj
 0002:0000214c       ??_C@_03JIHJHPIE@Jan@      000000018001514c     libucrt:nlsdata.obj
 0002:00002150       ??_C@_03HJBDCHOM@Feb@      0000000180015150     libucrt:nlsdata.obj
 0002:00002154       ??_C@_03ODNJBKGA@Mar@      0000000180015154     libucrt:nlsdata.obj
 0002:00002158       ??_C@_03LEOLGMJP@Apr@      0000000180015158     libucrt:nlsdata.obj
 0002:0000215c       ??_C@_03CNMDKL@May@        000000018001515c     libucrt:nlsdata.obj
 0002:00002160       ??_C@_03IDFGHECI@Jun@      0000000180015160     libucrt:nlsdata.obj
 0002:00002164       ??_C@_03LBGABGKK@Jul@      0000000180015164     libucrt:nlsdata.obj
 0002:00002168       ??_C@_03IFJFEIGA@Aug@      0000000180015168     libucrt:nlsdata.obj
 0002:0000216c       ??_C@_03GGCAPAJC@Sep@      000000018001516c     libucrt:nlsdata.obj
 0002:00002170       ??_C@_03BMAOKBAD@Oct@      0000000180015170     libucrt:nlsdata.obj
 0002:00002174       ??_C@_03JPJOFNIA@Nov@      0000000180015174     libucrt:nlsdata.obj
 0002:00002178       ??_C@_03MKABNOCG@Dec@      0000000180015178     libucrt:nlsdata.obj
 0002:00002180       ??_C@_07CGJPFGJA@January@  0000000180015180     libucrt:nlsdata.obj
 0002:00002188       ??_C@_08GNJGEPFN@February@ 0000000180015188     libucrt:nlsdata.obj
 0002:00002194       ??_C@_05HPCKOFNC@March@    0000000180015194     libucrt:nlsdata.obj
 0002:0000219c       ??_C@_05DMJDNLEJ@April@    000000018001519c     libucrt:nlsdata.obj
 0002:000021a4       ??_C@_04CNLMGBGM@June@     00000001800151a4     libucrt:nlsdata.obj
 0002:000021ac       ??_C@_04MIEPOIFP@July@     00000001800151ac     libucrt:nlsdata.obj
 0002:000021b4       ??_C@_06LBBHFDDG@August@   00000001800151b4     libucrt:nlsdata.obj
 0002:000021c0       ??_C@_09BHHEALKD@September@ 00000001800151c0     libucrt:nlsdata.obj
 0002:000021d0       ??_C@_07JJNFCEND@October@  00000001800151d0     libucrt:nlsdata.obj
 0002:000021d8       ??_C@_08HCHEGEOA@November@ 00000001800151d8     libucrt:nlsdata.obj
 0002:000021e8       ??_C@_08EDHMEBNP@December@ 00000001800151e8     libucrt:nlsdata.obj
 0002:000021f4       ??_C@_02DEDBPAFC@AM@       00000001800151f4     libucrt:nlsdata.obj
 0002:000021f8       ??_C@_02CJNFDJBF@PM@       00000001800151f8     libucrt:nlsdata.obj
 0002:00002200       ??_C@_08BPBNCDIB@MM?1dd?1yy@ 0000000180015200     libucrt:nlsdata.obj
 0002:00002210       ??_C@_0BE@CKGJFCPC@dddd?0?5MMMM?5dd?0?5yyyy@ 0000000180015210     libucrt:nlsdata.obj
 0002:00002228       ??_C@_08JCCMCCIL@HH?3mm?3ss@ 0000000180015228     libucrt:nlsdata.obj
 0002:00002238       ??_C@_17MBGCMIPB@?$AAS?$AAu?$AAn@ 0000000180015238     libucrt:nlsdata.obj
 0002:00002240       ??_C@_17KBOMKBF@?$AAM?$AAo?$AAn@ 0000000180015240     libucrt:nlsdata.obj
 0002:00002248       ??_C@_17BMKGEGOJ@?$AAT?$AAu?$AAe@ 0000000180015248     libucrt:nlsdata.obj
 0002:00002250       ??_C@_17CJEDCEPE@?$AAW?$AAe?$AAd@ 0000000180015250     libucrt:nlsdata.obj
 0002:00002258       ??_C@_17PDPHAADD@?$AAT?$AAh?$AAu@ 0000000180015258     libucrt:nlsdata.obj
 0002:00002260       ??_C@_17HFOLPPLP@?$AAF?$AAr?$AAi@ 0000000180015260     libucrt:nlsdata.obj
 0002:00002268       ??_C@_17GGIBDPIH@?$AAS?$AAa?$AAt@ 0000000180015268     libucrt:nlsdata.obj
 0002:00002270       ??_C@_1O@IHNHDHPB@?$AAS?$AAu?$AAn?$AAd?$AAa?$AAy@ 0000000180015270     libucrt:nlsdata.obj
 0002:00002280       ??_C@_1O@MMNBFLIA@?$AAM?$AAo?$AAn?$AAd?$AAa?$AAy@ 0000000180015280     libucrt:nlsdata.obj
 0002:00002290       ??_C@_1BA@ENFBFFEK@?$AAT?$AAu?$AAe?$AAs?$AAd?$AAa?$AAy@ 0000000180015290     libucrt:nlsdata.obj
 0002:000022a0       ??_C@_1BE@EBOGMDOH@?$AAW?$AAe?$AAd?$AAn?$AAe?$AAs?$AAd?$AAa?$AAy@ 00000001800152a0     libucrt:nlsdata.obj
 0002:000022b8       ??_C@_1BC@HHMNLIHE@?$AAT?$AAh?$AAu?$AAr?$AAs?$AAd?$AAa?$AAy@ 00000001800152b8     libucrt:nlsdata.obj
 0002:000022d0       ??_C@_1O@PDICJHAG@?$AAF?$AAr?$AAi?$AAd?$AAa?$AAy@ 00000001800152d0     libucrt:nlsdata.obj
 0002:000022e0       ??_C@_1BC@ENMNNPAJ@?$AAS?$AAa?$AAt?$AAu?$AAr?$AAd?$AAa?$AAy@ 00000001800152e0     libucrt:nlsdata.obj
 0002:000022f8       ??_C@_17DKNBKCHM@?$AAJ?$AAa?$AAn@ 00000001800152f8     libucrt:nlsdata.obj
 0002:00002300       ??_C@_17LMDJEKJN@?$AAF?$AAe?$AAb@ 0000000180015300     libucrt:nlsdata.obj
 0002:00002308       ??_C@_17CKNLEDEC@?$AAM?$AAa?$AAr@ 0000000180015308     libucrt:nlsdata.obj
 0002:00002310       ??_C@_17LFPOIHDD@?$AAA?$AAp?$AAr@ 0000000180015310     libucrt:nlsdata.obj
 0002:00002318       ??_C@_17PNNKMEED@?$AAM?$AAa?$AAy@ 0000000180015318     libucrt:nlsdata.obj
 0002:00002320       ??_C@_17KCJGOCPB@?$AAJ?$AAu?$AAn@ 0000000180015320     libucrt:nlsdata.obj
 0002:00002328       ??_C@_17IJPCKHK@?$AAJ?$AAu?$AAl@ 0000000180015328     libucrt:nlsdata.obj
 0002:00002330       ??_C@_17ICPELBCN@?$AAA?$AAu?$AAg@ 0000000180015330     libucrt:nlsdata.obj
 0002:00002338       ??_C@_17HCHCOKMG@?$AAS?$AAe?$AAp@ 0000000180015338     libucrt:nlsdata.obj
 0002:00002340       ??_C@_17FNLKOI@?$AAO?$AAc?$AAt@ 0000000180015340     libucrt:nlsdata.obj
 0002:00002348       ??_C@_17BBDMLCIG@?$AAN?$AAo?$AAv@ 0000000180015348     libucrt:nlsdata.obj
 0002:00002350       ??_C@_17EGKACKIF@?$AAD?$AAe?$AAc@ 0000000180015350     libucrt:nlsdata.obj
 0002:00002358       ??_C@_1BA@EFMEIEBA@?$AAJ?$AAa?$AAn?$AAu?$AAa?$AAr?$AAy@ 0000000180015358     libucrt:nlsdata.obj
 0002:00002368       ??_C@_1BC@JGDDFFAM@?$AAF?$AAe?$AAb?$AAr?$AAu?$AAa?$AAr?$AAy@ 0000000180015368     libucrt:nlsdata.obj
 0002:00002380       ??_C@_1M@IKEENEDF@?$AAM?$AAa?$AAr?$AAc?$AAh@ 0000000180015380     libucrt:nlsdata.obj
 0002:00002390       ??_C@_1M@GJNLMHFD@?$AAA?$AAp?$AAr?$AAi?$AAl@ 0000000180015390     libucrt:nlsdata.obj
 0002:000023a0       ??_C@_19EPFLPGAP@?$AAJ?$AAu?$AAn?$AAe@ 00000001800153a0     libucrt:nlsdata.obj
 0002:000023b0       ??_C@_19BIFMLPCD@?$AAJ?$AAu?$AAl?$AAy@ 00000001800153b0     libucrt:nlsdata.obj
 0002:000023c0       ??_C@_1O@PAHLKOAC@?$AAA?$AAu?$AAg?$AAu?$AAs?$AAt@ 00000001800153c0     libucrt:nlsdata.obj
 0002:000023d0       ??_C@_1BE@DKAAMBJL@?$AAS?$AAe?$AAp?$AAt?$AAe?$AAm?$AAb?$AAe?$AAr@ 00000001800153d0     libucrt:nlsdata.obj
 0002:000023e8       ??_C@_1BA@EPANDLNG@?$AAO?$AAc?$AAt?$AAo?$AAb?$AAe?$AAr@ 00000001800153e8     libucrt:nlsdata.obj
 0002:000023f8       ??_C@_1BC@BGLIFPF@?$AAN?$AAo?$AAv?$AAe?$AAm?$AAb?$AAe?$AAr@ 00000001800153f8     libucrt:nlsdata.obj
 0002:00002410       ??_C@_1BC@FEMKIFH@?$AAD?$AAe?$AAc?$AAe?$AAm?$AAb?$AAe?$AAr@ 0000000180015410     libucrt:nlsdata.obj
 0002:00002424       ??_C@_15ODEHAHHF@?$AAA?$AAM@ 0000000180015424     libucrt:nlsdata.obj
 0002:0000242c       ??_C@_15CLMNNGEL@?$AAP?$AAM@ 000000018001542c     libucrt:nlsdata.obj
 0002:00002438       ??_C@_1BC@IEBCMHCM@?$AAM?$AAM?$AA?1?$AAd?$AAd?$AA?1?$AAy?$AAy@ 0000000180015438     libucrt:nlsdata.obj
 0002:00002450       ??_C@_1CI@KNAKOEBC@?$AAd?$AAd?$AAd?$AAd?$AA?0?$AA?5?$AAM?$AAM?$AAM?$AAM?$AA?5?$AAd?$AAd?$AA?0?$AA?5@ 0000000180015450     libucrt:nlsdata.obj
 0002:00002478       ??_C@_1BC@GDGBMEMK@?$AAH?$AAH?$AA?3?$AAm?$AAm?$AA?3?$AAs?$AAs@ 0000000180015478     libucrt:nlsdata.obj
 0002:00002490       ??_C@_1M@BMHNFIME@?$AAe?$AAn?$AA?9?$AAU?$AAS@ 0000000180015490     libucrt:nlsdata.obj
 0002:000024c0       ??_C@_1M@HPNHIDJI@?$AAj?$AAa?$AA?9?$AAJ?$AAP@ 00000001800154c0     libucrt:mbctype.obj
 0002:000024d0       ??_C@_1M@BIBDDEMK@?$AAz?$AAh?$AA?9?$AAC?$AAN@ 00000001800154d0     libucrt:mbctype.obj
 0002:000024e0       ??_C@_1M@JLOOOEGK@?$AAk?$AAo?$AA?9?$AAK?$AAR@ 00000001800154e0     libucrt:mbctype.obj
 0002:000024f0       ??_C@_1M@CLNBBOPM@?$AAz?$AAh?$AA?9?$AAT?$AAW@ 00000001800154f0     libucrt:mbctype.obj
 0002:000025a0       ??_C@_1EA@JGEFHKEI@?$AAa?$AAp?$AAi?$AA?9?$AAm?$AAs?$AA?9?$AAw?$AAi?$AAn?$AA?9?$AAc?$AAo?$AAr?$AAe@ 00000001800155a0     libucrt:winapi_thunks.obj
 0002:000025e0       ??_C@_1DI@IJCEHOCB@?$AAa?$AAp?$AAi?$AA?9?$AAm?$AAs?$AA?9?$AAw?$AAi?$AAn?$AA?9?$AAc?$AAo?$AAr?$AAe@ 00000001800155e0     libucrt:winapi_thunks.obj
 0002:00002620       ??_C@_1EI@MPIAOHOC@?$AAa?$AAp?$AAi?$AA?9?$AAm?$AAs?$AA?9?$AAw?$AAi?$AAn?$AA?9?$AAc?$AAo?$AAr?$AAe@ 0000000180015620     libucrt:winapi_thunks.obj
 0002:00002670       ??_C@_1FK@FPHCKFIE@?$AAa?$AAp?$AAi?$AA?9?$AAm?$AAs?$AA?9?$AAw?$AAi?$AAn?$AA?9?$AAc?$AAo?$AAr?$AAe@ 0000000180015670     libucrt:winapi_thunks.obj
 0002:000026d0       ??_C@_1EM@DILCGIIO@?$AAa?$AAp?$AAi?$AA?9?$AAm?$AAs?$AA?9?$AAw?$AAi?$AAn?$AA?9?$AAc?$AAo?$AAr?$AAe@ 00000001800156d0     libucrt:winapi_thunks.obj
 0002:00002720       ??_C@_1DM@LNCGDDPN@?$AAa?$AAp?$AAi?$AA?9?$AAm?$AAs?$AA?9?$AAw?$AAi?$AAn?$AA?9?$AAc?$AAo?$AAr?$AAe@ 0000000180015720     libucrt:winapi_thunks.obj
 0002:00002760       ??_C@_1DO@FPAPJEMD@?$AAa?$AAp?$AAi?$AA?9?$AAm?$AAs?$AA?9?$AAw?$AAi?$AAn?$AA?9?$AAc?$AAo?$AAr?$AAe@ 0000000180015760     libucrt:winapi_thunks.obj
 0002:000027a0       ??_C@_1DK@NDHNAHIO@?$AAa?$AAp?$AAi?$AA?9?$AAm?$AAs?$AA?9?$AAw?$AAi?$AAn?$AA?9?$AAc?$AAo?$AAr?$AAe@ 00000001800157a0     libucrt:winapi_thunks.obj
 0002:000027e0       ??_C@_1DM@KGHDGBCM@?$AAa?$AAp?$AAi?$AA?9?$AAm?$AAs?$AA?9?$AAw?$AAi?$AAn?$AA?9?$AAc?$AAo?$AAr?$AAe@ 00000001800157e0     libucrt:winapi_thunks.obj
 0002:00002820       ??_C@_1EO@IJIOEFOH@?$AAa?$AAp?$AAi?$AA?9?$AAm?$AAs?$AA?9?$AAw?$AAi?$AAn?$AA?9?$AAr?$AAt?$AAc?$AAo@ 0000000180015820     libucrt:winapi_thunks.obj
 0002:00002870       ??_C@_1FG@HHGEKANL@?$AAa?$AAp?$AAi?$AA?9?$AAm?$AAs?$AA?9?$AAw?$AAi?$AAn?$AA?9?$AAs?$AAe?$AAc?$AAu@ 0000000180015870     libucrt:winapi_thunks.obj
 0002:000028d0       ??_C@_1EG@DBIOJECG@?$AAe?$AAx?$AAt?$AA?9?$AAm?$AAs?$AA?9?$AAw?$AAi?$AAn?$AA?9?$AAn?$AAt?$AAu?$AAs@ 00000001800158d0     libucrt:winapi_thunks.obj
 0002:00002920       ??_C@_1EO@FIHMJCLF@?$AAe?$AAx?$AAt?$AA?9?$AAm?$AAs?$AA?9?$AAw?$AAi?$AAn?$AA?9?$AAn?$AAt?$AAu?$AAs@ 0000000180015920     libucrt:winapi_thunks.obj
 0002:00002970       ??_C@_1BC@DNHGCMLG@?$AAa?$AAd?$AAv?$AAa?$AAp?$AAi?$AA3?$AA2@ 0000000180015970     libucrt:winapi_thunks.obj
 0002:00002988       ??_C@_1M@OAIMIKLP@?$AAn?$AAt?$AAd?$AAl?$AAl@ 0000000180015988     libucrt:winapi_thunks.obj
 0002:000029a0       ??_C@_1EG@DPGNFKGC@?$AAa?$AAp?$AAi?$AA?9?$AAm?$AAs?$AA?9?$AAw?$AAi?$AAn?$AA?9?$AAa?$AAp?$AAp?$AAm@ 00000001800159a0     libucrt:winapi_thunks.obj
 0002:000029e8       ??_C@_1O@BCCLBEOE@?$AAu?$AAs?$AAe?$AAr?$AA3?$AA2@ 00000001800159e8     libucrt:winapi_thunks.obj
[...]
 0002:00009320       $unwind$?destroy_ptd_array@@YAXQEAU__acrt_ptd@@@Z 000000018001c320     libucrt:per_thread_data.obj
 0002:00009328       $unwind$??$?RV<lambda_0ae27a3a962d80f24befdcbee591983d>@@AEAV<lambda_8d0ee55de4b1038c4002e0adecdf1839>@@V<lambda_dc504788e8f1664fe9b84e20bfb512f2>@@@?$__crt_seh_guarded_call@X@@QEAAX$$QEAV<lambda_0ae27a3a962d80f24befdcbee591983d>@@AEAV<lambda_8d0ee55de4b1038c4002e0adecdf1839>@@$$QEAV<lambda_dc504788e8f1664fe9b84e20bfb512f2>@@@Z 000000018001c328     libucrt:per_thread_data.obj
 0002:0000934c       $unwind$??$?RV<lambda_aa87e3671a710a21b5dc78c0bdf72e11>@@AEAV<lambda_92619d2358a28f41a33ba319515a20b9>@@V<lambda_6992ecaafeb10aed2b74cb1fae11a551>@@@?$__crt_seh_guarded_call@X@@QEAAX$$QEAV<lambda_aa87e3671a710a21b5dc78c0bdf72e11>@@AEAV<lambda_92619d2358a28f41a33ba319515a20b9>@@$$QEAV<lambda_6992ecaafeb10aed2b74cb1fae11a551>@@@Z 000000018001c34c     libucrt:per_thread_data.obj
 0002:00009370       $unwind$??$?RV<lambda_f2e299630e499de9f9a165e60fcd3db5>@@AEAV<lambda_2ae9d31cdba2644fcbeaf08da7c24588>@@V<lambda_40d01ff24d0e7b3814fdbdcee8eab3c7>@@@?$__crt_seh_guarded_call@X@@QEAAX$$QEAV<lambda_f2e299630e499de9f9a165e60fcd3db5>@@AEAV<lambda_2ae9d31cdba2644fcbeaf08da7c24588>@@$$QEAV<lambda_40d01ff24d0e7b3814fdbdcee8eab3c7>@@@Z 000000018001c370     libucrt:per_thread_data.obj
 0002:00009394       $unwind$??$?RV<lambda_2d41944a1d46af3157314b8a01080d33>@@AEAV<lambda_8f455de75cd7d7f24b4096f044d8b9e6>@@V<lambda_aa500f224e6afead328df44964fe2772>@@@?$__crt_seh_guarded_call@X@@QEAAX$$QEAV<lambda_2d41944a1d46af3157314b8a01080d33>@@AEAV<lambda_8f455de75cd7d7f24b4096f044d8b9e6>@@$$QEAV<lambda_aa500f224e6afead328df44964fe2772>@@@Z 000000018001c394     libucrt:per_thread_data.obj
 0002:000093b8       $unwind$__acrt_fp_format   000000018001c3b8     libucrt:cvt.obj
 0002:000093d0       $unwind$?fp_format_e_internal@@YAHQEAD_KH_NIQEAU_strflt@@2QEAU__crt_locale_pointers@@@Z 000000018001c3d0     libucrt:cvt.obj
 0002:000093e8       $unwind$?fp_format_a@@YAHQEBNPEAD_KQEAD2H_NIQEAU__crt_locale_pointers@@W4__acrt_rounding_mode@@@Z 000000018001c3e8     libucrt:cvt.obj
 0002:00009404       $unwind$__dcrt_get_narrow_environment_from_os 000000018001c404     libucrt:get_environment_from_os.obj
 0002:00009404       $unwind$?fp_format_f_internal@@YAHQEAD_KHQEAU_strflt@@_NQEAU__crt_locale_pointers@@@Z 000000018001c404     libucrt:cvt.obj
 0002:00009404       $unwind$??$__acrt_wcs_to_mbs_cp@U__crt_win32_buffer_internal_dynamic_resizing@@@@YAHQEB_WAEAV?$__crt_win32_buffer@DU__crt_win32_buffer_internal_dynamic_resizing@@@@I@Z 000000018001c404     libucrt:argv_wildcards.obj
 0002:0000941c       $unwind$?fp_format_g@@YAHQEBNQEAD_K12H_NIW4__acrt_rounding_mode@@QEAU__crt_locale_pointers@@@Z 000000018001c41c     libucrt:cvt.obj
 0002:00009430       $unwind$__acrt_uninitialize_locale 000000018001c430     libucrt:wsetlocale.obj
 0002:00009430       $unwind$__acrt_get_sigabrt_handler 000000018001c430     libucrt:signal.obj
 0002:00009438       $unwind$??$?RV<lambda_410d79af7f07d98d83a3f525b3859a53>@@AEAV<lambda_3e16ef9562a7dcce91392c22ab16ea36>@@V<lambda_38119f0e861e05405d8a144b9b982f0a>@@@?$__crt_seh_guarded_call@X@@QEAAX$$QEAV<lambda_410d79af7f07d98d83a3f525b3859a53>@@AEAV<lambda_3e16ef9562a7dcce91392c22ab16ea36>@@$$QEAV<lambda_38119f0e861e05405d8a144b9b982f0a>@@@Z 000000018001c438     libucrt:wsetlocale.obj
 0002:00009460       $unwind$__acrt_initialize_lowio 000000018001c460     libucrt:ioinit.obj
 0002:00009480       $unwind$?initialize_inherited_file_handles_nolock@@YAXXZ 000000018001c480     libucrt:ioinit.obj
 0002:0000949c       $unwind$??$common_expand_argv_wildcards@D@@YAHQEAPEADQEAPEAPEAD@Z 000000018001c49c     libucrt:argv_wildcards.obj
 0002:000094b4       $unwind$??$copy_and_add_argument_to_buffer@D@@YAHQEBD0_KAEAV?$argument_list@D@?A0x5f5c8891@@@Z 000000018001c4b4     libucrt:argv_wildcards.obj
 0002:000094d0       $unwind$??$expand_argument_wildcards@D@@YAHQEAD0AEAV?$argument_list@D@?A0x5f5c8891@@@Z 000000018001c4d0     libucrt:argv_wildcards.obj
 0002:000094f4       $unwind$__acrt_GetModuleFileNameA 000000018001c4f4     libucrt:getmodulefilenamea.obj
 0002:00009510       $unwind$__dcrt_write_console 000000018001c510     libucrt:initcon.obj
 0002:00009510       $unwind$??$__acrt_wcs_to_mbs_cp@U__crt_win32_buffer_no_resizing@@@@YAHQEB_WAEAV?$__crt_win32_buffer@DU__crt_win32_buffer_no_resizing@@@@I@Z 000000018001c510     libucrt:getmodulefilenamea.obj
 0002:00009524       $unwind$_setmbcp_nolock    000000018001c524     libucrt:mbctype.obj
 0002:00009544       $unwind$__dcrt_lowio_ensure_console_output_initialized 000000018001c544     libucrt:initcon.obj
 0002:00009544       $unwind$_isleadbyte_l      000000018001c544     libucrt:_wctype.obj
 0002:00009544       $unwind$?getSystemCP@@YAHH@Z 000000018001c544     libucrt:mbctype.obj
 0002:0000954c       $unwind$?update_thread_multibyte_data_internal@@YAPEAU__crt_multibyte_data@@QEAU__acrt_ptd@@QEAPEAU1@@Z 000000018001c54c     libucrt:mbctype.obj
 0002:00009574       $unwind$?setmbcp_internal@@YAHH_NQEAU__acrt_ptd@@QEAPEAU__crt_multibyte_data@@@Z 000000018001c574     libucrt:mbctype.obj
 0002:00009584       $unwind$?setSBUpLow@@YAXPEAU__crt_multibyte_data@@@Z 000000018001c584     libucrt:mbctype.obj
 0002:000095a0       $unwind$??$?RV<lambda_efdfa57d1f175319df784efa44bb7b81>@@AEAV<lambda_5f0a4c1567f8adc6734073e5d1e1b35c>@@V<lambda_2e8a7d3640ea6ccb4c2413664c2db6fd>@@@?$__crt_seh_guarded_call@X@@QEAAX$$QEAV<lambda_efdfa57d1f175319df784efa44bb7b81>@@AEAV<lambda_5f0a4c1567f8adc6734073e5d1e1b35c>@@$$QEAV<lambda_2e8a7d3640ea6ccb4c2413664c2db6fd>@@@Z 000000018001c5a0     libucrt:mbctype.obj
 0002:000095c4       $unwind$?x_ismbbtype_l@@YAHPEAU__crt_locale_pointers@@IHH@Z 000000018001c5c4     libucrt:ismbbyte.obj
 0002:000095d4       $unwind$__acrt_WideCharToMultiByte 000000018001c5d4     libucrt:widechartomultibyte.obj
 0002:000095e0       $unwind$__acrt_initialize_winapi_thunks 000000018001c5e0     libucrt:winapi_thunks.obj
 0002:000095e8       $unwind$_query_new_handler 000000018001c5e8     libucrt:new_handler.obj
 0002:00009608       $unwind$raise              000000018001c608     libucrt:signal.obj
 0002:00009644       $unwind$??$?RV<lambda_450d765d439847d4c735a33c368b5fc0>@@AEAV<lambda_44731a7d0e6d81c3e6aa82d741081786>@@V<lambda_601a2a7da3b7a96e9554ac7215c4b07c>@@@?$__crt_seh_guarded_call@P6AXH@Z@@QEAAP6AXH@Z$$QEAV<lambda_450d765d439847d4c735a33c368b5fc0>@@AEAV<lambda_44731a7d0e6d81c3e6aa82d741081786>@@$$QEAV<lambda_601a2a7da3b7a96e9554ac7215c4b07c>@@@Z 000000018001c644     libucrt:signal.obj
 0002:00009668       $unwind$?common_flush_all@@YAH_N@Z 000000018001c668     libucrt:fflush.obj
 0002:00009670       $unwind$??$?RV<lambda_842d9ff0dc9ef11c61343bbaebe7f885>@@AEAV<lambda_c5860995281e5c4ce005b3de8f5874ee>@@V<lambda_d90129c13df834fdcbf8d2b88dafcf2d>@@@?$__crt_seh_guarded_call@X@@QEAAX$$QEAV<lambda_842d9ff0dc9ef11c61343bbaebe7f885>@@AEAV<lambda_c5860995281e5c4ce005b3de8f5874ee>@@$$QEAV<lambda_d90129c13df834fdcbf8d2b88dafcf2d>@@@Z 000000018001c670     libucrt:fflush.obj
 0002:00009694       $unwind$??$?RV<lambda_886d6c58226a84441f68b9f2b8217b83>@@AEAV<lambda_ab61a845afdef5b7c387490eaf3616ee>@@V<lambda_f7f22ab5edc0698d5f6905b0d3f44752>@@@?$__crt_seh_guarded_call@X@@QEAAX$$QEAV<lambda_886d6c58226a84441f68b9f2b8217b83>@@AEAV<lambda_ab61a845afdef5b7c387490eaf3616ee>@@$$QEAV<lambda_f7f22ab5edc0698d5f6905b0d3f44752>@@@Z 000000018001c694     libucrt:fflush.obj
 0002:000096bc       $unwind$_isctype_l         000000018001c6bc     libucrt:isctype.obj
 0002:000096d8       $unwind$?__mbsrtowcs_utf8@__crt_mbstring@@YA_KPEA_WPEAPEBD_KPEAU_Mbstatet@@@Z 000000018001c6d8     libucrt:mbrtowc.obj
 0002:000096f0       $unwind$__acrt_update_thread_locale_data 000000018001c6f0     libucrt:locale_refcounting.obj
 0002:00009714       $unwind$__acrt_fltout      000000018001c714     libucrt:cfout.obj
 0002:00009734       $unwind$?divide@__crt_strtox@@YA_KAEAUbig_integer@1@AEBU21@@Z 000000018001c734     libucrt:cfout.obj
 0002:0000974c       $chain$0$?divide@__crt_strtox@@YA_KAEAUbig_integer@1@AEBU21@@Z 000000018001c74c     libucrt:cfout.obj
 0002:00009760       $chain$1$?divide@__crt_strtox@@YA_KAEAUbig_integer@1@AEBU21@@Z 000000018001c760     libucrt:cfout.obj
 0002:00009770       $unwind$_fcloseall         000000018001c770     libucrt:closeall.obj
 0002:00009794       $unwind$__acrt_locale_free_time 000000018001c794     libucrt:inittime.obj
 0002:000097a4       $unwind$__acrt_GetStringTypeA 000000018001c7a4     libucrt:getstringtypea.obj
 0002:000097cc       $unwind$_free_osfhnd       000000018001c7cc     libucrt:osfinfo.obj
 0002:000097e0       $unwind$__acrt_lowio_destroy_handle_array 000000018001c7e0     libucrt:osfinfo.obj
 0002:000097f0       $unwind$__acrt_lowio_ensure_fh_exists 000000018001c7f0     libucrt:osfinfo.obj
 0002:0000981c       $unwind$qsort              000000018001c81c     libucrt:qsort.obj
 0002:00009834       $chain$4$qsort             000000018001c834     libucrt:qsort.obj
 0002:00009858       $chain$5$qsort             000000018001c858     libucrt:qsort.obj
 0002:00009868       $unwind$strpbrk            000000018001c868     libucrt:strpbrk.obj
 0002:00009878       $unwind$fallbackMethod     000000018001c878     libucrt:strpbrk.obj
 0002:00009888       $unwind$_mbsdec_l          000000018001c888     libucrt:mbsdec.obj
 0002:00009894       $unwind$__acrt_LCMapStringA 000000018001c894     libucrt:lcmapstringa.obj
 0002:000098a4       $unwind$?__acrt_LCMapStringA_stat@@YAHPEAU__crt_locale_pointers@@PEB_WKPEBDHPEADHHH@Z 000000018001c8a4     libucrt:lcmapstringa.obj
 0002:000098cc       $unwind$_close             000000018001c8cc     libucrt:close.obj
 0002:000098cc       $unwind$_commit            000000018001c8cc     libucrt:commit.obj
 0002:000098d4       $unwind$??$?RV<lambda_a37b2b86f63e897a80ea819b0eb08c01>@@AEAV<lambda_38ce7e780aa69e748d6df282ebc68efe>@@V<lambda_99fb1378e971ab6e7edea83e3a7a83a2>@@@?$__crt_seh_guarded_call@H@@QEAAH$$QEAV<lambda_a37b2b86f63e897a80ea819b0eb08c01>@@AEAV<lambda_38ce7e780aa69e748d6df282ebc68efe>@@$$QEAV<lambda_99fb1378e971ab6e7edea83e3a7a83a2>@@@Z 000000018001c8d4     libucrt:commit.obj
 0002:000098f8       $unwind$_write             000000018001c8f8     libucrt:write.obj
 0002:00009928       $unwind$_write_nolock      000000018001c928     libucrt:write.obj
 0002:00009940       $unwind$?write_double_translated_ansi_nolock@@YA?AUwrite_result@?A0x17268360@@HQEBDI@Z 000000018001c940     libucrt:write.obj
 0002:00009964       $unwind$?write_text_ansi_nolock@@YA?AUwrite_result@?A0x17268360@@HQEBDI@Z 000000018001c964     libucrt:write.obj
 0002:00009964       $unwind$?write_text_utf16le_nolock@@YA?AUwrite_result@?A0x17268360@@HQEBDI@Z 000000018001c964     libucrt:write.obj
 0002:00009984       $unwind$?write_text_utf8_nolock@@YA?AUwrite_result@?A0x17268360@@HQEBDI@Z 000000018001c984     libucrt:write.obj
 0002:000099a8       $unwind$?__mbrtoc32_utf8@__crt_mbstring@@YA_KPEA_UPEBD_KPEAU_Mbstatet@@@Z 000000018001c9a8     libucrt:mbrtoc32.obj
 0002:000099c8       $xdatasym                  000000018001c9c8     libucrt:log10.obj
 0002:000099d4       $unwind$__acrt_fenv_set_control 000000018001c9d4     libucrt:_fenvutils.obj
 0002:000099e4       $unwind$fclose             000000018001c9e4     libucrt:fclose.obj
 0002:00009a08       $unwind$_putwch_nolock     000000018001ca08     libucrt:putwch.obj
 0002:00009a10       $unwind$common_control87   000000018001ca10     libucrt:ieee.obj
 0002:00009a3c       $unwind$_call_matherr      000000018001ca3c     libucrt:libm_error.obj
 0002:00009a44       $unwind$_handle_error      000000018001ca44     libucrt:libm_error.obj
 0002:00009a64       $unwind$__acrt_initialize_fma3 000000018001ca64     libucrt:fma3_available.obj
 0002:00009a6c       $unwind$_log_special_common 000000018001ca6c     libucrt:log_special.obj
 0002:00009a78       $unwind$??$?RV<lambda_751a882b2c74d4b022dec766aa51a29a>@@AEAV<lambda_628dfdc04ba53c8bfc02c9951375f3f5>@@V<lambda_f6c7be5f7998530c34de24c7437d6b54>@@@?$__crt_seh_guarded_call@H@@QEAAH$$QEAV<lambda_751a882b2c74d4b022dec766aa51a29a>@@AEAV<lambda_628dfdc04ba53c8bfc02c9951375f3f5>@@$$QEAV<lambda_f6c7be5f7998530c34de24c7437d6b54>@@@Z 000000018001ca78     libucrt:close.obj
 0002:00009aa0       $xdatasym                  000000018001caa0     libucrt:fpsr.obj
 0002:00009aa8       $unwind$_raise_exc         000000018001caa8     libucrt:fpexcept.obj
 0002:00009ab0       $unwind$_raise_exc_ex      000000018001cab0     libucrt:fpexcept.obj
 0002:00009ac4       $unwind$_ctrlfp            000000018001cac4     libucrt:fpctrl.obj
 0002:00009aec       $unwind$_IsNonwritableInCurrentImage 000000018001caec     LIBCMT:pesect.obj
 0002:00009b10       $xdatasym                  000000018001cb10     LIBCMT:chkstk.obj
 0002:00009b18       $xdatasym                  000000018001cb18     libvcruntime:memcmp.obj
 0002:00009b20       .edata                     000000018001cb20     gdi+.exp
 0002:00009b48       rgpv                       000000018001cb48     gdi+.exp
 0002:00009b5c       rgszName                   000000018001cb5c     gdi+.exp
 0002:00009b70       rgwOrd                     000000018001cb70     gdi+.exp
 0002:00009b7a       szName                     000000018001cb7a     gdi+.exp
 0002:00009b83       $N00001                    000000018001cb83     gdi+.exp
 0002:00009b8e       $N00002                    000000018001cb8e     gdi+.exp
 0002:00009b97       $N00003                    000000018001cb97     gdi+.exp
 0002:00009ba0       $N00004                    000000018001cba0     gdi+.exp
 0002:00009ba9       $N00005                    000000018001cba9     gdi+.exp
 0002:0000a032       .idata$6                   000000018001d032     kernel32:KERNEL32.dll
 0002:0000a06a       .idata$6                   000000018001d06a     user32:USER32.dll
 0002:0000a0e0       .idata$6                   000000018001d0e0     gdi32:GDI32.dll
 0002:0000a10e       .idata$6                   000000018001d10e     ole32:ole32.dll
 0003:00000040       ?__vcrt_flsindex@@3KA      000000018001e040     libvcruntime:per_thread_data.obj
 0003:00000060       ?errno_no_memory@@3HA      000000018001e060     libucrt:errno.obj
 0003:00000064       ?doserrno_no_memory@@3KA   000000018001e064     libucrt:errno.obj
 0003:00000068       ?__acrt_flsindex@@3KA      000000018001e068     libucrt:per_thread_data.obj
 0003:00000520       _mbctypes                  000000018001e520     libucrt:mbctype.obj
 0003:00000630       _mbcasemaps                000000018001e630     libucrt:mbctype.obj
 0003:00000730       ?__rgctypeflag@@3PADA      000000018001e730     libucrt:mbctype.obj
 0003:00000740       ?__rgcode_page_info@@3PAUcode_page_info@@A 000000018001e740     libucrt:mbctype.obj
 0003:000009e0       ?dazSupported@?1??common_control87@@9@9 000000018001e9e0     libucrt:ieee.obj
 0003:000009f0       ?__dcrt_lowio_console_output_handle@@3PEAXEA 000000018001e9f0     libucrt:initcon.obj
 0003:00000a00       ?dazSupported@?1??_ctrlfp@@9@9 000000018001ea00     libucrt:fpctrl.obj
 0003:00000a28       ?gHeapInit@?A0x333b15f0@@3U?$atomic@H@std@@A 000000018001ea28     common-kernel64:Memory.obj
 0003:00000a2c       ?gHeapCounter@?A0x333b15f0@@3U?$atomic@H@std@@A 000000018001ea2c     common-kernel64:Memory.obj
 0003:00000a30       ?ghHeap@?A0x333b15f0@@3PEAXEA 000000018001ea30     common-kernel64:Memory.obj
 0003:00000a50       ?g_Threads@@3PAUConEmuThreadInfo@@A 000000018001ea50     common-kernel64:WThreads.obj
 0003:00009250       ?gh_UnknownTerminatedThread@@3PEAXEA 0000000180027250     common-kernel64:WThreads.obj
 0003:00009260       GS_ExceptionRecord         0000000180027260     LIBCMT:gs_report.obj
 0003:00009300       GS_ContextRecord           0000000180027300     LIBCMT:gs_report.obj
 0003:000097d0       ?__proc_attached@@3HA      00000001800277d0     LIBCMT:dll_dllmain.obj
 0003:00009808       ?is_initialized_as_dll@@3_NA 0000000180027808     LIBCMT:utility.obj
 0003:00009809       ?module_local_atexit_table_initialized@@3_NA 0000000180027809     LIBCMT:utility.obj
 0003:00009810       ?module_local_atexit_table@@3U_onexit_table_t@@A 0000000180027810     LIBCMT:utility.obj
 0003:00009828       ?module_local_at_quick_exit_table@@3U_onexit_table_t@@A 0000000180027828     LIBCMT:utility.obj
 0003:000098a0       ?heap@@3V_HeapManager@@A   00000001800278a0     libvcruntime:undname.obj
 0003:000098d0       ?__vcrt_startup_thread_ptd@@3U__vcrt_ptd@@A 00000001800278d0     libvcruntime:per_thread_data.obj
 0003:00009950       __vcrt_lock_table          0000000180027950     libvcruntime:locks.obj
 0003:00009978       __vcrt_locks_initialized   0000000180027978     libvcruntime:locks.obj
 0003:00009980       ?module_handles@@3PAPEAUHINSTANCE__@@A 0000000180027980     libvcruntime:winapi_downlevel.obj
 0003:00009998       ?function_pointers@@3PAPEAXA 0000000180027998     libvcruntime:winapi_downlevel.obj
 0003:000099c8       ?__acrt_invalid_parameter_handler@@3V?$dual_state_global@P6AXPEB_W00I_K@Z@__crt_state_management@@A 00000001800279c8     libucrt:invalid_parameter.obj
 0003:000099d0       ?c_termination_complete@@3JA 00000001800279d0     libucrt:exit.obj
 0003:000099d8       ?thread_local_exit_callback_func@@3P6AXPEAXK0@ZEA 00000001800279d8     libucrt:exit.obj
 0003:000099f0       ?program_name@?1???$common_configure_argv@D@@YAHW4_crt_argv_mode@@@Z@4PADA 00000001800279f0     libucrt:argv_parsing.obj
 0003:00009b48       ?internal_state@?1??_mbtowc_l@@9@4U_Mbstatet@@A 0000000180027b48     libucrt:mbtowc.obj
 0003:00009b60       ?enable_percent_n@@3_KA    0000000180027b60     libucrt:printf_count_output.obj
 0003:00009fa0       ?__acrt_lock_table@@3PAU_RTL_CRITICAL_SECTION@@A 0000000180027fa0     libucrt:locks.obj
 0003:0000a1d0       ?__acrt_locks_initialized@@3IA 00000001800281d0     libucrt:locks.obj
 0003:0000a1f0       ?fSystemSet@@3HA           00000001800281f0     libucrt:mbctype.obj
 0003:0000a1f4       ?initialized@?1??__acrt_initialize_multibyte@@9@4_NA 00000001800281f4     libucrt:mbctype.obj
 0003:0000a230       ?module_handles@@3PAPEAUHINSTANCE__@@A 0000000180028230     libucrt:winapi_thunks.obj
 0003:0000a2d0       ?encoded_function_pointers@@3PAPEAXA 00000001800282d0     libucrt:winapi_thunks.obj
 0003:0000a3e8       ?__acrt_new_handler@@3V?$dual_state_global@P6AH_K@Z@__crt_state_management@@A 00000001800283e8     libucrt:new_handler.obj
 0003:0000a3f0       ?ctrlc_action@@3V?$dual_state_global@P6AXH@Z@__crt_state_management@@A 00000001800283f0     libucrt:signal.obj
 0003:0000a3f8       ?ctrlbreak_action@@3V?$dual_state_global@P6AXH@Z@__crt_state_management@@A 00000001800283f8     libucrt:signal.obj
 0003:0000a400       ?abort_action@@3V?$dual_state_global@P6AXH@Z@__crt_state_management@@A 0000000180028400     libucrt:signal.obj
 0003:0000a408       ?term_action@@3V?$dual_state_global@P6AXH@Z@__crt_state_management@@A 0000000180028408     libucrt:signal.obj
 0003:0000a410       ?user_matherr@@3V?$dual_state_global@P6AHPEAU_exception@@@Z@__crt_state_management@@A 0000000180028410     libucrt:matherr.obj
 0003:0000a418       ?__acrt_global_new_mode@@3V?$dual_state_global@J@__crt_state_management@@A 0000000180028418     libucrt:new_mode.obj
 0003:0000a428       ?internal_pst@?1??__mbrtoc32_utf8@__crt_mbstring@@YA_KPEA_UPEBD_KPEAU_Mbstatet@@@Z@4U3@A 0000000180028428     libucrt:mbrtoc32.obj
 0003:0000a430       ?__acrt_app_type@@3W4_crt_app_type@@A 0000000180028430     libucrt:report_runtime_error.obj
 0005:00000000       MoveSmall                  000000018002b000     libvcruntime:memcpy.obj
 0005:00000080       MsetTab                    000000018002b080     libvcruntime:memset.obj
 0006:000000a0       $R000000                   000000018002c0a0     gdip.res
 0006:000003b0       $R000310                   000000018002c3b0     gdip.res
