 pe

 Timestamp is 6081f301 (Fri Apr 23 00:04:49 2021)

 Preferred load address is 0000000180000000

 Start         Length     Name                   Class
 0001:00000000 00011420H .text$mn                CODE
 0001:00011420 00000040H .text$mn$00             CODE
 0001:00011460 000002e0H .text$x                 CODE
 0002:00000000 00000278H .idata$5                DATA
 0002:00000278 00000028H .00cfg                  DATA
 0002:000002a0 00000008H .CRT$XCA                DATA
 0002:000002a8 00000008H .CRT$XCZ                DATA
 0002:000002b0 00000008H .CRT$XIA                DATA
 0002:000002b8 00000018H .CRT$XIC                DATA
 0002:000002d0 00000008H .CRT$XIZ                DATA
 0002:000002d8 00000008H .CRT$XPA                DATA
 0002:000002e0 00000010H .CRT$XPX                DATA
 0002:000002f0 00000008H .CRT$XPXA               DATA
 0002:000002f8 00000008H .CRT$XPZ                DATA
 0002:00000300 00000008H .CRT$XTA                DATA
 0002:00000308 00000008H .CRT$XTZ                DATA
 0002:00000310 00000000H .gehcont$y              DATA
 0002:00000310 00000000H .gfids$y                DATA
 0002:00000310 00008770H .rdata                  DATA
 0002:00008a80 00000000H .rdata$CastGuardVftablesA DATA
 0002:00008a80 00000000H .rdata$CastGuardVftablesC DATA
 0002:00008a80 00000000H .rdata$r                DATA
 0002:00008a80 00000320H .rdata$zzzdbg           DATA
 0002:00008da0 00000008H .rtc$IAA                DATA
 0002:00008da8 00000008H .rtc$IZZ                DATA
 0002:00008db0 00000008H .rtc$TAA                DATA
 0002:00008db8 00000008H .rtc$TZZ                DATA
 0002:00008dc0 00000d60H .xdata                  DATA
 0002:00009b20 00000000H .xdata$x                DATA
 0002:00009b20 00000090H .edata                  DATA
 0002:00009bb0 00000028H .idata$2                DATA
 0002:00009bd8 00000018H .idata$3                DATA
 0002:00009bf0 00000278H .idata$4                DATA
 0002:00009e68 0000057cH .idata$6                DATA
 0003:00000000 00000a00H .data                   DATA
 0003:00000a00 00000000H .data$r                 DATA
 0003:00000a00 00001208H .bss                    DATA
 0004:00000000 00001080H .pdata                  DATA
 0005:00000000 00000100H _RDATA                  DATA
 0006:00000000 000000a0H .rsrc$01                DATA
 0006:000000a0 00000490H .rsrc$02                DATA

  Address         Publics by Value              Rva+Base               Lib:Object

 0000:00000000       __guard_fids_count         0000000000000000     <absolute>
 0000:00000000       ___safe_se_handler_table   0000000000000000     <absolute>
 0000:00000000       __x64_code_ranges_to_entry_points_count 0000000000000000     <absolute>
 0000:00000000       __hybrid_code_map          0000000000000000     <absolute>
 0000:00000000       __volatile_metadata        0000000000000000     <absolute>
 0000:00000000       __arm64x_extra_rfe_table_size 0000000000000000     <absolute>
 0000:00000000       __arm64x_redirection_metadata 0000000000000000     <absolute>
 0000:00000000       ___safe_se_handler_count   0000000000000000     <absolute>
 0000:00000000       __guard_iat_table          0000000000000000     <absolute>
 0000:00000000       __guard_longjmp_table      0000000000000000     <absolute>
 0000:00000000       __guard_iat_count          0000000000000000     <absolute>
 0000:00000000       __guard_longjmp_count      0000000000000000     <absolute>
 0000:00000000       __arm64x_extra_rfe_table   0000000000000000     <absolute>
 0000:00000000       __dynamic_value_reloc_table 0000000000000000     <absolute>
 0000:00000000       __hybrid_auxiliary_iat     0000000000000000     <absolute>
 0000:00000000       __x64_code_ranges_to_entry_points 0000000000000000     <absolute>
 0000:00000000       __guard_eh_cont_count      0000000000000000     <absolute>
 0000:00000000       __AbsoluteZero             0000000000000000     <absolute>
 0000:00000000       __guard_fids_table         0000000000000000     <absolute>
 0000:00000000       __arm64x_redirection_metadata_count 0000000000000000     <absolute>
 0000:00000000       __enclave_config           0000000000000000     <absolute>
 0000:00000000       __guard_eh_cont_table      0000000000000000     <absolute>
 0000:00000000       __arm64x_native_entrypoint 0000000000000000     <absolute>
 0000:00000000       __hybrid_code_map_count    0000000000000000     <absolute>
 0000:00000100       __guard_flags              0000000000000100     <absolute>
 0000:00000000       __ImageBase                0000000180000000     <linker-defined>
 0001:00000000       ??$DumpExportsSection@U_IMAGE_NT_HEADERS64@@@@YAXPEAUPEData@@PEAEPEAU_IMAGE_NT_HEADERS64@@@Z 0000000180001000 f i pe.obj
 0001:00000224       ??$DumpExportsSection@U_IMAGE_NT_HEADERS@@@@YAXPEAUPEData@@PEAEPEAU_IMAGE_NT_HEADERS@@@Z 0000000180001224 f i pe.obj
 0001:00000444       ??$DumpResourceSection@U_IMAGE_NT_HEADERS64@@@@YAXPEAUPEData@@PEAEPEAU_IMAGE_NT_HEADERS64@@@Z 0000000180001444 f i pe.obj
 0001:00000498       ??$DumpResourceSection@U_IMAGE_NT_HEADERS@@@@YAXPEAUPEData@@PEAEPEAU_IMAGE_NT_HEADERS@@@Z 0000000180001498 f i pe.obj
 0001:000004ec       ??$GetEnclosingSectionHeader@U_IMAGE_NT_HEADERS64@@@@YAPEAU_IMAGE_SECTION_HEADER@@KPEAU_IMAGE_NT_HEADERS64@@@Z 00000001800014ec f i pe.obj
 0001:000004ec       ??$GetEnclosingSectionHeader@U_IMAGE_NT_HEADERS@@@@YAPEAU_IMAGE_SECTION_HEADER@@KPEAU_IMAGE_NT_HEADERS@@@Z 00000001800014ec f i pe.obj
 0001:00000538       ??$GetPtrFromRVA@U_IMAGE_NT_HEADERS64@@@@YAPEAXKPEAU_IMAGE_NT_HEADERS64@@PEAE@Z 0000000180001538 f i pe.obj
 0001:00000538       ??$GetPtrFromRVA@U_IMAGE_NT_HEADERS@@@@YAPEAXKPEAU_IMAGE_NT_HEADERS@@PEAE@Z 0000000180001538 f i pe.obj
 0001:00000580       ??$swprintf_c@$0CA@@@YAHAEAY0CA@_WPEB_WZZ 0000000180001580 f i pe.obj
 0001:000005ac       _guard_check_icall_nop     00000001800015ac f   LIBCMT:guard_support.obj
 0001:000005ac       ?CET_Cancel@@YAXPEAX@Z     00000001800015ac f   pe.obj
 0001:000005b0       ?CET_Done@@YAXPEAUCET_Init@@@Z 00000001800015b0 f   pe.obj
 0001:000005b8       ?CET_Free@@YAXPEAUCET_LoadInfo@@@Z 00000001800015b8 f   pe.obj
 0001:00000604       ?CET_Init@@YAHPEAU0@@Z     0000000180001604 f   pe.obj
 0001:00000640       ?CET_Load@@YAHPEAUCET_LoadInfo@@@Z 0000000180001640 f   pe.obj
 0001:00000950       ?CreateResource@@YAXPEAUPEData@@KPEAXKKK@Z 0000000180001950 f   pe.obj
 0001:00000a20       ?DumpExeFile@@YA_NPEAUPEData@@PEAU_IMAGE_DOS_HEADER@@@Z 0000000180001a20 f   pe.obj
 0001:00000a9c       ?DumpExeFileNE@@YA_NPEAUPEData@@PEAU_IMAGE_DOS_HEADER@@PEAU_IMAGE_OS2_HEADER@@@Z 0000000180001a9c f   pe.obj
 0001:00000ad8       ?DumpExeFilePE@@YA_NPEAUPEData@@PEAU_IMAGE_DOS_HEADER@@PEAU_IMAGE_NT_HEADERS@@@Z 0000000180001ad8 f   pe.obj
 0001:00000bbc       ?DumpFile@@YA_NPEAUPEData@@PEAE_J2@Z 0000000180001bbc f   pe.obj
 0001:00000c04       ?DumpNEResourceTable@@YAXPEAUPEData@@PEAU_IMAGE_DOS_HEADER@@PEAE@Z 0000000180001c04 f   pe.obj
 0001:00000d10       ?DumpResourceDirectory@@YAXPEAUPEData@@PEAU_IMAGE_RESOURCE_DIRECTORY@@PEAEKKKK@Z 0000000180001d10 f   pe.obj
 0001:00000e3c       ?DumpResourceEntry@@YAXPEAUPEData@@KPEAU_IMAGE_RESOURCE_DIRECTORY_ENTRY@@PEAEKKK@Z 0000000180001e3c f   pe.obj
 0001:00000f1c       ?DumpResources@@YAXPEAUPEData@@PEAEPEAU_IMAGE_NT_HEADERS@@@Z 0000000180001f1c f   pe.obj
 0001:00000f78       ?ParseVersionInfo@@YAXPEAUPEData@@AEAPEAXAEAK@Z 0000000180001f78 f   pe.obj
 0001:00001088       ?ParseVersionInfoA@@YAXPEAUPEData@@AEAPEAXAEAK@Z 0000000180002088 f   pe.obj
 0001:00001198       ?ParseVersionInfoFixed@@YAXPEAUPEData@@PEAUtagVS_FIXEDFILEINFO@@@Z 0000000180002198 f   pe.obj
 0001:00001370       ?ParseVersionInfoVariable@@YAXPEAUPEData@@PEAXAEAKPEAG@Z 0000000180002370 f   pe.obj
 0001:00001424       ?ParseVersionInfoVariableA@@YAXPEAUPEData@@PEAXAEAKPEAD@Z 0000000180002424 f   pe.obj
 0001:00001494       ?ParseVersionInfoVariableString@@YAXPEAUPEData@@PEAXAEAKPEAG@Z 0000000180002494 f   pe.obj
 0001:0000165c       ?ParseVersionInfoVariableStringA@@YAXPEAUPEData@@PEAXAEAKPEAD@Z 000000018000265c f   pe.obj
 0001:00001878       ?ParseVersionInfoVariableVar@@YAXPEAUPEData@@PEAXAEAKPEAG@Z 0000000180002878 f   pe.obj
 0001:00001964       ?StringCchVPrintfW@@YAJPEA_W_KPEB_WPEAD@Z 0000000180002964 f i pe.obj
 0001:00001a08       ?ValidateMemory@@YA_NPEAUPEData@@PEBX_K@Z 0000000180002a08 f   pe.obj
 0001:00001a40       __local_stdio_printf_options 0000000180002a40 f i pe.obj
 0001:00001a48       ?HeapDeinitialize@@YAXXZ   0000000180002a48 f   common-kernel64:Memory.obj
 0001:00001aa8       ?HeapInitialize@@YA_NXZ    0000000180002aa8 f   common-kernel64:Memory.obj
 0001:00001ae4       __raise_securityfailure    0000000180002ae4 f   LIBCMT:gs_report.obj
 0001:00001b18       __report_gsfailure         0000000180002b18 f   LIBCMT:gs_report.obj
 0001:00001bec       __report_rangecheckfailure 0000000180002bec f   LIBCMT:gs_report.obj
 0001:00001c00       __report_securityfailure   0000000180002c00 f   LIBCMT:gs_report.obj
 0001:00001d80       __GSHandlerCheck           0000000180002d80 f   LIBCMT:gshandler.obj
 0001:00001da0       __GSHandlerCheckCommon     0000000180002da0 f   LIBCMT:gshandler.obj
 0001:00001e10       __security_check_cookie    0000000180002e10 f   LIBCMT:amdsecgs.obj
 0001:00002154       _DllMainCRTStartup         0000000180003154 f   LIBCMT:dll_dllmain.obj
 0001:00002194       __security_init_cookie     0000000180003194 f   LIBCMT:gs_support.obj
 0001:00002240       DllMain                    0000000180003240 f   LIBCMT:dll_dllmain_stub.obj
 0001:00002240       _get_startup_argv_mode     0000000180003240 f   LIBCMT:argv_mode.obj
 0001:00002248       ?__scrt_initialize_type_info@@YAXXZ 0000000180003248 f   LIBCMT:tncleanup.obj
 0001:00002258       ?__scrt_uninitialize_type_info@@YAXXZ 0000000180003258 f   LIBCMT:tncleanup.obj
 0001:00002264       __local_stdio_scanf_options 0000000180003264 f i LIBCMT:default_local_stdio_options.obj
 0001:0000226c       __scrt_initialize_default_local_stdio_options 000000018000326c f   LIBCMT:default_local_stdio_options.obj
 0001:00002288       __scrt_acquire_startup_lock 0000000180003288 f   LIBCMT:utility.obj
 0001:000022c4       __scrt_dllmain_after_initialize_c 00000001800032c4 f   LIBCMT:utility.obj
 0001:000022f8       __scrt_dllmain_before_initialize_c 00000001800032f8 f   LIBCMT:utility.obj
 0001:00002310       __scrt_dllmain_crt_thread_attach 0000000180003310 f   LIBCMT:utility.obj
 0001:00002338       __scrt_dllmain_crt_thread_detach 0000000180003338 f   LIBCMT:utility.obj
 0001:00002350       __scrt_dllmain_exception_filter 0000000180003350 f   LIBCMT:utility.obj
 0001:000023b0       __scrt_dllmain_uninitialize_c 00000001800033b0 f   LIBCMT:utility.obj
 0001:000023e0       __scrt_dllmain_uninitialize_critical 00000001800033e0 f   LIBCMT:utility.obj
 0001:000023f4       __scrt_initialize_crt      00000001800033f4 f   LIBCMT:utility.obj
 0001:00002440       __scrt_initialize_onexit_tables 0000000180003440 f   LIBCMT:utility.obj
 0001:000024cc       __scrt_is_nonwritable_in_current_image 00000001800034cc f   LIBCMT:utility.obj
 0001:00002564       __scrt_release_startup_lock 0000000180003564 f   LIBCMT:utility.obj
 0001:00002588       __scrt_uninitialize_crt    0000000180003588 f   LIBCMT:utility.obj
 0001:000025b4       __scrt_get_dyn_tls_init_callback 00000001800035b4 f   LIBCMT:dyn_tls_init.obj
 0001:000025bc       __crt_debugger_hook        00000001800035bc f   LIBCMT:utility_desktop.obj
 0001:000025c4       __scrt_fastfail            00000001800035c4 f   LIBCMT:utility_desktop.obj
 0001:00002710       _RTC_Initialize            0000000180003710 f   LIBCMT:initsect.obj
 0001:0000274c       _RTC_Terminate             000000018000374c f   LIBCMT:initsect.obj
 0001:00002788       __isa_available_init       0000000180003788 f   LIBCMT:cpu_disp.obj
 0001:0000292c       __scrt_is_ucrt_dll_in_use  000000018000392c f   LIBCMT:ucrt_detection.obj
 0001:00002940       wcschr                     0000000180003940 f   libvcruntime:wcschr.obj
 0001:000029bc       wcsrchr                    00000001800039bc f   libvcruntime:wcsrchr.obj
 0001:00002a6c       __C_specific_handler       0000000180003a6c f   libvcruntime:riscchandler.obj
 0001:00002c80       __std_type_info_destroy_list 0000000180003c80 f   libvcruntime:std_type_info.obj
 0001:00002cac       __vcrt_initialize          0000000180003cac f   libvcruntime:initialization.obj
 0001:00002cd4       __vcrt_thread_attach       0000000180003cd4 f   libvcruntime:initialization.obj
 0001:00002ce8       __vcrt_thread_detach       0000000180003ce8 f   libvcruntime:initialization.obj
 0001:00002cfc       __vcrt_uninitialize        0000000180003cfc f   libvcruntime:initialization.obj
 0001:00002d18       __vcrt_uninitialize_critical 0000000180003d18 f   libvcruntime:initialization.obj
 0001:00002d28       __DestructExceptionObject  0000000180003d28 f   libvcruntime:ehhelpers.obj
 0001:00002d98       ?_CallMemberFunction0@@YAXQEAX0@Z 0000000180003d98 f i libvcruntime:ehhelpers.obj
 0001:00002db0       memset_repmovs             0000000180003db0 f   libvcruntime:memset.obj
 0001:00002dd0       memset                     0000000180003dd0 f   libvcruntime:memset.obj
 0001:00002f80       _NLG_Notify                0000000180003f80 f   libvcruntime:notify.obj
 0001:00002fa0       __NLG_Dispatch2            0000000180003fa0 f   libvcruntime:notify.obj
 0001:00002fb0       __NLG_Return2              0000000180003fb0 f   libvcruntime:notify.obj
 0001:00002fb4       __except_validate_context_record 0000000180003fb4 f   libvcruntime:jbcxrval.obj
 0001:00002fec       __vcrt_freefls             0000000180003fec f   libvcruntime:per_thread_data.obj
 0001:0000300c       __vcrt_freeptd             000000018000400c f   libvcruntime:per_thread_data.obj
 0001:0000305c       __vcrt_getptd              000000018000405c f   libvcruntime:per_thread_data.obj
 0001:00003078       __vcrt_getptd_noexit       0000000180004078 f   libvcruntime:per_thread_data.obj
 0001:00003138       __vcrt_initialize_ptd      0000000180004138 f   libvcruntime:per_thread_data.obj
 0001:00003180       __vcrt_uninitialize_ptd    0000000180004180 f   libvcruntime:per_thread_data.obj
 0001:000031a4       __vcrt_initialize_locks    00000001800041a4 f   libvcruntime:locks.obj
 0001:000031d8       __vcrt_uninitialize_locks  00000001800041d8 f   libvcruntime:locks.obj
 0001:00003220       memcpy_repmovs             0000000180004220 f   libvcruntime:memcpy.obj
 0001:00003240       memcpy                     0000000180004240 f   libvcruntime:memcpy.obj
 0001:00003240       memmove                    0000000180004240 f   libvcruntime:memcpy.obj
 0001:00003764       __vcrt_FlsAlloc            0000000180004764 f   libvcruntime:winapi_downlevel.obj
 0001:000037ac       __vcrt_FlsFree             00000001800047ac f   libvcruntime:winapi_downlevel.obj
 0001:000037f4       __vcrt_FlsGetValue         00000001800047f4 f   libvcruntime:winapi_downlevel.obj
 0001:0000383c       __vcrt_FlsSetValue         000000018000483c f   libvcruntime:winapi_downlevel.obj
 0001:00003890       __vcrt_InitializeCriticalSectionEx 0000000180004890 f   libvcruntime:winapi_downlevel.obj
 0001:00003910       _CallSettingFrame          0000000180004910 f   libvcruntime:handlers.obj
 0001:00003960       _CallSettingFrame_LookupContinuationIndex 0000000180004960 f   libvcruntime:handlers.obj
 0001:00003990       _CallSettingFrame_NotifyContinuationAddr 0000000180004990 f   libvcruntime:handlers.obj
 0001:000039c0       _CallSettingFrameEncoded   00000001800049c0 f   libvcruntime:handlers.obj
 0001:00003bdc       ??$ensure_buffer_is_big_enough@D@formatting_buffer@__crt_stdio_output@@QEAA_N_K@Z 0000000180004bdc f i libucrt:output.obj
 0001:00003c84       ??$ensure_buffer_is_big_enough@_W@formatting_buffer@__crt_stdio_output@@QEAA_N_K@Z 0000000180004c84 f i libucrt:output.obj
 0001:00003d30       ??$is_wide_character_specifier@_W@__crt_stdio_output@@YA_N_K_WW4length_modifier@0@@Z 0000000180004d30 f i libucrt:output.obj
 0001:00003d70       ??$type_case_integer_parse_into_buffer@I@?$output_processor@_WV?$string_output_adapter@_W@__crt_stdio_output@@V?$standard_base@_WV?$string_output_adapter@_W@__crt_stdio_output@@@2@@__crt_stdio_output@@AEAAXII_N@Z 0000000180004d70 f i libucrt:output.obj
 0001:00003e14       ??$type_case_integer_parse_into_buffer@_K@?$output_processor@_WV?$string_output_adapter@_W@__crt_stdio_output@@V?$standard_base@_WV?$string_output_adapter@_W@__crt_stdio_output@@@2@@__crt_stdio_output@@AEAAX_KI_N@Z 0000000180004e14 f i libucrt:output.obj
 0001:00003eb8       ??$write_multiple_characters@V?$string_output_adapter@_W@__crt_stdio_output@@D@__crt_stdio_output@@YAXAEBV?$string_output_adapter@_W@0@DHQEAH@Z 0000000180004eb8 f i libucrt:output.obj
 0001:00003f30       ??0_LocaleUpdate@@QEAA@QEAU__crt_locale_pointers@@@Z 0000000180004f30 f i libucrt:output.obj
 0001:00003fd0       ?crop_zeroes@__crt_stdio_output@@YAXPEADQEAU__crt_locale_pointers@@@Z 0000000180004fd0 f i libucrt:output.obj
 0001:00004070       ?force_decimal_point@__crt_stdio_output@@YAXPEADQEAU__crt_locale_pointers@@@Z 0000000180005070 f i libucrt:output.obj
 0001:000040e8       ?parse_int_from_format_string@?$output_processor@_WV?$string_output_adapter@_W@__crt_stdio_output@@V?$standard_base@_WV?$string_output_adapter@_W@__crt_stdio_output@@@2@@__crt_stdio_output@@AEAA_NQEAH@Z 00000001800050e8 f i libucrt:output.obj
 0001:0000418c       ?process@?$output_processor@_WV?$string_output_adapter@_W@__crt_stdio_output@@V?$standard_base@_WV?$string_output_adapter@_W@__crt_stdio_output@@@2@@__crt_stdio_output@@QEAAHXZ 000000018000518c f i libucrt:output.obj
 0001:000043f8       ?state_case_size@?$output_processor@_WV?$string_output_adapter@_W@__crt_stdio_output@@V?$standard_base@_WV?$string_output_adapter@_W@__crt_stdio_output@@@2@@__crt_stdio_output@@AEAA_NXZ 00000001800053f8 f i libucrt:output.obj
 0001:0000458c       ?state_case_type@?$output_processor@_WV?$string_output_adapter@_W@__crt_stdio_output@@V?$standard_base@_WV?$string_output_adapter@_W@__crt_stdio_output@@@2@@__crt_stdio_output@@AEAA_NXZ 000000018000558c f i libucrt:output.obj
 0001:00004860       ?to_integer_size@__crt_stdio_output@@YA_KW4length_modifier@1@@Z 0000000180005860 f i libucrt:output.obj
 0001:000048c8       ?type_case_Z@?$output_processor@_WV?$string_output_adapter@_W@__crt_stdio_output@@V?$standard_base@_WV?$string_output_adapter@_W@__crt_stdio_output@@@2@@__crt_stdio_output@@AEAA_NXZ 00000001800058c8 f i libucrt:output.obj
 0001:00004944       ?type_case_a@?$output_processor@_WV?$string_output_adapter@_W@__crt_stdio_output@@V?$standard_base@_WV?$string_output_adapter@_W@__crt_stdio_output@@@2@@__crt_stdio_output@@AEAA_NXZ 0000000180005944 f i libucrt:output.obj
 0001:00004b24       ?type_case_c_tchar@?$output_processor@_WV?$string_output_adapter@_W@__crt_stdio_output@@V?$standard_base@_WV?$string_output_adapter@_W@__crt_stdio_output@@@2@@__crt_stdio_output@@AEAA_N_W@Z 0000000180005b24 f i libucrt:output.obj
 0001:00004bcc       ?type_case_integer@?$output_processor@_WV?$string_output_adapter@_W@__crt_stdio_output@@V?$standard_base@_WV?$string_output_adapter@_W@__crt_stdio_output@@@2@@__crt_stdio_output@@AEAA_NI_N@Z 0000000180005bcc f i libucrt:output.obj
 0001:00004d54       ?type_case_n@?$output_processor@_WV?$string_output_adapter@_W@__crt_stdio_output@@V?$standard_base@_WV?$string_output_adapter@_W@__crt_stdio_output@@@2@@__crt_stdio_output@@AEAA_NXZ 0000000180005d54 f i libucrt:output.obj
 0001:00004ddc       ?type_case_s@?$output_processor@_WV?$string_output_adapter@_W@__crt_stdio_output@@V?$standard_base@_WV?$string_output_adapter@_W@__crt_stdio_output@@@2@@__crt_stdio_output@@AEAA_NXZ 0000000180005ddc f i libucrt:output.obj
 0001:00004ea4       ?write_stored_string_tchar@?$output_processor@_WV?$string_output_adapter@_W@__crt_stdio_output@@V?$standard_base@_WV?$string_output_adapter@_W@__crt_stdio_output@@@2@@__crt_stdio_output@@AEAA_N_W@Z 0000000180005ea4 f i libucrt:output.obj
 0001:00004f8c       ?write_string@?$string_output_adapter@_W@__crt_stdio_output@@QEBAXQEB_WHQEAHAEAV__crt_deferred_errno_cache@@@Z 0000000180005f8c f i libucrt:output.obj
 0001:00005034       __stdio_common_vswprintf   0000000180006034 f   libucrt:output.obj
 0001:0000503c       _initterm                  000000018000603c f   libucrt:initterm.obj
 0001:000050a0       _initterm_e                00000001800060a0 f   libucrt:initterm.obj
 0001:000050e0       _seh_filter_dll            00000001800060e0 f   libucrt:exception_filter.obj
 0001:000050f4       _seh_filter_exe            00000001800060f4 f   libucrt:exception_filter.obj
 0001:000054e4       __acrt_initialize_thread_local_exit_callback 00000001800064e4 f   libucrt:exit.obj
 0001:000054ec       _cexit                     00000001800064ec f   libucrt:exit.obj
 0001:000054fc       _exit                      00000001800064fc f   libucrt:exit.obj
 0001:00005508       _is_c_termination_complete 0000000180006508 f   libucrt:exit.obj
 0001:000056d0       __acrt_allocate_buffer_for_argv 00000001800066d0 f   libucrt:argv_parsing.obj
 0001:00005730       _configure_narrow_argv     0000000180006730 f   libucrt:argv_parsing.obj
 0001:00005aa8       __dcrt_uninitialize_environments_nolock 0000000180006aa8 f   libucrt:environment_initialization.obj
 0001:00005ae0       _initialize_narrow_environment 0000000180006ae0 f   libucrt:environment_initialization.obj
 0001:00005c3c       _execute_onexit_table      0000000180006c3c f   libucrt:onexit.obj
 0001:00005c78       _initialize_onexit_table   0000000180006c78 f   libucrt:onexit.obj
 0001:00005cd8       __acrt_uninitialize_command_line 0000000180006cd8 f   libucrt:argv_data.obj
 0001:00005dd0       __acrt_initialize          0000000180006dd0 f   libucrt:initialization.obj
 0001:00005de4       __acrt_thread_attach       0000000180006de4 f   libucrt:initialization.obj
 0001:00005df8       __acrt_thread_detach       0000000180006df8 f   libucrt:initialization.obj
 0001:00005e08       __acrt_uninitialize        0000000180006e08 f   libucrt:initialization.obj
 0001:00005e40       __acrt_uninitialize_critical 0000000180006e40 f   libucrt:initialization.obj
 0001:00005e50       terminate                  0000000180006e50 f   libucrt:terminate.obj
 0001:00005e70       free                       0000000180006e70 f   libucrt:free.obj
 0001:00005e84       strcpy_s                   0000000180006e84 f   libucrt:strcpy_s.obj
 0001:00005ee4       abort                      0000000180006ee4 f   libucrt:abort.obj
 0001:00005f3c       ??$parse_integer@KV?$c_string_character_source@_W@__crt_strtox@@@__crt_strtox@@YAKQEAU__crt_locale_pointers@@V?$c_string_character_source@_W@0@H_N@Z 0000000180006f3c f i libucrt:atox.obj
 0001:00006600       strncmp                    0000000180007600 f   libucrt:strncmp.obj
 0001:00006680       calloc                     0000000180007680 f   libucrt:calloc.obj
 0001:00006688       wcsncmp                    0000000180007688 f   libucrt:wcsncmp.obj
 0001:000066b4       __acrt_call_reportfault    00000001800076b4 f   libucrt:invalid_parameter.obj
 0001:00006810       __acrt_initialize_invalid_parameter_handler 0000000180007810 f   libucrt:invalid_parameter.obj
 0001:00006818       _invalid_parameter         0000000180007818 f   libucrt:invalid_parameter.obj
 0001:000068c8       _invalid_parameter_noinfo  00000001800078c8 f   libucrt:invalid_parameter.obj
 0001:000068e8       _invoke_watson             00000001800078e8 f   libucrt:invalid_parameter.obj
 0001:00006930       __acrt_errno_from_os_error 0000000180007930 f   libucrt:errno.obj
 0001:00006978       __acrt_errno_map_os_error  0000000180007978 f   libucrt:errno.obj
 0001:000069c8       __doserrno                 00000001800079c8 f   libucrt:errno.obj
 0001:000069e8       _errno                     00000001800079e8 f   libucrt:errno.obj
 0001:00006a08       _free_base                 0000000180007a08 f   libucrt:free_base.obj
 0001:00006a48       _malloc_base               0000000180007a48 f   libucrt:malloc_base.obj
 0001:00006aa8       wcstol                     0000000180007aa8 f   libucrt:strtox.obj
 0001:00006ad4       _mbtowc_l                  0000000180007ad4 f   libucrt:mbtowc.obj
 0001:00006c54       mbtowc                     0000000180007c54 f   libucrt:mbtowc.obj
 0001:00006c5c       wcsnlen                    0000000180007c5c f   libucrt:strnlen.obj
 0001:000071ac       __acrt_freeptd             00000001800081ac f   libucrt:per_thread_data.obj
 0001:000071f0       __acrt_getptd              00000001800081f0 f   libucrt:per_thread_data.obj
 0001:000072c4       __acrt_getptd_head         00000001800082c4 f   libucrt:per_thread_data.obj
 0001:0000736c       __acrt_getptd_noexit       000000018000836c f   libucrt:per_thread_data.obj
 0001:00007438       __acrt_initialize_ptd      0000000180008438 f   libucrt:per_thread_data.obj
 0001:00007474       __acrt_uninitialize_ptd    0000000180008474 f   libucrt:per_thread_data.obj
 0001:00007498       __acrt_update_locale_info  0000000180008498 f   libucrt:locale_update.obj
 0001:000074cc       __acrt_update_multibyte_info 00000001800084cc f   libucrt:locale_update.obj
 0001:00007f0c       __acrt_fp_format           0000000180008f0c f   libucrt:cvt.obj
 0001:00008244       _fileno                    0000000180009244 f   libucrt:fileno.obj
 0001:0000826c       __acrt_initialize_stdio    000000018000926c f   libucrt:_file.obj
 0001:0000838c       __acrt_uninitialize_stdio  000000018000938c f   libucrt:_file.obj
 0001:000083e8       _lock_file                 00000001800093e8 f   libucrt:_file.obj
 0001:000083f4       _unlock_file               00000001800093f4 f   libucrt:_file.obj
 0001:00008400       _get_printf_count_output   0000000180009400 f   libucrt:printf_count_output.obj
 0001:00008488       __acrt_set_locale_changed  0000000180009488 f   libucrt:wsetlocale.obj
 0001:00008494       __acrt_uninitialize_locale 0000000180009494 f   libucrt:wsetlocale.obj
 0001:000086c0       __acrt_initialize_lowio    00000001800096c0 f   libucrt:ioinit.obj
 0001:000086fc       __acrt_uninitialize_lowio  00000001800096fc f   libucrt:ioinit.obj
 0001:0000873c       __acrt_initialize_locks    000000018000973c f   libucrt:locks.obj
 0001:00008784       __acrt_lock                0000000180009784 f   libucrt:locks.obj
 0001:000087a0       __acrt_uninitialize_locks  00000001800097a0 f   libucrt:locks.obj
 0001:000087d8       __acrt_unlock              00000001800097d8 f   libucrt:locks.obj
 0001:000087f4       __acrt_get_process_end_policy 00000001800097f4 f   libucrt:win_policies.obj
 0001:00008830       _calloc_base               0000000180009830 f   libucrt:calloc_base.obj
 0001:000088bc       ??$__acrt_mbs_to_wcs_cp@U__crt_win32_buffer_internal_dynamic_resizing@@@@YAHQEBDAEAV?$__crt_win32_buffer@_WU__crt_win32_buffer_internal_dynamic_resizing@@@@I@Z 00000001800098bc f i libucrt:argv_wildcards.obj
 0001:00008a34       ??$__acrt_wcs_to_mbs_cp@U__crt_win32_buffer_internal_dynamic_resizing@@@@YAHQEB_WAEAV?$__crt_win32_buffer@DU__crt_win32_buffer_internal_dynamic_resizing@@@@I@Z 0000000180009a34 f i libucrt:argv_wildcards.obj
 0001:00009264       __acrt_expand_narrow_argv_wildcards 000000018000a264 f   libucrt:argv_wildcards.obj
 0001:0000926c       ??$__acrt_wcs_to_mbs_cp@U__crt_win32_buffer_no_resizing@@@@YAHQEB_WAEAV?$__crt_win32_buffer@DU__crt_win32_buffer_no_resizing@@@@I@Z 000000018000a26c f i libucrt:getmodulefilenamea.obj
 0001:00009380       __acrt_GetModuleFileNameA  000000018000a380 f   libucrt:getmodulefilenamea.obj
 0001:00009bc8       __acrt_initialize_multibyte 000000018000abc8 f   libucrt:mbctype.obj
 0001:00009c28       __acrt_update_thread_multibyte_data 000000018000ac28 f   libucrt:mbctype.obj
 0001:00009c44       _setmbcp_nolock            000000018000ac44 f   libucrt:mbctype.obj
 0001:00009f78       _ismbblead                 000000018000af78 f   libucrt:ismbbyte.obj
 0001:00009f8c       __acrt_initialize_command_line 000000018000af8c f   libucrt:argv_data.obj
 0001:00009fb4       __acrt_MultiByteToWideChar 000000018000afb4 f   libucrt:multibytetowidechar.obj
 0001:0000a010       __acrt_WideCharToMultiByte 000000018000b010 f   libucrt:widechartomultibyte.obj
 0001:0000a0c0       __dcrt_get_narrow_environment_from_os 000000018000b0c0 f   libucrt:get_environment_from_os.obj
 0001:0000a1c4       _recalloc_base             000000018000b1c4 f   libucrt:recalloc.obj
 0001:0000a434       __acrt_AppPolicyGetProcessTerminationMethodInternal 000000018000b434 f   libucrt:winapi_thunks.obj
 0001:0000a484       __acrt_AreFileApisANSI     000000018000b484 f   libucrt:winapi_thunks.obj
 0001:0000a4c0       __acrt_FlsAlloc            000000018000b4c0 f   libucrt:winapi_thunks.obj
 0001:0000a508       __acrt_FlsFree             000000018000b508 f   libucrt:winapi_thunks.obj
 0001:0000a550       __acrt_FlsGetValue         000000018000b550 f   libucrt:winapi_thunks.obj
 0001:0000a598       __acrt_FlsSetValue         000000018000b598 f   libucrt:winapi_thunks.obj
 0001:0000a5ec       __acrt_InitializeCriticalSectionEx 000000018000b5ec f   libucrt:winapi_thunks.obj
 0001:0000a650       __acrt_LCMapStringEx       000000018000b650 f   libucrt:winapi_thunks.obj
 0001:0000a72c       __acrt_LocaleNameToLCID    000000018000b72c f   libucrt:winapi_thunks.obj
 0001:0000a77c       __acrt_initialize_winapi_thunks 000000018000b77c f   libucrt:winapi_thunks.obj
 0001:0000a7b0       __acrt_uninitialize_winapi_thunks 000000018000b7b0 f   libucrt:winapi_thunks.obj
 0001:0000a7f4       __acrt_initialize_heap     000000018000b7f4 f   libucrt:heap_handle.obj
 0001:0000a810       __acrt_uninitialize_heap   000000018000b810 f   libucrt:heap_handle.obj
 0001:0000a81c       __acrt_execute_initializers 000000018000b81c f   libucrt:shared_initialization.obj
 0001:0000a89c       __acrt_execute_uninitializers 000000018000b89c f   libucrt:shared_initialization.obj
 0001:0000a8d8       __acrt_initialize_new_handler 000000018000b8d8 f   libucrt:new_handler.obj
 0001:0000a8e0       _callnewh                  000000018000b8e0 f   libucrt:new_handler.obj
 0001:0000a910       _query_new_handler         000000018000b910 f   libucrt:new_handler.obj
 0001:0000a98c       __acrt_get_sigabrt_handler 000000018000b98c f   libucrt:signal.obj
 0001:0000a9bc       __acrt_initialize_signal_handlers 000000018000b9bc f   libucrt:signal.obj
 0001:0000a9dc       raise                      000000018000b9dc f   libucrt:signal.obj
 0001:0000ac48       __acrt_has_user_matherr    000000018000bc48 f   libucrt:matherr.obj
 0001:0000ac68       __acrt_initialize_user_matherr 000000018000bc68 f   libucrt:matherr.obj
 0001:0000ac70       __acrt_invoke_user_matherr 000000018000bc70 f   libucrt:matherr.obj
 0001:0000ae7c       __acrt_stdio_flush_nolock  000000018000be7c f   libucrt:fflush.obj
 0001:0000aef8       _fflush_nolock             000000018000bef8 f   libucrt:fflush.obj
 0001:0000af44       _flushall                  000000018000bf44 f   libucrt:fflush.obj
 0001:0000af4c       __pctype_func              000000018000bf4c f   libucrt:ctype.obj
 0001:0000af7c       iswctype                   000000018000bf7c f   libucrt:iswctype.obj
 0001:0000afe8       _query_new_mode            000000018000bfe8 f   libucrt:new_mode.obj
 0001:0000aff0       _isleadbyte_l              000000018000bff0 f i libucrt:_wctype.obj
 0001:0000b03c       ?__mbrtowc_utf8@__crt_mbstring@@YA_KPEA_WPEBD_KPEAU_Mbstatet@@@Z 000000018000c03c f   libucrt:mbrtowc.obj
 0001:0000b078       ?__mbsrtowcs_utf8@__crt_mbstring@@YA_KPEA_WPEAPEBD_KPEAU_Mbstatet@@@Z 000000018000c078 f   libucrt:mbrtowc.obj
 0001:0000b1f0       __acrt_add_locale_ref      000000018000c1f0 f   libucrt:locale_refcounting.obj
 0001:0000b27c       __acrt_free_locale         000000018000c27c f   libucrt:locale_refcounting.obj
 0001:0000b3f4       __acrt_locale_add_lc_time_reference 000000018000c3f4 f   libucrt:locale_refcounting.obj
 0001:0000b41c       __acrt_locale_free_lc_time_if_unreferenced 000000018000c41c f   libucrt:locale_refcounting.obj
 0001:0000b454       __acrt_locale_release_lc_time_reference 000000018000c454 f   libucrt:locale_refcounting.obj
 0001:0000b47c       __acrt_release_locale_ref  000000018000c47c f   libucrt:locale_refcounting.obj
 0001:0000b524       __acrt_update_thread_locale_data 000000018000c524 f   libucrt:locale_refcounting.obj
 0001:0000b594       _updatetlocinfoEx_nolock   000000018000c594 f   libucrt:locale_refcounting.obj
 0001:0000b5fc       __acrt_fp_strflt_to_string 000000018000c5fc f   libucrt:_fptostr.obj
 0001:0000b760       ?divide@__crt_strtox@@YA_KAEAUbig_integer@1@AEBU21@@Z 000000018000c760 f i libucrt:cfout.obj
 0001:0000bb8c       __acrt_fltout              000000018000cb8c f   libucrt:cfout.obj
 0001:0000ce58       fegetround                 000000018000de58 f   libucrt:fegetround.obj
 0001:0000ce6c       _fcloseall                 000000018000de6c f   libucrt:closeall.obj
 0001:0000cf20       __acrt_stdio_free_buffer_nolock 000000018000df20 f   libucrt:_freebuf.obj
 0001:0000cf60       _isatty                    000000018000df60 f   libucrt:isatty.obj
 0001:0000cfc0       __acrt_locale_free_monetary 000000018000dfc0 f   libucrt:initmon.obj
 0001:0000d0cc       __acrt_locale_free_numeric 000000018000e0cc f   libucrt:initnum.obj
 0001:0000d190       __acrt_locale_free_time    000000018000e190 f   libucrt:inittime.obj
 0001:0000d298       __acrt_GetStringTypeA      000000018000e298 f   libucrt:getstringtypea.obj
 0001:0000d428       __acrt_lowio_create_handle_array 000000018000e428 f   libucrt:osfinfo.obj
 0001:0000d4d0       __acrt_lowio_destroy_handle_array 000000018000e4d0 f   libucrt:osfinfo.obj
 0001:0000d520       __acrt_lowio_ensure_fh_exists 000000018000e520 f   libucrt:osfinfo.obj
 0001:0000d5c8       __acrt_lowio_lock_fh       000000018000e5c8 f   libucrt:osfinfo.obj
 0001:0000d5f0       __acrt_lowio_unlock_fh     000000018000e5f0 f   libucrt:osfinfo.obj
 0001:0000d618       _free_osfhnd               000000018000e618 f   libucrt:osfinfo.obj
 0001:0000d6d4       _get_osfhandle             000000018000e6d4 f   libucrt:osfinfo.obj
 0001:0000d750       qsort                      000000018000e750 f   libucrt:qsort.obj
 0001:0000daf0       strncpy_s                  000000018000eaf0 f   libucrt:strncpy_s.obj
 0001:0000dc70       strpbrk                    000000018000ec70 f   libucrt:strpbrk.obj
 0001:0000e038       _mbsdec                    000000018000f038 f   libucrt:mbsdec.obj
 0001:0000e040       _mbsdec_l                  000000018000f040 f   libucrt:mbsdec.obj
 0001:0000e3ec       __acrt_LCMapStringA        000000018000f3ec f   libucrt:lcmapstringa.obj
 0001:0000e49c       _msize_base                000000018000f49c f   libucrt:msize.obj
 0001:0000e4d8       _realloc_base              000000018000f4d8 f   libucrt:realloc_base.obj
 0001:0000e554       __acrt_DownlevelLocaleNameToLCID 000000018000f554 f   libucrt:lcidtoname_downlevel.obj
 0001:0000e690       _commit                    000000018000f690 f   libucrt:commit.obj
 0001:0000efa0       _write                     000000018000ffa0 f   libucrt:write.obj
 0001:0000f08c       _write_nolock              000000018001008c f   libucrt:write.obj
 0001:0000f370       __acrt_GetStringTypeW      0000000180010370 f   libucrt:getstringtypew.obj
 0001:0000f378       ?__mbrtoc32_utf8@__crt_mbstring@@YA_KPEA_UPEBD_KPEAU_Mbstatet@@@Z 0000000180010378 f   libucrt:mbrtoc32.obj
 0001:0000f550       _controlfp_s               0000000180010550 f   libucrt:contrlfp.obj
 0001:0000f5b4       fegetenv                   00000001800105b4 f   libucrt:fegetenv.obj
 0001:0000f5d4       fesetenv                   00000001800105d4 f   libucrt:fesetenv.obj
 0001:0000f620       feholdexcept               0000000180010620 f   libucrt:feholdexcept.obj
 0001:0000f670       ceil                       0000000180010670 f   libucrt:ceil.obj
 0001:0000f740       log10                      0000000180010740 f   libucrt:log10.obj
 0001:0000fcec       __acrt_fenv_get_common_round_control 0000000180010cec f   libucrt:_fenvutils.obj
 0001:0000fcf8       __acrt_fenv_get_control    0000000180010cf8 f   libucrt:_fenvutils.obj
 0001:0000fdec       __acrt_fenv_get_status     0000000180010dec f   libucrt:_fenvutils.obj
 0001:0000fe40       __acrt_fenv_set_control    0000000180010e40 f   libucrt:_fenvutils.obj
 0001:0000ff88       __acrt_fenv_set_status     0000000180010f88 f   libucrt:_fenvutils.obj
 0001:000100a8       _lseeki64_nolock           00000001800110a8 f   libucrt:lseek.obj
 0001:000100b0       _fclose_nolock             00000001800110b0 f   libucrt:fclose.obj
 0001:00010134       fclose                     0000000180011134 f   libucrt:fclose.obj
 0001:00010198       __ascii_wcsnicmp           0000000180011198 f   libucrt:wcsnicmp.obj
 0001:000101e4       _query_app_type            00000001800111e4 f   libucrt:report_runtime_error.obj
 0001:000101ec       __strncnt                  00000001800111ec f   libucrt:strncnt.obj
 0001:00010204       _putwch_nolock             0000000180011204 f   libucrt:putwch.obj
 0001:00010240       _clearfp                   0000000180011240 f   libucrt:ieee.obj
 0001:000102b0       _control87                 00000001800112b0 f   libucrt:ieee.obj
 0001:0001069c       _handle_error              000000018001169c f   libucrt:libm_error.obj
 0001:000107c4       _handle_nan                00000001800117c4 f   libucrt:libm_error.obj
 0001:000107e0       __acrt_initialize_fma3     00000001800117e0 f   libucrt:fma3_available.obj
 0001:00010850       _log10_special             0000000180011850 f   libucrt:log_special.obj
 0001:0001097c       _close                     000000018001197c f   libucrt:close.obj
 0001:00010a20       _close_nolock              0000000180011a20 f   libucrt:close.obj
 0001:00010ae0       ?__acrt_stdio_free_stream@@YAXV__crt_stdio_stream@@@Z 0000000180011ae0 f   libucrt:stream.obj
 0001:00010afc       __dcrt_lowio_ensure_console_output_initialized 0000000180011afc f   libucrt:initcon.obj
 0001:00010b50       __dcrt_terminate_console_output 0000000180011b50 f   libucrt:initcon.obj
 0001:00010b6c       __dcrt_write_console       0000000180011b6c f   libucrt:initcon.obj
 0001:00010c40       _get_fpsr                  0000000180011c40 f   libucrt:fpsr.obj
 0001:00010c50       _set_fpsr                  0000000180011c50 f   libucrt:fpsr.obj
 0001:00010c5a       _fclrf                     0000000180011c5a f   libucrt:fpsr.obj
 0001:00010c6e       _frnd                      0000000180011c6e f   libucrt:fpsr.obj
 0001:00010c90       _raise_exc                 0000000180011c90 f   libucrt:fpexcept.obj
 0001:00010cb8       _raise_exc_ex              0000000180011cb8 f   libucrt:fpexcept.obj
 0001:00010fc8       _set_errno_from_matherr    0000000180011fc8 f   libucrt:fpexcept.obj
 0001:00010ff8       _clrfp                     0000000180011ff8 f   libucrt:fpctrl.obj
 0001:00011018       _ctrlfp                    0000000180012018 f   libucrt:fpctrl.obj
 0001:00011094       _set_statfp                0000000180012094 f   libucrt:fpctrl.obj
 0001:000110b4       _statfp                    00000001800120b4 f   libucrt:fpctrl.obj
 0001:000110c5       IsProcessorFeaturePresent  00000001800120c5 f   kernel32:KERNEL32.dll
 0001:000110d0       _FindPESection             00000001800120d0 f   LIBCMT:pesect.obj
 0001:00011120       _IsNonwritableInCurrentImage 0000000180012120 f   LIBCMT:pesect.obj
 0001:00011170       _ValidateImageBase         0000000180012170 f   LIBCMT:pesect.obj
 0001:000111b0       __chkstk                   00000001800121b0 f   LIBCMT:chkstk.obj
 0001:000111b0       _alloca_probe              00000001800121b0 f   LIBCMT:chkstk.obj
 0001:00011204       strrchr                    0000000180012204 f   libvcruntime:strrchr.obj
 0001:00011350       memcmp                     0000000180012350 f   libvcruntime:memcmp.obj
 0001:00011430       _guard_dispatch_icall_nop  0000000180012430 f   LIBCMT:guard_dispatch.obj
 0001:00011450       _guard_xfg_dispatch_icall_nop 0000000180012450 f   LIBCMT:guard_xfg_dispatch.obj
 0002:00000000       __imp_HeapAlloc            0000000180013000     kernel32:KERNEL32.dll
 0002:00000008       __imp_HeapFree             0000000180013008     kernel32:KERNEL32.dll
 0002:00000010       __imp_GetProcessHeap       0000000180013010     kernel32:KERNEL32.dll
 0002:00000018       __imp_lstrcmpA             0000000180013018     kernel32:KERNEL32.dll
 0002:00000020       __imp_lstrcmpW             0000000180013020     kernel32:KERNEL32.dll
 0002:00000028       __imp_lstrcmpiA            0000000180013028     kernel32:KERNEL32.dll
 0002:00000030       __imp_lstrcmpiW            0000000180013030     kernel32:KERNEL32.dll
 0002:00000038       __imp_lstrcpynW            0000000180013038     kernel32:KERNEL32.dll
 0002:00000040       __imp_lstrcpyW             0000000180013040     kernel32:KERNEL32.dll
 0002:00000048       __imp_lstrcatW             0000000180013048     kernel32:KERNEL32.dll
 0002:00000050       __imp_lstrlenW             0000000180013050     kernel32:KERNEL32.dll
 0002:00000058       __imp_MultiByteToWideChar  0000000180013058     kernel32:KERNEL32.dll
 0002:00000060       __imp_WriteConsoleW        0000000180013060     kernel32:KERNEL32.dll
 0002:00000068       __imp_CreateFileW          0000000180013068     kernel32:KERNEL32.dll
 0002:00000070       __imp_HeapCreate           0000000180013070     kernel32:KERNEL32.dll
 0002:00000078       __imp_HeapDestroy          0000000180013078     kernel32:KERNEL32.dll
 0002:00000080       __imp_HeapReAlloc          0000000180013080     kernel32:KERNEL32.dll
 0002:00000088       __imp_RtlCaptureContext    0000000180013088     kernel32:KERNEL32.dll
 0002:00000090       __imp_RtlLookupFunctionEntry 0000000180013090     kernel32:KERNEL32.dll
 0002:00000098       __imp_RtlVirtualUnwind     0000000180013098     kernel32:KERNEL32.dll
 0002:000000a0       __imp_UnhandledExceptionFilter 00000001800130a0     kernel32:KERNEL32.dll
 0002:000000a8       __imp_SetUnhandledExceptionFilter 00000001800130a8     kernel32:KERNEL32.dll
 0002:000000b0       __imp_GetCurrentProcess    00000001800130b0     kernel32:KERNEL32.dll
 0002:000000b8       __imp_TerminateProcess     00000001800130b8     kernel32:KERNEL32.dll
 0002:000000c0       __imp_IsProcessorFeaturePresent 00000001800130c0     kernel32:KERNEL32.dll
 0002:000000c8       __imp_QueryPerformanceCounter 00000001800130c8     kernel32:KERNEL32.dll
 0002:000000d0       __imp_GetCurrentProcessId  00000001800130d0     kernel32:KERNEL32.dll
 0002:000000d8       __imp_GetCurrentThreadId   00000001800130d8     kernel32:KERNEL32.dll
 0002:000000e0       __imp_GetSystemTimeAsFileTime 00000001800130e0     kernel32:KERNEL32.dll
 0002:000000e8       __imp_InitializeSListHead  00000001800130e8     kernel32:KERNEL32.dll
 0002:000000f0       __imp_IsDebuggerPresent    00000001800130f0     kernel32:KERNEL32.dll
 0002:000000f8       __imp_GetStartupInfoW      00000001800130f8     kernel32:KERNEL32.dll
 0002:00000100       __imp_GetModuleHandleW     0000000180013100     kernel32:KERNEL32.dll
 0002:00000108       __imp_RtlUnwindEx          0000000180013108     kernel32:KERNEL32.dll
 0002:00000110       __imp_InterlockedFlushSList 0000000180013110     kernel32:KERNEL32.dll
 0002:00000118       __imp_GetLastError         0000000180013118     kernel32:KERNEL32.dll
 0002:00000120       __imp_SetLastError         0000000180013120     kernel32:KERNEL32.dll
 0002:00000128       __imp_EnterCriticalSection 0000000180013128     kernel32:KERNEL32.dll
 0002:00000130       __imp_LeaveCriticalSection 0000000180013130     kernel32:KERNEL32.dll
 0002:00000138       __imp_DeleteCriticalSection 0000000180013138     kernel32:KERNEL32.dll
 0002:00000140       __imp_InitializeCriticalSectionAndSpinCount 0000000180013140     kernel32:KERNEL32.dll
 0002:00000148       __imp_TlsAlloc             0000000180013148     kernel32:KERNEL32.dll
 0002:00000150       __imp_TlsGetValue          0000000180013150     kernel32:KERNEL32.dll
 0002:00000158       __imp_TlsSetValue          0000000180013158     kernel32:KERNEL32.dll
 0002:00000160       __imp_TlsFree              0000000180013160     kernel32:KERNEL32.dll
 0002:00000168       __imp_FreeLibrary          0000000180013168     kernel32:KERNEL32.dll
 0002:00000170       __imp_GetProcAddress       0000000180013170     kernel32:KERNEL32.dll
 0002:00000178       __imp_LoadLibraryExW       0000000180013178     kernel32:KERNEL32.dll
 0002:00000180       __imp_RaiseException       0000000180013180     kernel32:KERNEL32.dll
 0002:00000188       __imp_ExitProcess          0000000180013188     kernel32:KERNEL32.dll
 0002:00000190       __imp_GetModuleHandleExW   0000000180013190     kernel32:KERNEL32.dll
 0002:00000198       __imp_GetModuleFileNameW   0000000180013198     kernel32:KERNEL32.dll
 0002:000001a0       __imp_GetStdHandle         00000001800131a0     kernel32:KERNEL32.dll
 0002:000001a8       __imp_GetFileType          00000001800131a8     kernel32:KERNEL32.dll
 0002:000001b0       __imp_FindClose            00000001800131b0     kernel32:KERNEL32.dll
 0002:000001b8       __imp_FindFirstFileExW     00000001800131b8     kernel32:KERNEL32.dll
 0002:000001c0       __imp_FindNextFileW        00000001800131c0     kernel32:KERNEL32.dll
 0002:000001c8       __imp_IsValidCodePage      00000001800131c8     kernel32:KERNEL32.dll
 0002:000001d0       __imp_GetACP               00000001800131d0     kernel32:KERNEL32.dll
 0002:000001d8       __imp_GetOEMCP             00000001800131d8     kernel32:KERNEL32.dll
 0002:000001e0       __imp_GetCPInfo            00000001800131e0     kernel32:KERNEL32.dll
 0002:000001e8       __imp_GetCommandLineA      00000001800131e8     kernel32:KERNEL32.dll
 0002:000001f0       __imp_GetCommandLineW      00000001800131f0     kernel32:KERNEL32.dll
 0002:000001f8       __imp_WideCharToMultiByte  00000001800131f8     kernel32:KERNEL32.dll
 0002:00000200       __imp_GetEnvironmentStringsW 0000000180013200     kernel32:KERNEL32.dll
 0002:00000208       __imp_FreeEnvironmentStringsW 0000000180013208     kernel32:KERNEL32.dll
 0002:00000210       __imp_LCMapStringW         0000000180013210     kernel32:KERNEL32.dll
 0002:00000218       __imp_SetFilePointerEx     0000000180013218     kernel32:KERNEL32.dll
 0002:00000220       __imp_GetStringTypeW       0000000180013220     kernel32:KERNEL32.dll
 0002:00000228       __imp_SetStdHandle         0000000180013228     kernel32:KERNEL32.dll
 0002:00000230       __imp_HeapSize             0000000180013230     kernel32:KERNEL32.dll
 0002:00000238       __imp_FlushFileBuffers     0000000180013238     kernel32:KERNEL32.dll
 0002:00000240       __imp_WriteFile            0000000180013240     kernel32:KERNEL32.dll
 0002:00000248       __imp_GetConsoleOutputCP   0000000180013248     kernel32:KERNEL32.dll
 0002:00000250       __imp_GetConsoleMode       0000000180013250     kernel32:KERNEL32.dll
 0002:00000258       __imp_CloseHandle          0000000180013258     kernel32:KERNEL32.dll
 0002:00000260       \177KERNEL32_NULL_THUNK_DATA 0000000180013260     kernel32:KERNEL32.dll
 0002:00000268       __imp_wsprintfW            0000000180013268     user32:USER32.dll
 0002:00000270       \177USER32_NULL_THUNK_DATA 0000000180013270     user32:USER32.dll
 0002:00000278       __guard_check_icall_fptr   0000000180013278     LIBCMT:guard_support.obj
 0002:00000280       __guard_xfg_check_icall_fptr 0000000180013280     LIBCMT:guard_support.obj
 0002:00000288       __guard_dispatch_icall_fptr 0000000180013288     LIBCMT:guard_support.obj
 0002:00000290       __guard_xfg_dispatch_icall_fptr 0000000180013290     LIBCMT:guard_support.obj
 0002:00000298       __guard_xfg_table_dispatch_icall_fptr 0000000180013298     LIBCMT:guard_support.obj
 0002:000002a0       __xc_a                     00000001800132a0     LIBCMT:initializers.obj
 0002:000002a8       __xc_z                     00000001800132a8     LIBCMT:initializers.obj
 0002:000002b0       __xi_a                     00000001800132b0     LIBCMT:initializers.obj
 0002:000002b8       __acrt_stdio_initializer   00000001800132b8     libucrt:stdio_initializer.obj
 0002:000002c0       __acrt_multibyte_initializer 00000001800132c0     libucrt:multibyte_initializer.obj
 0002:000002c8       __acrt_tran_fma3_initializer 00000001800132c8     libucrt:fma3_initializer.obj
 0002:000002d0       __xi_z                     00000001800132d0     LIBCMT:initializers.obj
 0002:000002d8       __xp_a                     00000001800132d8     LIBCMT:initializers.obj
 0002:000002e0       __acrt_locale_terminator   00000001800132e0     libucrt:locale_initializer.obj
 0002:000002e8       __dcrt_console_output_terminator 00000001800132e8     libucrt:console_output_initializer.obj
 0002:000002f0       __acrt_stdio_terminator    00000001800132f0     libucrt:stdio_initializer.obj
 0002:000002f8       __xp_z                     00000001800132f8     LIBCMT:initializers.obj
 0002:00000300       __xt_a                     0000000180013300     LIBCMT:initializers.obj
 0002:00000308       __xt_z                     0000000180013308     LIBCMT:initializers.obj
 0002:00000310       ??_C@_1BI@KONPHAJJ@?$AA?$CF?$AAi?$AA?4?$AA?$CF?$AAi?$AA?4?$AA?$CF?$AAi?$AA?4?$AA?$CF?$AAi@ 0000000180013310     pe.obj
 0002:00000328       ??_C@_1BC@JDEOJIFO@?$AA?$CF?$AAi?$AA?4?$AA?$CF?$AAi?$AA?4?$AA?$CF?$AAi@ 0000000180013328     pe.obj
 0002:00000340       ??_C@_1M@NEPJOGKK@?$AA?$CF?$AAi?$AA?4?$AA?$CF?$AAi@ 0000000180013340     pe.obj
 0002:00000350       ??_C@_1BO@IJOOPNFP@?$AA?$CF?$AAi?$AA?0?$AA?5?$AA?$CF?$AAi?$AA?0?$AA?5?$AA?$CF?$AAi?$AA?0?$AA?5?$AA?$CF?$AAi@ 0000000180013350     pe.obj
 0002:00000370       ??_C@_13DIBMAFH@?$AA?$CJ@  0000000180013370     pe.obj
 0002:00000378       ??_C@_1BI@HCCAONKE@?$AAF?$AAi?$AAl?$AAe?$AAV?$AAe?$AAr?$AAs?$AAi?$AAo?$AAn@ 0000000180013378     pe.obj
 0002:00000390       ??_C@_1BO@OKEPMKJE@?$AAP?$AAr?$AAo?$AAd?$AAu?$AAc?$AAt?$AAV?$AAe?$AAr?$AAs?$AAi?$AAo?$AAn@ 0000000180013390     pe.obj
 0002:000003b0       ??_C@_0M@OBEGHOED@FileVersion@ 00000001800133b0     pe.obj
 0002:000003c0       ??_C@_0P@PLANDJKO@ProductVersion@ 00000001800133c0     pe.obj
 0002:000003d0       ??_C@_1BO@PBBNDBNF@?$AAS?$AAt?$AAr?$AAi?$AAn?$AAg?$AAF?$AAi?$AAl?$AAe?$AAI?$AAn?$AAf?$AAo@ 00000001800133d0     pe.obj
 0002:000003f0       ??_C@_1BI@LJHFMFCG@?$AAV?$AAa?$AAr?$AAF?$AAi?$AAl?$AAe?$AAI?$AAn?$AAf?$AAo@ 00000001800133f0     pe.obj
 0002:00000408       ??_C@_0P@EMOHHAPL@StringFileInfo@ 0000000180013408     pe.obj
 0002:00000418       ??_C@_17OGKGJAOJ@?$AA6?$AA4?$AA?5@ 0000000180013418     pe.obj
 0002:00000420       ??_C@_17KBKLDIPL@?$AA1?$AA6?$AA?5@ 0000000180013420     pe.obj
 0002:00000428       ??_C@_17HIBPHNJA@?$AA3?$AA2?$AA?5@ 0000000180013428     pe.obj
 0002:00000430       ??_C@_17HHLBFPBE@?$AAF?$AAa?$AAr@ 0000000180013430     pe.obj
 0002:00000438       ??_C@_13FLOCNAAB@?$AA?$CG@ 0000000180013438     pe.obj
 0002:0000043c       ??_C@_13JGCMLPCH@?$AA1@    000000018001343c     pe.obj
 0002:00000440       ??_C@_13IEJJBAMJ@?$AA2@    0000000180013440     pe.obj
 0002:00000444       ??_C@_13DMCFHHKM@?$AA3@    0000000180013444     pe.obj
 0002:00000448       ??_C@_13HOIJIPNN@?$AA?5@   0000000180013448     pe.obj
 0002:00000450       ??_C@_19KIFLGLIH@?$AAU?$AAp?$AAx?$AA?5@ 0000000180013450     pe.obj
 0002:00000460       ??_C@_1M@FNNDEIFD@?$AA?4?$AAN?$AAe?$AAt?$AA?5@ 0000000180013460     pe.obj
 0002:0000046c       ??_C@_15FFJNNDMJ@?$AA?5?$AA?$FL@ 000000018001346c     pe.obj
 0002:00000474       ??_C@_13OHNMPHJM@?$AA?$FN@ 0000000180013474     pe.obj
 0002:00000478       ??_C@_19BHIGINDB@?$AA?4?$AAd?$AAl?$AAl@ 0000000180013478     pe.obj
 0002:00000488       ??_C@_0P@JNNILPEA@SetStartupInfo@ 0000000180013488     pe.obj
 0002:00000498       ??_C@_0BA@IDLLFCLM@SetStartupInfoW@ 0000000180013498     pe.obj
 0002:000004a8       ??_C@_0P@LBJHCIBL@GetGlobalInfoW@ 00000001800134a8     pe.obj
 0002:000004b8       ??_C@_0M@DMAKBKI@OpenPluginW@ 00000001800134b8     pe.obj
 0002:000004c8       ??_C@_0BA@PIFPCFJM@OpenFilePluginW@ 00000001800134c8     pe.obj
 0002:000004e8       _pRawDllMain               00000001800134e8     LIBCMT:dll_dllmain.obj
 0002:000004e8       _pDefaultRawDllMain        00000001800134e8     LIBCMT:dll_dllmain.obj
 0002:000004f0       __xmm@ffffffffffffffffffffffffffffffff 00000001800134f0     LIBCMT:utility.obj
 0002:00000500       _pDestructExceptionObject  0000000180013500     libvcruntime:ehhelpers.obj
 0002:00000c10       ??_C@_08EHJDFFNH@__based?$CI@ 0000000180013c10     libvcruntime:undname.obj
 0002:00000c20       ??_C@_07KOLFKCDI@__cdecl@  0000000180013c20     libvcruntime:undname.obj
 0002:00000c28       ??_C@_08GHMPAG@__pascal@   0000000180013c28     libvcruntime:undname.obj
 0002:00000c38       ??_C@_09IFJBGAPI@__stdcall@ 0000000180013c38     libvcruntime:undname.obj
 0002:00000c48       ??_C@_0L@NPHFGOKO@__thiscall@ 0000000180013c48     libvcruntime:undname.obj
 0002:00000c58       ??_C@_0L@JMKHOMEK@__fastcall@ 0000000180013c58     libvcruntime:undname.obj
 0002:00000c68       ??_C@_0N@BCKKPABJ@__vectorcall@ 0000000180013c68     libvcruntime:undname.obj
 0002:00000c78       ??_C@_09HIJEGCPM@__clrcall@ 0000000180013c78     libvcruntime:undname.obj
 0002:00000c84       ??_C@_06GHPCKEAG@__eabi@   0000000180013c84     libvcruntime:undname.obj
 0002:00000c90       ??_C@_09IOPIDJLG@__swift_1@ 0000000180013c90     libvcruntime:undname.obj
 0002:00000ca0       ??_C@_09KFNFGKHF@__swift_2@ 0000000180013ca0     libvcruntime:undname.obj
 0002:00000cb0       ??_C@_07JOMMBBKO@__ptr64@  0000000180013cb0     libvcruntime:undname.obj
 0002:00000cb8       ??_C@_0L@PILCLIHE@__restrict@ 0000000180013cb8     libvcruntime:undname.obj
 0002:00000cc8       ??_C@_0M@GFIIJFMG@__unaligned@ 0000000180013cc8     libvcruntime:undname.obj
 0002:00000cd8       ??_C@_09DHDLOLLB@restrict?$CI@ 0000000180013cd8     libvcruntime:undname.obj
 0002:00000ce2       ??_C@_00CNPNBAHC@@         0000000180013ce2     libvcruntime:undname.obj
 0002:00000ce4       ??_C@_04NIHEBCM@?5new@     0000000180013ce4     libvcruntime:undname.obj
 0002:00000cf0       ??_C@_07FPCDHGMM@?5delete@ 0000000180013cf0     libvcruntime:undname.obj
 0002:00000cf8       ??_C@_01NEMOKFLO@?$DN@     0000000180013cf8     libvcruntime:undname.obj
 0002:00000cfc       ??_C@_02GPIOPFAK@?$DO?$DO@ 0000000180013cfc     libvcruntime:undname.obj
 0002:00000d00       ??_C@_02FODMEDOG@?$DM?$DM@ 0000000180013d00     libvcruntime:undname.obj
 0002:00000d04       ??_C@_01DCLJPIOD@?$CB@     0000000180013d04     libvcruntime:undname.obj
 0002:00000d08       ??_C@_02EGOFBIJA@?$DN?$DN@ 0000000180013d08     libvcruntime:undname.obj
 0002:00000d0c       ??_C@_02FDNJECIE@?$CB?$DN@ 0000000180013d0c     libvcruntime:undname.obj
 0002:00000d10       ??_C@_02GPECMEKF@?$FL?$FN@ 0000000180013d10     libvcruntime:undname.obj
 0002:00000d18       ??_C@_08LHJFAFGD@operator@ 0000000180013d18     libvcruntime:undname.obj
 0002:00000d24       ??_C@_02HBOOOICD@?9?$DO@   0000000180013d24     libvcruntime:undname.obj
 0002:00000d28       ??_C@_01NBENCBCI@?$CK@     0000000180013d28     libvcruntime:undname.obj
 0002:00000d2c       ??_C@_02ECNGHCIF@?$CL?$CL@ 0000000180013d2c     libvcruntime:undname.obj
 0002:00000d30       ??_C@_02BAABKJLB@?9?9@     0000000180013d30     libvcruntime:undname.obj
 0002:00000d34       ??_C@_01JOAMLHOP@?9@       0000000180013d34     libvcruntime:undname.obj
 0002:00000d38       ??_C@_01MIFGBAGJ@?$CL@     0000000180013d38     libvcruntime:undname.obj
 0002:00000d3c       ??_C@_01HNPIGOCE@?$CG@     0000000180013d3c     libvcruntime:undname.obj
 0002:00000d40       ??_C@_03MNHNFDLC@?9?$DO?$CK@ 0000000180013d40     libvcruntime:undname.obj
 0002:00000d44       ??_C@_01KMDKNFGN@?1@       0000000180013d44     libvcruntime:undname.obj
 0002:00000d48       ??_C@_01FGNFDNOH@?$CF@     0000000180013d48     libvcruntime:undname.obj
 0002:00000d4c       ??_C@_01MNNFJEPP@?$DM@     0000000180013d4c     libvcruntime:undname.obj
 0002:00000d50       ??_C@_02EHCHHCKH@?$DM?$DN@ 0000000180013d50     libvcruntime:undname.obj
 0002:00000d54       ??_C@_01PPODPGHN@?$DO@     0000000180013d54     libvcruntime:undname.obj
 0002:00000d58       ??_C@_02EEKDKGMJ@?$DO?$DN@ 0000000180013d58     libvcruntime:undname.obj
 0002:00000d5c       ??_C@_01IHBHIGKO@?0@       0000000180013d5c     libvcruntime:undname.obj
 0002:00000d60       ??_C@_02HCKGKOFO@?$CI?$CJ@ 0000000180013d60     libvcruntime:undname.obj
 0002:00000d64       ??_C@_01PJKLJHI@?$HO@      0000000180013d64     libvcruntime:undname.obj
 0002:00000d68       ??_C@_01JKBOJNNK@?$FO@     0000000180013d68     libvcruntime:undname.obj
 0002:00000d6c       ??_C@_01DNKMNLPK@?$HM@     0000000180013d6c     libvcruntime:undname.obj
 0002:00000d70       ??_C@_02PPKAJPJL@?$CG?$CG@ 0000000180013d70     libvcruntime:undname.obj
 0002:00000d74       ??_C@_02NONPIBCD@?$HM?$HM@ 0000000180013d74     libvcruntime:undname.obj
 0002:00000d78       ??_C@_02FPIMKNGF@?$CK?$DN@ 0000000180013d78     libvcruntime:undname.obj
 0002:00000d7c       ??_C@_02FOEOMHFC@?$CL?$DN@ 0000000180013d7c     libvcruntime:undname.obj
 0002:00000d80       ??_C@_02FKMDLLOA@?9?$DN@   0000000180013d80     libvcruntime:undname.obj
 0002:00000d84       ??_C@_02FJEHGPIO@?1?$DN@   0000000180013d84     libvcruntime:undname.obj
 0002:00000d88       ??_C@_02FENAOKFI@?$CF?$DN@ 0000000180013d88     libvcruntime:undname.obj
 0002:00000d8c       ??_C@_03IKFCCPFF@?$DO?$DO?$DN@ 0000000180013d8c     libvcruntime:undname.obj
 0002:00000d90       ??_C@_03CDNPDDLA@?$DM?$DM?$DN@ 0000000180013d90     libvcruntime:undname.obj
 0002:00000d94       ??_C@_02FGJGFEAB@?$CG?$DN@ 0000000180013d94     libvcruntime:undname.obj
 0002:00000d98       ??_C@_02DHLNPPGH@?$HM?$DN@ 0000000180013d98     libvcruntime:undname.obj
 0002:00000d9c       ??_C@_02MHEGNOJ@?$FO?$DN@  0000000180013d9c     libvcruntime:undname.obj
 0002:00000da0       ??_C@_09IFPLHPGF@?$GAvftable?8@ 0000000180013da0     libvcruntime:undname.obj
 0002:00000db0       ??_C@_09BLBHBJP@?$GAvbtable?8@ 0000000180013db0     libvcruntime:undname.obj
 0002:00000dc0       ??_C@_07FEEIOKP@?$GAvcall?8@ 0000000180013dc0     libvcruntime:undname.obj
 0002:00000dc8       ??_C@_08LLFFHHDJ@?$GAtypeof?8@ 0000000180013dc8     libvcruntime:undname.obj
 0002:00000dd8       ??_C@_0BF@KDPPACIK@?$GAlocal?5static?5guard?8@ 0000000180013dd8     libvcruntime:undname.obj
 0002:00000df0       ??_C@_08OBABFOLI@?$GAstring?8@ 0000000180013df0     libvcruntime:undname.obj
 0002:00000e00       ??_C@_0BD@JDLKDPAB@?$GAvbase?5destructor?8@ 0000000180013e00     libvcruntime:undname.obj
 0002:00000e18       ??_C@_0BN@DEGPLNFK@?$GAvector?5deleting?5destructor?8@ 0000000180013e18     libvcruntime:undname.obj
 0002:00000e38       ??_C@_0BO@OBMKPJIG@?$GAdefault?5constructor?5closure?8@ 0000000180013e38     libvcruntime:undname.obj
 0002:00000e58       ??_C@_0BN@IMDCHIKM@?$GAscalar?5deleting?5destructor?8@ 0000000180013e58     libvcruntime:undname.obj
 0002:00000e78       ??_C@_0BO@PFGOCPJJ@?$GAvector?5constructor?5iterator?8@ 0000000180013e78     libvcruntime:undname.obj
 0002:00000e98       ??_C@_0BN@LFPFMEDL@?$GAvector?5destructor?5iterator?8@ 0000000180013e98     libvcruntime:undname.obj
 0002:00000eb8       ??_C@_0CE@IKBNEHA@?$GAvector?5vbase?5constructor?5itera@ 0000000180013eb8     libvcruntime:undname.obj
 0002:00000ee0       ??_C@_0BL@NILFHHPC@?$GAvirtual?5displacement?5map?8@ 0000000180013ee0     libvcruntime:undname.obj
 0002:00000f00       ??_C@_0CB@JONCMFFK@?$GAeh?5vector?5constructor?5iterator@ 0000000180013f00     libvcruntime:undname.obj
 0002:00000f28       ??_C@_0CA@GCEOPDGL@?$GAeh?5vector?5destructor?5iterator?8@ 0000000180013f28     libvcruntime:undname.obj
 0002:00000f48       ??_C@_0CH@OOJPLCPH@?$GAeh?5vector?5vbase?5constructor?5it@ 0000000180013f48     libvcruntime:undname.obj
 0002:00000f70       ??_C@_0BL@LLKPOHJI@?$GAcopy?5constructor?5closure?8@ 0000000180013f70     libvcruntime:undname.obj
 0002:00000f90       ??_C@_0BA@KBCDOMBN@?$GAudt?5returning?8@ 0000000180013f90     libvcruntime:undname.obj
 0002:00000fa0       ??_C@_03KLGMFNMG@?$GAEH@   0000000180013fa0     libvcruntime:undname.obj
 0002:00000fa4       ??_C@_05KHLCHHI@?$GARTTI@  0000000180013fa4     libvcruntime:undname.obj
 0002:00000fb0       ??_C@_0BA@KKLDJDLB@?$GAlocal?5vftable?8@ 0000000180013fb0     libvcruntime:undname.obj
 0002:00000fc0       ??_C@_0CE@IIHCMGGL@?$GAlocal?5vftable?5constructor?5clos@ 0000000180013fc0     libvcruntime:undname.obj
 0002:00000fe4       ??_C@_06FHBGPFGH@?5new?$FL?$FN@ 0000000180013fe4     libvcruntime:undname.obj
 0002:00000ff0       ??_C@_09LBNFPBCA@?5delete?$FL?$FN@ 0000000180013ff0     libvcruntime:undname.obj
 0002:00001000       ??_C@_0P@HJKNJFNN@?$GAomni?5callsig?8@ 0000000180014000     libvcruntime:undname.obj
 0002:00001010       ??_C@_0BL@CNOONJFP@?$GAplacement?5delete?5closure?8@ 0000000180014010     libvcruntime:undname.obj
 0002:00001030       ??_C@_0BN@CKNJLHMB@?$GAplacement?5delete?$FL?$FN?5closure?8@ 0000000180014030     libvcruntime:undname.obj
 0002:00001050       ??_C@_0CG@CFDHKGGD@?$GAmanaged?5vector?5constructor?5ite@ 0000000180014050     libvcruntime:undname.obj
 0002:00001078       ??_C@_0CF@IMGKMJNO@?$GAmanaged?5vector?5destructor?5iter@ 0000000180014078     libvcruntime:undname.obj
 0002:000010a0       ??_C@_0CG@HLDDJMAG@?$GAeh?5vector?5copy?5constructor?5ite@ 00000001800140a0     libvcruntime:undname.obj
 0002:000010c8       ??_C@_0CM@FCBBDIGB@?$GAeh?5vector?5vbase?5copy?5construct@ 00000001800140c8     libvcruntime:undname.obj
 0002:000010f8       ??_C@_0BL@CLIPGLGB@?$GAdynamic?5initializer?5for?5?8@ 00000001800140f8     libvcruntime:undname.obj
 0002:00001118       ??_C@_0CB@PDBIFEP@?$GAdynamic?5atexit?5destructor?5for?5@ 0000000180014118     libvcruntime:undname.obj
 0002:00001140       ??_C@_0CD@CGAJBKEJ@?$GAvector?5copy?5constructor?5iterat@ 0000000180014140     libvcruntime:undname.obj
 0002:00001168       ??_C@_0CJ@GJELGAMM@?$GAvector?5vbase?5copy?5constructor?5@ 0000000180014168     libvcruntime:undname.obj
 0002:00001198       ??_C@_0CL@FGIJHLCE@?$GAmanaged?5vector?5copy?5constructo@ 0000000180014198     libvcruntime:undname.obj
 0002:000011c8       ??_C@_0BM@PMGGMLDN@?$GAlocal?5static?5thread?5guard?8@ 00000001800141c8     libvcruntime:undname.obj
 0002:000011e8       ??_C@_0N@BDNMDMOL@operator?5?$CC?$CC?5@ 00000001800141e8     libvcruntime:undname.obj
 0002:000011f8       ??_C@_0BC@GGEBGALA@operator?5co_await@ 00000001800141f8     libvcruntime:undname.obj
 0002:00001210       ??_C@_0M@GAAIMMOH@operator?$DM?$DN?$DO@ 0000000180014210     libvcruntime:undname.obj
 0002:00001220       ??_C@_0BC@DAFEJGAK@?5Type?5Descriptor?8@ 0000000180014220     libvcruntime:undname.obj
 0002:00001238       ??_C@_0BM@LDKODKLH@?5Base?5Class?5Descriptor?5at?5?$CI@ 0000000180014238     libvcruntime:undname.obj
 0002:00001258       ??_C@_0BD@LGICGFMM@?5Base?5Class?5Array?8@ 0000000180014258     libvcruntime:undname.obj
 0002:00001270       ??_C@_0BN@MECKDCOJ@?5Class?5Hierarchy?5Descriptor?8@ 0000000180014270     libvcruntime:undname.obj
 0002:00001290       ??_C@_0BK@CFCOFLF@?5Complete?5Object?5Locator?8@ 0000000180014290     libvcruntime:undname.obj
 0002:000012b0       ??_C@_0BG@JNJLAMPM@?$GAanonymous?5namespace?8@ 00000001800142b0     libvcruntime:undname.obj
 0002:000012e0       ??_C@_1DM@KHCHBNEB@?$AAa?$AAp?$AAi?$AA?9?$AAm?$AAs?$AA?9?$AAw?$AAi?$AAn?$AA?9?$AAc?$AAo?$AAr?$AAe@ 00000001800142e0     libvcruntime:winapi_downlevel.obj
 0002:00001320       ??_C@_1DK@LPPGFMPP@?$AAa?$AAp?$AAi?$AA?9?$AAm?$AAs?$AA?9?$AAw?$AAi?$AAn?$AA?9?$AAc?$AAo?$AAr?$AAe@ 0000000180014320     libvcruntime:winapi_downlevel.obj
 0002:00001360       ??_C@_1BC@GDMECMAK@?$AAk?$AAe?$AAr?$AAn?$AAe?$AAl?$AA3?$AA2@ 0000000180014360     libvcruntime:winapi_downlevel.obj
 0002:00001378       ??_C@_1BA@PFFKHIOG@?$AAa?$AAp?$AAi?$AA?9?$AAm?$AAs?$AA?9@ 0000000180014378     libvcruntime:winapi_downlevel.obj
 0002:00001390       ??_C@_08KNHFBNJ@FlsAlloc@  0000000180014390     libvcruntime:winapi_downlevel.obj
 0002:000013a8       ??_C@_07PEJMOBNF@FlsFree@  00000001800143a8     libvcruntime:winapi_downlevel.obj
 0002:000013b8       ??_C@_0M@GDNOONDI@FlsGetValue@ 00000001800143b8     libvcruntime:winapi_downlevel.obj
 0002:000013d0       ??_C@_0M@JCPCPOEF@FlsSetValue@ 00000001800143d0     libvcruntime:winapi_downlevel.obj
 0002:000013e8       ??_C@_0BM@HCFOFFN@InitializeCriticalSectionEx@ 00000001800143e8     libvcruntime:winapi_downlevel.obj
 0002:00001410       ?standard_lookup_table_spectre@__crt_stdio_output@@3V?$spectre_mitigated_lookup_table@Ustate_transition_pair@__crt_stdio_output@@$0IA@@1@B 0000000180014410     libucrt:output.obj
 0002:00001810       ??_C@_1O@CEDCILHN@?$AA?$CI?$AAn?$AAu?$AAl?$AAl?$AA?$CJ@ 0000000180014810     libucrt:output.obj
 0002:00001820       ??_C@_06OJHGLDPL@?$CInull?$CJ@ 0000000180014820     libucrt:output.obj
 0002:00001830       __acrt_exception_action_table 0000000180014830     libucrt:exception_filter.obj
 0002:000018f0       __acrt_signal_action_table_count 00000001800148f0     libucrt:exception_filter.obj
 0002:000018f8       __acrt_signal_action_first_fpe_index 00000001800148f8     libucrt:exception_filter.obj
 0002:00001900       __acrt_signal_action_fpe_count 0000000180014900     libucrt:exception_filter.obj
 0002:00001908       ??_C@_1BI@BGOHAHKC@?$AAm?$AAs?$AAc?$AAo?$AAr?$AAe?$AAe?$AA?4?$AAd?$AAl?$AAl@ 0000000180014908     libucrt:exit.obj
 0002:00001920       ??_C@_0P@MIGLKIOC@CorExitProcess@ 0000000180014920     libucrt:exit.obj
 0002:00001c20       ??_C@_03OEIAHPBN@INF@      0000000180014c20     libucrt:cvt.obj
 0002:00001c24       ??_C@_03OJHLLCGB@inf@      0000000180014c24     libucrt:cvt.obj
 0002:00001c28       ??_C@_03LKNCIKJB@NAN@      0000000180014c28     libucrt:cvt.obj
 0002:00001c2c       ??_C@_03LHCJEHON@nan@      0000000180014c2c     libucrt:cvt.obj
 0002:00001c30       ??_C@_09OFJJIMPC@NAN?$CISNAN?$CJ@ 0000000180014c30     libucrt:cvt.obj
 0002:00001c40       ??_C@_09IPFBKMDL@nan?$CIsnan?$CJ@ 0000000180014c40     libucrt:cvt.obj
 0002:00001c50       ??_C@_08IKHNHAJ@NAN?$CIIND?$CJ@ 0000000180014c50     libucrt:cvt.obj
 0002:00001c60       ??_C@_08OFCDMILK@nan?$CIind?$CJ@ 0000000180014c60     libucrt:cvt.obj
 0002:00001c6c       ??_C@_05KLBDPFGC@e?$CL000@ 0000000180014c6c     libucrt:cvt.obj
 0002:00001c80       __lc_time_c                0000000180014c80     libucrt:nlsdata.obj
 0002:00001f40       ??_C@_03KOEHGMDN@Sun@      0000000180014f40     libucrt:nlsdata.obj
 0002:00001f44       ??_C@_03PDAGKDH@Mon@       0000000180014f44     libucrt:nlsdata.obj
 0002:00001f48       ??_C@_03NAGEINEP@Tue@      0000000180014f48     libucrt:nlsdata.obj
 0002:00001f4c       ??_C@_03MHOMLAJA@Wed@      0000000180014f4c     libucrt:nlsdata.obj
 0002:00001f50       ??_C@_03IOFIKPDN@Thu@      0000000180014f50     libucrt:nlsdata.obj
 0002:00001f54       ??_C@_03IDIOELNC@Fri@      0000000180014f54     libucrt:nlsdata.obj
 0002:00001f58       ??_C@_03FEFJNEK@Sat@       0000000180014f58     libucrt:nlsdata.obj
 0002:00001f5c       ??_C@_06OOPIFAJ@Sunday@    0000000180014f5c     libucrt:nlsdata.obj
 0002:00001f64       ??_C@_06JLEDEDGH@Monday@   0000000180014f64     libucrt:nlsdata.obj
 0002:00001f70       ??_C@_07BAAGCFCM@Tuesday@  0000000180014f70     libucrt:nlsdata.obj
 0002:00001f78       ??_C@_09DLIGFAKA@Wednesday@ 0000000180014f78     libucrt:nlsdata.obj
 0002:00001f88       ??_C@_08HACCIKIA@Thursday@ 0000000180014f88     libucrt:nlsdata.obj
 0002:00001f94       ??_C@_06JECMNKMI@Friday@   0000000180014f94     libucrt:nlsdata.obj
 0002:00001fa0       ??_C@_08INBOOONO@Saturday@ 0000000180014fa0     libucrt:nlsdata.obj
 0002:00001fac       ??_C@_03JIHJHPIE@Jan@      0000000180014fac     libucrt:nlsdata.obj
 0002:00001fb0       ??_C@_03HJBDCHOM@Feb@      0000000180014fb0     libucrt:nlsdata.obj
 0002:00001fb4       ??_C@_03ODNJBKGA@Mar@      0000000180014fb4     libucrt:nlsdata.obj
 0002:00001fb8       ??_C@_03LEOLGMJP@Apr@      0000000180014fb8     libucrt:nlsdata.obj
 0002:00001fbc       ??_C@_03CNMDKL@May@        0000000180014fbc     libucrt:nlsdata.obj
 0002:00001fc0       ??_C@_03IDFGHECI@Jun@      0000000180014fc0     libucrt:nlsdata.obj
 0002:00001fc4       ??_C@_03LBGABGKK@Jul@      0000000180014fc4     libucrt:nlsdata.obj
 0002:00001fc8       ??_C@_03IFJFEIGA@Aug@      0000000180014fc8     libucrt:nlsdata.obj
 0002:00001fcc       ??_C@_03GGCAPAJC@Sep@      0000000180014fcc     libucrt:nlsdata.obj
 0002:00001fd0       ??_C@_03BMAOKBAD@Oct@      0000000180014fd0     libucrt:nlsdata.obj
 0002:00001fd4       ??_C@_03JPJOFNIA@Nov@      0000000180014fd4     libucrt:nlsdata.obj
 0002:00001fd8       ??_C@_03MKABNOCG@Dec@      0000000180014fd8     libucrt:nlsdata.obj
 0002:00001fe0       ??_C@_07CGJPFGJA@January@  0000000180014fe0     libucrt:nlsdata.obj
 0002:00001fe8       ??_C@_08GNJGEPFN@February@ 0000000180014fe8     libucrt:nlsdata.obj
 0002:00001ff4       ??_C@_05HPCKOFNC@March@    0000000180014ff4     libucrt:nlsdata.obj
 0002:00001ffc       ??_C@_05DMJDNLEJ@April@    0000000180014ffc     libucrt:nlsdata.obj
 0002:00002004       ??_C@_04CNLMGBGM@June@     0000000180015004     libucrt:nlsdata.obj
 0002:0000200c       ??_C@_04MIEPOIFP@July@     000000018001500c     libucrt:nlsdata.obj
 0002:00002014       ??_C@_06LBBHFDDG@August@   0000000180015014     libucrt:nlsdata.obj
 0002:00002020       ??_C@_09BHHEALKD@September@ 0000000180015020     libucrt:nlsdata.obj
 0002:00002030       ??_C@_07JJNFCEND@October@  0000000180015030     libucrt:nlsdata.obj
 0002:00002038       ??_C@_08HCHEGEOA@November@ 0000000180015038     libucrt:nlsdata.obj
 0002:00002048       ??_C@_08EDHMEBNP@December@ 0000000180015048     libucrt:nlsdata.obj
 0002:00002054       ??_C@_02DEDBPAFC@AM@       0000000180015054     libucrt:nlsdata.obj
 0002:00002058       ??_C@_02CJNFDJBF@PM@       0000000180015058     libucrt:nlsdata.obj
 0002:00002060       ??_C@_08BPBNCDIB@MM?1dd?1yy@ 0000000180015060     libucrt:nlsdata.obj
 0002:00002070       ??_C@_0BE@CKGJFCPC@dddd?0?5MMMM?5dd?0?5yyyy@ 0000000180015070     libucrt:nlsdata.obj
 0002:00002088       ??_C@_08JCCMCCIL@HH?3mm?3ss@ 0000000180015088     libucrt:nlsdata.obj
 0002:00002098       ??_C@_17MBGCMIPB@?$AAS?$AAu?$AAn@ 0000000180015098     libucrt:nlsdata.obj
 0002:000020a0       ??_C@_17KBOMKBF@?$AAM?$AAo?$AAn@ 00000001800150a0     libucrt:nlsdata.obj
 0002:000020a8       ??_C@_17BMKGEGOJ@?$AAT?$AAu?$AAe@ 00000001800150a8     libucrt:nlsdata.obj
 0002:000020b0       ??_C@_17CJEDCEPE@?$AAW?$AAe?$AAd@ 00000001800150b0     libucrt:nlsdata.obj
 0002:000020b8       ??_C@_17PDPHAADD@?$AAT?$AAh?$AAu@ 00000001800150b8     libucrt:nlsdata.obj
 0002:000020c0       ??_C@_17HFOLPPLP@?$AAF?$AAr?$AAi@ 00000001800150c0     libucrt:nlsdata.obj
 0002:000020c8       ??_C@_17GGIBDPIH@?$AAS?$AAa?$AAt@ 00000001800150c8     libucrt:nlsdata.obj
 0002:000020d0       ??_C@_1O@IHNHDHPB@?$AAS?$AAu?$AAn?$AAd?$AAa?$AAy@ 00000001800150d0     libucrt:nlsdata.obj
 0002:000020e0       ??_C@_1O@MMNBFLIA@?$AAM?$AAo?$AAn?$AAd?$AAa?$AAy@ 00000001800150e0     libucrt:nlsdata.obj
 0002:000020f0       ??_C@_1BA@ENFBFFEK@?$AAT?$AAu?$AAe?$AAs?$AAd?$AAa?$AAy@ 00000001800150f0     libucrt:nlsdata.obj
 0002:00002100       ??_C@_1BE@EBOGMDOH@?$AAW?$AAe?$AAd?$AAn?$AAe?$AAs?$AAd?$AAa?$AAy@ 0000000180015100     libucrt:nlsdata.obj
 0002:00002118       ??_C@_1BC@HHMNLIHE@?$AAT?$AAh?$AAu?$AAr?$AAs?$AAd?$AAa?$AAy@ 0000000180015118     libucrt:nlsdata.obj
 0002:00002130       ??_C@_1O@PDICJHAG@?$AAF?$AAr?$AAi?$AAd?$AAa?$AAy@ 0000000180015130     libucrt:nlsdata.obj
 0002:00002140       ??_C@_1BC@ENMNNPAJ@?$AAS?$AAa?$AAt?$AAu?$AAr?$AAd?$AAa?$AAy@ 0000000180015140     libucrt:nlsdata.obj
 0002:00002158       ??_C@_17DKNBKCHM@?$AAJ?$AAa?$AAn@ 0000000180015158     libucrt:nlsdata.obj
 0002:00002160       ??_C@_17LMDJEKJN@?$AAF?$AAe?$AAb@ 0000000180015160     libucrt:nlsdata.obj
 0002:00002168       ??_C@_17CKNLEDEC@?$AAM?$AAa?$AAr@ 0000000180015168     libucrt:nlsdata.obj
 0002:00002170       ??_C@_17LFPOIHDD@?$AAA?$AAp?$AAr@ 0000000180015170     libucrt:nlsdata.obj
 0002:00002178       ??_C@_17PNNKMEED@?$AAM?$AAa?$AAy@ 0000000180015178     libucrt:nlsdata.obj
 0002:00002180       ??_C@_17KCJGOCPB@?$AAJ?$AAu?$AAn@ 0000000180015180     libucrt:nlsdata.obj
 0002:00002188       ??_C@_17IJPCKHK@?$AAJ?$AAu?$AAl@ 0000000180015188     libucrt:nlsdata.obj
 0002:00002190       ??_C@_17ICPELBCN@?$AAA?$AAu?$AAg@ 0000000180015190     libucrt:nlsdata.obj
 0002:00002198       ??_C@_17HCHCOKMG@?$AAS?$AAe?$AAp@ 0000000180015198     libucrt:nlsdata.obj
 0002:000021a0       ??_C@_17FNLKOI@?$AAO?$AAc?$AAt@ 00000001800151a0     libucrt:nlsdata.obj
 0002:000021a8       ??_C@_17BBDMLCIG@?$AAN?$AAo?$AAv@ 00000001800151a8     libucrt:nlsdata.obj
 0002:000021b0       ??_C@_17EGKACKIF@?$AAD?$AAe?$AAc@ 00000001800151b0     libucrt:nlsdata.obj
 0002:000021b8       ??_C@_1BA@EFMEIEBA@?$AAJ?$AAa?$AAn?$AAu?$AAa?$AAr?$AAy@ 00000001800151b8     libucrt:nlsdata.obj
 0002:000021c8       ??_C@_1BC@JGDDFFAM@?$AAF?$AAe?$AAb?$AAr?$AAu?$AAa?$AAr?$AAy@ 00000001800151c8     libucrt:nlsdata.obj
 0002:000021e0       ??_C@_1M@IKEENEDF@?$AAM?$AAa?$AAr?$AAc?$AAh@ 00000001800151e0     libucrt:nlsdata.obj
 0002:000021f0       ??_C@_1M@GJNLMHFD@?$AAA?$AAp?$AAr?$AAi?$AAl@ 00000001800151f0     libucrt:nlsdata.obj
 0002:00002200       ??_C@_19EPFLPGAP@?$AAJ?$AAu?$AAn?$AAe@ 0000000180015200     libucrt:nlsdata.obj
 0002:00002210       ??_C@_19BIFMLPCD@?$AAJ?$AAu?$AAl?$AAy@ 0000000180015210     libucrt:nlsdata.obj
 0002:00002220       ??_C@_1O@PAHLKOAC@?$AAA?$AAu?$AAg?$AAu?$AAs?$AAt@ 0000000180015220     libucrt:nlsdata.obj
 0002:00002230       ??_C@_1BE@DKAAMBJL@?$AAS?$AAe?$AAp?$AAt?$AAe?$AAm?$AAb?$AAe?$AAr@ 0000000180015230     libucrt:nlsdata.obj
 0002:00002248       ??_C@_1BA@EPANDLNG@?$AAO?$AAc?$AAt?$AAo?$AAb?$AAe?$AAr@ 0000000180015248     libucrt:nlsdata.obj
 0002:00002258       ??_C@_1BC@BGLIFPF@?$AAN?$AAo?$AAv?$AAe?$AAm?$AAb?$AAe?$AAr@ 0000000180015258     libucrt:nlsdata.obj
 0002:00002270       ??_C@_1BC@FEMKIFH@?$AAD?$AAe?$AAc?$AAe?$AAm?$AAb?$AAe?$AAr@ 0000000180015270     libucrt:nlsdata.obj
 0002:00002284       ??_C@_15ODEHAHHF@?$AAA?$AAM@ 0000000180015284     libucrt:nlsdata.obj
 0002:0000228c       ??_C@_15CLMNNGEL@?$AAP?$AAM@ 000000018001528c     libucrt:nlsdata.obj
 0002:00002298       ??_C@_1BC@IEBCMHCM@?$AAM?$AAM?$AA?1?$AAd?$AAd?$AA?1?$AAy?$AAy@ 0000000180015298     libucrt:nlsdata.obj
 0002:000022b0       ??_C@_1CI@KNAKOEBC@?$AAd?$AAd?$AAd?$AAd?$AA?0?$AA?5?$AAM?$AAM?$AAM?$AAM?$AA?5?$AAd?$AAd?$AA?0?$AA?5@ 00000001800152b0     libucrt:nlsdata.obj
 0002:000022d8       ??_C@_1BC@GDGBMEMK@?$AAH?$AAH?$AA?3?$AAm?$AAm?$AA?3?$AAs?$AAs@ 00000001800152d8     libucrt:nlsdata.obj
 0002:000022f0       ??_C@_1M@BMHNFIME@?$AAe?$AAn?$AA?9?$AAU?$AAS@ 00000001800152f0     libucrt:nlsdata.obj
 0002:00002320       ??_C@_1M@HPNHIDJI@?$AAj?$AAa?$AA?9?$AAJ?$AAP@ 0000000180015320     libucrt:mbctype.obj
 0002:00002330       ??_C@_1M@BIBDDEMK@?$AAz?$AAh?$AA?9?$AAC?$AAN@ 0000000180015330     libucrt:mbctype.obj
 0002:00002340       ??_C@_1M@JLOOOEGK@?$AAk?$AAo?$AA?9?$AAK?$AAR@ 0000000180015340     libucrt:mbctype.obj
 0002:00002350       ??_C@_1M@CLNBBOPM@?$AAz?$AAh?$AA?9?$AAT?$AAW@ 0000000180015350     libucrt:mbctype.obj
 0002:00002400       ??_C@_1EA@JGEFHKEI@?$AAa?$AAp?$AAi?$AA?9?$AAm?$AAs?$AA?9?$AAw?$AAi?$AAn?$AA?9?$AAc?$AAo?$AAr?$AAe@ 0000000180015400     libucrt:winapi_thunks.obj
 0002:00002440       ??_C@_1DI@IJCEHOCB@?$AAa?$AAp?$AAi?$AA?9?$AAm?$AAs?$AA?9?$AAw?$AAi?$AAn?$AA?9?$AAc?$AAo?$AAr?$AAe@ 0000000180015440     libucrt:winapi_thunks.obj
 0002:00002480       ??_C@_1EI@MPIAOHOC@?$AAa?$AAp?$AAi?$AA?9?$AAm?$AAs?$AA?9?$AAw?$AAi?$AAn?$AA?9?$AAc?$AAo?$AAr?$AAe@ 0000000180015480     libucrt:winapi_thunks.obj
 0002:000024d0       ??_C@_1FK@FPHCKFIE@?$AAa?$AAp?$AAi?$AA?9?$AAm?$AAs?$AA?9?$AAw?$AAi?$AAn?$AA?9?$AAc?$AAo?$AAr?$AAe@ 00000001800154d0     libucrt:winapi_thunks.obj
 0002:00002530       ??_C@_1EM@DILCGIIO@?$AAa?$AAp?$AAi?$AA?9?$AAm?$AAs?$AA?9?$AAw?$AAi?$AAn?$AA?9?$AAc?$AAo?$AAr?$AAe@ 0000000180015530     libucrt:winapi_thunks.obj
 0002:00002580       ??_C@_1DM@LNCGDDPN@?$AAa?$AAp?$AAi?$AA?9?$AAm?$AAs?$AA?9?$AAw?$AAi?$AAn?$AA?9?$AAc?$AAo?$AAr?$AAe@ 0000000180015580     libucrt:winapi_thunks.obj
 0002:000025c0       ??_C@_1DO@FPAPJEMD@?$AAa?$AAp?$AAi?$AA?9?$AAm?$AAs?$AA?9?$AAw?$AAi?$AAn?$AA?9?$AAc?$AAo?$AAr?$AAe@ 00000001800155c0     libucrt:winapi_thunks.obj
 0002:00002600       ??_C@_1DK@NDHNAHIO@?$AAa?$AAp?$AAi?$AA?9?$AAm?$AAs?$AA?9?$AAw?$AAi?$AAn?$AA?9?$AAc?$AAo?$AAr?$AAe@ 0000000180015600     libucrt:winapi_thunks.obj
 0002:00002640       ??_C@_1DM@KGHDGBCM@?$AAa?$AAp?$AAi?$AA?9?$AAm?$AAs?$AA?9?$AAw?$AAi?$AAn?$AA?9?$AAc?$AAo?$AAr?$AAe@ 0000000180015640     libucrt:winapi_thunks.obj
 0002:00002680       ??_C@_1EO@IJIOEFOH@?$AAa?$AAp?$AAi?$AA?9?$AAm?$AAs?$AA?9?$AAw?$AAi?$AAn?$AA?9?$AAr?$AAt?$AAc?$AAo@ 0000000180015680     libucrt:winapi_thunks.obj
 0002:000026d0       ??_C@_1FG@HHGEKANL@?$AAa?$AAp?$AAi?$AA?9?$AAm?$AAs?$AA?9?$AAw?$AAi?$AAn?$AA?9?$AAs?$AAe?$AAc?$AAu@ 00000001800156d0     libucrt:winapi_thunks.obj
 0002:00002730       ??_C@_1EG@DBIOJECG@?$AAe?$AAx?$AAt?$AA?9?$AAm?$AAs?$AA?9?$AAw?$AAi?$AAn?$AA?9?$AAn?$AAt?$AAu?$AAs@ 0000000180015730     libucrt:winapi_thunks.obj
 0002:00002780       ??_C@_1EO@FIHMJCLF@?$AAe?$AAx?$AAt?$AA?9?$AAm?$AAs?$AA?9?$AAw?$AAi?$AAn?$AA?9?$AAn?$AAt?$AAu?$AAs@ 0000000180015780     libucrt:winapi_thunks.obj
 0002:000027d0       ??_C@_1BC@DNHGCMLG@?$AAa?$AAd?$AAv?$AAa?$AAp?$AAi?$AA3?$AA2@ 00000001800157d0     libucrt:winapi_thunks.obj
 0002:000027e8       ??_C@_1M@OAIMIKLP@?$AAn?$AAt?$AAd?$AAl?$AAl@ 00000001800157e8     libucrt:winapi_thunks.obj
 0002:00002800       ??_C@_1EG@DPGNFKGC@?$AAa?$AAp?$AAi?$AA?9?$AAm?$AAs?$AA?9?$AAw?$AAi?$AAn?$AA?9?$AAa?$AAp?$AAp?$AAm@ 0000000180015800     libucrt:winapi_thunks.obj
 0002:00002848       ??_C@_1O@BCCLBEOE@?$AAu?$AAs?$AAe?$AAr?$AA3?$AA2@ 0000000180015848     libucrt:winapi_thunks.obj
 0002:00002858       ??_C@_1BA@IAIFMGEF@?$AAe?$AAx?$AAt?$AA?9?$AAm?$AAs?$AA?9@ 0000000180015858     libucrt:winapi_thunks.obj
 0002:00002870       ??_C@_0BA@FHFNEAED@AreFileApisANSI@ 0000000180015870     libucrt:winapi_thunks.obj
 0002:000028b0       ??_C@_0O@KKBNKAPF@LCMapStringEx@ 00000001800158b0     libucrt:winapi_thunks.obj
 0002:000028c8       ??_C@_0BB@HBDEELFH@LocaleNameToLCID@ 00000001800158c8     libucrt:winapi_thunks.obj
 0002:000028e0       ??_C@_0CF@OJOFEIGO@AppPolicyGetProcessTerminationM@ 00000001800158e0     libucrt:winapi_thunks.obj
 0002:00002910       __newctype                 0000000180015910     libucrt:ctype.obj
 0002:00002c10       __newclmap                 0000000180015c10     libucrt:ctype.obj
 0002:00002d90       __newcumap                 0000000180015d90     libucrt:ctype.obj
 0002:00002f10       _wctype                    0000000180015f10     libucrt:ctype.obj
 0002:00003120       ?large_power_data@?1??multiply_by_power_of_ten@__crt_strtox@@YA_NAEAUbig_integer@2@I@Z@4QBIB 0000000180016120     libucrt:cfout.obj
 0002:00003a30       ?large_power_indices@?1??multiply_by_power_of_ten@__crt_strtox@@YA_NAEAUbig_integer@2@I@Z@4QBUunpack_index@?1??12@YA_N0I@Z@B 0000000180016a30     libucrt:cfout.obj
[...]
 0002:000092f4       $unwind$__acrt_call_reportfault 000000018001c2f4     libucrt:invalid_parameter.obj
 0002:00009314       $unwind$_invalid_parameter 000000018001c314     libucrt:invalid_parameter.obj
 0002:00009328       $unwind$?fp_format_e@@YAHQEBNQEAD_K12H_NIQEAU__crt_locale_pointers@@W4__acrt_rounding_mode@@@Z 000000018001c328     libucrt:cvt.obj
 0002:00009328       $unwind$_mbtowc_l          000000018001c328     libucrt:mbtowc.obj
 0002:00009328       $unwind$__acrt_LCMapStringEx 000000018001c328     libucrt:winapi_thunks.obj
 0002:0000933c       $unwind$?construct_ptd_array@@YAXQEAU__acrt_ptd@@@Z 000000018001c33c     libucrt:per_thread_data.obj
 0002:00009344       $unwind$?destroy_ptd_array@@YAXQEAU__acrt_ptd@@@Z 000000018001c344     libucrt:per_thread_data.obj
 0002:0000934c       $unwind$??$?RV<lambda_0ae27a3a962d80f24befdcbee591983d>@@AEAV<lambda_8d0ee55de4b1038c4002e0adecdf1839>@@V<lambda_dc504788e8f1664fe9b84e20bfb512f2>@@@?$__crt_seh_guarded_call@X@@QEAAX$$QEAV<lambda_0ae27a3a962d80f24befdcbee591983d>@@AEAV<lambda_8d0ee55de4b1038c4002e0adecdf1839>@@$$QEAV<lambda_dc504788e8f1664fe9b84e20bfb512f2>@@@Z 000000018001c34c     libucrt:per_thread_data.obj
 0002:00009370       $unwind$??$?RV<lambda_aa87e3671a710a21b5dc78c0bdf72e11>@@AEAV<lambda_92619d2358a28f41a33ba319515a20b9>@@V<lambda_6992ecaafeb10aed2b74cb1fae11a551>@@@?$__crt_seh_guarded_call@X@@QEAAX$$QEAV<lambda_aa87e3671a710a21b5dc78c0bdf72e11>@@AEAV<lambda_92619d2358a28f41a33ba319515a20b9>@@$$QEAV<lambda_6992ecaafeb10aed2b74cb1fae11a551>@@@Z 000000018001c370     libucrt:per_thread_data.obj
 0002:00009394       $unwind$??$?RV<lambda_f2e299630e499de9f9a165e60fcd3db5>@@AEAV<lambda_2ae9d31cdba2644fcbeaf08da7c24588>@@V<lambda_40d01ff24d0e7b3814fdbdcee8eab3c7>@@@?$__crt_seh_guarded_call@X@@QEAAX$$QEAV<lambda_f2e299630e499de9f9a165e60fcd3db5>@@AEAV<lambda_2ae9d31cdba2644fcbeaf08da7c24588>@@$$QEAV<lambda_40d01ff24d0e7b3814fdbdcee8eab3c7>@@@Z 000000018001c394     libucrt:per_thread_data.obj
 0002:000093b8       $unwind$??$?RV<lambda_2d41944a1d46af3157314b8a01080d33>@@AEAV<lambda_8f455de75cd7d7f24b4096f044d8b9e6>@@V<lambda_aa500f224e6afead328df44964fe2772>@@@?$__crt_seh_guarded_call@X@@QEAAX$$QEAV<lambda_2d41944a1d46af3157314b8a01080d33>@@AEAV<lambda_8f455de75cd7d7f24b4096f044d8b9e6>@@$$QEAV<lambda_aa500f224e6afead328df44964fe2772>@@@Z 000000018001c3b8     libucrt:per_thread_data.obj
 0002:000093dc       $unwind$__acrt_fp_format   000000018001c3dc     libucrt:cvt.obj
 0002:000093f4       $unwind$?fp_format_e_internal@@YAHQEAD_KH_NIQEAU_strflt@@2QEAU__crt_locale_pointers@@@Z 000000018001c3f4     libucrt:cvt.obj
 0002:0000940c       $unwind$?fp_format_a@@YAHQEBNPEAD_KQEAD2H_NIQEAU__crt_locale_pointers@@W4__acrt_rounding_mode@@@Z 000000018001c40c     libucrt:cvt.obj
 0002:00009428       $unwind$__dcrt_get_narrow_environment_from_os 000000018001c428     libucrt:get_environment_from_os.obj
 0002:00009428       $unwind$?fp_format_f_internal@@YAHQEAD_KHQEAU_strflt@@_NQEAU__crt_locale_pointers@@@Z 000000018001c428     libucrt:cvt.obj
 0002:00009428       $unwind$??$__acrt_wcs_to_mbs_cp@U__crt_win32_buffer_internal_dynamic_resizing@@@@YAHQEB_WAEAV?$__crt_win32_buffer@DU__crt_win32_buffer_internal_dynamic_resizing@@@@I@Z 000000018001c428     libucrt:argv_wildcards.obj
 0002:00009440       $unwind$?fp_format_g@@YAHQEBNQEAD_K12H_NIW4__acrt_rounding_mode@@QEAU__crt_locale_pointers@@@Z 000000018001c440     libucrt:cvt.obj
 0002:00009454       $unwind$__acrt_uninitialize_locale 000000018001c454     libucrt:wsetlocale.obj
 0002:00009454       $unwind$__acrt_get_sigabrt_handler 000000018001c454     libucrt:signal.obj
 0002:0000945c       $unwind$??$?RV<lambda_410d79af7f07d98d83a3f525b3859a53>@@AEAV<lambda_3e16ef9562a7dcce91392c22ab16ea36>@@V<lambda_38119f0e861e05405d8a144b9b982f0a>@@@?$__crt_seh_guarded_call@X@@QEAAX$$QEAV<lambda_410d79af7f07d98d83a3f525b3859a53>@@AEAV<lambda_3e16ef9562a7dcce91392c22ab16ea36>@@$$QEAV<lambda_38119f0e861e05405d8a144b9b982f0a>@@@Z 000000018001c45c     libucrt:wsetlocale.obj
 0002:00009484       $unwind$__acrt_initialize_lowio 000000018001c484     libucrt:ioinit.obj
 0002:000094a4       $unwind$?initialize_inherited_file_handles_nolock@@YAXXZ 000000018001c4a4     libucrt:ioinit.obj
 0002:000094c0       $unwind$??$__acrt_mbs_to_wcs_cp@U__crt_win32_buffer_internal_dynamic_resizing@@@@YAHQEBDAEAV?$__crt_win32_buffer@_WU__crt_win32_buffer_internal_dynamic_resizing@@@@I@Z 000000018001c4c0     libucrt:argv_wildcards.obj
 0002:000094d8       $unwind$??$common_expand_argv_wildcards@D@@YAHQEAPEADQEAPEAPEAD@Z 000000018001c4d8     libucrt:argv_wildcards.obj
 0002:000094f0       $unwind$??$expand_argument_wildcards@D@@YAHQEAD0AEAV?$argument_list@D@?A0x5f5c8891@@@Z 000000018001c4f0     libucrt:argv_wildcards.obj
 0002:00009514       $unwind$__acrt_GetModuleFileNameA 000000018001c514     libucrt:getmodulefilenamea.obj
 0002:00009530       $unwind$_setmbcp_nolock    000000018001c530     libucrt:mbctype.obj
 0002:00009550       $unwind$?update_thread_multibyte_data_internal@@YAPEAU__crt_multibyte_data@@QEAU__acrt_ptd@@QEAPEAU1@@Z 000000018001c550     libucrt:mbctype.obj
 0002:00009578       $unwind$?setmbcp_internal@@YAHH_NQEAU__acrt_ptd@@QEAPEAU__crt_multibyte_data@@@Z 000000018001c578     libucrt:mbctype.obj
 0002:00009588       $unwind$?setSBUpLow@@YAXPEAU__crt_multibyte_data@@@Z 000000018001c588     libucrt:mbctype.obj
 0002:000095a4       $unwind$??$?RV<lambda_efdfa57d1f175319df784efa44bb7b81>@@AEAV<lambda_5f0a4c1567f8adc6734073e5d1e1b35c>@@V<lambda_2e8a7d3640ea6ccb4c2413664c2db6fd>@@@?$__crt_seh_guarded_call@X@@QEAAX$$QEAV<lambda_efdfa57d1f175319df784efa44bb7b81>@@AEAV<lambda_5f0a4c1567f8adc6734073e5d1e1b35c>@@$$QEAV<lambda_2e8a7d3640ea6ccb4c2413664c2db6fd>@@@Z 000000018001c5a4     libucrt:mbctype.obj
 0002:000095c8       $unwind$?x_ismbbtype_l@@YAHPEAU__crt_locale_pointers@@IHH@Z 000000018001c5c8     libucrt:ismbbyte.obj
 0002:000095d8       $unwind$__acrt_WideCharToMultiByte 000000018001c5d8     libucrt:widechartomultibyte.obj
 0002:000095e4       $unwind$__acrt_initialize_winapi_thunks 000000018001c5e4     libucrt:winapi_thunks.obj
 0002:000095ec       $unwind$_query_new_handler 000000018001c5ec     libucrt:new_handler.obj
 0002:0000960c       $unwind$raise              000000018001c60c     libucrt:signal.obj
 0002:00009648       $unwind$??$?RV<lambda_450d765d439847d4c735a33c368b5fc0>@@AEAV<lambda_44731a7d0e6d81c3e6aa82d741081786>@@V<lambda_601a2a7da3b7a96e9554ac7215c4b07c>@@@?$__crt_seh_guarded_call@P6AXH@Z@@QEAAP6AXH@Z$$QEAV<lambda_450d765d439847d4c735a33c368b5fc0>@@AEAV<lambda_44731a7d0e6d81c3e6aa82d741081786>@@$$QEAV<lambda_601a2a7da3b7a96e9554ac7215c4b07c>@@@Z 000000018001c648     libucrt:signal.obj
 0002:0000966c       $unwind$?common_flush_all@@YAH_N@Z 000000018001c66c     libucrt:fflush.obj
 0002:00009674       $unwind$??$?RV<lambda_842d9ff0dc9ef11c61343bbaebe7f885>@@AEAV<lambda_c5860995281e5c4ce005b3de8f5874ee>@@V<lambda_d90129c13df834fdcbf8d2b88dafcf2d>@@@?$__crt_seh_guarded_call@X@@QEAAX$$QEAV<lambda_842d9ff0dc9ef11c61343bbaebe7f885>@@AEAV<lambda_c5860995281e5c4ce005b3de8f5874ee>@@$$QEAV<lambda_d90129c13df834fdcbf8d2b88dafcf2d>@@@Z 000000018001c674     libucrt:fflush.obj
 0002:00009698       $unwind$??$?RV<lambda_886d6c58226a84441f68b9f2b8217b83>@@AEAV<lambda_ab61a845afdef5b7c387490eaf3616ee>@@V<lambda_f7f22ab5edc0698d5f6905b0d3f44752>@@@?$__crt_seh_guarded_call@X@@QEAAX$$QEAV<lambda_886d6c58226a84441f68b9f2b8217b83>@@AEAV<lambda_ab61a845afdef5b7c387490eaf3616ee>@@$$QEAV<lambda_f7f22ab5edc0698d5f6905b0d3f44752>@@@Z 000000018001c698     libucrt:fflush.obj
 0002:000096c0       $unwind$iswctype           000000018001c6c0     libucrt:iswctype.obj
 0002:000096cc       $unwind$?__mbrtowc_utf8@__crt_mbstring@@YA_KPEA_WPEBD_KPEAU_Mbstatet@@@Z 000000018001c6cc     libucrt:mbrtowc.obj
 0002:000096d4       $unwind$?__mbsrtowcs_utf8@__crt_mbstring@@YA_KPEA_WPEAPEBD_KPEAU_Mbstatet@@@Z 000000018001c6d4     libucrt:mbrtowc.obj
 0002:000096ec       $unwind$__acrt_update_thread_locale_data 000000018001c6ec     libucrt:locale_refcounting.obj
 0002:00009710       $unwind$__acrt_fltout      000000018001c710     libucrt:cfout.obj
 0002:00009730       $unwind$?divide@__crt_strtox@@YA_KAEAUbig_integer@1@AEBU21@@Z 000000018001c730     libucrt:cfout.obj
 0002:00009748       $chain$0$?divide@__crt_strtox@@YA_KAEAUbig_integer@1@AEBU21@@Z 000000018001c748     libucrt:cfout.obj
 0002:0000975c       $chain$1$?divide@__crt_strtox@@YA_KAEAUbig_integer@1@AEBU21@@Z 000000018001c75c     libucrt:cfout.obj
 0002:0000976c       $unwind$_fcloseall         000000018001c76c     libucrt:closeall.obj
 0002:00009790       $unwind$__acrt_locale_free_monetary 000000018001c790     libucrt:initmon.obj
 0002:00009798       $unwind$__acrt_locale_free_time 000000018001c798     libucrt:inittime.obj
 0002:000097a8       $unwind$__acrt_GetStringTypeA 000000018001c7a8     libucrt:getstringtypea.obj
 0002:000097d0       $unwind$_free_osfhnd       000000018001c7d0     libucrt:osfinfo.obj
 0002:000097e4       $unwind$__acrt_lowio_destroy_handle_array 000000018001c7e4     libucrt:osfinfo.obj
 0002:000097f4       $unwind$__acrt_lowio_ensure_fh_exists 000000018001c7f4     libucrt:osfinfo.obj
 0002:00009820       $unwind$qsort              000000018001c820     libucrt:qsort.obj
 0002:00009838       $chain$4$qsort             000000018001c838     libucrt:qsort.obj
 0002:0000985c       $chain$5$qsort             000000018001c85c     libucrt:qsort.obj
 0002:0000986c       $unwind$strpbrk            000000018001c86c     libucrt:strpbrk.obj
 0002:0000987c       $unwind$fallbackMethod     000000018001c87c     libucrt:strpbrk.obj
 0002:0000988c       $unwind$_mbsdec_l          000000018001c88c     libucrt:mbsdec.obj
 0002:00009898       $unwind$__acrt_LCMapStringA 000000018001c898     libucrt:lcmapstringa.obj
 0002:000098a8       $unwind$?__acrt_LCMapStringA_stat@@YAHPEAU__crt_locale_pointers@@PEB_WKPEBDHPEADHHH@Z 000000018001c8a8     libucrt:lcmapstringa.obj
 0002:000098d0       $unwind$_close             000000018001c8d0     libucrt:close.obj
 0002:000098d0       $unwind$_commit            000000018001c8d0     libucrt:commit.obj
 0002:000098d8       $unwind$??$?RV<lambda_a37b2b86f63e897a80ea819b0eb08c01>@@AEAV<lambda_38ce7e780aa69e748d6df282ebc68efe>@@V<lambda_99fb1378e971ab6e7edea83e3a7a83a2>@@@?$__crt_seh_guarded_call@H@@QEAAH$$QEAV<lambda_a37b2b86f63e897a80ea819b0eb08c01>@@AEAV<lambda_38ce7e780aa69e748d6df282ebc68efe>@@$$QEAV<lambda_99fb1378e971ab6e7edea83e3a7a83a2>@@@Z 000000018001c8d8     libucrt:commit.obj
 0002:000098fc       $unwind$_write             000000018001c8fc     libucrt:write.obj
 0002:0000992c       $unwind$_write_nolock      000000018001c92c     libucrt:write.obj
 0002:00009944       $unwind$?write_double_translated_ansi_nolock@@YA?AUwrite_result@?A0x17268360@@HQEBDI@Z 000000018001c944     libucrt:write.obj
 0002:00009968       $unwind$?write_text_ansi_nolock@@YA?AUwrite_result@?A0x17268360@@HQEBDI@Z 000000018001c968     libucrt:write.obj
 0002:00009968       $unwind$?write_text_utf16le_nolock@@YA?AUwrite_result@?A0x17268360@@HQEBDI@Z 000000018001c968     libucrt:write.obj
 0002:00009988       $unwind$?write_text_utf8_nolock@@YA?AUwrite_result@?A0x17268360@@HQEBDI@Z 000000018001c988     libucrt:write.obj
 0002:000099ac       $unwind$?__mbrtoc32_utf8@__crt_mbstring@@YA_KPEA_UPEBD_KPEAU_Mbstatet@@@Z 000000018001c9ac     libucrt:mbrtoc32.obj
 0002:000099c8       $xdatasym                  000000018001c9c8     libucrt:log10.obj
 0002:000099d4       $unwind$__acrt_fenv_set_control 000000018001c9d4     libucrt:_fenvutils.obj
 0002:000099e4       $unwind$fclose             000000018001c9e4     libucrt:fclose.obj
 0002:00009a08       $unwind$_putwch_nolock     000000018001ca08     libucrt:putwch.obj
 0002:00009a10       $unwind$common_control87   000000018001ca10     libucrt:ieee.obj
 0002:00009a3c       $unwind$_call_matherr      000000018001ca3c     libucrt:libm_error.obj
 0002:00009a44       $unwind$_handle_error      000000018001ca44     libucrt:libm_error.obj
 0002:00009a64       $unwind$__acrt_initialize_fma3 000000018001ca64     libucrt:fma3_available.obj
 0002:00009a6c       $unwind$_log_special_common 000000018001ca6c     libucrt:log_special.obj
 0002:00009a78       $unwind$??$?RV<lambda_751a882b2c74d4b022dec766aa51a29a>@@AEAV<lambda_628dfdc04ba53c8bfc02c9951375f3f5>@@V<lambda_f6c7be5f7998530c34de24c7437d6b54>@@@?$__crt_seh_guarded_call@H@@QEAAH$$QEAV<lambda_751a882b2c74d4b022dec766aa51a29a>@@AEAV<lambda_628dfdc04ba53c8bfc02c9951375f3f5>@@$$QEAV<lambda_f6c7be5f7998530c34de24c7437d6b54>@@@Z 000000018001ca78     libucrt:close.obj
 0002:00009aa0       $xdatasym                  000000018001caa0     libucrt:fpsr.obj
 0002:00009aa8       $unwind$_raise_exc         000000018001caa8     libucrt:fpexcept.obj
 0002:00009ab0       $unwind$_raise_exc_ex      000000018001cab0     libucrt:fpexcept.obj
 0002:00009ac4       $unwind$_ctrlfp            000000018001cac4     libucrt:fpctrl.obj
 0002:00009aec       $unwind$_IsNonwritableInCurrentImage 000000018001caec     LIBCMT:pesect.obj
 0002:00009b10       $xdatasym                  000000018001cb10     LIBCMT:chkstk.obj
 0002:00009b18       $xdatasym                  000000018001cb18     libvcruntime:memcmp.obj
 0002:00009b20       .edata                     000000018001cb20     pe.exp
 0002:00009b48       rgpv                       000000018001cb48     pe.exp
 0002:00009b5c       rgszName                   000000018001cb5c     pe.exp
 0002:00009b70       rgwOrd                     000000018001cb70     pe.exp
 0002:00009b7a       szName                     000000018001cb7a     pe.exp
 0002:00009b81       $N00001                    000000018001cb81     pe.exp
 0002:00009b8c       $N00002                    000000018001cb8c     pe.exp
 0002:00009b95       $N00003                    000000018001cb95     pe.exp
 0002:00009b9e       $N00004                    000000018001cb9e     pe.exp
 0002:00009ba7       $N00005                    000000018001cba7     pe.exp
 0002:00009f08       .idata$6                   000000018001cf08     kernel32:KERNEL32.dll
 0002:00009f22       .idata$6                   000000018001cf22     user32:USER32.dll
 0003:00000030       ?__vcrt_flsindex@@3KA      000000018001e030     libvcruntime:per_thread_data.obj
 0003:00000050       ?errno_no_memory@@3HA      000000018001e050     libucrt:errno.obj
 0003:00000054       ?doserrno_no_memory@@3KA   000000018001e054     libucrt:errno.obj
 0003:00000058       ?__acrt_flsindex@@3KA      000000018001e058     libucrt:per_thread_data.obj
 0003:00000510       _mbctypes                  000000018001e510     libucrt:mbctype.obj
 0003:00000620       _mbcasemaps                000000018001e620     libucrt:mbctype.obj
 0003:00000720       ?__rgctypeflag@@3PADA      000000018001e720     libucrt:mbctype.obj
 0003:00000730       ?__rgcode_page_info@@3PAUcode_page_info@@A 000000018001e730     libucrt:mbctype.obj
 0003:000009d0       ?dazSupported@?1??common_control87@@9@9 000000018001e9d0     libucrt:ieee.obj
 0003:000009e0       ?__dcrt_lowio_console_output_handle@@3PEAXEA 000000018001e9e0     libucrt:initcon.obj
 0003:000009f0       ?dazSupported@?1??_ctrlfp@@9@9 000000018001e9f0     libucrt:fpctrl.obj
 0003:00000a18       ?gHeapInit@?A0x333b15f0@@3U?$atomic@H@std@@A 000000018001ea18     common-kernel64:Memory.obj
 0003:00000a1c       ?gHeapCounter@?A0x333b15f0@@3U?$atomic@H@std@@A 000000018001ea1c     common-kernel64:Memory.obj
 0003:00000a20       ?ghHeap@?A0x333b15f0@@3PEAXEA 000000018001ea20     common-kernel64:Memory.obj
 0003:00000a30       GS_ExceptionRecord         000000018001ea30     LIBCMT:gs_report.obj
 0003:00000ad0       GS_ContextRecord           000000018001ead0     LIBCMT:gs_report.obj
 0003:00000fa0       ?__proc_attached@@3HA      000000018001efa0     LIBCMT:dll_dllmain.obj
 0003:00000fd8       ?is_initialized_as_dll@@3_NA 000000018001efd8     LIBCMT:utility.obj
 0003:00000fd9       ?module_local_atexit_table_initialized@@3_NA 000000018001efd9     LIBCMT:utility.obj
 0003:00000fe0       ?module_local_atexit_table@@3U_onexit_table_t@@A 000000018001efe0     LIBCMT:utility.obj
 0003:00000ff8       ?module_local_at_quick_exit_table@@3U_onexit_table_t@@A 000000018001eff8     LIBCMT:utility.obj
 0003:00001070       ?heap@@3V_HeapManager@@A   000000018001f070     libvcruntime:undname.obj
 0003:000010a0       ?__vcrt_startup_thread_ptd@@3U__vcrt_ptd@@A 000000018001f0a0     libvcruntime:per_thread_data.obj
 0003:00001120       __vcrt_lock_table          000000018001f120     libvcruntime:locks.obj
 0003:00001148       __vcrt_locks_initialized   000000018001f148     libvcruntime:locks.obj
 0003:00001150       ?module_handles@@3PAPEAUHINSTANCE__@@A 000000018001f150     libvcruntime:winapi_downlevel.obj
 0003:00001168       ?function_pointers@@3PAPEAXA 000000018001f168     libvcruntime:winapi_downlevel.obj
 0003:00001198       ?c_termination_complete@@3JA 000000018001f198     libucrt:exit.obj
 0003:000011a0       ?thread_local_exit_callback_func@@3P6AXPEAXK0@ZEA 000000018001f1a0     libucrt:exit.obj
 0003:000011b0       ?program_name@?1???$common_configure_argv@D@@YAHW4_crt_argv_mode@@@Z@4PADA 000000018001f1b0     libucrt:argv_parsing.obj
 0003:00001308       ?__acrt_invalid_parameter_handler@@3V?$dual_state_global@P6AXPEB_W00I_K@Z@__crt_state_management@@A 000000018001f308     libucrt:invalid_parameter.obj
 0003:00001310       ?internal_state@?1??_mbtowc_l@@9@4U_Mbstatet@@A 000000018001f310     libucrt:mbtowc.obj
 0003:00001328       ?enable_percent_n@@3_KA    000000018001f328     libucrt:printf_count_output.obj
 0003:00001760       ?__acrt_lock_table@@3PAU_RTL_CRITICAL_SECTION@@A 000000018001f760     libucrt:locks.obj
 0003:00001990       ?__acrt_locks_initialized@@3IA 000000018001f990     libucrt:locks.obj
 0003:000019b0       ?fSystemSet@@3HA           000000018001f9b0     libucrt:mbctype.obj
 0003:000019b4       ?initialized@?1??__acrt_initialize_multibyte@@9@4_NA 000000018001f9b4     libucrt:mbctype.obj
 0003:000019f0       ?module_handles@@3PAPEAUHINSTANCE__@@A 000000018001f9f0     libucrt:winapi_thunks.obj
 0003:00001a90       ?encoded_function_pointers@@3PAPEAXA 000000018001fa90     libucrt:winapi_thunks.obj
 0003:00001ba8       ?__acrt_new_handler@@3V?$dual_state_global@P6AH_K@Z@__crt_state_management@@A 000000018001fba8     libucrt:new_handler.obj
 0003:00001bb0       ?ctrlc_action@@3V?$dual_state_global@P6AXH@Z@__crt_state_management@@A 000000018001fbb0     libucrt:signal.obj
 0003:00001bb8       ?ctrlbreak_action@@3V?$dual_state_global@P6AXH@Z@__crt_state_management@@A 000000018001fbb8     libucrt:signal.obj
 0003:00001bc0       ?abort_action@@3V?$dual_state_global@P6AXH@Z@__crt_state_management@@A 000000018001fbc0     libucrt:signal.obj
 0003:00001bc8       ?term_action@@3V?$dual_state_global@P6AXH@Z@__crt_state_management@@A 000000018001fbc8     libucrt:signal.obj
 0003:00001bd0       ?user_matherr@@3V?$dual_state_global@P6AHPEAU_exception@@@Z@__crt_state_management@@A 000000018001fbd0     libucrt:matherr.obj
 0003:00001bd8       ?__acrt_global_new_mode@@3V?$dual_state_global@J@__crt_state_management@@A 000000018001fbd8     libucrt:new_mode.obj
 0003:00001be8       ?internal_pst@?1??__mbrtoc32_utf8@__crt_mbstring@@YA_KPEA_UPEBD_KPEAU_Mbstatet@@@Z@4U3@A 000000018001fbe8     libucrt:mbrtoc32.obj
 0003:00001bf0       ?__acrt_app_type@@3W4_crt_app_type@@A 000000018001fbf0     libucrt:report_runtime_error.obj
 0005:00000000       MsetTab                    0000000180022000     libvcruntime:memset.obj
 0005:00000080       MoveSmall                  0000000180022080     libvcruntime:memcpy.obj
 0006:000000a0       $R000000                   00000001800230a0     pe.res
 0006:000003b0       $R000310                   00000001800233b0     pe.res
